[    0.000000] Initializing cgroup subsys cpuset
[    0.000000] Initializing cgroup subsys cpu
[    0.000000] Initializing cgroup subsys cpuacct
[    0.000000] Linux version 3.10.0-862.9.1.el7.x86_64 (mockbuild@x86-017.build.eng.bos.redhat.com) (gcc version 4.8.5 20150623 (Red Hat 4.8.5-28) (GCC) ) #1 SMP Wed Jun 27 04:30:39 EDT 2018
[    0.000000] Command line: BOOT_IMAGE=/boot/vmlinuz-3.10.0-862.9.1.el7.x86_64 root=UUID=62ac631c-9f7f-43ab-8c6a-a31f8cb22707 ro crashkernel=auto rhgb quiet LANG=en_US.UTF-8
[    0.000000] e820: BIOS-provided physical RAM map:
[    0.000000] BIOS-e820: [mem 0x0000000000000000-0x000000000009ffff] usable
[    0.000000] BIOS-e820: [mem 0x00000000000a0000-0x00000000000fffff] reserved
[    0.000000] BIOS-e820: [mem 0x0000000000100000-0x0000000075daffff] usable
[    0.000000] BIOS-e820: [mem 0x0000000075db0000-0x0000000075ffffff] reserved
[    0.000000] BIOS-e820: [mem 0x0000000076000000-0x00000000c8de4fff] usable
[    0.000000] BIOS-e820: [mem 0x00000000c8de5000-0x00000000ca252fff] reserved
[    0.000000] BIOS-e820: [mem 0x00000000ca253000-0x00000000ca311fff] usable
[    0.000000] BIOS-e820: [mem 0x00000000ca312000-0x00000000ca67ffff] ACPI NVS
[    0.000000] BIOS-e820: [mem 0x00000000ca680000-0x00000000cae6cfff] reserved
[    0.000000] BIOS-e820: [mem 0x00000000cae6d000-0x00000000cbffffff] usable
[    0.000000] BIOS-e820: [mem 0x00000000cc000000-0x00000000cfffffff] reserved
[    0.000000] BIOS-e820: [mem 0x00000000d3900000-0x00000000d3a7ffff] reserved
[    0.000000] BIOS-e820: [mem 0x00000000d3af0000-0x00000000d3af0fff] reserved
[    0.000000] BIOS-e820: [mem 0x00000000d3f00000-0x00000000d407ffff] reserved
[    0.000000] BIOS-e820: [mem 0x00000000d40f0000-0x00000000d40f0fff] reserved
[    0.000000] BIOS-e820: [mem 0x00000000d4500000-0x00000000d467ffff] reserved
[    0.000000] BIOS-e820: [mem 0x00000000d46f0000-0x00000000d46f0fff] reserved
[    0.000000] BIOS-e820: [mem 0x00000000d4b00000-0x00000000d4c7ffff] reserved
[    0.000000] BIOS-e820: [mem 0x00000000d4cf0000-0x00000000d4cf0fff] reserved
[    0.000000] BIOS-e820: [mem 0x00000000d5100000-0x00000000d527ffff] reserved
[    0.000000] BIOS-e820: [mem 0x00000000d52f0000-0x00000000d52f0fff] reserved
[    0.000000] BIOS-e820: [mem 0x00000000d5700000-0x00000000d587ffff] reserved
[    0.000000] BIOS-e820: [mem 0x00000000d58f0000-0x00000000d58f0fff] reserved
[    0.000000] BIOS-e820: [mem 0x00000000d7e00000-0x00000000d7f7ffff] reserved
[    0.000000] BIOS-e820: [mem 0x00000000d7ff0000-0x00000000d7ff0fff] reserved
[    0.000000] BIOS-e820: [mem 0x00000000dfa00000-0x00000000dfa7ffff] reserved
[    0.000000] BIOS-e820: [mem 0x00000000dfaf0000-0x00000000dfaf0fff] reserved
[    0.000000] BIOS-e820: [mem 0x00000000fea00000-0x00000000feafffff] reserved
[    0.000000] BIOS-e820: [mem 0x00000000fec00000-0x00000000fec00fff] reserved
[    0.000000] BIOS-e820: [mem 0x00000000fec10000-0x00000000fec10fff] reserved
[    0.000000] BIOS-e820: [mem 0x00000000fed00000-0x00000000fed00fff] reserved
[    0.000000] BIOS-e820: [mem 0x00000000fed40000-0x00000000fed44fff] reserved
[    0.000000] BIOS-e820: [mem 0x00000000fed80000-0x00000000fed8ffff] reserved
[    0.000000] BIOS-e820: [mem 0x00000000fedc0000-0x00000000fedc0fff] reserved
[    0.000000] BIOS-e820: [mem 0x00000000fedc2000-0x00000000fedc5fff] reserved
[    0.000000] BIOS-e820: [mem 0x00000000fedc7000-0x00000000fedc7fff] reserved
[    0.000000] BIOS-e820: [mem 0x00000000fedc9000-0x00000000fedcafff] reserved
[    0.000000] BIOS-e820: [mem 0x00000000fee00000-0x00000000feefffff] reserved
[    0.000000] BIOS-e820: [mem 0x00000000ff000000-0x00000000ffffffff] reserved
[    0.000000] BIOS-e820: [mem 0x0000000100000000-0x000000202f37ffff] usable
[    0.000000] BIOS-e820: [mem 0x000000202f380000-0x000000202fffffff] reserved
[    0.000000] BIOS-e820: [mem 0x0000002030000000-0x000000402ff7ffff] usable
[    0.000000] BIOS-e820: [mem 0x000000402ff80000-0x000000402fffffff] reserved
[    0.000000] BIOS-e820: [mem 0x0000004030000000-0x000000602ff7ffff] usable
[    0.000000] BIOS-e820: [mem 0x000000602ff80000-0x000000602fffffff] reserved
[    0.000000] BIOS-e820: [mem 0x0000006030000000-0x000000802ff7ffff] usable
[    0.000000] BIOS-e820: [mem 0x000000802ff80000-0x000000802fffffff] reserved
[    0.000000] BIOS-e820: [mem 0x0000008030000000-0x000000a02ff7ffff] usable
[    0.000000] BIOS-e820: [mem 0x000000a02ff80000-0x000000a02fffffff] reserved
[    0.000000] BIOS-e820: [mem 0x000000a030000000-0x000000c02ff7ffff] usable
[    0.000000] BIOS-e820: [mem 0x000000c02ff80000-0x000000c02fffffff] reserved
[    0.000000] BIOS-e820: [mem 0x000000c030000000-0x000000e02ff7ffff] usable
[    0.000000] BIOS-e820: [mem 0x000000e02ff80000-0x000000ffffffffff] reserved
[    0.000000] BIOS-e820: [mem 0x0000010000000000-0x0000011ffff7ffff] usable
[    0.000000] BIOS-e820: [mem 0x0000011ffff80000-0x0000011fffffffff] reserved
[    0.000000] NX (Execute Disable) protection: active
[    0.000000] e820: update [mem 0x9387c018-0x9388c857] usable ==> usable
[    0.000000] e820: update [mem 0x9384b018-0x9387b457] usable ==> usable
[    0.000000] extended physical RAM map:
[    0.000000] reserve setup_data: [mem 0x0000000000000000-0x000000000009ffff] usable
[    0.000000] reserve setup_data: [mem 0x00000000000a0000-0x00000000000fffff] reserved
[    0.000000] reserve setup_data: [mem 0x0000000000100000-0x0000000075daffff] usable
[    0.000000] reserve setup_data: [mem 0x0000000075db0000-0x0000000075ffffff] reserved
[    0.000000] reserve setup_data: [mem 0x0000000076000000-0x000000009384b017] usable
[    0.000000] reserve setup_data: [mem 0x000000009384b018-0x000000009387b457] usable
[    0.000000] reserve setup_data: [mem 0x000000009387b458-0x000000009387c017] usable
[    0.000000] reserve setup_data: [mem 0x000000009387c018-0x000000009388c857] usable
[    0.000000] reserve setup_data: [mem 0x000000009388c858-0x00000000c8de4fff] usable
[    0.000000] reserve setup_data: [mem 0x00000000c8de5000-0x00000000ca252fff] reserved
[    0.000000] reserve setup_data: [mem 0x00000000ca253000-0x00000000ca311fff] usable
[    0.000000] reserve setup_data: [mem 0x00000000ca312000-0x00000000ca67ffff] ACPI NVS
[    0.000000] reserve setup_data: [mem 0x00000000ca680000-0x00000000cae6cfff] reserved
[    0.000000] reserve setup_data: [mem 0x00000000cae6d000-0x00000000cbffffff] usable
[    0.000000] reserve setup_data: [mem 0x00000000cc000000-0x00000000cfffffff] reserved
[    0.000000] reserve setup_data: [mem 0x00000000d3900000-0x00000000d3a7ffff] reserved
[    0.000000] reserve setup_data: [mem 0x00000000d3af0000-0x00000000d3af0fff] reserved
[    0.000000] reserve setup_data: [mem 0x00000000d3f00000-0x00000000d407ffff] reserved
[    0.000000] reserve setup_data: [mem 0x00000000d40f0000-0x00000000d40f0fff] reserved
[    0.000000] reserve setup_data: [mem 0x00000000d4500000-0x00000000d467ffff] reserved
[    0.000000] reserve setup_data: [mem 0x00000000d46f0000-0x00000000d46f0fff] reserved
[    0.000000] reserve setup_data: [mem 0x00000000d4b00000-0x00000000d4c7ffff] reserved
[    0.000000] reserve setup_data: [mem 0x00000000d4cf0000-0x00000000d4cf0fff] reserved
[    0.000000] reserve setup_data: [mem 0x00000000d5100000-0x00000000d527ffff] reserved
[    0.000000] reserve setup_data: [mem 0x00000000d52f0000-0x00000000d52f0fff] reserved
[    0.000000] reserve setup_data: [mem 0x00000000d5700000-0x00000000d587ffff] reserved
[    0.000000] reserve setup_data: [mem 0x00000000d58f0000-0x00000000d58f0fff] reserved
[    0.000000] reserve setup_data: [mem 0x00000000d7e00000-0x00000000d7f7ffff] reserved
[    0.000000] reserve setup_data: [mem 0x00000000d7ff0000-0x00000000d7ff0fff] reserved
[    0.000000] reserve setup_data: [mem 0x00000000dfa00000-0x00000000dfa7ffff] reserved
[    0.000000] reserve setup_data: [mem 0x00000000dfaf0000-0x00000000dfaf0fff] reserved
[    0.000000] reserve setup_data: [mem 0x00000000fea00000-0x00000000feafffff] reserved
[    0.000000] reserve setup_data: [mem 0x00000000fec00000-0x00000000fec00fff] reserved
[    0.000000] reserve setup_data: [mem 0x00000000fec10000-0x00000000fec10fff] reserved
[    0.000000] reserve setup_data: [mem 0x00000000fed00000-0x00000000fed00fff] reserved
[    0.000000] reserve setup_data: [mem 0x00000000fed40000-0x00000000fed44fff] reserved
[    0.000000] reserve setup_data: [mem 0x00000000fed80000-0x00000000fed8ffff] reserved
[    0.000000] reserve setup_data: [mem 0x00000000fedc0000-0x00000000fedc0fff] reserved
[    0.000000] reserve setup_data: [mem 0x00000000fedc2000-0x00000000fedc5fff] reserved
[    0.000000] reserve setup_data: [mem 0x00000000fedc7000-0x00000000fedc7fff] reserved
[    0.000000] reserve setup_data: [mem 0x00000000fedc9000-0x00000000fedcafff] reserved
[    0.000000] reserve setup_data: [mem 0x00000000fee00000-0x00000000feefffff] reserved
[    0.000000] reserve setup_data: [mem 0x00000000ff000000-0x00000000ffffffff] reserved
[    0.000000] reserve setup_data: [mem 0x0000000100000000-0x000000202f37ffff] usable
[    0.000000] reserve setup_data: [mem 0x000000202f380000-0x000000202fffffff] reserved
[    0.000000] reserve setup_data: [mem 0x0000002030000000-0x000000402ff7ffff] usable
[    0.000000] reserve setup_data: [mem 0x000000402ff80000-0x000000402fffffff] reserved
[    0.000000] reserve setup_data: [mem 0x0000004030000000-0x000000602ff7ffff] usable
[    0.000000] reserve setup_data: [mem 0x000000602ff80000-0x000000602fffffff] reserved
[    0.000000] reserve setup_data: [mem 0x0000006030000000-0x000000802ff7ffff] usable
[    0.000000] reserve setup_data: [mem 0x000000802ff80000-0x000000802fffffff] reserved
[    0.000000] reserve setup_data: [mem 0x0000008030000000-0x000000a02ff7ffff] usable
[    0.000000] reserve setup_data: [mem 0x000000a02ff80000-0x000000a02fffffff] reserved
[    0.000000] reserve setup_data: [mem 0x000000a030000000-0x000000c02ff7ffff] usable
[    0.000000] reserve setup_data: [mem 0x000000c02ff80000-0x000000c02fffffff] reserved
[    0.000000] reserve setup_data: [mem 0x000000c030000000-0x000000e02ff7ffff] usable
[    0.000000] reserve setup_data: [mem 0x000000e02ff80000-0x000000ffffffffff] reserved
[    0.000000] reserve setup_data: [mem 0x0000010000000000-0x0000011ffff7ffff] usable
[    0.000000] reserve setup_data: [mem 0x0000011ffff80000-0x0000011fffffffff] reserved
[    0.000000] efi: EFI v2.60 by American Megatrends
[    0.000000] efi:  ACPI 2.0=0xca312000  ACPI=0xca312000  SMBIOS=0xcacee000  SMBIOS 3.0=0xcaced000  MPS=0xfca90  ESRT=0xc5b28f18 
[    0.000000] efi: mem00: type=3, attr=0xf, range=[0x0000000000000000-0x0000000000008000) (0MB)
[    0.000000] efi: mem01: type=2, attr=0xf, range=[0x0000000000008000-0x0000000000009000) (0MB)
[    0.000000] efi: mem02: type=7, attr=0xf, range=[0x0000000000009000-0x000000000003f000) (0MB)
[    0.000000] efi: mem03: type=4, attr=0xf, range=[0x000000000003f000-0x0000000000040000) (0MB)
[    0.000000] efi: mem04: type=3, attr=0xf, range=[0x0000000000040000-0x00000000000a0000) (0MB)
[    0.000000] efi: mem05: type=7, attr=0xf, range=[0x0000000000100000-0x0000000001000000) (15MB)
[    0.000000] efi: mem06: type=4, attr=0xf, range=[0x0000000001000000-0x0000000001020000) (0MB)
[    0.000000] efi: mem07: type=7, attr=0xf, range=[0x0000000001020000-0x0000000001200000) (1MB)
[    0.000000] efi: mem08: type=2, attr=0xf, range=[0x0000000001200000-0x0000000002856000) (22MB)
[    0.000000] efi: mem09: type=7, attr=0xf, range=[0x0000000002856000-0x0000000030000000) (727MB)
[    0.000000] efi: mem10: type=4, attr=0xf, range=[0x0000000030000000-0x0000000030076000) (0MB)
[    0.000000] efi: mem11: type=7, attr=0xf, range=[0x0000000030076000-0x000000003ce8b000) (206MB)
[    0.000000] efi: mem12: type=2, attr=0xf, range=[0x000000003ce8b000-0x0000000040000000) (49MB)
[    0.000000] efi: mem13: type=7, attr=0xf, range=[0x0000000040000000-0x0000000075db0000) (861MB)
[    0.000000] efi: mem14: type=0, attr=0xf, range=[0x0000000075db0000-0x0000000076000000) (2MB)
[    0.000000] efi: mem15: type=7, attr=0xf, range=[0x0000000076000000-0x000000009384b000) (472MB)
[    0.000000] efi: mem16: type=2, attr=0xf, range=[0x000000009384b000-0x00000000c4b22000) (786MB)
[    0.000000] efi: mem17: type=7, attr=0xf, range=[0x00000000c4b22000-0x00000000c4b27000) (0MB)
[    0.000000] efi: mem18: type=2, attr=0xf, range=[0x00000000c4b27000-0x00000000c4b28000) (0MB)
[    0.000000] efi: mem19: type=1, attr=0xf, range=[0x00000000c4b28000-0x00000000c4c28000) (1MB)
[    0.000000] efi: mem20: type=2, attr=0xf, range=[0x00000000c4c28000-0x00000000c4d2a000) (1MB)
[    0.000000] efi: mem21: type=1, attr=0xf, range=[0x00000000c4d2a000-0x00000000c4e4a000) (1MB)
[    0.000000] efi: mem22: type=4, attr=0xf, range=[0x00000000c4e4a000-0x00000000c87e5000) (57MB)
[    0.000000] efi: mem23: type=7, attr=0xf, range=[0x00000000c87e5000-0x00000000c8a40000) (2MB)
[    0.000000] efi: mem24: type=3, attr=0xf, range=[0x00000000c8a40000-0x00000000c8de5000) (3MB)
[    0.000000] efi: mem25: type=0, attr=0xf, range=[0x00000000c8de5000-0x00000000ca253000) (20MB)
[    0.000000] efi: mem26: type=7, attr=0xf, range=[0x00000000ca253000-0x00000000ca312000) (0MB)
[    0.000000] efi: mem27: type=10, attr=0xf, range=[0x00000000ca312000-0x00000000ca680000) (3MB)
[    0.000000] efi: mem28: type=6, attr=0x800000000000000f, range=[0x00000000ca680000-0x00000000cad9a000) (7MB)
[    0.000000] efi: mem29: type=5, attr=0x800000000000000f, range=[0x00000000cad9a000-0x00000000cae6d000) (0MB)
[    0.000000] efi: mem30: type=4, attr=0xf, range=[0x00000000cae6d000-0x00000000cc000000) (17MB)
[    0.000000] efi: mem31: type=7, attr=0xf, range=[0x0000000100000000-0x000000202f380000) (127731MB)
[    0.000000] efi: mem32: type=7, attr=0xf, range=[0x0000002030000000-0x000000402ff80000) (131071MB)
[    0.000000] efi: mem33: type=7, attr=0xf, range=[0x0000004030000000-0x000000602ff80000) (131071MB)
[    0.000000] efi: mem34: type=7, attr=0xf, range=[0x0000006030000000-0x000000802ff80000) (131071MB)
[    0.000000] efi: mem35: type=7, attr=0xf, range=[0x0000008030000000-0x000000a02ff80000) (131071MB)
[    0.000000] efi: mem36: type=7, attr=0xf, range=[0x000000a030000000-0x000000c02ff80000) (131071MB)
[    0.000000] efi: mem37: type=7, attr=0xf, range=[0x000000c030000000-0x000000e02ff80000) (131071MB)
[    0.000000] efi: mem38: type=7, attr=0xf, range=[0x0000010000000000-0x0000011ffff80000) (131071MB)
[    0.000000] efi: mem39: type=0, attr=0xf, range=[0x00000000000a0000-0x0000000000100000) (0MB)
[    0.000000] efi: mem40: type=0, attr=0xf, range=[0x00000000cc000000-0x00000000d0000000) (64MB)
[    0.000000] efi: mem41: type=11, attr=0x800000000000100f, range=[0x00000000d3900000-0x00000000d3a80000) (1MB)
[    0.000000] efi: mem42: type=11, attr=0x800000000000100f, range=[0x00000000d3af0000-0x00000000d3af1000) (0MB)
[    0.000000] efi: mem43: type=11, attr=0x800000000000100f, range=[0x00000000d3f00000-0x00000000d4080000) (1MB)
[    0.000000] efi: mem44: type=11, attr=0x800000000000100f, range=[0x00000000d40f0000-0x00000000d40f1000) (0MB)
[    0.000000] efi: mem45: type=11, attr=0x800000000000100f, range=[0x00000000d4500000-0x00000000d4680000) (1MB)
[    0.000000] efi: mem46: type=11, attr=0x800000000000100f, range=[0x00000000d46f0000-0x00000000d46f1000) (0MB)
[    0.000000] efi: mem47: type=11, attr=0x800000000000100f, range=[0x00000000d4b00000-0x00000000d4c80000) (1MB)
[    0.000000] efi: mem48: type=11, attr=0x800000000000100f, range=[0x00000000d4cf0000-0x00000000d4cf1000) (0MB)
[    0.000000] efi: mem49: type=11, attr=0x800000000000100f, range=[0x00000000d5100000-0x00000000d5280000) (1MB)
[    0.000000] efi: mem50: type=11, attr=0x800000000000100f, range=[0x00000000d52f0000-0x00000000d52f1000) (0MB)
[    0.000000] efi: mem51: type=11, attr=0x800000000000100f, range=[0x00000000d5700000-0x00000000d5880000) (1MB)
[    0.000000] efi: mem52: type=11, attr=0x800000000000100f, range=[0x00000000d58f0000-0x00000000d58f1000) (0MB)
[    0.000000] efi: mem53: type=11, attr=0x800000000000100f, range=[0x00000000d7e00000-0x00000000d7f80000) (1MB)
[    0.000000] efi: mem54: type=11, attr=0x800000000000100f, range=[0x00000000d7ff0000-0x00000000d7ff1000) (0MB)
[    0.000000] efi: mem55: type=11, attr=0x800000000000100f, range=[0x00000000dfa00000-0x00000000dfa80000) (0MB)
[    0.000000] efi: mem56: type=11, attr=0x800000000000100f, range=[0x00000000dfaf0000-0x00000000dfaf1000) (0MB)
[    0.000000] efi: mem57: type=11, attr=0x800000000000100d, range=[0x00000000fea00000-0x00000000feb00000) (1MB)
[    0.000000] efi: mem58: type=11, attr=0x800000000000100d, range=[0x00000000fec00000-0x00000000fec01000) (0MB)
[    0.000000] efi: mem59: type=11, attr=0x800000000000100d, range=[0x00000000fec10000-0x00000000fec11000) (0MB)
[    0.000000] efi: mem60: type=11, attr=0x800000000000100d, range=[0x00000000fed00000-0x00000000fed01000) (0MB)
[    0.000000] efi: mem61: type=11, attr=0x800000000000100d, range=[0x00000000fed40000-0x00000000fed45000) (0MB)
[    0.000000] efi: mem62: type=11, attr=0x800000000000100d, range=[0x00000000fed80000-0x00000000fed90000) (0MB)
[    0.000000] efi: mem63: type=11, attr=0x800000000000100d, range=[0x00000000fedc0000-0x00000000fedc1000) (0MB)
[    0.000000] efi: mem64: type=11, attr=0x800000000000100d, range=[0x00000000fedc2000-0x00000000fedc6000) (0MB)
[    0.000000] efi: mem65: type=11, attr=0x800000000000100d, range=[0x00000000fedc7000-0x00000000fedc8000) (0MB)
[    0.000000] efi: mem66: type=11, attr=0x800000000000100d, range=[0x00000000fedc9000-0x00000000fedcb000) (0MB)
[    0.000000] efi: mem67: type=11, attr=0x800000000000100d, range=[0x00000000fee00000-0x00000000fef00000) (1MB)
[    0.000000] efi: mem68: type=11, attr=0x800000000000100d, range=[0x00000000ff000000-0x0000000100000000) (16MB)
[    0.000000] efi: mem69: type=0, attr=0xf, range=[0x000000202f380000-0x0000002030000000) (12MB)
[    0.000000] efi: mem70: type=0, attr=0xf, range=[0x000000402ff80000-0x0000004030000000) (0MB)
[    0.000000] efi: mem71: type=0, attr=0xf, range=[0x000000602ff80000-0x0000006030000000) (0MB)
[    0.000000] efi: mem72: type=0, attr=0xf, range=[0x000000802ff80000-0x0000008030000000) (0MB)
[    0.000000] efi: mem73: type=0, attr=0xf, range=[0x000000a02ff80000-0x000000a030000000) (0MB)
[    0.000000] efi: mem74: type=0, attr=0xf, range=[0x000000c02ff80000-0x000000c030000000) (0MB)
[    0.000000] efi: mem75: type=0, attr=0xf, range=[0x000000e02ff80000-0x0000010000000000) (130304MB)
[    0.000000] efi: mem76: type=0, attr=0xf, range=[0x0000011ffff80000-0x0000012000000000) (0MB)
[    0.000000] esrt: Reserving ESRT space from 0x00000000c5b28f18 to 0x00000000c5b28f50.
[    0.000000] SMBIOS 3.1.1 present.
[    0.000000] e820: update [mem 0x00000000-0x00000fff] usable ==> reserved
[    0.000000] e820: remove [mem 0x000a0000-0x000fffff] usable
[    0.000000] e820: last_pfn = 0x11ffff80 max_arch_pfn = 0x400000000
[    0.000000] MTRR default type: uncachable
[    0.000000] MTRR fixed ranges enabled:
[    0.000000]   00000-9FFFF write-back
[    0.000000]   A0000-BFFFF write-through
[    0.000000]   C0000-FFFFF write-protect
[    0.000000] MTRR variable ranges enabled:
[    0.000000]   0 base 000000000000 mask FFFF80000000 write-back
[    0.000000]   1 base 000080000000 mask FFFFC0000000 write-back
[    0.000000]   2 base 0000C0000000 mask FFFFF0000000 write-back
[    0.000000]   3 base 0000CC000000 mask FFFFFC000000 uncachable
[    0.000000]   4 disabled
[    0.000000]   5 disabled
[    0.000000]   6 disabled
[    0.000000]   7 disabled
[    0.000000] TOM2: 0000012000000000 aka 1179648M
[    0.000000] PAT configuration [0-7]: WB  WC  UC- UC  WB  WP  UC- UC  
[    0.000000] original variable MTRRs
[    0.000000] reg 0, base: 0GB, range: 2GB, type WB
[    0.000000] reg 1, base: 2GB, range: 1GB, type WB
[    0.000000] reg 2, base: 3GB, range: 256MB, type WB
[    0.000000] reg 3, base: 3264MB, range: 64MB, type UC
[    0.000000] total RAM covered: 3264M
[    0.000000] Found optimal setting for mtrr clean up
[    0.000000]  gran_size: 64K 	chunk_size: 64K 	num_reg: 4  	lose cover RAM: 0G
[    0.000000] New variable MTRRs
[    0.000000] reg 0, base: 0GB, range: 2GB, type WB
[    0.000000] reg 1, base: 2GB, range: 1GB, type WB
[    0.000000] reg 2, base: 3GB, range: 128MB, type WB
[    0.000000] reg 3, base: 3200MB, range: 64MB, type WB
[    0.000000] e820: update [mem 0xcc000000-0xffffffff] usable ==> reserved
[    0.000000] e820: last_pfn = 0xcc000 max_arch_pfn = 0x400000000
[    0.000000] found SMP MP-table at [mem 0x000fd250-0x000fd25f] mapped at [ffffffffff240250]
[    0.000000] Base memory trampoline at [ffff8877c0093000] 93000 size 24576
[    0.000000] Using GB pages for direct mapping
[    0.000000] BRK [0xae8622e000, 0xae8622efff] PGTABLE
[    0.000000] BRK [0xae8622f000, 0xae8622ffff] PGTABLE
[    0.000000] BRK [0xae86230000, 0xae86230fff] PGTABLE
[    0.000000] BRK [0xae86231000, 0xae86231fff] PGTABLE
[    0.000000] BRK [0xae86232000, 0xae86232fff] PGTABLE
[    0.000000] BRK [0xae86233000, 0xae86233fff] PGTABLE
[    0.000000] BRK [0xae86234000, 0xae86234fff] PGTABLE
[    0.000000] BRK [0xae86235000, 0xae86235fff] PGTABLE
[    0.000000] BRK [0xae86236000, 0xae86236fff] PGTABLE
[    0.000000] BRK [0xae86237000, 0xae86237fff] PGTABLE
[    0.000000] BRK [0xae86238000, 0xae86238fff] PGTABLE
[    0.000000] BRK [0xae86239000, 0xae86239fff] PGTABLE
[    0.000000] RAMDISK: [mem 0x3ce8b000-0x3e9a7fff]
[    0.000000] Early table checksum verification disabled
[    0.000000] ACPI: RSDP 00000000ca312000 00024 (v02    AMD)
[    0.000000] ACPI: XSDT 00000000ca3120b0 000E4 (v01    AMD  DIESEL  03242016 AMI  00010013)
[    0.000000] ACPI: FACP 00000000ca31d048 00114 (v06    AMD  DIESEL  03242016 AMI  00010013)
[    0.000000] ACPI: DSDT 00000000ca312230 0AE14 (v02    AMD  DIESEL  03242016 INTL 20120913)
[    0.000000] ACPI: FACS 00000000ca67fe80 00040
[    0.000000] ACPI: APIC 00000000ca31d160 002B2 (v04    AMD  DIESEL  03242016 AMI  00010013)
[    0.000000] ACPI: FPDT 00000000ca31d418 00044 (v01    AMD  DIESEL  03242016 AMI  00010013)
[    0.000000] ACPI: FIDT 00000000ca31d460 0009C (v01    AMD   DIESEL 03242016 AMI  00010013)
[    0.000000] ACPI: SSDT 00000000ca31d500 000D2 (v02    AMD AMD ALIB 00000002 MSFT 04000000)
[    0.000000] ACPI: SPMI 00000000ca31d5d8 00041 (v05    AMD  DIESEL  00000000 AMI. 00000000)
[    0.000000] ACPI: SSDT 00000000ca31d620 0036C (v02    AMD  CPUSSDT 03242016 AMI  03242016)
[    0.000000] ACPI: MCFG 00000000ca31d990 0003C (v01    AMD   DIESEL 03242016 MSFT 00010013)
[    0.000000] ACPI: SSDT 00000000ca31d9d0 08BE4 (v01    AMD  AMD CPU 00000001 AMD  00000001)
[    0.000000] ACPI: SRAT 00000000ca3265b8 00598 (v03    AMD AMD SRAT 00000001 AMD  00000001)
[    0.000000] ACPI: MSCT 00000000ca326b50 0004E (v01    AMD AMD MSCT 00000000 AMD  00000001)
[    0.000000] ACPI: SLIT 00000000ca326ba0 0006C (v01    AMD AMD SLIT 00000001 AMD  00000001)
[    0.000000] ACPI: CRAT 00000000ca326c10 03F00 (v01    AMD AMD CRAT 00000001 AMD  00000001)
[    0.000000] ACPI: CDIT 00000000ca32ab10 00068 (v01    AMD AMD CDIT 00000001 AMD  00000001)
[    0.000000] ACPI: BERT 00000000ca32ab78 00030 (v01 AMD    AMD BERT 00000001 AMD  00000001)
[    0.000000] ACPI: EINJ 00000000ca32aba8 00150 (v01 AMD    AMD EINJ 00000001 AMD  00000001)
[    0.000000] ACPI: HEST 00000000ca32acf8 00608 (v01 AMD    AMD HEST 00000001 AMD  00000001)
[    0.000000] ACPI: HPET 00000000ca32b300 00038 (v01    AMD   DIESEL 03242016 AMI  00000005)
[    0.000000] ACPI: SSDT 00000000ca32b338 00024 (v01 AMDFCH    FCHZP 00001000 INTL 20120913)
[    0.000000] ACPI: UEFI 00000000ca32b360 00042 (v01                 00000000      00000000)
[    0.000000] ACPI: BGRT 00000000ca32b3a8 00038 (v01    AMD  DIESEL  03242016 AMI  00010013)
[    0.000000] ACPI: IVRS 00000000ca32b3e0 00370 (v02    AMD AMD IVRS 00000001 AMD  00000000)
[    0.000000] ACPI: SSDT 00000000ca32b750 01630 (v01    AMD   CPMCMN 00000001 INTL 20120913)
[    0.000000] ACPI: WSMT 00000000ca32cd80 00028 (v01    AMD  DIESEL  03242016 AMI  00010013)
[    0.000000] ACPI: Local APIC address 0xfee00000
[    0.000000] SRAT: PXM 0 -> APIC 0x00 -> Node 0
[    0.000000] SRAT: PXM 0 -> APIC 0x01 -> Node 0
[    0.000000] SRAT: PXM 0 -> APIC 0x02 -> Node 0
[    0.000000] SRAT: PXM 0 -> APIC 0x03 -> Node 0
[    0.000000] SRAT: PXM 0 -> APIC 0x08 -> Node 0
[    0.000000] SRAT: PXM 0 -> APIC 0x09 -> Node 0
[    0.000000] SRAT: PXM 0 -> APIC 0x0a -> Node 0
[    0.000000] SRAT: PXM 0 -> APIC 0x0b -> Node 0
[    0.000000] SRAT: PXM 1 -> APIC 0x10 -> Node 1
[    0.000000] SRAT: PXM 1 -> APIC 0x11 -> Node 1
[    0.000000] SRAT: PXM 1 -> APIC 0x12 -> Node 1
[    0.000000] SRAT: PXM 1 -> APIC 0x13 -> Node 1
[    0.000000] SRAT: PXM 1 -> APIC 0x18 -> Node 1
[    0.000000] SRAT: PXM 1 -> APIC 0x19 -> Node 1
[    0.000000] SRAT: PXM 1 -> APIC 0x1a -> Node 1
[    0.000000] SRAT: PXM 1 -> APIC 0x1b -> Node 1
[    0.000000] SRAT: PXM 2 -> APIC 0x20 -> Node 2
[    0.000000] SRAT: PXM 2 -> APIC 0x21 -> Node 2
[    0.000000] SRAT: PXM 2 -> APIC 0x22 -> Node 2
[    0.000000] SRAT: PXM 2 -> APIC 0x23 -> Node 2
[    0.000000] SRAT: PXM 2 -> APIC 0x28 -> Node 2
[    0.000000] SRAT: PXM 2 -> APIC 0x29 -> Node 2
[    0.000000] SRAT: PXM 2 -> APIC 0x2a -> Node 2
[    0.000000] SRAT: PXM 2 -> APIC 0x2b -> Node 2
[    0.000000] SRAT: PXM 3 -> APIC 0x30 -> Node 3
[    0.000000] SRAT: PXM 3 -> APIC 0x31 -> Node 3
[    0.000000] SRAT: PXM 3 -> APIC 0x32 -> Node 3
[    0.000000] SRAT: PXM 3 -> APIC 0x33 -> Node 3
[    0.000000] SRAT: PXM 3 -> APIC 0x38 -> Node 3
[    0.000000] SRAT: PXM 3 -> APIC 0x39 -> Node 3
[    0.000000] SRAT: PXM 3 -> APIC 0x3a -> Node 3
[    0.000000] SRAT: PXM 3 -> APIC 0x3b -> Node 3
[    0.000000] SRAT: PXM 4 -> APIC 0x40 -> Node 4
[    0.000000] SRAT: PXM 4 -> APIC 0x41 -> Node 4
[    0.000000] SRAT: PXM 4 -> APIC 0x42 -> Node 4
[    0.000000] SRAT: PXM 4 -> APIC 0x43 -> Node 4
[    0.000000] SRAT: PXM 4 -> APIC 0x48 -> Node 4
[    0.000000] SRAT: PXM 4 -> APIC 0x49 -> Node 4
[    0.000000] SRAT: PXM 4 -> APIC 0x4a -> Node 4
[    0.000000] SRAT: PXM 4 -> APIC 0x4b -> Node 4
[    0.000000] SRAT: PXM 5 -> APIC 0x50 -> Node 5
[    0.000000] SRAT: PXM 5 -> APIC 0x51 -> Node 5
[    0.000000] SRAT: PXM 5 -> APIC 0x52 -> Node 5
[    0.000000] SRAT: PXM 5 -> APIC 0x53 -> Node 5
[    0.000000] SRAT: PXM 5 -> APIC 0x58 -> Node 5
[    0.000000] SRAT: PXM 5 -> APIC 0x59 -> Node 5
[    0.000000] SRAT: PXM 5 -> APIC 0x5a -> Node 5
[    0.000000] SRAT: PXM 5 -> APIC 0x5b -> Node 5
[    0.000000] SRAT: PXM 6 -> APIC 0x60 -> Node 6
[    0.000000] SRAT: PXM 6 -> APIC 0x61 -> Node 6
[    0.000000] SRAT: PXM 6 -> APIC 0x62 -> Node 6
[    0.000000] SRAT: PXM 6 -> APIC 0x63 -> Node 6
[    0.000000] SRAT: PXM 6 -> APIC 0x68 -> Node 6
[    0.000000] SRAT: PXM 6 -> APIC 0x69 -> Node 6
[    0.000000] SRAT: PXM 6 -> APIC 0x6a -> Node 6
[    0.000000] SRAT: PXM 6 -> APIC 0x6b -> Node 6
[    0.000000] SRAT: PXM 7 -> APIC 0x70 -> Node 7
[    0.000000] SRAT: PXM 7 -> APIC 0x71 -> Node 7
[    0.000000] SRAT: PXM 7 -> APIC 0x72 -> Node 7
[    0.000000] SRAT: PXM 7 -> APIC 0x73 -> Node 7
[    0.000000] SRAT: PXM 7 -> APIC 0x78 -> Node 7
[    0.000000] SRAT: PXM 7 -> APIC 0x79 -> Node 7
[    0.000000] SRAT: PXM 7 -> APIC 0x7a -> Node 7
[    0.000000] SRAT: PXM 7 -> APIC 0x7b -> Node 7
[    0.000000] SRAT: Node 0 PXM 0 [mem 0x00000000-0xcfffffff]
[    0.000000] SRAT: Node 0 PXM 0 [mem 0x100000000-0x202fffffff]
[    0.000000] SRAT: Node 1 PXM 1 [mem 0x2030000000-0x402fffffff]
[    0.000000] SRAT: Node 2 PXM 2 [mem 0x4030000000-0x602fffffff]
[    0.000000] SRAT: Node 3 PXM 3 [mem 0x6030000000-0x802fffffff]
[    0.000000] SRAT: Node 4 PXM 4 [mem 0x8030000000-0xa02fffffff]
[    0.000000] SRAT: Node 5 PXM 5 [mem 0xa030000000-0xc02fffffff]
[    0.000000] SRAT: Node 6 PXM 6 [mem 0xc030000000-0xe02fffffff]
[    0.000000] SRAT: Node 7 PXM 7 [mem 0x10000000000-0x11fffffffff]
[    0.000000] NUMA: Initialized distance table, cnt=8
[    0.000000] NUMA: Node 0 [mem 0x00000000-0xcfffffff] + [mem 0x100000000-0x202fffffff] -> [mem 0x00000000-0x202fffffff]
[    0.000000] NODE_DATA(0) allocated [mem 0x202f359000-0x202f37ffff]
[    0.000000] NODE_DATA(1) allocated [mem 0x402ff59000-0x402ff7ffff]
[    0.000000] NODE_DATA(2) allocated [mem 0x602ff59000-0x602ff7ffff]
[    0.000000] NODE_DATA(3) allocated [mem 0x802ff59000-0x802ff7ffff]
[    0.000000] NODE_DATA(4) allocated [mem 0xa02ff59000-0xa02ff7ffff]
[    0.000000] NODE_DATA(5) allocated [mem 0xc02ff59000-0xc02ff7ffff]
[    0.000000] NODE_DATA(6) allocated [mem 0xe02ff59000-0xe02ff7ffff]
[    0.000000] NODE_DATA(7) allocated [mem 0x11ffff58000-0x11ffff7efff]
[    0.000000] Reserving 224MB of memory at 544MB for crashkernel (System RAM: 1048461MB)
[    0.000000] Zone ranges:
[    0.000000]   DMA      [mem 0x00001000-0x00ffffff]
[    0.000000]   DMA32    [mem 0x01000000-0xffffffff]
[    0.000000]   Normal   [mem 0x100000000-0x11ffff7ffff]
[    0.000000] Movable zone start for each node
[    0.000000] Early memory node ranges
[    0.000000]   node   0: [mem 0x00001000-0x0009ffff]
[    0.000000]   node   0: [mem 0x00100000-0x75daffff]
[    0.000000]   node   0: [mem 0x76000000-0xc8de4fff]
[    0.000000]   node   0: [mem 0xca253000-0xca311fff]
[    0.000000]   node   0: [mem 0xcae6d000-0xcbffffff]
[    0.000000]   node   0: [mem 0x100000000-0x202f37ffff]
[    0.000000]   node   1: [mem 0x2030000000-0x402ff7ffff]
[    0.000000]   node   2: [mem 0x4030000000-0x602ff7ffff]
[    0.000000]   node   3: [mem 0x6030000000-0x802ff7ffff]
[    0.000000]   node   4: [mem 0x8030000000-0xa02ff7ffff]
[    0.000000]   node   5: [mem 0xa030000000-0xc02ff7ffff]
[    0.000000]   node   6: [mem 0xc030000000-0xe02ff7ffff]
[    0.000000]   node   7: [mem 0x10000000000-0x11ffff7ffff]
[    0.000000] Initmem setup node 0 [mem 0x00001000-0x202f37ffff]
[    0.000000] On node 0 totalpages: 33526022
[    0.000000]   DMA zone: 64 pages used for memmap
[    0.000000]   DMA zone: 29 pages reserved
[    0.000000]   DMA zone: 3999 pages, LIFO batch:0
[    0.000000]   DMA32 zone: 12856 pages used for memmap
[    0.000000]   DMA32 zone: 822759 pages, LIFO batch:31
[    0.000000]   Normal zone: 510926 pages used for memmap
[    0.000000]   Normal zone: 32699264 pages, LIFO batch:31
[    0.000000] Initmem setup node 1 [mem 0x2030000000-0x402ff7ffff]
[    0.000000] On node 1 totalpages: 33554304
[    0.000000]   Normal zone: 524286 pages used for memmap
[    0.000000]   Normal zone: 33554304 pages, LIFO batch:31
[    0.000000] Initmem setup node 2 [mem 0x4030000000-0x602ff7ffff]
[    0.000000] On node 2 totalpages: 33554304
[    0.000000]   Normal zone: 524286 pages used for memmap
[    0.000000]   Normal zone: 33554304 pages, LIFO batch:31
[    0.000000] Initmem setup node 3 [mem 0x6030000000-0x802ff7ffff]
[    0.000000] On node 3 totalpages: 33554304
[    0.000000]   Normal zone: 524286 pages used for memmap
[    0.000000]   Normal zone: 33554304 pages, LIFO batch:31
[    0.000000] Initmem setup node 4 [mem 0x8030000000-0xa02ff7ffff]
[    0.000000] On node 4 totalpages: 33554304
[    0.000000]   Normal zone: 524286 pages used for memmap
[    0.000000]   Normal zone: 33554304 pages, LIFO batch:31
[    0.000000] Initmem setup node 5 [mem 0xa030000000-0xc02ff7ffff]
[    0.000000] On node 5 totalpages: 33554304
[    0.000000]   Normal zone: 524286 pages used for memmap
[    0.000000]   Normal zone: 33554304 pages, LIFO batch:31
[    0.000000] Initmem setup node 6 [mem 0xc030000000-0xe02ff7ffff]
[    0.000000] On node 6 totalpages: 33554304
[    0.000000]   Normal zone: 524286 pages used for memmap
[    0.000000]   Normal zone: 33554304 pages, LIFO batch:31
[    0.000000] Initmem setup node 7 [mem 0x10000000000-0x11ffff7ffff]
[    0.000000] On node 7 totalpages: 33554304
[    0.000000]   Normal zone: 524286 pages used for memmap
[    0.000000]   Normal zone: 33554304 pages, LIFO batch:31
[    0.000000] ACPI: PM-Timer IO Port: 0x808
[    0.000000] ACPI: Local APIC address 0xfee00000
[    0.000000] ACPI: LAPIC (acpi_id[0x00] lapic_id[0x00] enabled)
[    0.000000] ACPI: LAPIC (acpi_id[0x02] lapic_id[0x02] enabled)
[    0.000000] ACPI: LAPIC (acpi_id[0x04] lapic_id[0x08] enabled)
[    0.000000] ACPI: LAPIC (acpi_id[0x06] lapic_id[0x0a] enabled)
[    0.000000] ACPI: LAPIC (acpi_id[0x08] lapic_id[0x10] enabled)
[    0.000000] ACPI: LAPIC (acpi_id[0x0a] lapic_id[0x12] enabled)
[    0.000000] ACPI: LAPIC (acpi_id[0x0c] lapic_id[0x18] enabled)
[    0.000000] ACPI: LAPIC (acpi_id[0x0e] lapic_id[0x1a] enabled)
[    0.000000] ACPI: LAPIC (acpi_id[0x10] lapic_id[0x20] enabled)
[    0.000000] ACPI: LAPIC (acpi_id[0x12] lapic_id[0x22] enabled)
[    0.000000] ACPI: LAPIC (acpi_id[0x14] lapic_id[0x28] enabled)
[    0.000000] ACPI: LAPIC (acpi_id[0x16] lapic_id[0x2a] enabled)
[    0.000000] ACPI: LAPIC (acpi_id[0x18] lapic_id[0x30] enabled)
[    0.000000] ACPI: LAPIC (acpi_id[0x1a] lapic_id[0x32] enabled)
[    0.000000] ACPI: LAPIC (acpi_id[0x1c] lapic_id[0x38] enabled)
[    0.000000] ACPI: LAPIC (acpi_id[0x1e] lapic_id[0x3a] enabled)
[    0.000000] ACPI: LAPIC (acpi_id[0x20] lapic_id[0x40] enabled)
[    0.000000] ACPI: LAPIC (acpi_id[0x22] lapic_id[0x42] enabled)
[    0.000000] ACPI: LAPIC (acpi_id[0x24] lapic_id[0x48] enabled)
[    0.000000] ACPI: LAPIC (acpi_id[0x26] lapic_id[0x4a] enabled)
[    0.000000] ACPI: LAPIC (acpi_id[0x28] lapic_id[0x50] enabled)
[    0.000000] ACPI: LAPIC (acpi_id[0x2a] lapic_id[0x52] enabled)
[    0.000000] ACPI: LAPIC (acpi_id[0x2c] lapic_id[0x58] enabled)
[    0.000000] ACPI: LAPIC (acpi_id[0x2e] lapic_id[0x5a] enabled)
[    0.000000] ACPI: LAPIC (acpi_id[0x30] lapic_id[0x60] enabled)
[    0.000000] ACPI: LAPIC (acpi_id[0x32] lapic_id[0x62] enabled)
[    0.000000] ACPI: LAPIC (acpi_id[0x34] lapic_id[0x68] enabled)
[    0.000000] ACPI: LAPIC (acpi_id[0x36] lapic_id[0x6a] enabled)
[    0.000000] ACPI: LAPIC (acpi_id[0x38] lapic_id[0x70] enabled)
[    0.000000] ACPI: LAPIC (acpi_id[0x3a] lapic_id[0x72] enabled)
[    0.000000] ACPI: LAPIC (acpi_id[0x3c] lapic_id[0x78] enabled)
[    0.000000] ACPI: LAPIC (acpi_id[0x3e] lapic_id[0x7a] enabled)
[    0.000000] ACPI: LAPIC (acpi_id[0x01] lapic_id[0x01] enabled)
[    0.000000] ACPI: LAPIC (acpi_id[0x03] lapic_id[0x03] enabled)
[    0.000000] ACPI: LAPIC (acpi_id[0x05] lapic_id[0x09] enabled)
[    0.000000] ACPI: LAPIC (acpi_id[0x07] lapic_id[0x0b] enabled)
[    0.000000] ACPI: LAPIC (acpi_id[0x09] lapic_id[0x11] enabled)
[    0.000000] ACPI: LAPIC (acpi_id[0x0b] lapic_id[0x13] enabled)
[    0.000000] ACPI: LAPIC (acpi_id[0x0d] lapic_id[0x19] enabled)
[    0.000000] ACPI: LAPIC (acpi_id[0x0f] lapic_id[0x1b] enabled)
[    0.000000] ACPI: LAPIC (acpi_id[0x11] lapic_id[0x21] enabled)
[    0.000000] ACPI: LAPIC (acpi_id[0x13] lapic_id[0x23] enabled)
[    0.000000] ACPI: LAPIC (acpi_id[0x15] lapic_id[0x29] enabled)
[    0.000000] ACPI: LAPIC (acpi_id[0x17] lapic_id[0x2b] enabled)
[    0.000000] ACPI: LAPIC (acpi_id[0x19] lapic_id[0x31] enabled)
[    0.000000] ACPI: LAPIC (acpi_id[0x1b] lapic_id[0x33] enabled)
[    0.000000] ACPI: LAPIC (acpi_id[0x1d] lapic_id[0x39] enabled)
[    0.000000] ACPI: LAPIC (acpi_id[0x1f] lapic_id[0x3b] enabled)
[    0.000000] ACPI: LAPIC (acpi_id[0x21] lapic_id[0x41] enabled)
[    0.000000] ACPI: LAPIC (acpi_id[0x23] lapic_id[0x43] enabled)
[    0.000000] ACPI: LAPIC (acpi_id[0x25] lapic_id[0x49] enabled)
[    0.000000] ACPI: LAPIC (acpi_id[0x27] lapic_id[0x4b] enabled)
[    0.000000] ACPI: LAPIC (acpi_id[0x29] lapic_id[0x51] enabled)
[    0.000000] ACPI: LAPIC (acpi_id[0x2b] lapic_id[0x53] enabled)
[    0.000000] ACPI: LAPIC (acpi_id[0x2d] lapic_id[0x59] enabled)
[    0.000000] ACPI: LAPIC (acpi_id[0x2f] lapic_id[0x5b] enabled)
[    0.000000] ACPI: LAPIC (acpi_id[0x31] lapic_id[0x61] enabled)
[    0.000000] ACPI: LAPIC (acpi_id[0x33] lapic_id[0x63] enabled)
[    0.000000] ACPI: LAPIC (acpi_id[0x35] lapic_id[0x69] enabled)
[    0.000000] ACPI: LAPIC (acpi_id[0x37] lapic_id[0x6b] enabled)
[    0.000000] ACPI: LAPIC (acpi_id[0x39] lapic_id[0x71] enabled)
[    0.000000] ACPI: LAPIC (acpi_id[0x3b] lapic_id[0x73] enabled)
[    0.000000] ACPI: LAPIC (acpi_id[0x3d] lapic_id[0x79] enabled)
[    0.000000] ACPI: LAPIC (acpi_id[0x3f] lapic_id[0x7b] enabled)
[    0.000000] ACPI: LAPIC_NMI (acpi_id[0xff] high edge lint[0x1])
[    0.000000] ACPI: IOAPIC (id[0x80] address[0xfec00000] gsi_base[0])
[    0.000000] IOAPIC[0]: apic_id 128, version 33, address 0xfec00000, GSI 0-23
[    0.000000] ACPI: IOAPIC (id[0x81] address[0xdfaf0000] gsi_base[24])
[    0.000000] IOAPIC[1]: apic_id 129, version 33, address 0xdfaf0000, GSI 24-55
[    0.000000] ACPI: IOAPIC (id[0x82] address[0xd7ff0000] gsi_base[56])
[    0.000000] IOAPIC[2]: apic_id 130, version 33, address 0xd7ff0000, GSI 56-87
[    0.000000] ACPI: IOAPIC (id[0x83] address[0xd58f0000] gsi_base[88])
[    0.000000] IOAPIC[3]: apic_id 131, version 33, address 0xd58f0000, GSI 88-119
[    0.000000] ACPI: IOAPIC (id[0x84] address[0xd52f0000] gsi_base[120])
[    0.000000] IOAPIC[4]: apic_id 132, version 33, address 0xd52f0000, GSI 120-151
[    0.000000] ACPI: IOAPIC (id[0x85] address[0xd4cf0000] gsi_base[152])
[    0.000000] IOAPIC[5]: apic_id 133, version 33, address 0xd4cf0000, GSI 152-183
[    0.000000] ACPI: IOAPIC (id[0x86] address[0xd46f0000] gsi_base[184])
[    0.000000] IOAPIC[6]: apic_id 134, version 33, address 0xd46f0000, GSI 184-215
[    0.000000] ACPI: IOAPIC (id[0x87] address[0xd40f0000] gsi_base[216])
[    0.000000] IOAPIC[7]: apic_id 135, version 33, address 0xd40f0000, GSI 216-247
[    0.000000] ACPI: IOAPIC (id[0x88] address[0xd3af0000] gsi_base[248])
[    0.000000] IOAPIC[8]: apic_id 136, version 33, address 0xd3af0000, GSI 248-279
[    0.000000] ACPI: INT_SRC_OVR (bus 0 bus_irq 0 global_irq 2 dfl dfl)
[    0.000000] ACPI: INT_SRC_OVR (bus 0 bus_irq 9 global_irq 9 low level)
[    0.000000] ACPI: IRQ0 used by override.
[    0.000000] ACPI: IRQ9 used by override.
[    0.000000] Using ACPI (MADT) for SMP configuration information
[    0.000000] ACPI: HPET id: 0x10228201 base: 0xfed00000
[    0.000000] smpboot: Allowing 64 CPUs, 0 hotplug CPUs
[    0.000000] PM: Registered nosave memory: [mem 0x000a0000-0x000fffff]
[    0.000000] PM: Registered nosave memory: [mem 0x75db0000-0x75ffffff]
[    0.000000] PM: Registered nosave memory: [mem 0x9384b000-0x9384bfff]
[    0.000000] PM: Registered nosave memory: [mem 0x9387b000-0x9387bfff]
[    0.000000] PM: Registered nosave memory: [mem 0x9387c000-0x9387cfff]
[    0.000000] PM: Registered nosave memory: [mem 0x9388c000-0x9388cfff]
[    0.000000] PM: Registered nosave memory: [mem 0xc8de5000-0xca252fff]
[    0.000000] PM: Registered nosave memory: [mem 0xca312000-0xca67ffff]
[    0.000000] PM: Registered nosave memory: [mem 0xca680000-0xcae6cfff]
[    0.000000] PM: Registered nosave memory: [mem 0xcc000000-0xcfffffff]
[    0.000000] PM: Registered nosave memory: [mem 0xd0000000-0xd38fffff]
[    0.000000] PM: Registered nosave memory: [mem 0xd3900000-0xd3a7ffff]
[    0.000000] PM: Registered nosave memory: [mem 0xd3a80000-0xd3aeffff]
[    0.000000] PM: Registered nosave memory: [mem 0xd3af0000-0xd3af0fff]
[    0.000000] PM: Registered nosave memory: [mem 0xd3af1000-0xd3efffff]
[    0.000000] PM: Registered nosave memory: [mem 0xd3f00000-0xd407ffff]
[    0.000000] PM: Registered nosave memory: [mem 0xd4080000-0xd40effff]
[    0.000000] PM: Registered nosave memory: [mem 0xd40f0000-0xd40f0fff]
[    0.000000] PM: Registered nosave memory: [mem 0xd40f1000-0xd44fffff]
[    0.000000] PM: Registered nosave memory: [mem 0xd4500000-0xd467ffff]
[    0.000000] PM: Registered nosave memory: [mem 0xd4680000-0xd46effff]
[    0.000000] PM: Registered nosave memory: [mem 0xd46f0000-0xd46f0fff]
[    0.000000] PM: Registered nosave memory: [mem 0xd46f1000-0xd4afffff]
[    0.000000] PM: Registered nosave memory: [mem 0xd4b00000-0xd4c7ffff]
[    0.000000] PM: Registered nosave memory: [mem 0xd4c80000-0xd4ceffff]
[    0.000000] PM: Registered nosave memory: [mem 0xd4cf0000-0xd4cf0fff]
[    0.000000] PM: Registered nosave memory: [mem 0xd4cf1000-0xd50fffff]
[    0.000000] PM: Registered nosave memory: [mem 0xd5100000-0xd527ffff]
[    0.000000] PM: Registered nosave memory: [mem 0xd5280000-0xd52effff]
[    0.000000] PM: Registered nosave memory: [mem 0xd52f0000-0xd52f0fff]
[    0.000000] PM: Registered nosave memory: [mem 0xd52f1000-0xd56fffff]
[    0.000000] PM: Registered nosave memory: [mem 0xd5700000-0xd587ffff]
[    0.000000] PM: Registered nosave memory: [mem 0xd5880000-0xd58effff]
[    0.000000] PM: Registered nosave memory: [mem 0xd58f0000-0xd58f0fff]
[    0.000000] PM: Registered nosave memory: [mem 0xd58f1000-0xd7dfffff]
[    0.000000] PM: Registered nosave memory: [mem 0xd7e00000-0xd7f7ffff]
[    0.000000] PM: Registered nosave memory: [mem 0xd7f80000-0xd7feffff]
[    0.000000] PM: Registered nosave memory: [mem 0xd7ff0000-0xd7ff0fff]
[    0.000000] PM: Registered nosave memory: [mem 0xd7ff1000-0xdf9fffff]
[    0.000000] PM: Registered nosave memory: [mem 0xdfa00000-0xdfa7ffff]
[    0.000000] PM: Registered nosave memory: [mem 0xdfa80000-0xdfaeffff]
[    0.000000] PM: Registered nosave memory: [mem 0xdfaf0000-0xdfaf0fff]
[    0.000000] PM: Registered nosave memory: [mem 0xdfaf1000-0xfe9fffff]
[    0.000000] PM: Registered nosave memory: [mem 0xfea00000-0xfeafffff]
[    0.000000] PM: Registered nosave memory: [mem 0xfeb00000-0xfebfffff]
[    0.000000] PM: Registered nosave memory: [mem 0xfec00000-0xfec00fff]
[    0.000000] PM: Registered nosave memory: [mem 0xfec01000-0xfec0ffff]
[    0.000000] PM: Registered nosave memory: [mem 0xfec10000-0xfec10fff]
[    0.000000] PM: Registered nosave memory: [mem 0xfec11000-0xfecfffff]
[    0.000000] PM: Registered nosave memory: [mem 0xfed00000-0xfed00fff]
[    0.000000] PM: Registered nosave memory: [mem 0xfed01000-0xfed3ffff]
[    0.000000] PM: Registered nosave memory: [mem 0xfed40000-0xfed44fff]
[    0.000000] PM: Registered nosave memory: [mem 0xfed45000-0xfed7ffff]
[    0.000000] PM: Registered nosave memory: [mem 0xfed80000-0xfed8ffff]
[    0.000000] PM: Registered nosave memory: [mem 0xfed90000-0xfedbffff]
[    0.000000] PM: Registered nosave memory: [mem 0xfedc0000-0xfedc0fff]
[    0.000000] PM: Registered nosave memory: [mem 0xfedc1000-0xfedc1fff]
[    0.000000] PM: Registered nosave memory: [mem 0xfedc2000-0xfedc5fff]
[    0.000000] PM: Registered nosave memory: [mem 0xfedc6000-0xfedc6fff]
[    0.000000] PM: Registered nosave memory: [mem 0xfedc7000-0xfedc7fff]
[    0.000000] PM: Registered nosave memory: [mem 0xfedc8000-0xfedc8fff]
[    0.000000] PM: Registered nosave memory: [mem 0xfedc9000-0xfedcafff]
[    0.000000] PM: Registered nosave memory: [mem 0xfedcb000-0xfedfffff]
[    0.000000] PM: Registered nosave memory: [mem 0xfee00000-0xfeefffff]
[    0.000000] PM: Registered nosave memory: [mem 0xfef00000-0xfeffffff]
[    0.000000] PM: Registered nosave memory: [mem 0xff000000-0xffffffff]
[    0.000000] PM: Registered nosave memory: [mem 0x202f380000-0x202fffffff]
[    0.000000] PM: Registered nosave memory: [mem 0x402ff80000-0x402fffffff]
[    0.000000] PM: Registered nosave memory: [mem 0x602ff80000-0x602fffffff]
[    0.000000] PM: Registered nosave memory: [mem 0x802ff80000-0x802fffffff]
[    0.000000] PM: Registered nosave memory: [mem 0xa02ff80000-0xa02fffffff]
[    0.000000] PM: Registered nosave memory: [mem 0xc02ff80000-0xc02fffffff]
[    0.000000] PM: Registered nosave memory: [mem 0xe02ff80000-0xffffffffff]
[    0.000000] e820: [mem 0xdfaf1000-0xfe9fffff] available for PCI devices
[    0.000000] Booting paravirtualized kernel on bare hardware
[    0.000000] setup_percpu: NR_CPUS:5120 nr_cpumask_bits:64 nr_cpu_ids:64 nr_node_ids:8
[    0.000000] PERCPU: Embedded 35 pages/cpu @ffff88976f000000 s104920 r8192 d30248 u262144
[    0.000000] pcpu-alloc: s104920 r8192 d30248 u262144 alloc=1*2097152
[    0.000000] pcpu-alloc: [0] 00 01 02 03 32 33 34 35 [1] 04 05 06 07 36 37 38 39 
[    0.000000] pcpu-alloc: [2] 08 09 10 11 40 41 42 43 [3] 12 13 14 15 44 45 46 47 
[    0.000000] pcpu-alloc: [4] 16 17 18 19 48 49 50 51 [5] 20 21 22 23 52 53 54 55 
[    0.000000] pcpu-alloc: [6] 24 25 26 27 56 57 58 59 [7] 28 29 30 31 60 61 62 63 
[    0.000000] Built 8 zonelists in Zone order, mobility grouping on.  Total pages: 264212273
[    0.000000] Policy zone: Normal
[    0.000000] Kernel command line: BOOT_IMAGE=/boot/vmlinuz-3.10.0-862.9.1.el7.x86_64 root=UUID=62ac631c-9f7f-43ab-8c6a-a31f8cb22707 ro crashkernel=auto rhgb quiet LANG=en_US.UTF-8
[    0.000000] PID hash table entries: 4096 (order: 3, 32768 bytes)
[    0.000000] x86/fpu: xstate_offset[2]: 0240, xstate_sizes[2]: 0100
[    0.000000] xsave: enabled xstate_bv 0x7, cntxt size 0x340 using standard form
[    0.000000] Memory: 19738824k/1207959040k available (7328k kernel code, 134334440k absent, 17153604k reserved, 6301k data, 1832k init)
[    0.000000] SLUB: HWalign=64, Order=0-3, MinObjects=0, CPUs=64, Nodes=8
[    0.000000] Hierarchical RCU implementation.
[    0.000000] 	RCU restricting CPUs from NR_CPUS=5120 to nr_cpu_ids=64.
[    0.000000] NR_IRQS:327936 nr_irqs:5288 0
[    0.000000] Console: colour dummy device 80x25
[    0.000000] console [tty0] enabled
[    0.000000] allocated 4294967296 bytes of page_cgroup
[    0.000000] please try 'cgroup_disable=memory' option if you don't want memory cgroups
[    0.000000] Enabling automatic NUMA balancing. Configure with numa_balancing= or the kernel.numa_balancing sysctl
[    0.000000] hpet clockevent registered
[    0.000000] tsc: Fast TSC calibration using PIT
[    0.000000] tsc: Detected 2195.904 MHz processor
[    0.000046] Calibrating delay loop (skipped), value calculated using timer frequency.. 4391.80 BogoMIPS (lpj=2195904)
[    0.000049] pid_max: default: 65536 minimum: 512
[    0.001175] Security Framework initialized
[    0.001184] SELinux:  Initializing.
[    0.001206] SELinux:  Starting in permissive mode
[    0.001207] Yama: becoming mindful.
[    0.060651] Dentry cache hash table entries: 134217728 (order: 18, 1073741824 bytes)
[    0.254241] random: fast init done
[    0.263419] Inode-cache hash table entries: 67108864 (order: 17, 536870912 bytes)
[    0.351546] Mount-cache hash table entries: 2097152 (order: 12, 16777216 bytes)
[    0.352535] Mountpoint-cache hash table entries: 2097152 (order: 12, 16777216 bytes)
[    0.357967] Initializing cgroup subsys memory
[    0.358006] Initializing cgroup subsys devices
[    0.358008] Initializing cgroup subsys freezer
[    0.358010] Initializing cgroup subsys net_cls
[    0.358012] Initializing cgroup subsys blkio
[    0.358014] Initializing cgroup subsys perf_event
[    0.358020] Initializing cgroup subsys hugetlb
[    0.358021] Initializing cgroup subsys pids
[    0.358023] Initializing cgroup subsys net_prio
[    0.358088] tseg: 00cc000000
[    0.358092] CPU: Physical Processor ID: 0
[    0.358093] CPU: Processor Core ID: 0
[    0.363953] mce: CPU supports 23 MCE banks
[    0.363989] LVT offset 2 assigned for vector 0xf4
[    0.364004] Last level iTLB entries: 4KB 1024, 2MB 1024, 4MB 512
[    0.364004] Last level dTLB entries: 4KB 1536, 2MB 1536, 4MB 768
[    0.364005] tlb_flushall_shift: 6
[    0.364028] Speculative Store Bypass: Mitigation: Speculative Store Bypass disabled via prctl and seccomp
[    0.364029] FEATURE SPEC_CTRL Not Present
[    0.364030] FEATURE IBPB_SUPPORT Present
[    0.364121] Spectre V2 : Mitigation: Full retpoline
[    0.364605] Freeing SMP alternatives: 24k freed
[    0.367003] ACPI: Core revision 20130517
[    0.374934] ACPI: All ACPI Tables successfully acquired
[    0.375810] ------------[ cut here ]------------
[    0.375820] WARNING: CPU: 0 PID: 0 at arch/x86/mm/ioremap.c:115 __ioremap_caller+0x179/0x340
[    0.375821] ioremap on RAM at 0xc5fec018 - 0xc5fec01d
[    0.375823] Modules linked in:
[    0.375827] CPU: 0 PID: 0 Comm: swapper/0 Not tainted 3.10.0-862.9.1.el7.x86_64 #1
[    0.375829] Hardware name: To be filled by O.E.M. To be filled by O.E.M./To be filled by O.E.M., BIOS 5.13 08/29/2018
[    0.375830] Call Trace:
[    0.375838]  [<ffffffffaed0e84e>] dump_stack+0x19/0x1b
[    0.375843]  [<ffffffffae691e18>] __warn+0xd8/0x100
[    0.375845]  [<ffffffffae691e9f>] warn_slowpath_fmt+0x5f/0x80
[    0.375848]  [<ffffffffae66fa39>] __ioremap_caller+0x179/0x340
[    0.375855]  [<ffffffffaf3903fa>] ? efi_bgrt_init+0x6c/0x108
[    0.375857]  [<ffffffffae66fc17>] ioremap_nocache+0x17/0x20
[    0.375860]  [<ffffffffaf3903fa>] efi_bgrt_init+0x6c/0x108
[    0.375862]  [<ffffffffaf38f6ee>] efi_late_init+0x13/0x15
[    0.375866]  [<ffffffffaf36c1b2>] start_kernel+0x437/0x467
[    0.375869]  [<ffffffffaf36bb7b>] ? repair_env_string+0x5c/0x5c
[    0.375871]  [<ffffffffaf36b120>] ? early_idt_handler_array+0x120/0x120
[    0.375873]  [<ffffffffaf36b72f>] x86_64_start_reservations+0x24/0x26
[    0.375875]  [<ffffffffaf36b885>] x86_64_start_kernel+0x154/0x177
[    0.375879]  [<ffffffffae6000d5>] start_cpu+0x5/0x14
[    0.375884] ---[ end trace 0e192b845f588099 ]---
[    0.375885] Ignoring BGRT: failed to map image header memory
[    0.376491] ftrace: allocating 28072 entries in 110 pages
[    1.324232] Switched APIC routing to physical flat.
[    1.327067] ..TIMER: vector=0x30 apic1=0 pin1=2 apic2=-1 pin2=-1
[    1.337070] smpboot: CPU0: AMD EPYC 7301 16-Core Processor (fam: 17, model: 01, stepping: 02)
[    1.438231] Performance Events: Fam17h core perfctr, AMD PMU driver.
[    1.438237] ... version:                0
[    1.438238] ... bit width:              48
[    1.438240] ... generic registers:      6
[    1.438241] ... value mask:             0000ffffffffffff
[    1.438242] ... max period:             00007fffffffffff
[    1.438243] ... fixed-purpose events:   0
[    1.438244] ... event mask:             000000000000003f
[    1.440638] NMI watchdog: enabled on all CPUs, permanently consumes one hw-PMU counter.
[    1.440717] smpboot: Booting Node   0, Processors  #1 #2 #3 OK
[    1.465456] smpboot: Booting Node   1, Processors  #4 #5 #6 #7 OK
[    1.497901] smpboot: Booting Node   2, Processors  #8 #9 #10 #11 OK
[    1.530923] smpboot: Booting Node   3, Processors  #12 #13 #14 #15 OK
[    1.563358] smpboot: Booting Node   4, Processors  #16 #17 #18 #19 OK
[    1.673970] smpboot: Booting Node   5, Processors  #20 #21 #22 #23 OK
[    1.706679] smpboot: Booting Node   6, Processors  #24 #25 #26 #27 OK
[    1.739343] smpboot: Booting Node   7, Processors  #28 #29 #30 #31 OK
[    1.772613] smpboot: Booting Node   0, Processors  #32 #33 #34 #35 OK
[    1.805461] smpboot: Booting Node   1, Processors  #36 #37 #38 #39 OK
[    1.837889] smpboot: Booting Node   2, Processors  #40 #41 #42 #43 OK
[    1.870209] smpboot: Booting Node   3, Processors  #44 #45 #46 #47 OK
[    1.902543] smpboot: Booting Node   4, Processors  #48 #49 #50 #51 OK
[    1.935122] smpboot: Booting Node   5, Processors  #52 #53 #54 #55 OK
[    1.967720] smpboot: Booting Node   6, Processors  #56 #57 #58 #59 OK
[    2.000400] smpboot: Booting Node   7, Processors  #60 #61 #62 #63 OK
[    2.032902] Brought up 64 CPUs
[    2.032906] smpboot: Max logical packages: 2
[    2.032913] smpboot: Total of 64 processors activated (281091.84 BogoMIPS)
[    2.651446] node 0 initialised, 31650275 pages in 607ms
[    2.664849] node 5 initialised, 32500700 pages in 620ms
[    2.666815] node 7 initialised, 32505236 pages in 622ms
[    2.667010] node 1 initialised, 32505366 pages in 622ms
[    2.667238] node 3 initialised, 32505366 pages in 622ms
[    2.667275] node 6 initialised, 32505366 pages in 622ms
[    2.667344] node 4 initialised, 32505366 pages in 623ms
[    2.667707] node 2 initialised, 32505366 pages in 623ms
[    2.668270] devtmpfs: initialized
[    2.757114] EVM: security.selinux
[    2.757118] EVM: security.ima
[    2.757119] EVM: security.capability
[    2.757311] PM: Registering ACPI NVS region [mem 0xca312000-0xca67ffff] (3596288 bytes)
[    2.758875] atomic64 test passed for x86-64 platform with CX8 and with SSE
[    2.758880] pinctrl core: initialized pinctrl subsystem
[    2.758993] RTC time: 14:18:30, date: 08/30/18
[    2.759155] NET: Registered protocol family 16
[    2.759788] ACPI: bus type PCI registered
[    2.759792] acpiphp: ACPI Hot Plug PCI Controller Driver version: 0.5
[    2.759918] PCI: MMCONFIG for domain 0000 [bus 00-ff] at [mem 0xe0000000-0xefffffff] (base 0xe0000000)
[    2.759923] PCI: not using MMCONFIG
[    2.759925] PCI: Using configuration type 1 for base access
[    2.759926] PCI: Using configuration type 1 for extended access
[    2.784001] ACPI: Added _OSI(Module Device)
[    2.784005] ACPI: Added _OSI(Processor Device)
[    2.784006] ACPI: Added _OSI(3.0 _SCP Extensions)
[    2.784007] ACPI: Added _OSI(Processor Aggregator Device)
[    2.785314] ACPI: EC: Look up EC in DSDT
[    2.840928] ACPI: Interpreter enabled
[    2.840942] ACPI: (supports S0 S5)
[    2.840944] ACPI: Using IOAPIC for interrupt routing
[    2.841177] PCI: MMCONFIG for domain 0000 [bus 00-ff] at [mem 0xe0000000-0xefffffff] (base 0xe0000000)
[    2.841216] PCI: MMCONFIG at [mem 0xe0000000-0xefffffff] reserved in ACPI motherboard resources
[    2.841267] HEST: Table parsing has been initialized.
[    2.841271] PCI: Using host bridge windows from ACPI; if necessary, use "pci=nocrs" and report a bug
[    2.841316] ACPI: Enabled 2 GPEs in block 00 to 1F
[    2.842951] ACPI: Power Resource [P0SA] (off)
[    2.842974] ACPI: Power Resource [P3SA] (off)
[    2.844969] ACPI: Power Resource [P0SA] (off)
[    2.844991] ACPI: Power Resource [P3SA] (off)
[    2.845872] ACPI: Power Resource [P0SA] (off)
[    2.845896] ACPI: Power Resource [P3SA] (off)
[    2.846767] ACPI: Power Resource [P0SA] (off)
[    2.846790] ACPI: Power Resource [P3SA] (off)
[    2.847651] ACPI: Power Resource [P0SA] (off)
[    2.847674] ACPI: Power Resource [P3SA] (off)
[    2.848534] ACPI: Power Resource [P0SA] (off)
[    2.848556] ACPI: Power Resource [P3SA] (off)
[    2.849432] ACPI: Power Resource [P0SA] (off)
[    2.849453] ACPI: Power Resource [P3SA] (off)
[    2.850318] ACPI: Power Resource [P0SA] (off)
[    2.850342] ACPI: Power Resource [P3SA] (off)
[    2.852550] ACPI: PCI Root Bridge [PCI0] (domain 0000 [bus 00-1f])
[    2.852557] acpi PNP0A08:00: _OSC: OS supports [ExtendedConfig ASPM ClockPM Segments MSI]
[    2.852733] acpi PNP0A08:00: _OSC: OS now controls [PCIeHotplug PME AER PCIeCapability]
[    2.852974] PCI host bridge to bus 0000:00
[    2.852978] pci_bus 0000:00: root bus resource [bus 00-1f]
[    2.852981] pci_bus 0000:00: root bus resource [io  0x0000-0x02e7 window]
[    2.852983] pci_bus 0000:00: root bus resource [io  0x0300-0x03af window]
[    2.852985] pci_bus 0000:00: root bus resource [io  0x0400-0x0cf7 window]
[    2.852987] pci_bus 0000:00: root bus resource [io  0x0d00-0x0fff window]
[    2.852988] pci_bus 0000:00: root bus resource [mem 0x000c0000-0x000dffff window]
[    2.852990] pci_bus 0000:00: root bus resource [mem 0xdfb00000-0xdfffffff window]
[    2.852992] pci_bus 0000:00: root bus resource [mem 0x1e400000000-0x1ffffffffff window]
[    2.853001] pci 0000:00:00.0: [1022:1450] type 00 class 0x060000
[    2.853082] pci 0000:00:00.2: [1022:1451] type 00 class 0x080600
[    2.853171] pci 0000:00:01.0: [1022:1452] type 00 class 0x060000
[    2.853247] pci 0000:00:02.0: [1022:1452] type 00 class 0x060000
[    2.853329] pci 0000:00:03.0: [1022:1452] type 00 class 0x060000
[    2.853405] pci 0000:00:04.0: [1022:1452] type 00 class 0x060000
[    2.853485] pci 0000:00:07.0: [1022:1452] type 00 class 0x060000
[    2.853546] pci 0000:00:07.1: [1022:1454] type 01 class 0x060400
[    2.854491] pci 0000:00:07.1: PME# supported from D0 D3hot D3cold
[    2.854535] pci 0000:00:07.1: System wakeup disabled by ACPI
[    2.854578] pci 0000:00:08.0: [1022:1452] type 00 class 0x060000
[    2.854638] pci 0000:00:08.1: [1022:1454] type 01 class 0x060400
[    2.855504] pci 0000:00:08.1: PME# supported from D0 D3hot D3cold
[    2.855628] pci 0000:00:14.0: [1022:790b] type 00 class 0x0c0500
[    2.855835] pci 0000:00:14.3: [1022:790e] type 00 class 0x060100
[    2.856047] pci 0000:00:18.0: [1022:1460] type 00 class 0x060000
[    2.856096] pci 0000:00:18.1: [1022:1461] type 00 class 0x060000
[    2.856143] pci 0000:00:18.2: [1022:1462] type 00 class 0x060000
[    2.856191] pci 0000:00:18.3: [1022:1463] type 00 class 0x060000
[    2.856239] pci 0000:00:18.4: [1022:1464] type 00 class 0x060000
[    2.856296] pci 0000:00:18.5: [1022:1465] type 00 class 0x060000
[    2.856343] pci 0000:00:18.6: [1022:1466] type 00 class 0x060000
[    2.856391] pci 0000:00:18.7: [1022:1467] type 00 class 0x060000
[    2.856441] pci 0000:00:19.0: [1022:1460] type 00 class 0x060000
[    2.856491] pci 0000:00:19.1: [1022:1461] type 00 class 0x060000
[    2.856542] pci 0000:00:19.2: [1022:1462] type 00 class 0x060000
[    2.856593] pci 0000:00:19.3: [1022:1463] type 00 class 0x060000
[    2.856644] pci 0000:00:19.4: [1022:1464] type 00 class 0x060000
[    2.856697] pci 0000:00:19.5: [1022:1465] type 00 class 0x060000
[    2.856747] pci 0000:00:19.6: [1022:1466] type 00 class 0x060000
[    2.856799] pci 0000:00:19.7: [1022:1467] type 00 class 0x060000
[    2.856852] pci 0000:00:1a.0: [1022:1460] type 00 class 0x060000
[    2.856903] pci 0000:00:1a.1: [1022:1461] type 00 class 0x060000
[    2.856954] pci 0000:00:1a.2: [1022:1462] type 00 class 0x060000
[    2.857004] pci 0000:00:1a.3: [1022:1463] type 00 class 0x060000
[    2.857055] pci 0000:00:1a.4: [1022:1464] type 00 class 0x060000
[    2.857106] pci 0000:00:1a.5: [1022:1465] type 00 class 0x060000
[    2.857156] pci 0000:00:1a.6: [1022:1466] type 00 class 0x060000
[    2.857207] pci 0000:00:1a.7: [1022:1467] type 00 class 0x060000
[    2.857258] pci 0000:00:1b.0: [1022:1460] type 00 class 0x060000
[    2.857314] pci 0000:00:1b.1: [1022:1461] type 00 class 0x060000
[    2.857365] pci 0000:00:1b.2: [1022:1462] type 00 class 0x060000
[    2.857415] pci 0000:00:1b.3: [1022:1463] type 00 class 0x060000
[    2.857466] pci 0000:00:1b.4: [1022:1464] type 00 class 0x060000
[    2.857516] pci 0000:00:1b.5: [1022:1465] type 00 class 0x060000
[    2.857568] pci 0000:00:1b.6: [1022:1466] type 00 class 0x060000
[    2.857618] pci 0000:00:1b.7: [1022:1467] type 00 class 0x060000
[    2.857670] pci 0000:00:1c.0: [1022:1460] type 00 class 0x060000
[    2.857728] pci 0000:00:1c.1: [1022:1461] type 00 class 0x060000
[    2.857784] pci 0000:00:1c.2: [1022:1462] type 00 class 0x060000
[    2.857841] pci 0000:00:1c.3: [1022:1463] type 00 class 0x060000
[    2.857900] pci 0000:00:1c.4: [1022:1464] type 00 class 0x060000
[    2.857958] pci 0000:00:1c.5: [1022:1465] type 00 class 0x060000
[    2.858033] pci 0000:00:1c.6: [1022:1466] type 00 class 0x060000
[    2.858089] pci 0000:00:1c.7: [1022:1467] type 00 class 0x060000
[    2.858147] pci 0000:00:1d.0: [1022:1460] type 00 class 0x060000
[    2.858204] pci 0000:00:1d.1: [1022:1461] type 00 class 0x060000
[    2.858261] pci 0000:00:1d.2: [1022:1462] type 00 class 0x060000
[    2.858324] pci 0000:00:1d.3: [1022:1463] type 00 class 0x060000
[    2.858381] pci 0000:00:1d.4: [1022:1464] type 00 class 0x060000
[    2.858440] pci 0000:00:1d.5: [1022:1465] type 00 class 0x060000
[    2.858497] pci 0000:00:1d.6: [1022:1466] type 00 class 0x060000
[    2.858557] pci 0000:00:1d.7: [1022:1467] type 00 class 0x060000
[    2.858615] pci 0000:00:1e.0: [1022:1460] type 00 class 0x060000
[    2.858670] pci 0000:00:1e.1: [1022:1461] type 00 class 0x060000
[    2.858724] pci 0000:00:1e.2: [1022:1462] type 00 class 0x060000
[    2.858780] pci 0000:00:1e.3: [1022:1463] type 00 class 0x060000
[    2.858836] pci 0000:00:1e.4: [1022:1464] type 00 class 0x060000
[    2.858890] pci 0000:00:1e.5: [1022:1465] type 00 class 0x060000
[    2.858944] pci 0000:00:1e.6: [1022:1466] type 00 class 0x060000
[    2.858999] pci 0000:00:1e.7: [1022:1467] type 00 class 0x060000
[    2.859054] pci 0000:00:1f.0: [1022:1460] type 00 class 0x060000
[    2.859110] pci 0000:00:1f.1: [1022:1461] type 00 class 0x060000
[    2.859166] pci 0000:00:1f.2: [1022:1462] type 00 class 0x060000
[    2.859224] pci 0000:00:1f.3: [1022:1463] type 00 class 0x060000
[    2.859281] pci 0000:00:1f.4: [1022:1464] type 00 class 0x060000
[    2.859344] pci 0000:00:1f.5: [1022:1465] type 00 class 0x060000
[    2.859401] pci 0000:00:1f.6: [1022:1466] type 00 class 0x060000
[    2.859457] pci 0000:00:1f.7: [1022:1467] type 00 class 0x060000
[    2.860452] pci 0000:01:00.0: [1022:145a] type 00 class 0x130000
[    2.860548] pci 0000:01:00.2: [1022:1456] type 00 class 0x108000
[    2.860564] pci 0000:01:00.2: reg 0x18: [mem 0xdfc00000-0xdfcfffff]
[    2.860574] pci 0000:01:00.2: reg 0x24: [mem 0xdfd00000-0xdfd01fff]
[    2.860655] pci 0000:01:00.3: [1022:145f] type 00 class 0x0c0330
[    2.860669] pci 0000:01:00.3: reg 0x10: [mem 0xdfb00000-0xdfbfffff 64bit]
[    2.860721] pci 0000:01:00.3: PME# supported from D0 D3hot D3cold
[    2.860785] pci 0000:00:07.1: PCI bridge to [bus 01]
[    2.860791] pci 0000:00:07.1:   bridge window [mem 0xdfb00000-0xdfdfffff]
[    2.861493] pci 0000:02:00.0: [1022:1455] type 00 class 0x130000
[    2.861595] pci 0000:02:00.1: [1022:1468] type 00 class 0x108000
[    2.861611] pci 0000:02:00.1: reg 0x18: [mem 0xdfe00000-0xdfefffff]
[    2.861622] pci 0000:02:00.1: reg 0x24: [mem 0xdff00000-0xdff01fff]
[    2.861717] pci 0000:00:08.1: PCI bridge to [bus 02]
[    2.861722] pci 0000:00:08.1:   bridge window [mem 0xdfe00000-0xdfffffff]
[    2.861736] pci_bus 0000:00: on NUMA node 0
[    2.862436] ACPI: PCI Root Bridge [S0D1] (domain 0000 [bus 20-3f])
[    2.862441] acpi PNP0A08:01: _OSC: OS supports [ExtendedConfig ASPM ClockPM Segments MSI]
[    2.862613] acpi PNP0A08:01: _OSC: OS now controls [PCIeHotplug PME AER PCIeCapability]
[    2.862806] PCI host bridge to bus 0000:20
[    2.862809] pci_bus 0000:20: root bus resource [bus 20-3f]
[    2.862811] pci_bus 0000:20: root bus resource [io  0x03b0-0x03df window]
[    2.862813] pci_bus 0000:20: root bus resource [io  0x1000-0x1fff window]
[    2.862815] pci_bus 0000:20: root bus resource [mem 0x000a0000-0x000bffff window]
[    2.862816] pci_bus 0000:20: root bus resource [mem 0xd8000000-0xdf9fffff window]
[    2.862818] pci_bus 0000:20: root bus resource [mem 0x1c800000000-0x1e3ffffffff window]
[    2.862824] pci 0000:20:00.0: [1022:1450] type 00 class 0x060000
[    2.862889] pci 0000:20:00.2: [1022:1451] type 00 class 0x080600
[    2.862977] pci 0000:20:01.0: [1022:1452] type 00 class 0x060000
[    2.863039] pci 0000:20:01.1: [1022:1453] type 01 class 0x060400
[    2.863233] pci 0000:20:01.1: PME# supported from D0 D3hot D3cold
[    2.863334] pci 0000:20:02.0: [1022:1452] type 00 class 0x060000
[    2.863409] pci 0000:20:03.0: [1022:1452] type 00 class 0x060000
[    2.863484] pci 0000:20:04.0: [1022:1452] type 00 class 0x060000
[    2.863561] pci 0000:20:07.0: [1022:1452] type 00 class 0x060000
[    2.863621] pci 0000:20:07.1: [1022:1454] type 01 class 0x060400
[    2.864180] pci 0000:20:07.1: PME# supported from D0 D3hot D3cold
[    2.864219] pci 0000:20:07.1: System wakeup disabled by ACPI
[    2.864261] pci 0000:20:08.0: [1022:1452] type 00 class 0x060000
[    2.864327] pci 0000:20:08.1: [1022:1454] type 01 class 0x060400
[    2.864441] pci 0000:20:08.1: PME# supported from D0 D3hot D3cold
[    2.864658] pci 0000:21:00.0: [1a03:1150] type 01 class 0x060400
[    2.864777] pci 0000:21:00.0: supports D1 D2
[    2.864779] pci 0000:21:00.0: PME# supported from D0 D1 D2 D3hot D3cold
[    2.866300] pci 0000:20:01.1: PCI bridge to [bus 21-22]
[    2.866304] pci 0000:20:01.1:   bridge window [io  0x1000-0x1fff]
[    2.866307] pci 0000:20:01.1:   bridge window [mem 0xd8000000-0xdc0fffff]
[    2.866370] pci 0000:22:00.0: [1a03:2000] type 00 class 0x030000
[    2.866395] pci 0000:22:00.0: reg 0x10: [mem 0xd8000000-0xdbffffff]
[    2.866409] pci 0000:22:00.0: reg 0x14: [mem 0xdc000000-0xdc01ffff]
[    2.866423] pci 0000:22:00.0: reg 0x18: [io  0x1000-0x107f]
[    2.866523] pci 0000:22:00.0: supports D1 D2
[    2.866525] pci 0000:22:00.0: PME# supported from D0 D1 D2 D3hot D3cold
[    2.866618] pci 0000:21:00.0: PCI bridge to [bus 22]
[    2.866625] pci 0000:21:00.0:   bridge window [io  0x1000-0x1fff]
[    2.866629] pci 0000:21:00.0:   bridge window [mem 0xd8000000-0xdc0fffff]
[    2.866723] pci 0000:23:00.0: [1022:145a] type 00 class 0x130000
[    2.866827] pci 0000:23:00.2: [1022:1456] type 00 class 0x108000
[    2.866844] pci 0000:23:00.2: reg 0x18: [mem 0xdc300000-0xdc3fffff]
[    2.866855] pci 0000:23:00.2: reg 0x24: [mem 0xdc400000-0xdc401fff]
[    2.866942] pci 0000:23:00.3: [1022:145f] type 00 class 0x0c0330
[    2.866956] pci 0000:23:00.3: reg 0x10: [mem 0xdc200000-0xdc2fffff 64bit]
[    2.867013] pci 0000:23:00.3: PME# supported from D0 D3hot D3cold
[    2.867078] pci 0000:20:07.1: PCI bridge to [bus 23]
[    2.867083] pci 0000:20:07.1:   bridge window [mem 0xdc200000-0xdc4fffff]
[    2.867233] pci 0000:24:00.0: [1022:1455] type 00 class 0x130000
[    2.867348] pci 0000:24:00.1: [1022:1468] type 00 class 0x108000
[    2.867366] pci 0000:24:00.1: reg 0x18: [mem 0xdc500000-0xdc5fffff]
[    2.867377] pci 0000:24:00.1: reg 0x24: [mem 0xdc600000-0xdc601fff]
[    2.867482] pci 0000:20:08.1: PCI bridge to [bus 24]
[    2.867487] pci 0000:20:08.1:   bridge window [mem 0xdc500000-0xdc6fffff]
[    2.867506] pci_bus 0000:20: on NUMA node 1
[    2.867728] ACPI: PCI Root Bridge [S0D2] (domain 0000 [bus 40-5f])
[    2.867732] acpi PNP0A08:02: _OSC: OS supports [ExtendedConfig ASPM ClockPM Segments MSI]
[    2.867904] acpi PNP0A08:02: _OSC: OS now controls [PCIeHotplug PME AER PCIeCapability]
[    2.868066] PCI host bridge to bus 0000:40
[    2.868069] pci_bus 0000:40: root bus resource [bus 40-5f]
[    2.868071] pci_bus 0000:40: root bus resource [io  0x2000-0x3fff window]
[    2.868072] pci_bus 0000:40: root bus resource [mem 0xd5900000-0xd7dfffff window]
[    2.868076] pci_bus 0000:40: root bus resource [mem 0x1ac00000000-0x1c7ffffffff window]
[    2.868082] pci 0000:40:00.0: [1022:1450] type 00 class 0x060000
[    2.868146] pci 0000:40:00.2: [1022:1451] type 00 class 0x080600
[    2.868234] pci 0000:40:01.0: [1022:1452] type 00 class 0x060000
[    2.868314] pci 0000:40:02.0: [1022:1452] type 00 class 0x060000
[    2.868388] pci 0000:40:03.0: [1022:1452] type 00 class 0x060000
[    2.868449] pci 0000:40:03.1: [1022:1453] type 01 class 0x060400
[    2.868578] pci 0000:40:03.1: PME# supported from D0 D3hot D3cold
[    2.868663] pci 0000:40:04.0: [1022:1452] type 00 class 0x060000
[    2.868743] pci 0000:40:07.0: [1022:1452] type 00 class 0x060000
[    2.868805] pci 0000:40:07.1: [1022:1454] type 01 class 0x060400
[    2.868917] pci 0000:40:07.1: PME# supported from D0 D3hot D3cold
[    2.868955] pci 0000:40:07.1: System wakeup disabled by ACPI
[    2.869000] pci 0000:40:08.0: [1022:1452] type 00 class 0x060000
[    2.869060] pci 0000:40:08.1: [1022:1454] type 01 class 0x060400
[    2.869523] pci 0000:40:08.1: PME# supported from D0 D3hot D3cold
[    2.869745] pci 0000:41:00.0: [8086:10d3] type 00 class 0x020000
[    2.869776] pci 0000:41:00.0: reg 0x10: [mem 0xd7dc0000-0xd7ddffff]
[    2.869792] pci 0000:41:00.0: reg 0x14: [mem 0xd7d00000-0xd7d7ffff]
[    2.869809] pci 0000:41:00.0: reg 0x18: [io  0x2000-0x201f]
[    2.869824] pci 0000:41:00.0: reg 0x1c: [mem 0xd7de0000-0xd7de3fff]
[    2.869868] pci 0000:41:00.0: reg 0x30: [mem 0xd7d80000-0xd7dbffff pref]
[    2.869962] pci 0000:41:00.0: PME# supported from D0 D3hot D3cold
[    2.871304] pci 0000:40:03.1: PCI bridge to [bus 41]
[    2.871308] pci 0000:40:03.1:   bridge window [io  0x2000-0x2fff]
[    2.871311] pci 0000:40:03.1:   bridge window [mem 0xd7d00000-0xd7dfffff]
[    2.871493] pci 0000:42:00.0: [1022:145a] type 00 class 0x130000
[    2.871596] pci 0000:42:00.2: [1022:1456] type 00 class 0x108000
[    2.871612] pci 0000:42:00.2: reg 0x18: [mem 0xd7b00000-0xd7bfffff]
[    2.871623] pci 0000:42:00.2: reg 0x24: [mem 0xd7c00000-0xd7c01fff]
[    2.871717] pci 0000:40:07.1: PCI bridge to [bus 42]
[    2.871722] pci 0000:40:07.1:   bridge window [mem 0xd7b00000-0xd7cfffff]
[    2.871812] pci 0000:43:00.0: [1022:1455] type 00 class 0x130000
[    2.871921] pci 0000:43:00.1: [1022:1468] type 00 class 0x108000
[    2.871938] pci 0000:43:00.1: reg 0x18: [mem 0xd7900000-0xd79fffff]
[    2.871950] pci 0000:43:00.1: reg 0x24: [mem 0xd7a00000-0xd7a01fff]
[    2.872051] pci 0000:40:08.1: PCI bridge to [bus 43]
[    2.872056] pci 0000:40:08.1:   bridge window [mem 0xd7900000-0xd7afffff]
[    2.872074] pci_bus 0000:40: on NUMA node 2
[    2.872303] ACPI: PCI Root Bridge [S0D3] (domain 0000 [bus 60-7f])
[    2.872307] acpi PNP0A08:03: _OSC: OS supports [ExtendedConfig ASPM ClockPM Segments MSI]
[    2.872478] acpi PNP0A08:03: _OSC: OS now controls [PCIeHotplug PME AER PCIeCapability]
[    2.872642] PCI host bridge to bus 0000:60
[    2.872644] pci_bus 0000:60: root bus resource [bus 60-7f]
[    2.872646] pci_bus 0000:60: root bus resource [mem 0xd5300000-0xd56fffff window]
[    2.872648] pci_bus 0000:60: root bus resource [mem 0x19000000000-0x1abffffffff window]
[    2.872654] pci 0000:60:00.0: [1022:1450] type 00 class 0x060000
[    2.872720] pci 0000:60:00.2: [1022:1451] type 00 class 0x080600
[    2.872810] pci 0000:60:01.0: [1022:1452] type 00 class 0x060000
[    2.872885] pci 0000:60:02.0: [1022:1452] type 00 class 0x060000
[    2.872958] pci 0000:60:03.0: [1022:1452] type 00 class 0x060000
[    2.873032] pci 0000:60:04.0: [1022:1452] type 00 class 0x060000
[    2.873112] pci 0000:60:07.0: [1022:1452] type 00 class 0x060000
[    2.873172] pci 0000:60:07.1: [1022:1454] type 01 class 0x060400
[    2.873701] pci 0000:60:07.1: PME# supported from D0 D3hot D3cold
[    2.873741] pci 0000:60:07.1: System wakeup disabled by ACPI
[    2.873783] pci 0000:60:08.0: [1022:1452] type 00 class 0x060000
[    2.873845] pci 0000:60:08.1: [1022:1454] type 01 class 0x060400
[    2.873959] pci 0000:60:08.1: PME# supported from D0 D3hot D3cold
[    2.874176] pci 0000:61:00.0: [1022:145a] type 00 class 0x130000
[    2.874278] pci 0000:61:00.2: [1022:1456] type 00 class 0x108000
[    2.874300] pci 0000:61:00.2: reg 0x18: [mem 0xd5500000-0xd55fffff]
[    2.874311] pci 0000:61:00.2: reg 0x24: [mem 0xd5600000-0xd5601fff]
[    2.874407] pci 0000:60:07.1: PCI bridge to [bus 61]
[    2.874412] pci 0000:60:07.1:   bridge window [mem 0xd5500000-0xd56fffff]
[    2.874685] pci 0000:62:00.0: [1022:1455] type 00 class 0x130000
[    2.874793] pci 0000:62:00.1: [1022:1468] type 00 class 0x108000
[    2.874812] pci 0000:62:00.1: reg 0x18: [mem 0xd5300000-0xd53fffff]
[    2.874823] pci 0000:62:00.1: reg 0x24: [mem 0xd5400000-0xd5401fff]
[    2.874925] pci 0000:60:08.1: PCI bridge to [bus 62]
[    2.874930] pci 0000:60:08.1:   bridge window [mem 0xd5300000-0xd54fffff]
[    2.874944] pci_bus 0000:60: on NUMA node 3
[    2.875163] ACPI: PCI Root Bridge [S1D0] (domain 0000 [bus 80-9f])
[    2.875167] acpi PNP0A08:04: _OSC: OS supports [ExtendedConfig ASPM ClockPM Segments MSI]
[    2.875343] acpi PNP0A08:04: _OSC: OS now controls [PCIeHotplug PME AER PCIeCapability]
[    2.875507] PCI host bridge to bus 0000:80
[    2.875510] pci_bus 0000:80: root bus resource [bus 80-9f]
[    2.875512] pci_bus 0000:80: root bus resource [mem 0xd4d00000-0xd50fffff window]
[    2.875514] pci_bus 0000:80: root bus resource [mem 0x17400000000-0x18fffffffff window]
[    2.875520] pci 0000:80:00.0: [1022:1450] type 00 class 0x060000
[    2.875590] pci 0000:80:00.2: [1022:1451] type 00 class 0x080600
[    2.875688] pci 0000:80:01.0: [1022:1452] type 00 class 0x060000
[    2.875770] pci 0000:80:02.0: [1022:1452] type 00 class 0x060000
[    2.875851] pci 0000:80:03.0: [1022:1452] type 00 class 0x060000
[    2.875930] pci 0000:80:04.0: [1022:1452] type 00 class 0x060000
[    2.876016] pci 0000:80:07.0: [1022:1452] type 00 class 0x060000
[    2.876082] pci 0000:80:07.1: [1022:1454] type 01 class 0x060400
[    2.876211] pci 0000:80:07.1: PME# supported from D0 D3hot D3cold
[    2.876254] pci 0000:80:07.1: System wakeup disabled by ACPI
[    2.876300] pci 0000:80:08.0: [1022:1452] type 00 class 0x060000
[    2.876367] pci 0000:80:08.1: [1022:1454] type 01 class 0x060400
[    2.877091] pci 0000:80:08.1: PME# supported from D0 D3hot D3cold
[    2.878037] pci 0000:81:00.0: [1022:145a] type 00 class 0x130000
[    2.878155] pci 0000:81:00.2: [1022:1456] type 00 class 0x108000
[    2.878175] pci 0000:81:00.2: reg 0x18: [mem 0xd4f00000-0xd4ffffff]
[    2.878187] pci 0000:81:00.2: reg 0x24: [mem 0xd5000000-0xd5001fff]
[    2.878298] pci 0000:80:07.1: PCI bridge to [bus 81]
[    2.878304] pci 0000:80:07.1:   bridge window [mem 0xd4f00000-0xd50fffff]
[    2.879088] pci 0000:82:00.0: [1022:1455] type 00 class 0x130000
[    2.879212] pci 0000:82:00.1: [1022:1468] type 00 class 0x108000
[    2.879232] pci 0000:82:00.1: reg 0x18: [mem 0xd4d00000-0xd4dfffff]
[    2.879245] pci 0000:82:00.1: reg 0x24: [mem 0xd4e00000-0xd4e01fff]
[    2.879365] pci 0000:80:08.1: PCI bridge to [bus 82]
[    2.879371] pci 0000:80:08.1:   bridge window [mem 0xd4d00000-0xd4efffff]
[    2.879386] pci_bus 0000:80: on NUMA node 4
[    2.879607] ACPI: PCI Root Bridge [S1D1] (domain 0000 [bus a0-bf])
[    2.879611] acpi PNP0A08:05: _OSC: OS supports [ExtendedConfig ASPM ClockPM Segments MSI]
[    2.879781] acpi PNP0A08:05: _OSC: OS now controls [PCIeHotplug PME AER PCIeCapability]
[    2.879947] PCI host bridge to bus 0000:a0
[    2.879949] pci_bus 0000:a0: root bus resource [bus a0-bf]
[    2.879951] pci_bus 0000:a0: root bus resource [mem 0xd4700000-0xd4afffff window]
[    2.879953] pci_bus 0000:a0: root bus resource [mem 0x15800000000-0x173ffffffff window]
[    2.879959] pci 0000:a0:00.0: [1022:1450] type 00 class 0x060000
[    2.880028] pci 0000:a0:00.2: [1022:1451] type 00 class 0x080600
[    2.880126] pci 0000:a0:01.0: [1022:1452] type 00 class 0x060000
[    2.880205] pci 0000:a0:02.0: [1022:1452] type 00 class 0x060000
[    2.880292] pci 0000:a0:03.0: [1022:1452] type 00 class 0x060000
[    2.880374] pci 0000:a0:04.0: [1022:1452] type 00 class 0x060000
[    2.880460] pci 0000:a0:07.0: [1022:1452] type 00 class 0x060000
[    2.880526] pci 0000:a0:07.1: [1022:1454] type 01 class 0x060400
[    2.880788] pci 0000:a0:07.1: PME# supported from D0 D3hot D3cold
[    2.880831] pci 0000:a0:07.1: System wakeup disabled by ACPI
[    2.880874] pci 0000:a0:08.0: [1022:1452] type 00 class 0x060000
[    2.880942] pci 0000:a0:08.1: [1022:1454] type 01 class 0x060400
[    2.881069] pci 0000:a0:08.1: PME# supported from D0 D3hot D3cold
[    2.881746] pci 0000:a1:00.0: [1022:145a] type 00 class 0x130000
[    2.881865] pci 0000:a1:00.2: [1022:1456] type 00 class 0x108000
[    2.881884] pci 0000:a1:00.2: reg 0x18: [mem 0xd4900000-0xd49fffff]
[    2.881897] pci 0000:a1:00.2: reg 0x24: [mem 0xd4a00000-0xd4a01fff]
[    2.882005] pci 0000:a0:07.1: PCI bridge to [bus a1]
[    2.882011] pci 0000:a0:07.1:   bridge window [mem 0xd4900000-0xd4afffff]
[    2.882106] pci 0000:a2:00.0: [1022:1455] type 00 class 0x130000
[    2.882230] pci 0000:a2:00.1: [1022:1468] type 00 class 0x108000
[    2.882250] pci 0000:a2:00.1: reg 0x18: [mem 0xd4700000-0xd47fffff]
[    2.882263] pci 0000:a2:00.1: reg 0x24: [mem 0xd4800000-0xd4801fff]
[    2.882371] pci 0000:a2:00.2: [1022:7901] type 00 class 0x010601
[    2.882411] pci 0000:a2:00.2: reg 0x24: [mem 0xd4802000-0xd4802fff]
[    2.882459] pci 0000:a2:00.2: PME# supported from D3hot D3cold
[    2.882535] pci 0000:a0:08.1: PCI bridge to [bus a2]
[    2.882540] pci 0000:a0:08.1:   bridge window [mem 0xd4700000-0xd48fffff]
[    2.882556] pci_bus 0000:a0: on NUMA node 5
[    2.882785] ACPI: PCI Root Bridge [S1D2] (domain 0000 [bus c0-df])
[    2.882789] acpi PNP0A08:06: _OSC: OS supports [ExtendedConfig ASPM ClockPM Segments MSI]
[    2.882964] acpi PNP0A08:06: _OSC: OS now controls [PCIeHotplug PME AER PCIeCapability]
[    2.883127] PCI host bridge to bus 0000:c0
[    2.883130] pci_bus 0000:c0: root bus resource [bus c0-df]
[    2.883132] pci_bus 0000:c0: root bus resource [mem 0xd4100000-0xd44fffff window]
[    2.883134] pci_bus 0000:c0: root bus resource [mem 0x13c00000000-0x157ffffffff window]
[    2.883140] pci 0000:c0:00.0: [1022:1450] type 00 class 0x060000
[    2.883206] pci 0000:c0:00.2: [1022:1451] type 00 class 0x080600
[    2.883303] pci 0000:c0:01.0: [1022:1452] type 00 class 0x060000
[    2.883380] pci 0000:c0:02.0: [1022:1452] type 00 class 0x060000
[    2.883456] pci 0000:c0:03.0: [1022:1452] type 00 class 0x060000
[    2.883533] pci 0000:c0:04.0: [1022:1452] type 00 class 0x060000
[    2.883616] pci 0000:c0:07.0: [1022:1452] type 00 class 0x060000
[    2.883680] pci 0000:c0:07.1: [1022:1454] type 01 class 0x060400
[    2.883806] pci 0000:c0:07.1: PME# supported from D0 D3hot D3cold
[    2.883847] pci 0000:c0:07.1: System wakeup disabled by ACPI
[    2.883889] pci 0000:c0:08.0: [1022:1452] type 00 class 0x060000
[    2.883952] pci 0000:c0:08.1: [1022:1454] type 01 class 0x060400
[    2.884072] pci 0000:c0:08.1: PME# supported from D0 D3hot D3cold
[    2.884728] pci 0000:c1:00.0: [1022:145a] type 00 class 0x130000
[    2.884841] pci 0000:c1:00.2: [1022:1456] type 00 class 0x108000
[    2.884859] pci 0000:c1:00.2: reg 0x18: [mem 0xd4300000-0xd43fffff]
[    2.884870] pci 0000:c1:00.2: reg 0x24: [mem 0xd4400000-0xd4401fff]
[    2.884972] pci 0000:c0:07.1: PCI bridge to [bus c1]
[    2.884977] pci 0000:c0:07.1:   bridge window [mem 0xd4300000-0xd44fffff]
[    2.885070] pci 0000:c2:00.0: [1022:1455] type 00 class 0x130000
[    2.885187] pci 0000:c2:00.1: [1022:1468] type 00 class 0x108000
[    2.885205] pci 0000:c2:00.1: reg 0x18: [mem 0xd4100000-0xd41fffff]
[    2.885217] pci 0000:c2:00.1: reg 0x24: [mem 0xd4200000-0xd4201fff]
[    2.885333] pci 0000:c0:08.1: PCI bridge to [bus c2]
[    2.885339] pci 0000:c0:08.1:   bridge window [mem 0xd4100000-0xd42fffff]
[    2.885353] pci_bus 0000:c0: on NUMA node 6
[    2.885574] ACPI: PCI Root Bridge [S1D3] (domain 0000 [bus e0-ff])
[    2.885578] acpi PNP0A08:07: _OSC: OS supports [ExtendedConfig ASPM ClockPM Segments MSI]
[    2.885748] acpi PNP0A08:07: _OSC: OS now controls [PCIeHotplug PME AER PCIeCapability]
[    2.885915] PCI host bridge to bus 0000:e0
[    2.885917] pci_bus 0000:e0: root bus resource [bus e0-ff]
[    2.885919] pci_bus 0000:e0: root bus resource [mem 0xd3b00000-0xd3efffff window]
[    2.885921] pci_bus 0000:e0: root bus resource [mem 0x12000000000-0x13bffffffff window]
[    2.885927] pci 0000:e0:00.0: [1022:1450] type 00 class 0x060000
[    2.885996] pci 0000:e0:00.2: [1022:1451] type 00 class 0x080600
[    2.886091] pci 0000:e0:01.0: [1022:1452] type 00 class 0x060000
[    2.886170] pci 0000:e0:02.0: [1022:1452] type 00 class 0x060000
[    2.886251] pci 0000:e0:03.0: [1022:1452] type 00 class 0x060000
[    2.886336] pci 0000:e0:04.0: [1022:1452] type 00 class 0x060000
[    2.886420] pci 0000:e0:07.0: [1022:1452] type 00 class 0x060000
[    2.886485] pci 0000:e0:07.1: [1022:1454] type 01 class 0x060400
[    2.886614] pci 0000:e0:07.1: PME# supported from D0 D3hot D3cold
[    2.886657] pci 0000:e0:07.1: System wakeup disabled by ACPI
[    2.886702] pci 0000:e0:08.0: [1022:1452] type 00 class 0x060000
[    2.886766] pci 0000:e0:08.1: [1022:1454] type 01 class 0x060400
[    2.886891] pci 0000:e0:08.1: PME# supported from D0 D3hot D3cold
[    2.887566] pci 0000:e1:00.0: [1022:145a] type 00 class 0x130000
[    2.887681] pci 0000:e1:00.2: [1022:1456] type 00 class 0x108000
[    2.887699] pci 0000:e1:00.2: reg 0x18: [mem 0xd3d00000-0xd3dfffff]
[    2.887712] pci 0000:e1:00.2: reg 0x24: [mem 0xd3e00000-0xd3e01fff]
[    2.887819] pci 0000:e0:07.1: PCI bridge to [bus e1]
[    2.887825] pci 0000:e0:07.1:   bridge window [mem 0xd3d00000-0xd3efffff]
[    2.887919] pci 0000:e2:00.0: [1022:1455] type 00 class 0x130000
[    2.888042] pci 0000:e2:00.1: [1022:1468] type 00 class 0x108000
[    2.888061] pci 0000:e2:00.1: reg 0x18: [mem 0xd3b00000-0xd3bfffff]
[    2.888074] pci 0000:e2:00.1: reg 0x24: [mem 0xd3c00000-0xd3c01fff]
[    2.888187] pci 0000:e0:08.1: PCI bridge to [bus e2]
[    2.888193] pci 0000:e0:08.1:   bridge window [mem 0xd3b00000-0xd3cfffff]
[    2.888208] pci_bus 0000:e0: on NUMA node 7
[    2.888392] ACPI: PCI Interrupt Link [LNKA] (IRQs 4 5 7 10 *11 14 15)
[    2.888444] ACPI: PCI Interrupt Link [LNKB] (IRQs 4 *5 7 10 11 14 15)
[    2.888488] ACPI: PCI Interrupt Link [LNKC] (IRQs 4 *5 7 10 11 14 15)
[    2.888542] ACPI: PCI Interrupt Link [LNKD] (IRQs 4 5 7 10 11 14 15) *0
[    2.888591] ACPI: PCI Interrupt Link [LNKE] (IRQs 4 5 7 10 *11 14 15)
[    2.888632] ACPI: PCI Interrupt Link [LNKF] (IRQs 4 5 7 *10 11 14 15)
[    2.888673] ACPI: PCI Interrupt Link [LNKG] (IRQs 4 5 7 *10 11 14 15)
[    2.888712] ACPI: PCI Interrupt Link [LNKH] (IRQs 4 5 7 10 11 14 15) *0
[    2.888907] vgaarb: device added: PCI:0000:22:00.0,decodes=io+mem,owns=io+mem,locks=none
[    2.888918] vgaarb: loaded
[    2.888919] vgaarb: bridge control possible 0000:22:00.0
[    2.889055] SCSI subsystem initialized
[    2.889084] ACPI: bus type USB registered
[    2.889102] usbcore: registered new interface driver usbfs
[    2.889109] usbcore: registered new interface driver hub
[    2.889379] usbcore: registered new device driver usb
[    2.889767] EDAC MC: Ver: 3.0.0
[    2.890191] PCI: Using ACPI for IRQ routing
[    2.909512] PCI: pci_cache_line_size set to 64 bytes
[    2.909752] e820: reserve RAM buffer [mem 0x75db0000-0x77ffffff]
[    2.909754] e820: reserve RAM buffer [mem 0x9384b018-0x93ffffff]
[    2.909755] e820: reserve RAM buffer [mem 0x9387c018-0x93ffffff]
[    2.909757] e820: reserve RAM buffer [mem 0xc8de5000-0xcbffffff]
[    2.909758] e820: reserve RAM buffer [mem 0xca312000-0xcbffffff]
[    2.909760] e820: reserve RAM buffer [mem 0x202f380000-0x202fffffff]
[    2.909761] e820: reserve RAM buffer [mem 0x402ff80000-0x402fffffff]
[    2.909762] e820: reserve RAM buffer [mem 0x602ff80000-0x602fffffff]
[    2.909764] e820: reserve RAM buffer [mem 0x802ff80000-0x802fffffff]
[    2.909765] e820: reserve RAM buffer [mem 0xa02ff80000-0xa02fffffff]
[    2.909766] e820: reserve RAM buffer [mem 0xc02ff80000-0xc02fffffff]
[    2.909767] e820: reserve RAM buffer [mem 0xe02ff80000-0xe02fffffff]
[    2.909769] e820: reserve RAM buffer [mem 0x11ffff80000-0x11fffffffff]
[    2.909953] NetLabel: Initializing
[    2.909955] NetLabel:  domain hash size = 128
[    2.909956] NetLabel:  protocols = UNLABELED CIPSOv4
[    2.909974] NetLabel:  unlabeled traffic allowed by default
[    2.910020] hpet0: at MMIO 0xfed00000, IRQs 2, 8, 0
[    2.910023] hpet0: 3 comparators, 32-bit 14.318180 MHz counter
[    2.912283] Switched to clocksource hpet
[    2.917278] pnp: PnP ACPI init
[    2.917300] ACPI: bus type PNP registered
[    2.917545] system 00:00: [mem 0xe0000000-0xefffffff] has been reserved
[    2.917550] system 00:00: Plug and Play ACPI device, IDs PNP0c01 (active)
[    2.917724] pnp 00:01: Plug and Play ACPI device, IDs PNP0b00 (active)
[    2.917957] system 00:02: [io  0x04d0-0x04d1] has been reserved
[    2.917960] system 00:02: [io  0x040b] has been reserved
[    2.917962] system 00:02: [io  0x04d6] has been reserved
[    2.917964] system 00:02: [io  0x0c00-0x0c01] has been reserved
[    2.917966] system 00:02: [io  0x0c14] has been reserved
[    2.917968] system 00:02: [io  0x0c50-0x0c51] has been reserved
[    2.917970] system 00:02: [io  0x0c52] has been reserved
[    2.917972] system 00:02: [io  0x0c6c] has been reserved
[    2.917974] system 00:02: [io  0x0c6f] has been reserved
[    2.917976] system 00:02: [io  0x0cd0-0x0cd1] has been reserved
[    2.917978] system 00:02: [io  0x0cd2-0x0cd3] has been reserved
[    2.917980] system 00:02: [io  0x0cd4-0x0cd5] has been reserved
[    2.917981] system 00:02: [io  0x0cd6-0x0cd7] has been reserved
[    2.917983] system 00:02: [io  0x0cd8-0x0cdf] has been reserved
[    2.917985] system 00:02: [io  0x0800-0x089f] could not be reserved
[    2.917987] system 00:02: [io  0x0b00-0x0b0f] has been reserved
[    2.917989] system 00:02: [io  0x0b20-0x0b3f] has been reserved
[    2.917991] system 00:02: [io  0x0900-0x090f] has been reserved
[    2.917992] system 00:02: [io  0x0910-0x091f] has been reserved
[    2.917994] system 00:02: [io  0xfe00-0xfefe] has been reserved
[    2.917997] system 00:02: [mem 0xfec00000-0xfec00fff] could not be reserved
[    2.917999] system 00:02: [mem 0xfec01000-0xfec01fff] has been reserved
[    2.918001] system 00:02: [mem 0xfedc0000-0xfedc0fff] has been reserved
[    2.918003] system 00:02: [mem 0xfee00000-0xfee00fff] has been reserved
[    2.918005] system 00:02: [mem 0xfed80000-0xfed8ffff] could not be reserved
[    2.918007] system 00:02: [mem 0xfed61000-0xfed70fff] has been reserved
[    2.918011] system 00:02: [mem 0xfec10000-0xfec10fff] has been reserved
[    2.918013] system 00:02: [mem 0xff000000-0xffffffff] has been reserved
[    2.918015] system 00:02: Plug and Play ACPI device, IDs PNP0c02 (active)
[    2.918275] pnp 00:03: Plug and Play ACPI device, IDs PNP0501 (active)
[    2.918348] pnp 00:04: Plug and Play ACPI device, IDs PNP0501 (active)
[    2.919354] pnp: PnP ACPI: found 5 devices
[    2.919356] ACPI: bus type PNP unregistered
[    2.926469] pci 0000:00:07.1: PCI bridge to [bus 01]
[    2.926475] pci 0000:00:07.1:   bridge window [mem 0xdfb00000-0xdfdfffff]
[    2.926481] pci 0000:00:08.1: PCI bridge to [bus 02]
[    2.926485] pci 0000:00:08.1:   bridge window [mem 0xdfe00000-0xdfffffff]
[    2.926495] pci_bus 0000:00: resource 4 [io  0x0000-0x02e7 window]
[    2.926497] pci_bus 0000:00: resource 5 [io  0x0300-0x03af window]
[    2.926499] pci_bus 0000:00: resource 6 [io  0x0400-0x0cf7 window]
[    2.926501] pci_bus 0000:00: resource 7 [io  0x0d00-0x0fff window]
[    2.926503] pci_bus 0000:00: resource 8 [mem 0x000c0000-0x000dffff window]
[    2.926505] pci_bus 0000:00: resource 9 [mem 0xdfb00000-0xdfffffff window]
[    2.926507] pci_bus 0000:00: resource 10 [mem 0x1e400000000-0x1ffffffffff window]
[    2.926509] pci_bus 0000:01: resource 1 [mem 0xdfb00000-0xdfdfffff]
[    2.926511] pci_bus 0000:02: resource 1 [mem 0xdfe00000-0xdfffffff]
[    2.926550] pci 0000:21:00.0: PCI bridge to [bus 22]
[    2.926554] pci 0000:21:00.0:   bridge window [io  0x1000-0x1fff]
[    2.926562] pci 0000:21:00.0:   bridge window [mem 0xd8000000-0xdc0fffff]
[    2.926576] pci 0000:20:01.1: PCI bridge to [bus 21-22]
[    2.926579] pci 0000:20:01.1:   bridge window [io  0x1000-0x1fff]
[    2.926583] pci 0000:20:01.1:   bridge window [mem 0xd8000000-0xdc0fffff]
[    2.926592] pci 0000:20:07.1: PCI bridge to [bus 23]
[    2.926597] pci 0000:20:07.1:   bridge window [mem 0xdc200000-0xdc4fffff]
[    2.926606] pci 0000:20:08.1: PCI bridge to [bus 24]
[    2.926610] pci 0000:20:08.1:   bridge window [mem 0xdc500000-0xdc6fffff]
[    2.926619] pci_bus 0000:20: resource 4 [io  0x03b0-0x03df window]
[    2.926621] pci_bus 0000:20: resource 5 [io  0x1000-0x1fff window]
[    2.926623] pci_bus 0000:20: resource 6 [mem 0x000a0000-0x000bffff window]
[    2.926625] pci_bus 0000:20: resource 7 [mem 0xd8000000-0xdf9fffff window]
[    2.926627] pci_bus 0000:20: resource 8 [mem 0x1c800000000-0x1e3ffffffff window]
[    2.926629] pci_bus 0000:21: resource 0 [io  0x1000-0x1fff]
[    2.926630] pci_bus 0000:21: resource 1 [mem 0xd8000000-0xdc0fffff]
[    2.926632] pci_bus 0000:22: resource 0 [io  0x1000-0x1fff]
[    2.926634] pci_bus 0000:22: resource 1 [mem 0xd8000000-0xdc0fffff]
[    2.926636] pci_bus 0000:23: resource 1 [mem 0xdc200000-0xdc4fffff]
[    2.926638] pci_bus 0000:24: resource 1 [mem 0xdc500000-0xdc6fffff]
[    2.926647] pci 0000:40:03.1: bridge window [mem 0x00100000-0x000fffff 64bit pref] to [bus 41] add_size 200000 add_align 100000
[    2.926660] pci 0000:40:03.1: res[15]=[mem 0x00100000-0x000fffff 64bit pref] res_to_dev_res add_size 200000 min_align 100000
[    2.926662] pci 0000:40:03.1: res[15]=[mem 0x00100000-0x002fffff 64bit pref] res_to_dev_res add_size 200000 min_align 100000
[    2.926669] pci 0000:40:03.1: BAR 15: assigned [mem 0x1ac00000000-0x1ac001fffff 64bit pref]
[    2.926671] pci 0000:40:03.1: PCI bridge to [bus 41]
[    2.926673] pci 0000:40:03.1:   bridge window [io  0x2000-0x2fff]
[    2.926677] pci 0000:40:03.1:   bridge window [mem 0xd7d00000-0xd7dfffff]
[    2.926680] pci 0000:40:03.1:   bridge window [mem 0x1ac00000000-0x1ac001fffff 64bit pref]
[    2.926685] pci 0000:40:07.1: PCI bridge to [bus 42]
[    2.926688] pci 0000:40:07.1:   bridge window [mem 0xd7b00000-0xd7cfffff]
[    2.926694] pci 0000:40:08.1: PCI bridge to [bus 43]
[    2.926697] pci 0000:40:08.1:   bridge window [mem 0xd7900000-0xd7afffff]
[    2.926702] pci_bus 0000:40: resource 4 [io  0x2000-0x3fff window]
[    2.926704] pci_bus 0000:40: resource 5 [mem 0xd5900000-0xd7dfffff window]
[    2.926706] pci_bus 0000:40: resource 6 [mem 0x1ac00000000-0x1c7ffffffff window]
[    2.926708] pci_bus 0000:41: resource 0 [io  0x2000-0x2fff]
[    2.926710] pci_bus 0000:41: resource 1 [mem 0xd7d00000-0xd7dfffff]
[    2.926711] pci_bus 0000:41: resource 2 [mem 0x1ac00000000-0x1ac001fffff 64bit pref]
[    2.926713] pci_bus 0000:42: resource 1 [mem 0xd7b00000-0xd7cfffff]
[    2.926715] pci_bus 0000:43: resource 1 [mem 0xd7900000-0xd7afffff]
[    2.926726] pci 0000:60:07.1: PCI bridge to [bus 61]
[    2.926730] pci 0000:60:07.1:   bridge window [mem 0xd5500000-0xd56fffff]
[    2.926736] pci 0000:60:08.1: PCI bridge to [bus 62]
[    2.926740] pci 0000:60:08.1:   bridge window [mem 0xd5300000-0xd54fffff]
[    2.926745] pci_bus 0000:60: resource 4 [mem 0xd5300000-0xd56fffff window]
[    2.926747] pci_bus 0000:60: resource 5 [mem 0x19000000000-0x1abffffffff window]
[    2.926749] pci_bus 0000:61: resource 1 [mem 0xd5500000-0xd56fffff]
[    2.926751] pci_bus 0000:62: resource 1 [mem 0xd5300000-0xd54fffff]
[    2.926764] pci 0000:80:07.1: PCI bridge to [bus 81]
[    2.926769] pci 0000:80:07.1:   bridge window [mem 0xd4f00000-0xd50fffff]
[    2.926775] pci 0000:80:08.1: PCI bridge to [bus 82]
[    2.926779] pci 0000:80:08.1:   bridge window [mem 0xd4d00000-0xd4efffff]
[    2.926785] pci_bus 0000:80: resource 4 [mem 0xd4d00000-0xd50fffff window]
[    2.926787] pci_bus 0000:80: resource 5 [mem 0x17400000000-0x18fffffffff window]
[    2.926789] pci_bus 0000:81: resource 1 [mem 0xd4f00000-0xd50fffff]
[    2.926791] pci_bus 0000:82: resource 1 [mem 0xd4d00000-0xd4efffff]
[    2.926809] pci 0000:a0:07.1: PCI bridge to [bus a1]
[    2.926815] pci 0000:a0:07.1:   bridge window [mem 0xd4900000-0xd4afffff]
[    2.926825] pci 0000:a0:08.1: PCI bridge to [bus a2]
[    2.926830] pci 0000:a0:08.1:   bridge window [mem 0xd4700000-0xd48fffff]
[    2.926839] pci_bus 0000:a0: resource 4 [mem 0xd4700000-0xd4afffff window]
[    2.926840] pci_bus 0000:a0: resource 5 [mem 0x15800000000-0x173ffffffff window]
[    2.926842] pci_bus 0000:a1: resource 1 [mem 0xd4900000-0xd4afffff]
[    2.926844] pci_bus 0000:a2: resource 1 [mem 0xd4700000-0xd48fffff]
[    2.926864] pci 0000:c0:07.1: PCI bridge to [bus c1]
[    2.926870] pci 0000:c0:07.1:   bridge window [mem 0xd4300000-0xd44fffff]
[    2.926880] pci 0000:c0:08.1: PCI bridge to [bus c2]
[    2.926885] pci 0000:c0:08.1:   bridge window [mem 0xd4100000-0xd42fffff]
[    2.926894] pci_bus 0000:c0: resource 4 [mem 0xd4100000-0xd44fffff window]
[    2.926896] pci_bus 0000:c0: resource 5 [mem 0x13c00000000-0x157ffffffff window]
[    2.926899] pci_bus 0000:c1: resource 1 [mem 0xd4300000-0xd44fffff]
[    2.926900] pci_bus 0000:c2: resource 1 [mem 0xd4100000-0xd42fffff]
[    2.926920] pci 0000:e0:07.1: PCI bridge to [bus e1]
[    2.926926] pci 0000:e0:07.1:   bridge window [mem 0xd3d00000-0xd3efffff]
[    2.926935] pci 0000:e0:08.1: PCI bridge to [bus e2]
[    2.926940] pci 0000:e0:08.1:   bridge window [mem 0xd3b00000-0xd3cfffff]
[    2.926949] pci_bus 0000:e0: resource 4 [mem 0xd3b00000-0xd3efffff window]
[    2.926951] pci_bus 0000:e0: resource 5 [mem 0x12000000000-0x13bffffffff window]
[    2.926953] pci_bus 0000:e1: resource 1 [mem 0xd3d00000-0xd3efffff]
[    2.926955] pci_bus 0000:e2: resource 1 [mem 0xd3b00000-0xd3cfffff]
[    2.927056] NET: Registered protocol family 2
[    2.927780] TCP established hash table entries: 524288 (order: 10, 4194304 bytes)
[    2.928591] TCP bind hash table entries: 65536 (order: 8, 1048576 bytes)
[    2.928745] TCP: Hash tables configured (established 524288 bind 65536)
[    2.928763] TCP: reno registered
[    2.928864] UDP hash table entries: 65536 (order: 9, 2097152 bytes)
[    2.929276] UDP-Lite hash table entries: 65536 (order: 9, 2097152 bytes)
[    2.929789] NET: Registered protocol family 1
[    2.930133] pci 0000:22:00.0: Boot video device
[    2.930408] PCI: CLS 64 bytes, default 64
[    2.930486] Unpacking initramfs...
[    3.313874] Freeing initrd memory: 27764k freed
[    3.317669] AMD-Vi: IOMMU performance counters supported
[    3.317772] AMD-Vi: IOMMU performance counters supported
[    3.317811] AMD-Vi: IOMMU performance counters supported
[    3.317853] AMD-Vi: IOMMU performance counters supported
[    3.317899] AMD-Vi: IOMMU performance counters supported
[    3.317949] AMD-Vi: IOMMU performance counters supported
[    3.317995] AMD-Vi: IOMMU performance counters supported
[    3.318047] AMD-Vi: IOMMU performance counters supported
[    3.319124] iommu: Adding device 0000:00:01.0 to group 0
[    3.319692] iommu: Adding device 0000:00:02.0 to group 1
[    3.320173] iommu: Adding device 0000:00:03.0 to group 2
[    3.320667] iommu: Adding device 0000:00:04.0 to group 3
[    3.321172] iommu: Adding device 0000:00:07.0 to group 4
[    3.321746] iommu: Adding device 0000:00:07.1 to group 5
[    3.322259] iommu: Adding device 0000:00:08.0 to group 6
[    3.322727] iommu: Adding device 0000:00:08.1 to group 7
[    3.323223] iommu: Adding device 0000:00:14.0 to group 8
[    3.323265] iommu: Adding device 0000:00:14.3 to group 8
[    3.323871] iommu: Adding device 0000:00:18.0 to group 9
[    3.323901] iommu: Adding device 0000:00:18.1 to group 9
[    3.323928] iommu: Adding device 0000:00:18.2 to group 9
[    3.323956] iommu: Adding device 0000:00:18.3 to group 9
[    3.323984] iommu: Adding device 0000:00:18.4 to group 9
[    3.324011] iommu: Adding device 0000:00:18.5 to group 9
[    3.324041] iommu: Adding device 0000:00:18.6 to group 9
[    3.324069] iommu: Adding device 0000:00:18.7 to group 9
[    3.324724] iommu: Adding device 0000:00:19.0 to group 10
[    3.324753] iommu: Adding device 0000:00:19.1 to group 10
[    3.324781] iommu: Adding device 0000:00:19.2 to group 10
[    3.324810] iommu: Adding device 0000:00:19.3 to group 10
[    3.324837] iommu: Adding device 0000:00:19.4 to group 10
[    3.324864] iommu: Adding device 0000:00:19.5 to group 10
[    3.324898] iommu: Adding device 0000:00:19.6 to group 10
[    3.324926] iommu: Adding device 0000:00:19.7 to group 10
[    3.325546] iommu: Adding device 0000:00:1a.0 to group 11
[    3.325577] iommu: Adding device 0000:00:1a.1 to group 11
[    3.325606] iommu: Adding device 0000:00:1a.2 to group 11
[    3.325635] iommu: Adding device 0000:00:1a.3 to group 11
[    3.325663] iommu: Adding device 0000:00:1a.4 to group 11
[    3.325692] iommu: Adding device 0000:00:1a.5 to group 11
[    3.325723] iommu: Adding device 0000:00:1a.6 to group 11
[    3.325751] iommu: Adding device 0000:00:1a.7 to group 11
[    3.326383] iommu: Adding device 0000:00:1b.0 to group 12
[    3.326415] iommu: Adding device 0000:00:1b.1 to group 12
[    3.326444] iommu: Adding device 0000:00:1b.2 to group 12
[    3.326473] iommu: Adding device 0000:00:1b.3 to group 12
[    3.326503] iommu: Adding device 0000:00:1b.4 to group 12
[    3.326533] iommu: Adding device 0000:00:1b.5 to group 12
[    3.326563] iommu: Adding device 0000:00:1b.6 to group 12
[    3.326593] iommu: Adding device 0000:00:1b.7 to group 12
[    3.327221] iommu: Adding device 0000:00:1c.0 to group 13
[    3.327266] iommu: Adding device 0000:00:1c.1 to group 13
[    3.327297] iommu: Adding device 0000:00:1c.2 to group 13
[    3.327328] iommu: Adding device 0000:00:1c.3 to group 13
[    3.327361] iommu: Adding device 0000:00:1c.4 to group 13
[    3.327392] iommu: Adding device 0000:00:1c.5 to group 13
[    3.327425] iommu: Adding device 0000:00:1c.6 to group 13
[    3.327459] iommu: Adding device 0000:00:1c.7 to group 13
[    3.328058] iommu: Adding device 0000:00:1d.0 to group 14
[    3.328090] iommu: Adding device 0000:00:1d.1 to group 14
[    3.328123] iommu: Adding device 0000:00:1d.2 to group 14
[    3.328159] iommu: Adding device 0000:00:1d.3 to group 14
[    3.328190] iommu: Adding device 0000:00:1d.4 to group 14
[    3.328221] iommu: Adding device 0000:00:1d.5 to group 14
[    3.328266] iommu: Adding device 0000:00:1d.6 to group 14
[    3.328297] iommu: Adding device 0000:00:1d.7 to group 14
[    3.328914] iommu: Adding device 0000:00:1e.0 to group 15
[    3.328948] iommu: Adding device 0000:00:1e.1 to group 15
[    3.328980] iommu: Adding device 0000:00:1e.2 to group 15
[    3.329013] iommu: Adding device 0000:00:1e.3 to group 15
[    3.329046] iommu: Adding device 0000:00:1e.4 to group 15
[    3.329079] iommu: Adding device 0000:00:1e.5 to group 15
[    3.329112] iommu: Adding device 0000:00:1e.6 to group 15
[    3.329147] iommu: Adding device 0000:00:1e.7 to group 15
[    3.329786] iommu: Adding device 0000:00:1f.0 to group 16
[    3.329820] iommu: Adding device 0000:00:1f.1 to group 16
[    3.329854] iommu: Adding device 0000:00:1f.2 to group 16
[    3.329887] iommu: Adding device 0000:00:1f.3 to group 16
[    3.329920] iommu: Adding device 0000:00:1f.4 to group 16
[    3.329953] iommu: Adding device 0000:00:1f.5 to group 16
[    3.329988] iommu: Adding device 0000:00:1f.6 to group 16
[    3.330021] iommu: Adding device 0000:00:1f.7 to group 16
[    3.330522] iommu: Adding device 0000:01:00.0 to group 17
[    3.331004] iommu: Adding device 0000:01:00.2 to group 18
[    3.331503] iommu: Adding device 0000:01:00.3 to group 19
[    3.332009] iommu: Adding device 0000:02:00.0 to group 20
[    3.332493] iommu: Adding device 0000:02:00.1 to group 21
[    3.332979] iommu: Adding device 0000:20:01.0 to group 22
[    3.333478] iommu: Adding device 0000:20:01.1 to group 23
[    3.333971] iommu: Adding device 0000:20:02.0 to group 24
[    3.334457] iommu: Adding device 0000:20:03.0 to group 25
[    3.334945] iommu: Adding device 0000:20:04.0 to group 26
[    3.335417] iommu: Adding device 0000:20:07.0 to group 27
[    3.335826] iommu: Adding device 0000:20:07.1 to group 28
[    3.336289] iommu: Adding device 0000:20:08.0 to group 29
[    3.336711] iommu: Adding device 0000:20:08.1 to group 30
[    3.337135] iommu: Adding device 0000:21:00.0 to group 31
[    3.337147] iommu: Adding device 0000:22:00.0 to group 31
[    3.337579] iommu: Adding device 0000:23:00.0 to group 32
[    3.338012] iommu: Adding device 0000:23:00.2 to group 33
[    3.338432] iommu: Adding device 0000:23:00.3 to group 34
[    3.338849] iommu: Adding device 0000:24:00.0 to group 35
[    3.339297] iommu: Adding device 0000:24:00.1 to group 36
[    3.339799] iommu: Adding device 0000:40:01.0 to group 37
[    3.340232] iommu: Adding device 0000:40:02.0 to group 38
[    3.340679] iommu: Adding device 0000:40:03.0 to group 39
[    3.341096] iommu: Adding device 0000:40:03.1 to group 40
[    3.341532] iommu: Adding device 0000:40:04.0 to group 41
[    3.341956] iommu: Adding device 0000:40:07.0 to group 42
[    3.342396] iommu: Adding device 0000:40:07.1 to group 43
[    3.342840] iommu: Adding device 0000:40:08.0 to group 44
[    3.343293] iommu: Adding device 0000:40:08.1 to group 45
[    3.343728] iommu: Adding device 0000:41:00.0 to group 46
[    3.344153] iommu: Adding device 0000:42:00.0 to group 47
[    3.344575] iommu: Adding device 0000:42:00.2 to group 48
[    3.345010] iommu: Adding device 0000:43:00.0 to group 49
[    3.345440] iommu: Adding device 0000:43:00.1 to group 50
[    3.345882] iommu: Adding device 0000:60:01.0 to group 51
[    3.346326] iommu: Adding device 0000:60:02.0 to group 52
[    3.346777] iommu: Adding device 0000:60:03.0 to group 53
