[    0.000000] Initializing cgroup subsys cpuset
[    0.000000] Initializing cgroup subsys cpu
[    0.000000] Initializing cgroup subsys cpuacct
[    0.000000] Linux version 3.10.0-862.9.1.el7.x86_64 (mockbuild@x86-017.build.eng.bos.redhat.com) (gcc version 4.8.5 20150623 (Red Hat 4.8.5-28) (GCC) ) #1 SMP Wed Jun 27 04:30:39 EDT 2018
[    0.000000] Command line: BOOT_IMAGE=/boot/vmlinuz-3.10.0-862.9.1.el7.x86_64 root=UUID=62ac631c-9f7f-43ab-8c6a-a31f8cb22707 ro crashkernel=auto rhgb quiet LANG=en_US.UTF-8
[    0.000000] e820: BIOS-provided physical RAM map:
[    0.000000] BIOS-e820: [mem 0x0000000000000000-0x000000000009ffff] usable
[    0.000000] BIOS-e820: [mem 0x00000000000a0000-0x00000000000fffff] reserved
[    0.000000] BIOS-e820: [mem 0x0000000000100000-0x0000000075daffff] usable
[    0.000000] BIOS-e820: [mem 0x0000000075db0000-0x0000000075ffffff] reserved
[    0.000000] BIOS-e820: [mem 0x0000000076000000-0x00000000c8de4fff] usable
[    0.000000] BIOS-e820: [mem 0x00000000c8de5000-0x00000000ca252fff] reserved
[    0.000000] BIOS-e820: [mem 0x00000000ca253000-0x00000000ca310fff] usable
[    0.000000] BIOS-e820: [mem 0x00000000ca311000-0x00000000ca67ffff] ACPI NVS
[    0.000000] BIOS-e820: [mem 0x00000000ca680000-0x00000000cae6cfff] reserved
[    0.000000] BIOS-e820: [mem 0x00000000cae6d000-0x00000000cbffffff] usable
[    0.000000] BIOS-e820: [mem 0x00000000cc000000-0x00000000cfffffff] reserved
[    0.000000] BIOS-e820: [mem 0x00000000d3900000-0x00000000d3a7ffff] reserved
[    0.000000] BIOS-e820: [mem 0x00000000d3af0000-0x00000000d3af0fff] reserved
[    0.000000] BIOS-e820: [mem 0x00000000d3f00000-0x00000000d407ffff] reserved
[    0.000000] BIOS-e820: [mem 0x00000000d40f0000-0x00000000d40f0fff] reserved
[    0.000000] BIOS-e820: [mem 0x00000000d4500000-0x00000000d467ffff] reserved
[    0.000000] BIOS-e820: [mem 0x00000000d46f0000-0x00000000d46f0fff] reserved
[    0.000000] BIOS-e820: [mem 0x00000000d4b00000-0x00000000d4c7ffff] reserved
[    0.000000] BIOS-e820: [mem 0x00000000d4cf0000-0x00000000d4cf0fff] reserved
[    0.000000] BIOS-e820: [mem 0x00000000d5100000-0x00000000d527ffff] reserved
[    0.000000] BIOS-e820: [mem 0x00000000d52f0000-0x00000000d52f0fff] reserved
[    0.000000] BIOS-e820: [mem 0x00000000d5700000-0x00000000d587ffff] reserved
[    0.000000] BIOS-e820: [mem 0x00000000d58f0000-0x00000000d58f0fff] reserved
[    0.000000] BIOS-e820: [mem 0x00000000d7e00000-0x00000000d7f7ffff] reserved
[    0.000000] BIOS-e820: [mem 0x00000000d7ff0000-0x00000000d7ff0fff] reserved
[    0.000000] BIOS-e820: [mem 0x00000000dfa00000-0x00000000dfa7ffff] reserved
[    0.000000] BIOS-e820: [mem 0x00000000dfaf0000-0x00000000dfaf0fff] reserved
[    0.000000] BIOS-e820: [mem 0x00000000fea00000-0x00000000feafffff] reserved
[    0.000000] BIOS-e820: [mem 0x00000000fec00000-0x00000000fec00fff] reserved
[    0.000000] BIOS-e820: [mem 0x00000000fec10000-0x00000000fec10fff] reserved
[    0.000000] BIOS-e820: [mem 0x00000000fed00000-0x00000000fed00fff] reserved
[    0.000000] BIOS-e820: [mem 0x00000000fed40000-0x00000000fed44fff] reserved
[    0.000000] BIOS-e820: [mem 0x00000000fed80000-0x00000000fed8ffff] reserved
[    0.000000] BIOS-e820: [mem 0x00000000fedc0000-0x00000000fedc0fff] reserved
[    0.000000] BIOS-e820: [mem 0x00000000fedc2000-0x00000000fedc5fff] reserved
[    0.000000] BIOS-e820: [mem 0x00000000fedc7000-0x00000000fedc7fff] reserved
[    0.000000] BIOS-e820: [mem 0x00000000fedc9000-0x00000000fedcafff] reserved
[    0.000000] BIOS-e820: [mem 0x00000000fee00000-0x00000000feefffff] reserved
[    0.000000] BIOS-e820: [mem 0x00000000ff000000-0x00000000ffffffff] reserved
[    0.000000] BIOS-e820: [mem 0x0000000100000000-0x000000082f37ffff] usable
[    0.000000] BIOS-e820: [mem 0x000000082f380000-0x000000082fffffff] reserved
[    0.000000] BIOS-e820: [mem 0x0000000830000000-0x000000102ff7ffff] usable
[    0.000000] BIOS-e820: [mem 0x000000102ff80000-0x000000102fffffff] reserved
[    0.000000] BIOS-e820: [mem 0x0000001030000000-0x000000182ff7ffff] usable
[    0.000000] BIOS-e820: [mem 0x000000182ff80000-0x000000182fffffff] reserved
[    0.000000] BIOS-e820: [mem 0x0000001830000000-0x000000202ff7ffff] usable
[    0.000000] BIOS-e820: [mem 0x000000202ff80000-0x000000202fffffff] reserved
[    0.000000] BIOS-e820: [mem 0x0000002030000000-0x000000282ff7ffff] usable
[    0.000000] BIOS-e820: [mem 0x000000282ff80000-0x000000282fffffff] reserved
[    0.000000] BIOS-e820: [mem 0x0000002830000000-0x000000302ff7ffff] usable
[    0.000000] BIOS-e820: [mem 0x000000302ff80000-0x000000302fffffff] reserved
[    0.000000] BIOS-e820: [mem 0x0000003030000000-0x000000382ff7ffff] usable
[    0.000000] BIOS-e820: [mem 0x000000382ff80000-0x000000382fffffff] reserved
[    0.000000] BIOS-e820: [mem 0x0000003830000000-0x000000402ff7ffff] usable
[    0.000000] BIOS-e820: [mem 0x000000402ff80000-0x000000402fffffff] reserved
[    0.000000] NX (Execute Disable) protection: active
[    0.000000] e820: update [mem 0x9387c018-0x9388c857] usable ==> usable
[    0.000000] e820: update [mem 0x9384b018-0x9387b457] usable ==> usable
[    0.000000] extended physical RAM map:
[    0.000000] reserve setup_data: [mem 0x0000000000000000-0x000000000009ffff] usable
[    0.000000] reserve setup_data: [mem 0x00000000000a0000-0x00000000000fffff] reserved
[    0.000000] reserve setup_data: [mem 0x0000000000100000-0x0000000075daffff] usable
[    0.000000] reserve setup_data: [mem 0x0000000075db0000-0x0000000075ffffff] reserved
[    0.000000] reserve setup_data: [mem 0x0000000076000000-0x000000009384b017] usable
[    0.000000] reserve setup_data: [mem 0x000000009384b018-0x000000009387b457] usable
[    0.000000] reserve setup_data: [mem 0x000000009387b458-0x000000009387c017] usable
[    0.000000] reserve setup_data: [mem 0x000000009387c018-0x000000009388c857] usable
[    0.000000] reserve setup_data: [mem 0x000000009388c858-0x00000000c8de4fff] usable
[    0.000000] reserve setup_data: [mem 0x00000000c8de5000-0x00000000ca252fff] reserved
[    0.000000] reserve setup_data: [mem 0x00000000ca253000-0x00000000ca310fff] usable
[    0.000000] reserve setup_data: [mem 0x00000000ca311000-0x00000000ca67ffff] ACPI NVS
[    0.000000] reserve setup_data: [mem 0x00000000ca680000-0x00000000cae6cfff] reserved
[    0.000000] reserve setup_data: [mem 0x00000000cae6d000-0x00000000cbffffff] usable
[    0.000000] reserve setup_data: [mem 0x00000000cc000000-0x00000000cfffffff] reserved
[    0.000000] reserve setup_data: [mem 0x00000000d3900000-0x00000000d3a7ffff] reserved
[    0.000000] reserve setup_data: [mem 0x00000000d3af0000-0x00000000d3af0fff] reserved
[    0.000000] reserve setup_data: [mem 0x00000000d3f00000-0x00000000d407ffff] reserved
[    0.000000] reserve setup_data: [mem 0x00000000d40f0000-0x00000000d40f0fff] reserved
[    0.000000] reserve setup_data: [mem 0x00000000d4500000-0x00000000d467ffff] reserved
[    0.000000] reserve setup_data: [mem 0x00000000d46f0000-0x00000000d46f0fff] reserved
[    0.000000] reserve setup_data: [mem 0x00000000d4b00000-0x00000000d4c7ffff] reserved
[    0.000000] reserve setup_data: [mem 0x00000000d4cf0000-0x00000000d4cf0fff] reserved
[    0.000000] reserve setup_data: [mem 0x00000000d5100000-0x00000000d527ffff] reserved
[    0.000000] reserve setup_data: [mem 0x00000000d52f0000-0x00000000d52f0fff] reserved
[    0.000000] reserve setup_data: [mem 0x00000000d5700000-0x00000000d587ffff] reserved
[    0.000000] reserve setup_data: [mem 0x00000000d58f0000-0x00000000d58f0fff] reserved
[    0.000000] reserve setup_data: [mem 0x00000000d7e00000-0x00000000d7f7ffff] reserved
[    0.000000] reserve setup_data: [mem 0x00000000d7ff0000-0x00000000d7ff0fff] reserved
[    0.000000] reserve setup_data: [mem 0x00000000dfa00000-0x00000000dfa7ffff] reserved
[    0.000000] reserve setup_data: [mem 0x00000000dfaf0000-0x00000000dfaf0fff] reserved
[    0.000000] reserve setup_data: [mem 0x00000000fea00000-0x00000000feafffff] reserved
[    0.000000] reserve setup_data: [mem 0x00000000fec00000-0x00000000fec00fff] reserved
[    0.000000] reserve setup_data: [mem 0x00000000fec10000-0x00000000fec10fff] reserved
[    0.000000] reserve setup_data: [mem 0x00000000fed00000-0x00000000fed00fff] reserved
[    0.000000] reserve setup_data: [mem 0x00000000fed40000-0x00000000fed44fff] reserved
[    0.000000] reserve setup_data: [mem 0x00000000fed80000-0x00000000fed8ffff] reserved
[    0.000000] reserve setup_data: [mem 0x00000000fedc0000-0x00000000fedc0fff] reserved
[    0.000000] reserve setup_data: [mem 0x00000000fedc2000-0x00000000fedc5fff] reserved
[    0.000000] reserve setup_data: [mem 0x00000000fedc7000-0x00000000fedc7fff] reserved
[    0.000000] reserve setup_data: [mem 0x00000000fedc9000-0x00000000fedcafff] reserved
[    0.000000] reserve setup_data: [mem 0x00000000fee00000-0x00000000feefffff] reserved
[    0.000000] reserve setup_data: [mem 0x00000000ff000000-0x00000000ffffffff] reserved
[    0.000000] reserve setup_data: [mem 0x0000000100000000-0x000000082f37ffff] usable
[    0.000000] reserve setup_data: [mem 0x000000082f380000-0x000000082fffffff] reserved
[    0.000000] reserve setup_data: [mem 0x0000000830000000-0x000000102ff7ffff] usable
[    0.000000] reserve setup_data: [mem 0x000000102ff80000-0x000000102fffffff] reserved
[    0.000000] reserve setup_data: [mem 0x0000001030000000-0x000000182ff7ffff] usable
[    0.000000] reserve setup_data: [mem 0x000000182ff80000-0x000000182fffffff] reserved
[    0.000000] reserve setup_data: [mem 0x0000001830000000-0x000000202ff7ffff] usable
[    0.000000] reserve setup_data: [mem 0x000000202ff80000-0x000000202fffffff] reserved
[    0.000000] reserve setup_data: [mem 0x0000002030000000-0x000000282ff7ffff] usable
[    0.000000] reserve setup_data: [mem 0x000000282ff80000-0x000000282fffffff] reserved
[    0.000000] reserve setup_data: [mem 0x0000002830000000-0x000000302ff7ffff] usable
[    0.000000] reserve setup_data: [mem 0x000000302ff80000-0x000000302fffffff] reserved
[    0.000000] reserve setup_data: [mem 0x0000003030000000-0x000000382ff7ffff] usable
[    0.000000] reserve setup_data: [mem 0x000000382ff80000-0x000000382fffffff] reserved
[    0.000000] reserve setup_data: [mem 0x0000003830000000-0x000000402ff7ffff] usable
[    0.000000] reserve setup_data: [mem 0x000000402ff80000-0x000000402fffffff] reserved
[    0.000000] efi: EFI v2.60 by American Megatrends
[    0.000000] efi:  ACPI 2.0=0xca311000  ACPI=0xca311000  SMBIOS=0xcacee000  SMBIOS 3.0=0xcaced000  MPS=0xfca90  ESRT=0xc5b29b18 
[    0.000000] efi: mem00: type=3, attr=0xf, range=[0x0000000000000000-0x0000000000008000) (0MB)
[    0.000000] efi: mem01: type=2, attr=0xf, range=[0x0000000000008000-0x0000000000009000) (0MB)
[    0.000000] efi: mem02: type=7, attr=0xf, range=[0x0000000000009000-0x000000000003f000) (0MB)
[    0.000000] efi: mem03: type=4, attr=0xf, range=[0x000000000003f000-0x0000000000040000) (0MB)
[    0.000000] efi: mem04: type=3, attr=0xf, range=[0x0000000000040000-0x00000000000a0000) (0MB)
[    0.000000] efi: mem05: type=7, attr=0xf, range=[0x0000000000100000-0x0000000001000000) (15MB)
[    0.000000] efi: mem06: type=4, attr=0xf, range=[0x0000000001000000-0x0000000001020000) (0MB)
[    0.000000] efi: mem07: type=7, attr=0xf, range=[0x0000000001020000-0x0000000001200000) (1MB)
[    0.000000] efi: mem08: type=2, attr=0xf, range=[0x0000000001200000-0x0000000002856000) (22MB)
[    0.000000] efi: mem09: type=7, attr=0xf, range=[0x0000000002856000-0x0000000030000000) (727MB)
[    0.000000] efi: mem10: type=4, attr=0xf, range=[0x0000000030000000-0x0000000030076000) (0MB)
[    0.000000] efi: mem11: type=7, attr=0xf, range=[0x0000000030076000-0x000000003ce8b000) (206MB)
[    0.000000] efi: mem12: type=2, attr=0xf, range=[0x000000003ce8b000-0x0000000040000000) (49MB)
[    0.000000] efi: mem13: type=7, attr=0xf, range=[0x0000000040000000-0x0000000075db0000) (861MB)
[    0.000000] efi: mem14: type=0, attr=0xf, range=[0x0000000075db0000-0x0000000076000000) (2MB)
[    0.000000] efi: mem15: type=7, attr=0xf, range=[0x0000000076000000-0x000000009384b000) (472MB)
[    0.000000] efi: mem16: type=2, attr=0xf, range=[0x000000009384b000-0x00000000c4b22000) (786MB)
[    0.000000] efi: mem17: type=7, attr=0xf, range=[0x00000000c4b22000-0x00000000c4b27000) (0MB)
[    0.000000] efi: mem18: type=2, attr=0xf, range=[0x00000000c4b27000-0x00000000c4b28000) (0MB)
[    0.000000] efi: mem19: type=1, attr=0xf, range=[0x00000000c4b28000-0x00000000c4c28000) (1MB)
[    0.000000] efi: mem20: type=2, attr=0xf, range=[0x00000000c4c28000-0x00000000c4d2a000) (1MB)
[    0.000000] efi: mem21: type=1, attr=0xf, range=[0x00000000c4d2a000-0x00000000c4e4a000) (1MB)
[    0.000000] efi: mem22: type=4, attr=0xf, range=[0x00000000c4e4a000-0x00000000c87e5000) (57MB)
[    0.000000] efi: mem23: type=7, attr=0xf, range=[0x00000000c87e5000-0x00000000c8a40000) (2MB)
[    0.000000] efi: mem24: type=3, attr=0xf, range=[0x00000000c8a40000-0x00000000c8de5000) (3MB)
[    0.000000] efi: mem25: type=0, attr=0xf, range=[0x00000000c8de5000-0x00000000ca253000) (20MB)
[    0.000000] efi: mem26: type=7, attr=0xf, range=[0x00000000ca253000-0x00000000ca311000) (0MB)
[    0.000000] efi: mem27: type=10, attr=0xf, range=[0x00000000ca311000-0x00000000ca680000) (3MB)
[    0.000000] efi: mem28: type=6, attr=0x800000000000000f, range=[0x00000000ca680000-0x00000000cad9a000) (7MB)
[    0.000000] efi: mem29: type=5, attr=0x800000000000000f, range=[0x00000000cad9a000-0x00000000cae6d000) (0MB)
[    0.000000] efi: mem30: type=4, attr=0xf, range=[0x00000000cae6d000-0x00000000cc000000) (17MB)
[    0.000000] efi: mem31: type=7, attr=0xf, range=[0x0000000100000000-0x000000082f380000) (29427MB)
[    0.000000] efi: mem32: type=7, attr=0xf, range=[0x0000000830000000-0x000000102ff80000) (32767MB)
[    0.000000] efi: mem33: type=7, attr=0xf, range=[0x0000001030000000-0x000000182ff80000) (32767MB)
[    0.000000] efi: mem34: type=7, attr=0xf, range=[0x0000001830000000-0x000000202ff80000) (32767MB)
[    0.000000] efi: mem35: type=7, attr=0xf, range=[0x0000002030000000-0x000000282ff80000) (32767MB)
[    0.000000] efi: mem36: type=7, attr=0xf, range=[0x0000002830000000-0x000000302ff80000) (32767MB)
[    0.000000] efi: mem37: type=7, attr=0xf, range=[0x0000003030000000-0x000000382ff80000) (32767MB)
[    0.000000] efi: mem38: type=7, attr=0xf, range=[0x0000003830000000-0x000000402ff80000) (32767MB)
[    0.000000] efi: mem39: type=0, attr=0xf, range=[0x00000000000a0000-0x0000000000100000) (0MB)
[    0.000000] efi: mem40: type=0, attr=0xf, range=[0x00000000cc000000-0x00000000d0000000) (64MB)
[    0.000000] efi: mem41: type=11, attr=0x800000000000100f, range=[0x00000000d3900000-0x00000000d3a80000) (1MB)
[    0.000000] efi: mem42: type=11, attr=0x800000000000100f, range=[0x00000000d3af0000-0x00000000d3af1000) (0MB)
[    0.000000] efi: mem43: type=11, attr=0x800000000000100f, range=[0x00000000d3f00000-0x00000000d4080000) (1MB)
[    0.000000] efi: mem44: type=11, attr=0x800000000000100f, range=[0x00000000d40f0000-0x00000000d40f1000) (0MB)
[    0.000000] efi: mem45: type=11, attr=0x800000000000100f, range=[0x00000000d4500000-0x00000000d4680000) (1MB)
[    0.000000] efi: mem46: type=11, attr=0x800000000000100f, range=[0x00000000d46f0000-0x00000000d46f1000) (0MB)
[    0.000000] efi: mem47: type=11, attr=0x800000000000100f, range=[0x00000000d4b00000-0x00000000d4c80000) (1MB)
[    0.000000] efi: mem48: type=11, attr=0x800000000000100f, range=[0x00000000d4cf0000-0x00000000d4cf1000) (0MB)
[    0.000000] efi: mem49: type=11, attr=0x800000000000100f, range=[0x00000000d5100000-0x00000000d5280000) (1MB)
[    0.000000] efi: mem50: type=11, attr=0x800000000000100f, range=[0x00000000d52f0000-0x00000000d52f1000) (0MB)
[    0.000000] efi: mem51: type=11, attr=0x800000000000100f, range=[0x00000000d5700000-0x00000000d5880000) (1MB)
[    0.000000] efi: mem52: type=11, attr=0x800000000000100f, range=[0x00000000d58f0000-0x00000000d58f1000) (0MB)
[    0.000000] efi: mem53: type=11, attr=0x800000000000100f, range=[0x00000000d7e00000-0x00000000d7f80000) (1MB)
[    0.000000] efi: mem54: type=11, attr=0x800000000000100f, range=[0x00000000d7ff0000-0x00000000d7ff1000) (0MB)
[    0.000000] efi: mem55: type=11, attr=0x800000000000100f, range=[0x00000000dfa00000-0x00000000dfa80000) (0MB)
[    0.000000] efi: mem56: type=11, attr=0x800000000000100f, range=[0x00000000dfaf0000-0x00000000dfaf1000) (0MB)
[    0.000000] efi: mem57: type=11, attr=0x800000000000100d, range=[0x00000000fea00000-0x00000000feb00000) (1MB)
[    0.000000] efi: mem58: type=11, attr=0x800000000000100d, range=[0x00000000fec00000-0x00000000fec01000) (0MB)
[    0.000000] efi: mem59: type=11, attr=0x800000000000100d, range=[0x00000000fec10000-0x00000000fec11000) (0MB)
[    0.000000] efi: mem60: type=11, attr=0x800000000000100d, range=[0x00000000fed00000-0x00000000fed01000) (0MB)
[    0.000000] efi: mem61: type=11, attr=0x800000000000100d, range=[0x00000000fed40000-0x00000000fed45000) (0MB)
[    0.000000] efi: mem62: type=11, attr=0x800000000000100d, range=[0x00000000fed80000-0x00000000fed90000) (0MB)
[    0.000000] efi: mem63: type=11, attr=0x800000000000100d, range=[0x00000000fedc0000-0x00000000fedc1000) (0MB)
[    0.000000] efi: mem64: type=11, attr=0x800000000000100d, range=[0x00000000fedc2000-0x00000000fedc6000) (0MB)
[    0.000000] efi: mem65: type=11, attr=0x800000000000100d, range=[0x00000000fedc7000-0x00000000fedc8000) (0MB)
[    0.000000] efi: mem66: type=11, attr=0x800000000000100d, range=[0x00000000fedc9000-0x00000000fedcb000) (0MB)
[    0.000000] efi: mem67: type=11, attr=0x800000000000100d, range=[0x00000000fee00000-0x00000000fef00000) (1MB)
[    0.000000] efi: mem68: type=11, attr=0x800000000000100d, range=[0x00000000ff000000-0x0000000100000000) (16MB)
[    0.000000] efi: mem69: type=0, attr=0xf, range=[0x000000082f380000-0x0000000830000000) (12MB)
[    0.000000] efi: mem70: type=0, attr=0xf, range=[0x000000102ff80000-0x0000001030000000) (0MB)
[    0.000000] efi: mem71: type=0, attr=0xf, range=[0x000000182ff80000-0x0000001830000000) (0MB)
[    0.000000] efi: mem72: type=0, attr=0xf, range=[0x000000202ff80000-0x0000002030000000) (0MB)
[    0.000000] efi: mem73: type=0, attr=0xf, range=[0x000000282ff80000-0x0000002830000000) (0MB)
[    0.000000] efi: mem74: type=0, attr=0xf, range=[0x000000302ff80000-0x0000003030000000) (0MB)
[    0.000000] efi: mem75: type=0, attr=0xf, range=[0x000000382ff80000-0x0000003830000000) (0MB)
[    0.000000] efi: mem76: type=0, attr=0xf, range=[0x000000402ff80000-0x0000004030000000) (0MB)
[    0.000000] esrt: Reserving ESRT space from 0x00000000c5b29b18 to 0x00000000c5b29b50.
[    0.000000] SMBIOS 3.1.1 present.
[    0.000000] e820: update [mem 0x00000000-0x00000fff] usable ==> reserved
[    0.000000] e820: remove [mem 0x000a0000-0x000fffff] usable
[    0.000000] e820: last_pfn = 0x402ff80 max_arch_pfn = 0x400000000
[    0.000000] MTRR default type: uncachable
[    0.000000] MTRR fixed ranges enabled:
[    0.000000]   00000-9FFFF write-back
[    0.000000]   A0000-BFFFF write-through
[    0.000000]   C0000-FFFFF write-protect
[    0.000000] MTRR variable ranges enabled:
[    0.000000]   0 base 000000000000 mask FFFF80000000 write-back
[    0.000000]   1 base 000080000000 mask FFFFC0000000 write-back
[    0.000000]   2 base 0000C0000000 mask FFFFF0000000 write-back
[    0.000000]   3 base 0000CC000000 mask FFFFFC000000 uncachable
[    0.000000]   4 disabled
[    0.000000]   5 disabled
[    0.000000]   6 disabled
[    0.000000]   7 disabled
[    0.000000] TOM2: 0000004030000000 aka 262912M
[    0.000000] PAT configuration [0-7]: WB  WC  UC- UC  WB  WP  UC- UC  
[    0.000000] original variable MTRRs
[    0.000000] reg 0, base: 0GB, range: 2GB, type WB
[    0.000000] reg 1, base: 2GB, range: 1GB, type WB
[    0.000000] reg 2, base: 3GB, range: 256MB, type WB
[    0.000000] reg 3, base: 3264MB, range: 64MB, type UC
[    0.000000] total RAM covered: 3264M
[    0.000000] Found optimal setting for mtrr clean up
[    0.000000]  gran_size: 64K 	chunk_size: 64K 	num_reg: 4  	lose cover RAM: 0G
[    0.000000] New variable MTRRs
[    0.000000] reg 0, base: 0GB, range: 2GB, type WB
[    0.000000] reg 1, base: 2GB, range: 1GB, type WB
[    0.000000] reg 2, base: 3GB, range: 128MB, type WB
[    0.000000] reg 3, base: 3200MB, range: 64MB, type WB
[    0.000000] e820: update [mem 0xcc000000-0xffffffff] usable ==> reserved
[    0.000000] e820: last_pfn = 0xcc000 max_arch_pfn = 0x400000000
[    0.000000] found SMP MP-table at [mem 0x000fd250-0x000fd25f] mapped at [ffffffffff240250]
[    0.000000] Base memory trampoline at [ffff952bc0093000] 93000 size 24576
[    0.000000] Using GB pages for direct mapping
[    0.000000] BRK [0x317d82e000, 0x317d82efff] PGTABLE
[    0.000000] BRK [0x317d82f000, 0x317d82ffff] PGTABLE
[    0.000000] BRK [0x317d830000, 0x317d830fff] PGTABLE
[    0.000000] BRK [0x317d831000, 0x317d831fff] PGTABLE
[    0.000000] BRK [0x317d832000, 0x317d832fff] PGTABLE
[    0.000000] BRK [0x317d833000, 0x317d833fff] PGTABLE
[    0.000000] BRK [0x317d834000, 0x317d834fff] PGTABLE
[    0.000000] BRK [0x317d835000, 0x317d835fff] PGTABLE
[    0.000000] BRK [0x317d836000, 0x317d836fff] PGTABLE
[    0.000000] BRK [0x317d837000, 0x317d837fff] PGTABLE
[    0.000000] BRK [0x317d838000, 0x317d838fff] PGTABLE
[    0.000000] BRK [0x317d839000, 0x317d839fff] PGTABLE
[    0.000000] RAMDISK: [mem 0x3ce8b000-0x3e9a7fff]
[    0.000000] Early table checksum verification disabled
[    0.000000] ACPI: RSDP 00000000ca311000 00024 (v02    AMD)
[    0.000000] ACPI: XSDT 00000000ca3110b0 000E4 (v01    AMD  DIESEL  03242016 AMI  00010013)
[    0.000000] ACPI: FACP 00000000ca31c048 00114 (v06    AMD  DIESEL  03242016 AMI  00010013)
[    0.000000] ACPI: DSDT 00000000ca311230 0AE14 (v02    AMD  DIESEL  03242016 INTL 20120913)
[    0.000000] ACPI: FACS 00000000ca67fe80 00040
[    0.000000] ACPI: APIC 00000000ca31c160 002B2 (v04    AMD  DIESEL  03242016 AMI  00010013)
[    0.000000] ACPI: FPDT 00000000ca31c418 00044 (v01    AMD  DIESEL  03242016 AMI  00010013)
[    0.000000] ACPI: FIDT 00000000ca31c460 0009C (v01    AMD   DIESEL 03242016 AMI  00010013)
[    0.000000] ACPI: SSDT 00000000ca31c500 000D2 (v02    AMD AMD ALIB 00000002 MSFT 04000000)
[    0.000000] ACPI: SPMI 00000000ca31c5d8 00041 (v05    AMD  DIESEL  00000000 AMI. 00000000)
[    0.000000] ACPI: SSDT 00000000ca31c620 0036C (v02    AMD  CPUSSDT 03242016 AMI  03242016)
[    0.000000] ACPI: MCFG 00000000ca31c990 0003C (v01    AMD   DIESEL 03242016 MSFT 00010013)
[    0.000000] ACPI: SSDT 00000000ca31c9d0 08BE4 (v01    AMD  AMD CPU 00000001 AMD  00000001)
[    0.000000] ACPI: SRAT 00000000ca3255b8 006D8 (v03    AMD AMD SRAT 00000001 AMD  00000001)
[    0.000000] ACPI: MSCT 00000000ca325c90 0004E (v01    AMD AMD MSCT 00000000 AMD  00000001)
[    0.000000] ACPI: SLIT 00000000ca325ce0 0006C (v01    AMD AMD SLIT 00000001 AMD  00000001)
[    0.000000] ACPI: CRAT 00000000ca325d50 04040 (v01    AMD AMD CRAT 00000001 AMD  00000001)
[    0.000000] ACPI: CDIT 00000000ca329d90 00068 (v01    AMD AMD CDIT 00000001 AMD  00000001)
[    0.000000] ACPI: BERT 00000000ca329df8 00030 (v01 AMD    AMD BERT 00000001 AMD  00000001)
[    0.000000] ACPI: EINJ 00000000ca329e28 00150 (v01 AMD    AMD EINJ 00000001 AMD  00000001)
[    0.000000] ACPI: HEST 00000000ca329f78 00608 (v01 AMD    AMD HEST 00000001 AMD  00000001)
[    0.000000] ACPI: HPET 00000000ca32a580 00038 (v01    AMD   DIESEL 03242016 AMI  00000005)
[    0.000000] ACPI: SSDT 00000000ca32a5b8 00024 (v01 AMDFCH    FCHZP 00001000 INTL 20120913)
[    0.000000] ACPI: UEFI 00000000ca32a5e0 00042 (v01                 00000000      00000000)
[    0.000000] ACPI: BGRT 00000000ca32a628 00038 (v01    AMD  DIESEL  03242016 AMI  00010013)
[    0.000000] ACPI: IVRS 00000000ca32a660 00370 (v02    AMD AMD IVRS 00000001 AMD  00000000)
[    0.000000] ACPI: SSDT 00000000ca32a9d0 01630 (v01    AMD   CPMCMN 00000001 INTL 20120913)
[    0.000000] ACPI: WSMT 00000000ca32c000 00028 (v01    AMD  DIESEL  03242016 AMI  00010013)
[    0.000000] ACPI: Local APIC address 0xfee00000
[    0.000000] SRAT: PXM 0 -> APIC 0x00 -> Node 0
[    0.000000] SRAT: PXM 0 -> APIC 0x01 -> Node 0
[    0.000000] SRAT: PXM 0 -> APIC 0x02 -> Node 0
[    0.000000] SRAT: PXM 0 -> APIC 0x03 -> Node 0
[    0.000000] SRAT: PXM 0 -> APIC 0x08 -> Node 0
[    0.000000] SRAT: PXM 0 -> APIC 0x09 -> Node 0
[    0.000000] SRAT: PXM 0 -> APIC 0x0a -> Node 0
[    0.000000] SRAT: PXM 0 -> APIC 0x0b -> Node 0
[    0.000000] SRAT: PXM 1 -> APIC 0x10 -> Node 1
[    0.000000] SRAT: PXM 1 -> APIC 0x11 -> Node 1
[    0.000000] SRAT: PXM 1 -> APIC 0x12 -> Node 1
[    0.000000] SRAT: PXM 1 -> APIC 0x13 -> Node 1
[    0.000000] SRAT: PXM 1 -> APIC 0x18 -> Node 1
[    0.000000] SRAT: PXM 1 -> APIC 0x19 -> Node 1
[    0.000000] SRAT: PXM 1 -> APIC 0x1a -> Node 1
[    0.000000] SRAT: PXM 1 -> APIC 0x1b -> Node 1
[    0.000000] SRAT: PXM 2 -> APIC 0x20 -> Node 2
[    0.000000] SRAT: PXM 2 -> APIC 0x21 -> Node 2
[    0.000000] SRAT: PXM 2 -> APIC 0x22 -> Node 2
[    0.000000] SRAT: PXM 2 -> APIC 0x23 -> Node 2
[    0.000000] SRAT: PXM 2 -> APIC 0x28 -> Node 2
[    0.000000] SRAT: PXM 2 -> APIC 0x29 -> Node 2
[    0.000000] SRAT: PXM 2 -> APIC 0x2a -> Node 2
[    0.000000] SRAT: PXM 2 -> APIC 0x2b -> Node 2
[    0.000000] SRAT: PXM 3 -> APIC 0x30 -> Node 3
[    0.000000] SRAT: PXM 3 -> APIC 0x31 -> Node 3
[    0.000000] SRAT: PXM 3 -> APIC 0x32 -> Node 3
[    0.000000] SRAT: PXM 3 -> APIC 0x33 -> Node 3
[    0.000000] SRAT: PXM 3 -> APIC 0x38 -> Node 3
[    0.000000] SRAT: PXM 3 -> APIC 0x39 -> Node 3
[    0.000000] SRAT: PXM 3 -> APIC 0x3a -> Node 3
[    0.000000] SRAT: PXM 3 -> APIC 0x3b -> Node 3
[    0.000000] SRAT: PXM 4 -> APIC 0x40 -> Node 4
[    0.000000] SRAT: PXM 4 -> APIC 0x41 -> Node 4
[    0.000000] SRAT: PXM 4 -> APIC 0x42 -> Node 4
[    0.000000] SRAT: PXM 4 -> APIC 0x43 -> Node 4
[    0.000000] SRAT: PXM 4 -> APIC 0x48 -> Node 4
[    0.000000] SRAT: PXM 4 -> APIC 0x49 -> Node 4
[    0.000000] SRAT: PXM 4 -> APIC 0x4a -> Node 4
[    0.000000] SRAT: PXM 4 -> APIC 0x4b -> Node 4
[    0.000000] SRAT: PXM 5 -> APIC 0x50 -> Node 5
[    0.000000] SRAT: PXM 5 -> APIC 0x51 -> Node 5
[    0.000000] SRAT: PXM 5 -> APIC 0x52 -> Node 5
[    0.000000] SRAT: PXM 5 -> APIC 0x53 -> Node 5
[    0.000000] SRAT: PXM 5 -> APIC 0x58 -> Node 5
[    0.000000] SRAT: PXM 5 -> APIC 0x59 -> Node 5
[    0.000000] SRAT: PXM 5 -> APIC 0x5a -> Node 5
[    0.000000] SRAT: PXM 5 -> APIC 0x5b -> Node 5
[    0.000000] SRAT: PXM 6 -> APIC 0x60 -> Node 6
[    0.000000] SRAT: PXM 6 -> APIC 0x61 -> Node 6
[    0.000000] SRAT: PXM 6 -> APIC 0x62 -> Node 6
[    0.000000] SRAT: PXM 6 -> APIC 0x63 -> Node 6
[    0.000000] SRAT: PXM 6 -> APIC 0x68 -> Node 6
[    0.000000] SRAT: PXM 6 -> APIC 0x69 -> Node 6
[    0.000000] SRAT: PXM 6 -> APIC 0x6a -> Node 6
[    0.000000] SRAT: PXM 6 -> APIC 0x6b -> Node 6
[    0.000000] SRAT: PXM 7 -> APIC 0x70 -> Node 7
[    0.000000] SRAT: PXM 7 -> APIC 0x71 -> Node 7
[    0.000000] SRAT: PXM 7 -> APIC 0x72 -> Node 7
[    0.000000] SRAT: PXM 7 -> APIC 0x73 -> Node 7
[    0.000000] SRAT: PXM 7 -> APIC 0x78 -> Node 7
[    0.000000] SRAT: PXM 7 -> APIC 0x79 -> Node 7
[    0.000000] SRAT: PXM 7 -> APIC 0x7a -> Node 7
[    0.000000] SRAT: PXM 7 -> APIC 0x7b -> Node 7
[    0.000000] SRAT: Node 0 PXM 0 [mem 0x00000000-0xcfffffff]
[    0.000000] SRAT: Node 0 PXM 0 [mem 0x100000000-0x42fffffff]
[    0.000000] SRAT: Node 0 PXM 0 [mem 0x430000000-0x82fffffff]
[    0.000000] SRAT: Node 1 PXM 1 [mem 0x830000000-0xc2fffffff]
[    0.000000] SRAT: Node 1 PXM 1 [mem 0xc30000000-0x102fffffff]
[    0.000000] SRAT: Node 2 PXM 2 [mem 0x1030000000-0x142fffffff]
[    0.000000] SRAT: Node 2 PXM 2 [mem 0x1430000000-0x182fffffff]
[    0.000000] SRAT: Node 3 PXM 3 [mem 0x1830000000-0x1c2fffffff]
[    0.000000] SRAT: Node 3 PXM 3 [mem 0x1c30000000-0x202fffffff]
[    0.000000] SRAT: Node 4 PXM 4 [mem 0x2030000000-0x242fffffff]
[    0.000000] SRAT: Node 4 PXM 4 [mem 0x2430000000-0x282fffffff]
[    0.000000] SRAT: Node 5 PXM 5 [mem 0x2830000000-0x2c2fffffff]
[    0.000000] SRAT: Node 5 PXM 5 [mem 0x2c30000000-0x302fffffff]
[    0.000000] SRAT: Node 6 PXM 6 [mem 0x3030000000-0x342fffffff]
[    0.000000] SRAT: Node 6 PXM 6 [mem 0x3430000000-0x382fffffff]
[    0.000000] SRAT: Node 7 PXM 7 [mem 0x3830000000-0x3c2fffffff]
[    0.000000] SRAT: Node 7 PXM 7 [mem 0x3c30000000-0x402fffffff]
[    0.000000] NUMA: Initialized distance table, cnt=8
[    0.000000] NUMA: Node 0 [mem 0x00000000-0xcfffffff] + [mem 0x100000000-0x42fffffff] -> [mem 0x00000000-0x42fffffff]
[    0.000000] NUMA: Node 0 [mem 0x00000000-0x42fffffff] + [mem 0x430000000-0x82fffffff] -> [mem 0x00000000-0x82fffffff]
[    0.000000] NUMA: Node 1 [mem 0x830000000-0xc2fffffff] + [mem 0xc30000000-0x102fffffff] -> [mem 0x830000000-0x102fffffff]
[    0.000000] NUMA: Node 2 [mem 0x1030000000-0x142fffffff] + [mem 0x1430000000-0x182fffffff] -> [mem 0x1030000000-0x182fffffff]
[    0.000000] NUMA: Node 3 [mem 0x1830000000-0x1c2fffffff] + [mem 0x1c30000000-0x202fffffff] -> [mem 0x1830000000-0x202fffffff]
[    0.000000] NUMA: Node 4 [mem 0x2030000000-0x242fffffff] + [mem 0x2430000000-0x282fffffff] -> [mem 0x2030000000-0x282fffffff]
[    0.000000] NUMA: Node 5 [mem 0x2830000000-0x2c2fffffff] + [mem 0x2c30000000-0x302fffffff] -> [mem 0x2830000000-0x302fffffff]
[    0.000000] NUMA: Node 6 [mem 0x3030000000-0x342fffffff] + [mem 0x3430000000-0x382fffffff] -> [mem 0x3030000000-0x382fffffff]
[    0.000000] NUMA: Node 7 [mem 0x3830000000-0x3c2fffffff] + [mem 0x3c30000000-0x402ff7ffff] -> [mem 0x3830000000-0x402ff7ffff]
[    0.000000] NODE_DATA(0) allocated [mem 0x82f359000-0x82f37ffff]
[    0.000000] NODE_DATA(1) allocated [mem 0x102ff59000-0x102ff7ffff]
[    0.000000] NODE_DATA(2) allocated [mem 0x182ff59000-0x182ff7ffff]
[    0.000000] NODE_DATA(3) allocated [mem 0x202ff59000-0x202ff7ffff]
[    0.000000] NODE_DATA(4) allocated [mem 0x282ff59000-0x282ff7ffff]
[    0.000000] NODE_DATA(5) allocated [mem 0x302ff59000-0x302ff7ffff]
[    0.000000] NODE_DATA(6) allocated [mem 0x382ff59000-0x382ff7ffff]
[    0.000000] NODE_DATA(7) allocated [mem 0x402ff58000-0x402ff7efff]
[    0.000000] Reserving 176MB of memory at 592MB for crashkernel (System RAM: 262029MB)
[    0.000000] Zone ranges:
[    0.000000]   DMA      [mem 0x00001000-0x00ffffff]
[    0.000000]   DMA32    [mem 0x01000000-0xffffffff]
[    0.000000]   Normal   [mem 0x100000000-0x402ff7ffff]
[    0.000000] Movable zone start for each node
[    0.000000] Early memory node ranges
[    0.000000]   node   0: [mem 0x00001000-0x0009ffff]
[    0.000000]   node   0: [mem 0x00100000-0x75daffff]
[    0.000000]   node   0: [mem 0x76000000-0xc8de4fff]
[    0.000000]   node   0: [mem 0xca253000-0xca310fff]
[    0.000000]   node   0: [mem 0xcae6d000-0xcbffffff]
[    0.000000]   node   0: [mem 0x100000000-0x82f37ffff]
[    0.000000]   node   1: [mem 0x830000000-0x102ff7ffff]
[    0.000000]   node   2: [mem 0x1030000000-0x182ff7ffff]
[    0.000000]   node   3: [mem 0x1830000000-0x202ff7ffff]
[    0.000000]   node   4: [mem 0x2030000000-0x282ff7ffff]
[    0.000000]   node   5: [mem 0x2830000000-0x302ff7ffff]
[    0.000000]   node   6: [mem 0x3030000000-0x382ff7ffff]
[    0.000000]   node   7: [mem 0x3830000000-0x402ff7ffff]
[    0.000000] Initmem setup node 0 [mem 0x00001000-0x82f37ffff]
[    0.000000] On node 0 totalpages: 8360197
[    0.000000]   DMA zone: 64 pages used for memmap
[    0.000000]   DMA zone: 29 pages reserved
[    0.000000]   DMA zone: 3999 pages, LIFO batch:0
[    0.000000]   DMA32 zone: 12856 pages used for memmap
[    0.000000]   DMA32 zone: 822758 pages, LIFO batch:31
[    0.000000]   Normal zone: 117710 pages used for memmap
[    0.000000]   Normal zone: 7533440 pages, LIFO batch:31
[    0.000000] Initmem setup node 1 [mem 0x830000000-0x102ff7ffff]
[    0.000000] On node 1 totalpages: 8388480
[    0.000000]   Normal zone: 131070 pages used for memmap
[    0.000000]   Normal zone: 8388480 pages, LIFO batch:31
[    0.000000] Initmem setup node 2 [mem 0x1030000000-0x182ff7ffff]
[    0.000000] On node 2 totalpages: 8388480
[    0.000000]   Normal zone: 131070 pages used for memmap
[    0.000000]   Normal zone: 8388480 pages, LIFO batch:31
[    0.000000] Initmem setup node 3 [mem 0x1830000000-0x202ff7ffff]
[    0.000000] On node 3 totalpages: 8388480
[    0.000000]   Normal zone: 131070 pages used for memmap
[    0.000000]   Normal zone: 8388480 pages, LIFO batch:31
[    0.000000] Initmem setup node 4 [mem 0x2030000000-0x282ff7ffff]
[    0.000000] On node 4 totalpages: 8388480
[    0.000000]   Normal zone: 131070 pages used for memmap
[    0.000000]   Normal zone: 8388480 pages, LIFO batch:31
[    0.000000] Initmem setup node 5 [mem 0x2830000000-0x302ff7ffff]
[    0.000000] On node 5 totalpages: 8388480
[    0.000000]   Normal zone: 131070 pages used for memmap
[    0.000000]   Normal zone: 8388480 pages, LIFO batch:31
[    0.000000] Initmem setup node 6 [mem 0x3030000000-0x382ff7ffff]
[    0.000000] On node 6 totalpages: 8388480
[    0.000000]   Normal zone: 131070 pages used for memmap
[    0.000000]   Normal zone: 8388480 pages, LIFO batch:31
[    0.000000] Initmem setup node 7 [mem 0x3830000000-0x402ff7ffff]
[    0.000000] On node 7 totalpages: 8388480
[    0.000000]   Normal zone: 131070 pages used for memmap
[    0.000000]   Normal zone: 8388480 pages, LIFO batch:31
[    0.000000] ACPI: PM-Timer IO Port: 0x808
[    0.000000] ACPI: Local APIC address 0xfee00000
[    0.000000] ACPI: LAPIC (acpi_id[0x00] lapic_id[0x00] enabled)
[    0.000000] ACPI: LAPIC (acpi_id[0x02] lapic_id[0x02] enabled)
[    0.000000] ACPI: LAPIC (acpi_id[0x04] lapic_id[0x08] enabled)
[    0.000000] ACPI: LAPIC (acpi_id[0x06] lapic_id[0x0a] enabled)
[    0.000000] ACPI: LAPIC (acpi_id[0x08] lapic_id[0x10] enabled)
[    0.000000] ACPI: LAPIC (acpi_id[0x0a] lapic_id[0x12] enabled)
[    0.000000] ACPI: LAPIC (acpi_id[0x0c] lapic_id[0x18] enabled)
[    0.000000] ACPI: LAPIC (acpi_id[0x0e] lapic_id[0x1a] enabled)
[    0.000000] ACPI: LAPIC (acpi_id[0x10] lapic_id[0x20] enabled)
[    0.000000] ACPI: LAPIC (acpi_id[0x12] lapic_id[0x22] enabled)
[    0.000000] ACPI: LAPIC (acpi_id[0x14] lapic_id[0x28] enabled)
[    0.000000] ACPI: LAPIC (acpi_id[0x16] lapic_id[0x2a] enabled)
[    0.000000] ACPI: LAPIC (acpi_id[0x18] lapic_id[0x30] enabled)
[    0.000000] ACPI: LAPIC (acpi_id[0x1a] lapic_id[0x32] enabled)
[    0.000000] ACPI: LAPIC (acpi_id[0x1c] lapic_id[0x38] enabled)
[    0.000000] ACPI: LAPIC (acpi_id[0x1e] lapic_id[0x3a] enabled)
[    0.000000] ACPI: LAPIC (acpi_id[0x20] lapic_id[0x40] enabled)
[    0.000000] ACPI: LAPIC (acpi_id[0x22] lapic_id[0x42] enabled)
[    0.000000] ACPI: LAPIC (acpi_id[0x24] lapic_id[0x48] enabled)
[    0.000000] ACPI: LAPIC (acpi_id[0x26] lapic_id[0x4a] enabled)
[    0.000000] ACPI: LAPIC (acpi_id[0x28] lapic_id[0x50] enabled)
[    0.000000] ACPI: LAPIC (acpi_id[0x2a] lapic_id[0x52] enabled)
[    0.000000] ACPI: LAPIC (acpi_id[0x2c] lapic_id[0x58] enabled)
[    0.000000] ACPI: LAPIC (acpi_id[0x2e] lapic_id[0x5a] enabled)
[    0.000000] ACPI: LAPIC (acpi_id[0x30] lapic_id[0x60] enabled)
[    0.000000] ACPI: LAPIC (acpi_id[0x32] lapic_id[0x62] enabled)
[    0.000000] ACPI: LAPIC (acpi_id[0x34] lapic_id[0x68] enabled)
[    0.000000] ACPI: LAPIC (acpi_id[0x36] lapic_id[0x6a] enabled)
[    0.000000] ACPI: LAPIC (acpi_id[0x38] lapic_id[0x70] enabled)
[    0.000000] ACPI: LAPIC (acpi_id[0x3a] lapic_id[0x72] enabled)
[    0.000000] ACPI: LAPIC (acpi_id[0x3c] lapic_id[0x78] enabled)
[    0.000000] ACPI: LAPIC (acpi_id[0x3e] lapic_id[0x7a] enabled)
[    0.000000] ACPI: LAPIC (acpi_id[0x01] lapic_id[0x01] enabled)
[    0.000000] ACPI: LAPIC (acpi_id[0x03] lapic_id[0x03] enabled)
[    0.000000] ACPI: LAPIC (acpi_id[0x05] lapic_id[0x09] enabled)
[    0.000000] ACPI: LAPIC (acpi_id[0x07] lapic_id[0x0b] enabled)
[    0.000000] ACPI: LAPIC (acpi_id[0x09] lapic_id[0x11] enabled)
[    0.000000] ACPI: LAPIC (acpi_id[0x0b] lapic_id[0x13] enabled)
[    0.000000] ACPI: LAPIC (acpi_id[0x0d] lapic_id[0x19] enabled)
[    0.000000] ACPI: LAPIC (acpi_id[0x0f] lapic_id[0x1b] enabled)
[    0.000000] ACPI: LAPIC (acpi_id[0x11] lapic_id[0x21] enabled)
[    0.000000] ACPI: LAPIC (acpi_id[0x13] lapic_id[0x23] enabled)
[    0.000000] ACPI: LAPIC (acpi_id[0x15] lapic_id[0x29] enabled)
[    0.000000] ACPI: LAPIC (acpi_id[0x17] lapic_id[0x2b] enabled)
[    0.000000] ACPI: LAPIC (acpi_id[0x19] lapic_id[0x31] enabled)
[    0.000000] ACPI: LAPIC (acpi_id[0x1b] lapic_id[0x33] enabled)
[    0.000000] ACPI: LAPIC (acpi_id[0x1d] lapic_id[0x39] enabled)
[    0.000000] ACPI: LAPIC (acpi_id[0x1f] lapic_id[0x3b] enabled)
[    0.000000] ACPI: LAPIC (acpi_id[0x21] lapic_id[0x41] enabled)
[    0.000000] ACPI: LAPIC (acpi_id[0x23] lapic_id[0x43] enabled)
[    0.000000] ACPI: LAPIC (acpi_id[0x25] lapic_id[0x49] enabled)
[    0.000000] ACPI: LAPIC (acpi_id[0x27] lapic_id[0x4b] enabled)
[    0.000000] ACPI: LAPIC (acpi_id[0x29] lapic_id[0x51] enabled)
[    0.000000] ACPI: LAPIC (acpi_id[0x2b] lapic_id[0x53] enabled)
[    0.000000] ACPI: LAPIC (acpi_id[0x2d] lapic_id[0x59] enabled)
[    0.000000] ACPI: LAPIC (acpi_id[0x2f] lapic_id[0x5b] enabled)
[    0.000000] ACPI: LAPIC (acpi_id[0x31] lapic_id[0x61] enabled)
[    0.000000] ACPI: LAPIC (acpi_id[0x33] lapic_id[0x63] enabled)
[    0.000000] ACPI: LAPIC (acpi_id[0x35] lapic_id[0x69] enabled)
[    0.000000] ACPI: LAPIC (acpi_id[0x37] lapic_id[0x6b] enabled)
[    0.000000] ACPI: LAPIC (acpi_id[0x39] lapic_id[0x71] enabled)
[    0.000000] ACPI: LAPIC (acpi_id[0x3b] lapic_id[0x73] enabled)
[    0.000000] ACPI: LAPIC (acpi_id[0x3d] lapic_id[0x79] enabled)
[    0.000000] ACPI: LAPIC (acpi_id[0x3f] lapic_id[0x7b] enabled)
[    0.000000] ACPI: LAPIC_NMI (acpi_id[0xff] high edge lint[0x1])
[    0.000000] ACPI: IOAPIC (id[0x80] address[0xfec00000] gsi_base[0])
[    0.000000] IOAPIC[0]: apic_id 128, version 33, address 0xfec00000, GSI 0-23
[    0.000000] ACPI: IOAPIC (id[0x81] address[0xdfaf0000] gsi_base[24])
[    0.000000] IOAPIC[1]: apic_id 129, version 33, address 0xdfaf0000, GSI 24-55
[    0.000000] ACPI: IOAPIC (id[0x82] address[0xd7ff0000] gsi_base[56])
[    0.000000] IOAPIC[2]: apic_id 130, version 33, address 0xd7ff0000, GSI 56-87
[    0.000000] ACPI: IOAPIC (id[0x83] address[0xd58f0000] gsi_base[88])
[    0.000000] IOAPIC[3]: apic_id 131, version 33, address 0xd58f0000, GSI 88-119
[    0.000000] ACPI: IOAPIC (id[0x84] address[0xd52f0000] gsi_base[120])
[    0.000000] IOAPIC[4]: apic_id 132, version 33, address 0xd52f0000, GSI 120-151
[    0.000000] ACPI: IOAPIC (id[0x85] address[0xd4cf0000] gsi_base[152])
[    0.000000] IOAPIC[5]: apic_id 133, version 33, address 0xd4cf0000, GSI 152-183
[    0.000000] ACPI: IOAPIC (id[0x86] address[0xd46f0000] gsi_base[184])
[    0.000000] IOAPIC[6]: apic_id 134, version 33, address 0xd46f0000, GSI 184-215
[    0.000000] ACPI: IOAPIC (id[0x87] address[0xd40f0000] gsi_base[216])
[    0.000000] IOAPIC[7]: apic_id 135, version 33, address 0xd40f0000, GSI 216-247
[    0.000000] ACPI: IOAPIC (id[0x88] address[0xd3af0000] gsi_base[248])
[    0.000000] IOAPIC[8]: apic_id 136, version 33, address 0xd3af0000, GSI 248-279
[    0.000000] ACPI: INT_SRC_OVR (bus 0 bus_irq 0 global_irq 2 dfl dfl)
[    0.000000] ACPI: INT_SRC_OVR (bus 0 bus_irq 9 global_irq 9 low level)
[    0.000000] ACPI: IRQ0 used by override.
[    0.000000] ACPI: IRQ9 used by override.
[    0.000000] Using ACPI (MADT) for SMP configuration information
[    0.000000] ACPI: HPET id: 0x10228201 base: 0xfed00000
[    0.000000] smpboot: Allowing 64 CPUs, 0 hotplug CPUs
[    0.000000] PM: Registered nosave memory: [mem 0x000a0000-0x000fffff]
[    0.000000] PM: Registered nosave memory: [mem 0x75db0000-0x75ffffff]
[    0.000000] PM: Registered nosave memory: [mem 0x9384b000-0x9384bfff]
[    0.000000] PM: Registered nosave memory: [mem 0x9387b000-0x9387bfff]
[    0.000000] PM: Registered nosave memory: [mem 0x9387c000-0x9387cfff]
[    0.000000] PM: Registered nosave memory: [mem 0x9388c000-0x9388cfff]
[    0.000000] PM: Registered nosave memory: [mem 0xc8de5000-0xca252fff]
[    0.000000] PM: Registered nosave memory: [mem 0xca311000-0xca67ffff]
[    0.000000] PM: Registered nosave memory: [mem 0xca680000-0xcae6cfff]
[    0.000000] PM: Registered nosave memory: [mem 0xcc000000-0xcfffffff]
[    0.000000] PM: Registered nosave memory: [mem 0xd0000000-0xd38fffff]
[    0.000000] PM: Registered nosave memory: [mem 0xd3900000-0xd3a7ffff]
[    0.000000] PM: Registered nosave memory: [mem 0xd3a80000-0xd3aeffff]
[    0.000000] PM: Registered nosave memory: [mem 0xd3af0000-0xd3af0fff]
[    0.000000] PM: Registered nosave memory: [mem 0xd3af1000-0xd3efffff]
[    0.000000] PM: Registered nosave memory: [mem 0xd3f00000-0xd407ffff]
[    0.000000] PM: Registered nosave memory: [mem 0xd4080000-0xd40effff]
[    0.000000] PM: Registered nosave memory: [mem 0xd40f0000-0xd40f0fff]
[    0.000000] PM: Registered nosave memory: [mem 0xd40f1000-0xd44fffff]
[    0.000000] PM: Registered nosave memory: [mem 0xd4500000-0xd467ffff]
[    0.000000] PM: Registered nosave memory: [mem 0xd4680000-0xd46effff]
[    0.000000] PM: Registered nosave memory: [mem 0xd46f0000-0xd46f0fff]
[    0.000000] PM: Registered nosave memory: [mem 0xd46f1000-0xd4afffff]
[    0.000000] PM: Registered nosave memory: [mem 0xd4b00000-0xd4c7ffff]
[    0.000000] PM: Registered nosave memory: [mem 0xd4c80000-0xd4ceffff]
[    0.000000] PM: Registered nosave memory: [mem 0xd4cf0000-0xd4cf0fff]
[    0.000000] PM: Registered nosave memory: [mem 0xd4cf1000-0xd50fffff]
[    0.000000] PM: Registered nosave memory: [mem 0xd5100000-0xd527ffff]
[    0.000000] PM: Registered nosave memory: [mem 0xd5280000-0xd52effff]
[    0.000000] PM: Registered nosave memory: [mem 0xd52f0000-0xd52f0fff]
[    0.000000] PM: Registered nosave memory: [mem 0xd52f1000-0xd56fffff]
[    0.000000] PM: Registered nosave memory: [mem 0xd5700000-0xd587ffff]
[    0.000000] PM: Registered nosave memory: [mem 0xd5880000-0xd58effff]
[    0.000000] PM: Registered nosave memory: [mem 0xd58f0000-0xd58f0fff]
[    0.000000] PM: Registered nosave memory: [mem 0xd58f1000-0xd7dfffff]
[    0.000000] PM: Registered nosave memory: [mem 0xd7e00000-0xd7f7ffff]
[    0.000000] PM: Registered nosave memory: [mem 0xd7f80000-0xd7feffff]
[    0.000000] PM: Registered nosave memory: [mem 0xd7ff0000-0xd7ff0fff]
[    0.000000] PM: Registered nosave memory: [mem 0xd7ff1000-0xdf9fffff]
[    0.000000] PM: Registered nosave memory: [mem 0xdfa00000-0xdfa7ffff]
[    0.000000] PM: Registered nosave memory: [mem 0xdfa80000-0xdfaeffff]
[    0.000000] PM: Registered nosave memory: [mem 0xdfaf0000-0xdfaf0fff]
[    0.000000] PM: Registered nosave memory: [mem 0xdfaf1000-0xfe9fffff]
[    0.000000] PM: Registered nosave memory: [mem 0xfea00000-0xfeafffff]
[    0.000000] PM: Registered nosave memory: [mem 0xfeb00000-0xfebfffff]
[    0.000000] PM: Registered nosave memory: [mem 0xfec00000-0xfec00fff]
[    0.000000] PM: Registered nosave memory: [mem 0xfec01000-0xfec0ffff]
[    0.000000] PM: Registered nosave memory: [mem 0xfec10000-0xfec10fff]
[    0.000000] PM: Registered nosave memory: [mem 0xfec11000-0xfecfffff]
[    0.000000] PM: Registered nosave memory: [mem 0xfed00000-0xfed00fff]
[    0.000000] PM: Registered nosave memory: [mem 0xfed01000-0xfed3ffff]
[    0.000000] PM: Registered nosave memory: [mem 0xfed40000-0xfed44fff]
[    0.000000] PM: Registered nosave memory: [mem 0xfed45000-0xfed7ffff]
[    0.000000] PM: Registered nosave memory: [mem 0xfed80000-0xfed8ffff]
[    0.000000] PM: Registered nosave memory: [mem 0xfed90000-0xfedbffff]
[    0.000000] PM: Registered nosave memory: [mem 0xfedc0000-0xfedc0fff]
[    0.000000] PM: Registered nosave memory: [mem 0xfedc1000-0xfedc1fff]
[    0.000000] PM: Registered nosave memory: [mem 0xfedc2000-0xfedc5fff]
[    0.000000] PM: Registered nosave memory: [mem 0xfedc6000-0xfedc6fff]
[    0.000000] PM: Registered nosave memory: [mem 0xfedc7000-0xfedc7fff]
[    0.000000] PM: Registered nosave memory: [mem 0xfedc8000-0xfedc8fff]
[    0.000000] PM: Registered nosave memory: [mem 0xfedc9000-0xfedcafff]
[    0.000000] PM: Registered nosave memory: [mem 0xfedcb000-0xfedfffff]
[    0.000000] PM: Registered nosave memory: [mem 0xfee00000-0xfeefffff]
[    0.000000] PM: Registered nosave memory: [mem 0xfef00000-0xfeffffff]
[    0.000000] PM: Registered nosave memory: [mem 0xff000000-0xffffffff]
[    0.000000] PM: Registered nosave memory: [mem 0x82f380000-0x82fffffff]
[    0.000000] PM: Registered nosave memory: [mem 0x102ff80000-0x102fffffff]
[    0.000000] PM: Registered nosave memory: [mem 0x182ff80000-0x182fffffff]
[    0.000000] PM: Registered nosave memory: [mem 0x202ff80000-0x202fffffff]
[    0.000000] PM: Registered nosave memory: [mem 0x282ff80000-0x282fffffff]
[    0.000000] PM: Registered nosave memory: [mem 0x302ff80000-0x302fffffff]
[    0.000000] PM: Registered nosave memory: [mem 0x382ff80000-0x382fffffff]
[    0.000000] e820: [mem 0xdfaf1000-0xfe9fffff] available for PCI devices
[    0.000000] Booting paravirtualized kernel on bare hardware
[    0.000000] setup_percpu: NR_CPUS:5120 nr_cpumask_bits:64 nr_cpu_ids:64 nr_node_ids:8
[    0.000000] PERCPU: Embedded 35 pages/cpu @ffff9533cf000000 s104920 r8192 d30248 u262144
[    0.000000] pcpu-alloc: s104920 r8192 d30248 u262144 alloc=1*2097152
[    0.000000] pcpu-alloc: [0] 00 01 02 03 32 33 34 35 [1] 04 05 06 07 36 37 38 39 
[    0.000000] pcpu-alloc: [2] 08 09 10 11 40 41 42 43 [3] 12 13 14 15 44 45 46 47 
[    0.000000] pcpu-alloc: [4] 16 17 18 19 48 49 50 51 [5] 20 21 22 23 52 53 54 55 
[    0.000000] pcpu-alloc: [6] 24 25 26 27 56 57 58 59 [7] 28 29 30 31 60 61 62 63 
[    0.000000] Built 8 zonelists in Zone order, mobility grouping on.  Total pages: 66031408
[    0.000000] Policy zone: Normal
[    0.000000] Kernel command line: BOOT_IMAGE=/boot/vmlinuz-3.10.0-862.9.1.el7.x86_64 root=UUID=62ac631c-9f7f-43ab-8c6a-a31f8cb22707 ro crashkernel=auto rhgb quiet LANG=en_US.UTF-8
[    0.000000] PID hash table entries: 4096 (order: 3, 32768 bytes)
[    0.000000] x86/fpu: xstate_offset[2]: 0240, xstate_sizes[2]: 0100
[    0.000000] xsave: enabled xstate_bv 0x7, cntxt size 0x340 using standard form
[    0.000000] Memory: 19787972k/269221376k available (7328k kernel code, 903148k absent, 4521096k reserved, 6301k data, 1832k init)
[    0.000000] SLUB: HWalign=64, Order=0-3, MinObjects=0, CPUs=64, Nodes=8
[    0.000000] Hierarchical RCU implementation.
[    0.000000] 	RCU restricting CPUs from NR_CPUS=5120 to nr_cpu_ids=64.
[    0.000000] NR_IRQS:327936 nr_irqs:5288 0
[    0.000000] Console: colour dummy device 80x25
[    0.000000] console [tty0] enabled
[    0.000000] allocated 1073741824 bytes of page_cgroup
[    0.000000] please try 'cgroup_disable=memory' option if you don't want memory cgroups
[    0.000000] Enabling automatic NUMA balancing. Configure with numa_balancing= or the kernel.numa_balancing sysctl
[    0.000000] hpet clockevent registered
[    0.000000] tsc: Fast TSC calibration using PIT
[    0.000000] tsc: Detected 2195.722 MHz processor
[    0.000052] Calibrating delay loop (skipped), value calculated using timer frequency.. 4391.44 BogoMIPS (lpj=2195722)
[    0.000056] pid_max: default: 65536 minimum: 512
[    0.001158] Security Framework initialized
[    0.001166] SELinux:  Initializing.
[    0.001186] SELinux:  Starting in permissive mode
[    0.001187] Yama: becoming mindful.
[    0.017116] Dentry cache hash table entries: 33554432 (order: 16, 268435456 bytes)
[    0.069237] Inode-cache hash table entries: 16777216 (order: 15, 134217728 bytes)
[    0.091559] Mount-cache hash table entries: 524288 (order: 10, 4194304 bytes)
[    0.091802] Mountpoint-cache hash table entries: 524288 (order: 10, 4194304 bytes)
[    0.093501] Initializing cgroup subsys memory
[    0.093534] Initializing cgroup subsys devices
[    0.093536] Initializing cgroup subsys freezer
[    0.093538] Initializing cgroup subsys net_cls
[    0.093540] Initializing cgroup subsys blkio
[    0.093542] Initializing cgroup subsys perf_event
[    0.093548] Initializing cgroup subsys hugetlb
[    0.093549] Initializing cgroup subsys pids
[    0.093551] Initializing cgroup subsys net_prio
[    0.093615] tseg: 00cc000000
[    0.093619] CPU: Physical Processor ID: 0
[    0.093620] CPU: Processor Core ID: 0
[    0.099559] mce: CPU supports 23 MCE banks
[    0.099594] LVT offset 2 assigned for vector 0xf4
[    0.099608] Last level iTLB entries: 4KB 1024, 2MB 1024, 4MB 512
[    0.099609] Last level dTLB entries: 4KB 1536, 2MB 1536, 4MB 768
[    0.099610] tlb_flushall_shift: 6
[    0.099632] Speculative Store Bypass: Mitigation: Speculative Store Bypass disabled via prctl and seccomp
[    0.099634] FEATURE SPEC_CTRL Not Present
[    0.099634] FEATURE IBPB_SUPPORT Present
[    0.099722] Spectre V2 : Mitigation: Full retpoline
[    0.101038] Freeing SMP alternatives: 24k freed
[    0.103273] ACPI: Core revision 20130517
[    0.111170] ACPI: All ACPI Tables successfully acquired
[    0.112109] ------------[ cut here ]------------
[    0.112118] WARNING: CPU: 0 PID: 0 at arch/x86/mm/ioremap.c:115 __ioremap_caller+0x179/0x340
[    0.112120] ioremap on RAM at 0xc5feb018 - 0xc5feb01d
[    0.112121] Modules linked in:
[    0.112125] CPU: 0 PID: 0 Comm: swapper/0 Not tainted 3.10.0-862.9.1.el7.x86_64 #1
[    0.112127] Hardware name: To be filled by O.E.M. To be filled by O.E.M./To be filled by O.E.M., BIOS 5.13 08/29/2018
[    0.112129] Call Trace:
[    0.112137]  [<ffffffffbb90e84e>] dump_stack+0x19/0x1b
[    0.112141]  [<ffffffffbb291e18>] __warn+0xd8/0x100
[    0.112144]  [<ffffffffbb291e9f>] warn_slowpath_fmt+0x5f/0x80
[    0.112146]  [<ffffffffbb26fa39>] __ioremap_caller+0x179/0x340
[    0.112153]  [<ffffffffbbf903fa>] ? efi_bgrt_init+0x6c/0x108
[    0.112155]  [<ffffffffbb26fc17>] ioremap_nocache+0x17/0x20
[    0.112158]  [<ffffffffbbf903fa>] efi_bgrt_init+0x6c/0x108
[    0.112160]  [<ffffffffbbf8f6ee>] efi_late_init+0x13/0x15
[    0.112164]  [<ffffffffbbf6c1b2>] start_kernel+0x437/0x467
[    0.112166]  [<ffffffffbbf6bb7b>] ? repair_env_string+0x5c/0x5c
[    0.112168]  [<ffffffffbbf6b120>] ? early_idt_handler_array+0x120/0x120
[    0.112170]  [<ffffffffbbf6b72f>] x86_64_start_reservations+0x24/0x26
[    0.112172]  [<ffffffffbbf6b885>] x86_64_start_kernel+0x154/0x177
[    0.112175]  [<ffffffffbb2000d5>] start_cpu+0x5/0x14
[    0.112179] ---[ end trace da02aef325507c8a ]---
[    0.112180] Ignoring BGRT: failed to map image header memory
[    0.112773] ftrace: allocating 28072 entries in 110 pages
[    1.483357] Switched APIC routing to physical flat.
[    1.486666] ..TIMER: vector=0x30 apic1=0 pin1=2 apic2=-1 pin2=-1
[    1.496668] smpboot: CPU0: AMD EPYC 7301 16-Core Processor (fam: 17, model: 01, stepping: 02)
[    1.597937] Performance Events: Fam17h core perfctr, AMD PMU driver.
[    1.597944] ... version:                0
[    1.597945] ... bit width:              48
[    1.597946] ... generic registers:      6
[    1.597947] ... value mask:             0000ffffffffffff
[    1.597948] ... max period:             00007fffffffffff
[    1.597949] ... fixed-purpose events:   0
[    1.597950] ... event mask:             000000000000003f
[    1.600337] NMI watchdog: enabled on all CPUs, permanently consumes one hw-PMU counter.
[    1.600417] smpboot: Booting Node   0, Processors  #1 #2 #3 OK
[    1.625775] smpboot: Booting Node   1, Processors  #4 #5 #6 #7 OK
[    1.659018] smpboot: Booting Node   2, Processors  #8 #9 #10 #11 OK
[    1.692247] smpboot: Booting Node   3, Processors  #12 #13 #14 #15 OK
[    1.725490] smpboot: Booting Node   4, Processors  #16 #17 #18 #19 OK
[    1.835924] smpboot: Booting Node   5, Processors  #20 #21 #22 #23 OK
[    1.869139] smpboot: Booting Node   6, Processors  #24 #25 #26 #27 OK
[    1.902222] smpboot: Booting Node   7, Processors  #28 #29 #30 #31 OK
[    1.935310] smpboot: Booting Node   0, Processors  #32 #33 #34 #35 OK
[    1.968384] smpboot: Booting Node   1, Processors  #36 #37 #38 #39 OK
[    2.001233] smpboot: Booting Node   2, Processors  #40 #41 #42 #43 OK
[    2.034274] smpboot: Booting Node   3, Processors  #44 #45 #46 #47 OK
[    2.067022] smpboot: Booting Node   4, Processors  #48 #49 #50 #51 OK
[    2.100128] smpboot: Booting Node   5, Processors  #52 #53 #54 #55 OK
[    2.133358] smpboot: Booting Node   6, Processors  #56 #57 #58 #59 OK
[    2.166339] smpboot: Booting Node   7, Processors  #60 #61 #62 #63 OK
[    2.199443] Brought up 64 CPUs
[    2.199447] smpboot: Max logical packages: 2
[    2.199454] smpboot: Total of 64 processors activated (281079.80 BogoMIPS)
[    2.344618] node 0 initialised, 6877681 pages in 133ms
[    2.361149] node 1 initialised, 7732771 pages in 150ms
[    2.361440] node 3 initialised, 7732771 pages in 150ms
[    2.361477] node 5 initialised, 7732771 pages in 150ms
[    2.361486] node 4 initialised, 7732772 pages in 150ms
[    2.361535] node 2 initialised, 7732772 pages in 150ms
[    2.361693] node 6 initialised, 7728106 pages in 150ms
[    2.361763] node 7 initialised, 7732644 pages in 150ms
[    2.362314] devtmpfs: initialized
[    2.385885] EVM: security.selinux
[    2.385887] EVM: security.ima
[    2.385889] EVM: security.capability
[    2.386021] PM: Registering ACPI NVS region [mem 0xca311000-0xca67ffff] (3600384 bytes)
[    2.387623] atomic64 test passed for x86-64 platform with CX8 and with SSE
[    2.387627] pinctrl core: initialized pinctrl subsystem
[    2.387731] RTC time: 15:15:46, date: 08/30/18
[    2.387888] NET: Registered protocol family 16
[    2.388361] ACPI: bus type PCI registered
[    2.388364] acpiphp: ACPI Hot Plug PCI Controller Driver version: 0.5
[    2.388486] PCI: MMCONFIG for domain 0000 [bus 00-ff] at [mem 0xe0000000-0xefffffff] (base 0xe0000000)
[    2.388491] PCI: not using MMCONFIG
[    2.388492] PCI: Using configuration type 1 for base access
[    2.388493] PCI: Using configuration type 1 for extended access
[    2.401777] ACPI: Added _OSI(Module Device)
[    2.401779] ACPI: Added _OSI(Processor Device)
[    2.401780] ACPI: Added _OSI(3.0 _SCP Extensions)
[    2.401781] ACPI: Added _OSI(Processor Aggregator Device)
[    2.403093] ACPI: EC: Look up EC in DSDT
[    2.458621] ACPI: Interpreter enabled
[    2.458634] ACPI: (supports S0 S5)
[    2.458636] ACPI: Using IOAPIC for interrupt routing
[    2.458870] PCI: MMCONFIG for domain 0000 [bus 00-ff] at [mem 0xe0000000-0xefffffff] (base 0xe0000000)
[    2.458908] PCI: MMCONFIG at [mem 0xe0000000-0xefffffff] reserved in ACPI motherboard resources
[    2.458953] HEST: Table parsing has been initialized.
[    2.458957] PCI: Using host bridge windows from ACPI; if necessary, use "pci=nocrs" and report a bug
[    2.458997] ACPI: Enabled 2 GPEs in block 00 to 1F
[    2.460644] ACPI: Power Resource [P0SA] (off)
[    2.460667] ACPI: Power Resource [P3SA] (off)
[    2.462673] ACPI: Power Resource [P0SA] (off)
[    2.462697] ACPI: Power Resource [P3SA] (off)
[    2.463587] ACPI: Power Resource [P0SA] (off)
[    2.463608] ACPI: Power Resource [P3SA] (off)
[    2.464487] ACPI: Power Resource [P0SA] (off)
[    2.464510] ACPI: Power Resource [P3SA] (off)
[    2.465374] ACPI: Power Resource [P0SA] (off)
[    2.465396] ACPI: Power Resource [P3SA] (off)
[    2.466260] ACPI: Power Resource [P0SA] (off)
[    2.466283] ACPI: Power Resource [P3SA] (off)
[    2.467152] ACPI: Power Resource [P0SA] (off)
[    2.467176] ACPI: Power Resource [P3SA] (off)
[    2.468019] ACPI: Power Resource [P0SA] (off)
[    2.468047] ACPI: Power Resource [P3SA] (off)
[    2.470252] ACPI: PCI Root Bridge [PCI0] (domain 0000 [bus 00-1f])
[    2.470259] acpi PNP0A08:00: _OSC: OS supports [ExtendedConfig ASPM ClockPM Segments MSI]
[    2.470437] acpi PNP0A08:00: _OSC: OS now controls [PCIeHotplug PME AER PCIeCapability]
[    2.470676] PCI host bridge to bus 0000:00
[    2.470680] pci_bus 0000:00: root bus resource [bus 00-1f]
[    2.470682] pci_bus 0000:00: root bus resource [io  0x0000-0x02e7 window]
[    2.470684] pci_bus 0000:00: root bus resource [io  0x0300-0x03af window]
[    2.470686] pci_bus 0000:00: root bus resource [io  0x0400-0x0cf7 window]
[    2.470688] pci_bus 0000:00: root bus resource [io  0x0d00-0x0fff window]
[    2.470690] pci_bus 0000:00: root bus resource [mem 0x000c0000-0x000dffff window]
[    2.470692] pci_bus 0000:00: root bus resource [mem 0xdfb00000-0xdfffffff window]
[    2.470693] pci_bus 0000:00: root bus resource [mem 0x1cd06000000-0x1ffffffffff window]
[    2.470703] pci 0000:00:00.0: [1022:1450] type 00 class 0x060000
[    2.470782] pci 0000:00:00.2: [1022:1451] type 00 class 0x080600
[    2.470871] pci 0000:00:01.0: [1022:1452] type 00 class 0x060000
[    2.470946] pci 0000:00:02.0: [1022:1452] type 00 class 0x060000
[    2.471024] pci 0000:00:03.0: [1022:1452] type 00 class 0x060000
[    2.471103] pci 0000:00:04.0: [1022:1452] type 00 class 0x060000
[    2.471182] pci 0000:00:07.0: [1022:1452] type 00 class 0x060000
[    2.471242] pci 0000:00:07.1: [1022:1454] type 01 class 0x060400
[    2.471386] pci 0000:00:07.1: PME# supported from D0 D3hot D3cold
[    2.471432] pci 0000:00:07.1: System wakeup disabled by ACPI
[    2.471475] pci 0000:00:08.0: [1022:1452] type 00 class 0x060000
[    2.471534] pci 0000:00:08.1: [1022:1454] type 01 class 0x060400
[    2.472352] pci 0000:00:08.1: PME# supported from D0 D3hot D3cold
[    2.472467] pci 0000:00:14.0: [1022:790b] type 00 class 0x0c0500
[    2.472673] pci 0000:00:14.3: [1022:790e] type 00 class 0x060100
[    2.472886] pci 0000:00:18.0: [1022:1460] type 00 class 0x060000
[    2.472934] pci 0000:00:18.1: [1022:1461] type 00 class 0x060000
[    2.472982] pci 0000:00:18.2: [1022:1462] type 00 class 0x060000
[    2.473031] pci 0000:00:18.3: [1022:1463] type 00 class 0x060000
[    2.473083] pci 0000:00:18.4: [1022:1464] type 00 class 0x060000
[    2.473131] pci 0000:00:18.5: [1022:1465] type 00 class 0x060000
[    2.473179] pci 0000:00:18.6: [1022:1466] type 00 class 0x060000
[    2.473228] pci 0000:00:18.7: [1022:1467] type 00 class 0x060000
[    2.473278] pci 0000:00:19.0: [1022:1460] type 00 class 0x060000
[    2.473330] pci 0000:00:19.1: [1022:1461] type 00 class 0x060000
[    2.473381] pci 0000:00:19.2: [1022:1462] type 00 class 0x060000
[    2.473433] pci 0000:00:19.3: [1022:1463] type 00 class 0x060000
[    2.473484] pci 0000:00:19.4: [1022:1464] type 00 class 0x060000
[    2.473535] pci 0000:00:19.5: [1022:1465] type 00 class 0x060000
[    2.473586] pci 0000:00:19.6: [1022:1466] type 00 class 0x060000
[    2.473640] pci 0000:00:19.7: [1022:1467] type 00 class 0x060000
[    2.473694] pci 0000:00:1a.0: [1022:1460] type 00 class 0x060000
[    2.473748] pci 0000:00:1a.1: [1022:1461] type 00 class 0x060000
[    2.473799] pci 0000:00:1a.2: [1022:1462] type 00 class 0x060000
[    2.473849] pci 0000:00:1a.3: [1022:1463] type 00 class 0x060000
[    2.473899] pci 0000:00:1a.4: [1022:1464] type 00 class 0x060000
[    2.473951] pci 0000:00:1a.5: [1022:1465] type 00 class 0x060000
[    2.474002] pci 0000:00:1a.6: [1022:1466] type 00 class 0x060000
[    2.474055] pci 0000:00:1a.7: [1022:1467] type 00 class 0x060000
[    2.474108] pci 0000:00:1b.0: [1022:1460] type 00 class 0x060000
[    2.474159] pci 0000:00:1b.1: [1022:1461] type 00 class 0x060000
[    2.474211] pci 0000:00:1b.2: [1022:1462] type 00 class 0x060000
[    2.474263] pci 0000:00:1b.3: [1022:1463] type 00 class 0x060000
[    2.474314] pci 0000:00:1b.4: [1022:1464] type 00 class 0x060000
[    2.474366] pci 0000:00:1b.5: [1022:1465] type 00 class 0x060000
[    2.474417] pci 0000:00:1b.6: [1022:1466] type 00 class 0x060000
[    2.474469] pci 0000:00:1b.7: [1022:1467] type 00 class 0x060000
[    2.474522] pci 0000:00:1c.0: [1022:1460] type 00 class 0x060000
[    2.474581] pci 0000:00:1c.1: [1022:1461] type 00 class 0x060000
[    2.474640] pci 0000:00:1c.2: [1022:1462] type 00 class 0x060000
[    2.474698] pci 0000:00:1c.3: [1022:1463] type 00 class 0x060000
[    2.474757] pci 0000:00:1c.4: [1022:1464] type 00 class 0x060000
[    2.474815] pci 0000:00:1c.5: [1022:1465] type 00 class 0x060000
[    2.474872] pci 0000:00:1c.6: [1022:1466] type 00 class 0x060000
[    2.474931] pci 0000:00:1c.7: [1022:1467] type 00 class 0x060000
[    2.474989] pci 0000:00:1d.0: [1022:1460] type 00 class 0x060000
[    2.475050] pci 0000:00:1d.1: [1022:1461] type 00 class 0x060000
[    2.475108] pci 0000:00:1d.2: [1022:1462] type 00 class 0x060000
[    2.475167] pci 0000:00:1d.3: [1022:1463] type 00 class 0x060000
[    2.475224] pci 0000:00:1d.4: [1022:1464] type 00 class 0x060000
[    2.475283] pci 0000:00:1d.5: [1022:1465] type 00 class 0x060000
[    2.475341] pci 0000:00:1d.6: [1022:1466] type 00 class 0x060000
[    2.475399] pci 0000:00:1d.7: [1022:1467] type 00 class 0x060000
[    2.475459] pci 0000:00:1e.0: [1022:1460] type 00 class 0x060000
[    2.475513] pci 0000:00:1e.1: [1022:1461] type 00 class 0x060000
[    2.475568] pci 0000:00:1e.2: [1022:1462] type 00 class 0x060000
[    2.475624] pci 0000:00:1e.3: [1022:1463] type 00 class 0x060000
[    2.475680] pci 0000:00:1e.4: [1022:1464] type 00 class 0x060000
[    2.475734] pci 0000:00:1e.5: [1022:1465] type 00 class 0x060000
[    2.475788] pci 0000:00:1e.6: [1022:1466] type 00 class 0x060000
[    2.475844] pci 0000:00:1e.7: [1022:1467] type 00 class 0x060000
[    2.475901] pci 0000:00:1f.0: [1022:1460] type 00 class 0x060000
[    2.475958] pci 0000:00:1f.1: [1022:1461] type 00 class 0x060000
[    2.476014] pci 0000:00:1f.2: [1022:1462] type 00 class 0x060000
[    2.476076] pci 0000:00:1f.3: [1022:1463] type 00 class 0x060000
[    2.476133] pci 0000:00:1f.4: [1022:1464] type 00 class 0x060000
[    2.476189] pci 0000:00:1f.5: [1022:1465] type 00 class 0x060000
[    2.476247] pci 0000:00:1f.6: [1022:1466] type 00 class 0x060000
[    2.476303] pci 0000:00:1f.7: [1022:1467] type 00 class 0x060000
[    2.476445] pci 0000:01:00.0: [1022:145a] type 00 class 0x130000
[    2.476542] pci 0000:01:00.2: [1022:1456] type 00 class 0x108000
[    2.476558] pci 0000:01:00.2: reg 0x18: [mem 0xdfc00000-0xdfcfffff]
[    2.476568] pci 0000:01:00.2: reg 0x24: [mem 0xdfd00000-0xdfd01fff]
[    2.476652] pci 0000:01:00.3: [1022:145f] type 00 class 0x0c0330
[    2.476666] pci 0000:01:00.3: reg 0x10: [mem 0xdfb00000-0xdfbfffff 64bit]
[    2.476718] pci 0000:01:00.3: PME# supported from D0 D3hot D3cold
[    2.476783] pci 0000:00:07.1: PCI bridge to [bus 01]
[    2.476788] pci 0000:00:07.1:   bridge window [mem 0xdfb00000-0xdfdfffff]
[    2.477404] pci 0000:02:00.0: [1022:1455] type 00 class 0x130000
[    2.477506] pci 0000:02:00.1: [1022:1468] type 00 class 0x108000
[    2.477522] pci 0000:02:00.1: reg 0x18: [mem 0xdfe00000-0xdfefffff]
[    2.477533] pci 0000:02:00.1: reg 0x24: [mem 0xdff00000-0xdff01fff]
[    2.477630] pci 0000:00:08.1: PCI bridge to [bus 02]
[    2.477635] pci 0000:00:08.1:   bridge window [mem 0xdfe00000-0xdfffffff]
[    2.477649] pci_bus 0000:00: on NUMA node 0
[    2.478349] ACPI: PCI Root Bridge [S0D1] (domain 0000 [bus 20-3f])
[    2.478353] acpi PNP0A08:01: _OSC: OS supports [ExtendedConfig ASPM ClockPM Segments MSI]
[    2.478528] acpi PNP0A08:01: _OSC: OS now controls [PCIeHotplug PME AER PCIeCapability]
[    2.478720] PCI host bridge to bus 0000:20
[    2.478723] pci_bus 0000:20: root bus resource [bus 20-3f]
[    2.478725] pci_bus 0000:20: root bus resource [io  0x03b0-0x03df window]
[    2.478727] pci_bus 0000:20: root bus resource [io  0x1000-0x1fff window]
[    2.478728] pci_bus 0000:20: root bus resource [mem 0x000a0000-0x000bffff window]
[    2.478730] pci_bus 0000:20: root bus resource [mem 0xd8000000-0xdf9fffff window]
[    2.478732] pci_bus 0000:20: root bus resource [mem 0x19a0c000000-0x1cd05ffffff window]
[    2.478738] pci 0000:20:00.0: [1022:1450] type 00 class 0x060000
[    2.478803] pci 0000:20:00.2: [1022:1451] type 00 class 0x080600
[    2.478892] pci 0000:20:01.0: [1022:1452] type 00 class 0x060000
[    2.478955] pci 0000:20:01.1: [1022:1453] type 01 class 0x060400
[    2.479323] pci 0000:20:01.1: PME# supported from D0 D3hot D3cold
[    2.479408] pci 0000:20:02.0: [1022:1452] type 00 class 0x060000
[    2.479483] pci 0000:20:03.0: [1022:1452] type 00 class 0x060000
[    2.479557] pci 0000:20:04.0: [1022:1452] type 00 class 0x060000
[    2.479636] pci 0000:20:07.0: [1022:1452] type 00 class 0x060000
[    2.479697] pci 0000:20:07.1: [1022:1454] type 01 class 0x060400
[    2.480263] pci 0000:20:07.1: PME# supported from D0 D3hot D3cold
[    2.480303] pci 0000:20:07.1: System wakeup disabled by ACPI
[    2.480345] pci 0000:20:08.0: [1022:1452] type 00 class 0x060000
[    2.480405] pci 0000:20:08.1: [1022:1454] type 01 class 0x060400
[    2.480519] pci 0000:20:08.1: PME# supported from D0 D3hot D3cold
[    2.480733] pci 0000:21:00.0: [1a03:1150] type 01 class 0x060400
[    2.480853] pci 0000:21:00.0: supports D1 D2
[    2.480855] pci 0000:21:00.0: PME# supported from D0 D1 D2 D3hot D3cold
[    2.482051] pci 0000:20:01.1: PCI bridge to [bus 21-22]
[    2.482056] pci 0000:20:01.1:   bridge window [io  0x1000-0x1fff]
[    2.482058] pci 0000:20:01.1:   bridge window [mem 0xd8000000-0xdc0fffff]
[    2.482124] pci 0000:22:00.0: [1a03:2000] type 00 class 0x030000
[    2.482149] pci 0000:22:00.0: reg 0x10: [mem 0xd8000000-0xdbffffff]
[    2.482163] pci 0000:22:00.0: reg 0x14: [mem 0xdc000000-0xdc01ffff]
[    2.482177] pci 0000:22:00.0: reg 0x18: [io  0x1000-0x107f]
[    2.482277] pci 0000:22:00.0: supports D1 D2
[    2.482279] pci 0000:22:00.0: PME# supported from D0 D1 D2 D3hot D3cold
[    2.482371] pci 0000:21:00.0: PCI bridge to [bus 22]
[    2.482378] pci 0000:21:00.0:   bridge window [io  0x1000-0x1fff]
[    2.482383] pci 0000:21:00.0:   bridge window [mem 0xd8000000-0xdc0fffff]
[    2.482476] pci 0000:23:00.0: [1022:145a] type 00 class 0x130000
[    2.482580] pci 0000:23:00.2: [1022:1456] type 00 class 0x108000
[    2.482596] pci 0000:23:00.2: reg 0x18: [mem 0xdc300000-0xdc3fffff]
[    2.482607] pci 0000:23:00.2: reg 0x24: [mem 0xdc400000-0xdc401fff]
[    2.482694] pci 0000:23:00.3: [1022:145f] type 00 class 0x0c0330
[    2.482709] pci 0000:23:00.3: reg 0x10: [mem 0xdc200000-0xdc2fffff 64bit]
[    2.482767] pci 0000:23:00.3: PME# supported from D0 D3hot D3cold
[    2.482833] pci 0000:20:07.1: PCI bridge to [bus 23]
[    2.482838] pci 0000:20:07.1:   bridge window [mem 0xdc200000-0xdc4fffff]
[    2.483303] pci 0000:24:00.0: [1022:1455] type 00 class 0x130000
[    2.483415] pci 0000:24:00.1: [1022:1468] type 00 class 0x108000
[    2.483433] pci 0000:24:00.1: reg 0x18: [mem 0xdc500000-0xdc5fffff]
[    2.483444] pci 0000:24:00.1: reg 0x24: [mem 0xdc600000-0xdc601fff]
[    2.483547] pci 0000:20:08.1: PCI bridge to [bus 24]
[    2.483552] pci 0000:20:08.1:   bridge window [mem 0xdc500000-0xdc6fffff]
[    2.483571] pci_bus 0000:20: on NUMA node 1
[    2.483796] ACPI: PCI Root Bridge [S0D2] (domain 0000 [bus 40-5f])
[    2.483800] acpi PNP0A08:02: _OSC: OS supports [ExtendedConfig ASPM ClockPM Segments MSI]
[    2.483968] acpi PNP0A08:02: _OSC: OS now controls [PCIeHotplug PME AER PCIeCapability]
[    2.484135] PCI host bridge to bus 0000:40
[    2.484138] pci_bus 0000:40: root bus resource [bus 40-5f]
[    2.484140] pci_bus 0000:40: root bus resource [io  0x2000-0x3fff window]
[    2.484142] pci_bus 0000:40: root bus resource [mem 0xd5900000-0xd7dfffff window]
[    2.484145] pci_bus 0000:40: root bus resource [mem 0x16712000000-0x19a0bffffff window]
[    2.484151] pci 0000:40:00.0: [1022:1450] type 00 class 0x060000
[    2.484216] pci 0000:40:00.2: [1022:1451] type 00 class 0x080600
[    2.484307] pci 0000:40:01.0: [1022:1452] type 00 class 0x060000
[    2.484381] pci 0000:40:02.0: [1022:1452] type 00 class 0x060000
[    2.484456] pci 0000:40:03.0: [1022:1452] type 00 class 0x060000
[    2.484517] pci 0000:40:03.1: [1022:1453] type 01 class 0x060400
[    2.484648] pci 0000:40:03.1: PME# supported from D0 D3hot D3cold
[    2.484734] pci 0000:40:04.0: [1022:1452] type 00 class 0x060000
[    2.484818] pci 0000:40:07.0: [1022:1452] type 00 class 0x060000
[    2.484878] pci 0000:40:07.1: [1022:1454] type 01 class 0x060400
[    2.484990] pci 0000:40:07.1: PME# supported from D0 D3hot D3cold
[    2.485029] pci 0000:40:07.1: System wakeup disabled by ACPI
[    2.485076] pci 0000:40:08.0: [1022:1452] type 00 class 0x060000
[    2.485136] pci 0000:40:08.1: [1022:1454] type 01 class 0x060400
[    2.485569] pci 0000:40:08.1: PME# supported from D0 D3hot D3cold
[    2.485792] pci 0000:41:00.0: [8086:10d3] type 00 class 0x020000
[    2.485823] pci 0000:41:00.0: reg 0x10: [mem 0xd7dc0000-0xd7ddffff]
[    2.485838] pci 0000:41:00.0: reg 0x14: [mem 0xd7d00000-0xd7d7ffff]
[    2.485854] pci 0000:41:00.0: reg 0x18: [io  0x2000-0x201f]
[    2.485870] pci 0000:41:00.0: reg 0x1c: [mem 0xd7de0000-0xd7de3fff]
[    2.485913] pci 0000:41:00.0: reg 0x30: [mem 0xd7d80000-0xd7dbffff pref]
[    2.486007] pci 0000:41:00.0: PME# supported from D0 D3hot D3cold
[    2.488056] pci 0000:40:03.1: PCI bridge to [bus 41]
[    2.488060] pci 0000:40:03.1:   bridge window [io  0x2000-0x2fff]
[    2.488063] pci 0000:40:03.1:   bridge window [mem 0xd7d00000-0xd7dfffff]
[    2.488568] pci 0000:42:00.0: [1022:145a] type 00 class 0x130000
[    2.488672] pci 0000:42:00.2: [1022:1456] type 00 class 0x108000
[    2.488688] pci 0000:42:00.2: reg 0x18: [mem 0xd7b00000-0xd7bfffff]
[    2.488699] pci 0000:42:00.2: reg 0x24: [mem 0xd7c00000-0xd7c01fff]
[    2.488794] pci 0000:40:07.1: PCI bridge to [bus 42]
[    2.488799] pci 0000:40:07.1:   bridge window [mem 0xd7b00000-0xd7cfffff]
[    2.488888] pci 0000:43:00.0: [1022:1455] type 00 class 0x130000
[    2.489000] pci 0000:43:00.1: [1022:1468] type 00 class 0x108000
[    2.489017] pci 0000:43:00.1: reg 0x18: [mem 0xd7900000-0xd79fffff]
[    2.489029] pci 0000:43:00.1: reg 0x24: [mem 0xd7a00000-0xd7a01fff]
[    2.489136] pci 0000:40:08.1: PCI bridge to [bus 43]
[    2.489142] pci 0000:40:08.1:   bridge window [mem 0xd7900000-0xd7afffff]
[    2.489160] pci_bus 0000:40: on NUMA node 2
[    2.489382] ACPI: PCI Root Bridge [S0D3] (domain 0000 [bus 60-7f])
[    2.489386] acpi PNP0A08:03: _OSC: OS supports [ExtendedConfig ASPM ClockPM Segments MSI]
[    2.489555] acpi PNP0A08:03: _OSC: OS now controls [PCIeHotplug PME AER PCIeCapability]
[    2.489719] PCI host bridge to bus 0000:60
[    2.489721] pci_bus 0000:60: root bus resource [bus 60-7f]
[    2.489723] pci_bus 0000:60: root bus resource [mem 0xd5300000-0xd56fffff window]
[    2.489725] pci_bus 0000:60: root bus resource [mem 0x13418000000-0x16711ffffff window]
[    2.489731] pci 0000:60:00.0: [1022:1450] type 00 class 0x060000
[    2.489795] pci 0000:60:00.2: [1022:1451] type 00 class 0x080600
[    2.489883] pci 0000:60:01.0: [1022:1452] type 00 class 0x060000
[    2.489958] pci 0000:60:02.0: [1022:1452] type 00 class 0x060000
[    2.490034] pci 0000:60:03.0: [1022:1452] type 00 class 0x060000
[    2.490112] pci 0000:60:04.0: [1022:1452] type 00 class 0x060000
[    2.490191] pci 0000:60:07.0: [1022:1452] type 00 class 0x060000
[    2.490252] pci 0000:60:07.1: [1022:1454] type 01 class 0x060400
[    2.490758] pci 0000:60:07.1: PME# supported from D0 D3hot D3cold
[    2.490797] pci 0000:60:07.1: System wakeup disabled by ACPI
[    2.490839] pci 0000:60:08.0: [1022:1452] type 00 class 0x060000
[    2.490901] pci 0000:60:08.1: [1022:1454] type 01 class 0x060400
[    2.491014] pci 0000:60:08.1: PME# supported from D0 D3hot D3cold
[    2.491239] pci 0000:61:00.0: [1022:145a] type 00 class 0x130000
[    2.491343] pci 0000:61:00.2: [1022:1456] type 00 class 0x108000
[    2.491360] pci 0000:61:00.2: reg 0x18: [mem 0xd5500000-0xd55fffff]
[    2.491371] pci 0000:61:00.2: reg 0x24: [mem 0xd5600000-0xd5601fff]
[    2.491470] pci 0000:60:07.1: PCI bridge to [bus 61]
[    2.491475] pci 0000:60:07.1:   bridge window [mem 0xd5500000-0xd56fffff]
[    2.491741] pci 0000:62:00.0: [1022:1455] type 00 class 0x130000
[    2.491851] pci 0000:62:00.1: [1022:1468] type 00 class 0x108000
[    2.491868] pci 0000:62:00.1: reg 0x18: [mem 0xd5300000-0xd53fffff]
[    2.491880] pci 0000:62:00.1: reg 0x24: [mem 0xd5400000-0xd5401fff]
[    2.491983] pci 0000:60:08.1: PCI bridge to [bus 62]
[    2.491988] pci 0000:60:08.1:   bridge window [mem 0xd5300000-0xd54fffff]
[    2.492001] pci_bus 0000:60: on NUMA node 3
[    2.492225] ACPI: PCI Root Bridge [S1D0] (domain 0000 [bus 80-9f])
[    2.492228] acpi PNP0A08:04: _OSC: OS supports [ExtendedConfig ASPM ClockPM Segments MSI]
[    2.492397] acpi PNP0A08:04: _OSC: OS now controls [PCIeHotplug PME AER PCIeCapability]
[    2.492561] PCI host bridge to bus 0000:80
[    2.492563] pci_bus 0000:80: root bus resource [bus 80-9f]
[    2.492565] pci_bus 0000:80: root bus resource [mem 0xd4d00000-0xd50fffff window]
[    2.492567] pci_bus 0000:80: root bus resource [mem 0x1011e000000-0x13417ffffff window]
[    2.492573] pci 0000:80:00.0: [1022:1450] type 00 class 0x060000
[    2.492646] pci 0000:80:00.2: [1022:1451] type 00 class 0x080600
[    2.492746] pci 0000:80:01.0: [1022:1452] type 00 class 0x060000
[    2.492828] pci 0000:80:02.0: [1022:1452] type 00 class 0x060000
[    2.492909] pci 0000:80:03.0: [1022:1452] type 00 class 0x060000
[    2.492990] pci 0000:80:04.0: [1022:1452] type 00 class 0x060000
[    2.493080] pci 0000:80:07.0: [1022:1452] type 00 class 0x060000
[    2.493147] pci 0000:80:07.1: [1022:1454] type 01 class 0x060400
[    2.493278] pci 0000:80:07.1: PME# supported from D0 D3hot D3cold
[    2.493322] pci 0000:80:07.1: System wakeup disabled by ACPI
[    2.493366] pci 0000:80:08.0: [1022:1452] type 00 class 0x060000
[    2.493434] pci 0000:80:08.1: [1022:1454] type 01 class 0x060400
[    2.494138] pci 0000:80:08.1: PME# supported from D0 D3hot D3cold
[    2.494356] pci 0000:81:00.0: [1022:145a] type 00 class 0x130000
[    2.494478] pci 0000:81:00.2: [1022:1456] type 00 class 0x108000
[    2.494498] pci 0000:81:00.2: reg 0x18: [mem 0xd4f00000-0xd4ffffff]
[    2.494511] pci 0000:81:00.2: reg 0x24: [mem 0xd5000000-0xd5001fff]
[    2.494622] pci 0000:80:07.1: PCI bridge to [bus 81]
[    2.494628] pci 0000:80:07.1:   bridge window [mem 0xd4f00000-0xd50fffff]
[    2.495114] pci 0000:82:00.0: [1022:1455] type 00 class 0x130000
[    2.495241] pci 0000:82:00.1: [1022:1468] type 00 class 0x108000
[    2.495262] pci 0000:82:00.1: reg 0x18: [mem 0xd4d00000-0xd4dfffff]
[    2.495275] pci 0000:82:00.1: reg 0x24: [mem 0xd4e00000-0xd4e01fff]
[    2.495391] pci 0000:80:08.1: PCI bridge to [bus 82]
[    2.495397] pci 0000:80:08.1:   bridge window [mem 0xd4d00000-0xd4efffff]
[    2.495413] pci_bus 0000:80: on NUMA node 4
[    2.495637] ACPI: PCI Root Bridge [S1D1] (domain 0000 [bus a0-bf])
[    2.495641] acpi PNP0A08:05: _OSC: OS supports [ExtendedConfig ASPM ClockPM Segments MSI]
[    2.495808] acpi PNP0A08:05: _OSC: OS now controls [PCIeHotplug PME AER PCIeCapability]
[    2.495972] PCI host bridge to bus 0000:a0
[    2.495975] pci_bus 0000:a0: root bus resource [bus a0-bf]
[    2.495976] pci_bus 0000:a0: root bus resource [mem 0xd4700000-0xd4afffff window]
[    2.495978] pci_bus 0000:a0: root bus resource [mem 0xca06000000-0xfcffffffff window]
[    2.495985] pci 0000:a0:00.0: [1022:1450] type 00 class 0x060000
[    2.496060] pci 0000:a0:00.2: [1022:1451] type 00 class 0x080600
[    2.496159] pci 0000:a0:01.0: [1022:1452] type 00 class 0x060000
[    2.496239] pci 0000:a0:02.0: [1022:1452] type 00 class 0x060000
[    2.496320] pci 0000:a0:03.0: [1022:1452] type 00 class 0x060000
[    2.496403] pci 0000:a0:04.0: [1022:1452] type 00 class 0x060000
[    2.496489] pci 0000:a0:07.0: [1022:1452] type 00 class 0x060000
[    2.496557] pci 0000:a0:07.1: [1022:1454] type 01 class 0x060400
[    2.496845] pci 0000:a0:07.1: PME# supported from D0 D3hot D3cold
[    2.496890] pci 0000:a0:07.1: System wakeup disabled by ACPI
[    2.496933] pci 0000:a0:08.0: [1022:1452] type 00 class 0x060000
[    2.497001] pci 0000:a0:08.1: [1022:1454] type 01 class 0x060400
[    2.497134] pci 0000:a0:08.1: PME# supported from D0 D3hot D3cold
[    2.497791] pci 0000:a1:00.0: [1022:145a] type 00 class 0x130000
[    2.497910] pci 0000:a1:00.2: [1022:1456] type 00 class 0x108000
[    2.497930] pci 0000:a1:00.2: reg 0x18: [mem 0xd4900000-0xd49fffff]
[    2.497943] pci 0000:a1:00.2: reg 0x24: [mem 0xd4a00000-0xd4a01fff]
[    2.498056] pci 0000:a0:07.1: PCI bridge to [bus a1]
[    2.498062] pci 0000:a0:07.1:   bridge window [mem 0xd4900000-0xd4afffff]
[    2.498159] pci 0000:a2:00.0: [1022:1455] type 00 class 0x130000
[    2.498288] pci 0000:a2:00.1: [1022:1468] type 00 class 0x108000
[    2.498309] pci 0000:a2:00.1: reg 0x18: [mem 0xd4700000-0xd47fffff]
[    2.498322] pci 0000:a2:00.1: reg 0x24: [mem 0xd4800000-0xd4801fff]
[    2.498426] pci 0000:a2:00.2: [1022:7901] type 00 class 0x010601
[    2.498468] pci 0000:a2:00.2: reg 0x24: [mem 0xd4802000-0xd4802fff]
[    2.498517] pci 0000:a2:00.2: PME# supported from D3hot D3cold
[    2.498594] pci 0000:a0:08.1: PCI bridge to [bus a2]
[    2.498600] pci 0000:a0:08.1:   bridge window [mem 0xd4700000-0xd48fffff]
[    2.498616] pci_bus 0000:a0: on NUMA node 5
[    2.498844] ACPI: PCI Root Bridge [S1D2] (domain 0000 [bus c0-df])
[    2.498848] acpi PNP0A08:06: _OSC: OS supports [ExtendedConfig ASPM ClockPM Segments MSI]
[    2.499016] acpi PNP0A08:06: _OSC: OS now controls [PCIeHotplug PME AER PCIeCapability]
[    2.499184] PCI host bridge to bus 0000:c0
[    2.499186] pci_bus 0000:c0: root bus resource [bus c0-df]
[    2.499188] pci_bus 0000:c0: root bus resource [mem 0xd4100000-0xd44fffff window]
[    2.499190] pci_bus 0000:c0: root bus resource [mem 0x970c000000-0xca05ffffff window]
[    2.499196] pci 0000:c0:00.0: [1022:1450] type 00 class 0x060000
[    2.499263] pci 0000:c0:00.2: [1022:1451] type 00 class 0x080600
[    2.499357] pci 0000:c0:01.0: [1022:1452] type 00 class 0x060000
[    2.499435] pci 0000:c0:02.0: [1022:1452] type 00 class 0x060000
[    2.499512] pci 0000:c0:03.0: [1022:1452] type 00 class 0x060000
[    2.499590] pci 0000:c0:04.0: [1022:1452] type 00 class 0x060000
[    2.499676] pci 0000:c0:07.0: [1022:1452] type 00 class 0x060000
[    2.499739] pci 0000:c0:07.1: [1022:1454] type 01 class 0x060400
[    2.499865] pci 0000:c0:07.1: PME# supported from D0 D3hot D3cold
[    2.499906] pci 0000:c0:07.1: System wakeup disabled by ACPI
[    2.499949] pci 0000:c0:08.0: [1022:1452] type 00 class 0x060000
[    2.500016] pci 0000:c0:08.1: [1022:1454] type 01 class 0x060400
[    2.500143] pci 0000:c0:08.1: PME# supported from D0 D3hot D3cold
[    2.500794] pci 0000:c1:00.0: [1022:145a] type 00 class 0x130000
[    2.500906] pci 0000:c1:00.2: [1022:1456] type 00 class 0x108000
[    2.500925] pci 0000:c1:00.2: reg 0x18: [mem 0xd4300000-0xd43fffff]
[    2.500937] pci 0000:c1:00.2: reg 0x24: [mem 0xd4400000-0xd4401fff]
[    2.501045] pci 0000:c0:07.1: PCI bridge to [bus c1]
[    2.501050] pci 0000:c0:07.1:   bridge window [mem 0xd4300000-0xd44fffff]
[    2.501144] pci 0000:c2:00.0: [1022:1455] type 00 class 0x130000
[    2.501262] pci 0000:c2:00.1: [1022:1468] type 00 class 0x108000
[    2.501281] pci 0000:c2:00.1: reg 0x18: [mem 0xd4100000-0xd41fffff]
[    2.501294] pci 0000:c2:00.1: reg 0x24: [mem 0xd4200000-0xd4201fff]
[    2.501407] pci 0000:c0:08.1: PCI bridge to [bus c2]
[    2.501413] pci 0000:c0:08.1:   bridge window [mem 0xd4100000-0xd42fffff]
[    2.501428] pci_bus 0000:c0: on NUMA node 6
[    2.501650] ACPI: PCI Root Bridge [S1D3] (domain 0000 [bus e0-ff])
[    2.501654] acpi PNP0A08:07: _OSC: OS supports [ExtendedConfig ASPM ClockPM Segments MSI]
[    2.501822] acpi PNP0A08:07: _OSC: OS now controls [PCIeHotplug PME AER PCIeCapability]
[    2.501987] PCI host bridge to bus 0000:e0
[    2.501989] pci_bus 0000:e0: root bus resource [bus e0-ff]
[    2.501991] pci_bus 0000:e0: root bus resource [mem 0xd3b00000-0xd3efffff window]
[    2.501993] pci_bus 0000:e0: root bus resource [mem 0x6412000000-0x970bffffff window]
[    2.501999] pci 0000:e0:00.0: [1022:1450] type 00 class 0x060000
[    2.502075] pci 0000:e0:00.2: [1022:1451] type 00 class 0x080600
[    2.502173] pci 0000:e0:01.0: [1022:1452] type 00 class 0x060000
[    2.502254] pci 0000:e0:02.0: [1022:1452] type 00 class 0x060000
[    2.502334] pci 0000:e0:03.0: [1022:1452] type 00 class 0x060000
[    2.502414] pci 0000:e0:04.0: [1022:1452] type 00 class 0x060000
[    2.502499] pci 0000:e0:07.0: [1022:1452] type 00 class 0x060000
[    2.502566] pci 0000:e0:07.1: [1022:1454] type 01 class 0x060400
[    2.502699] pci 0000:e0:07.1: PME# supported from D0 D3hot D3cold
[    2.502742] pci 0000:e0:07.1: System wakeup disabled by ACPI
[    2.502787] pci 0000:e0:08.0: [1022:1452] type 00 class 0x060000
[    2.502853] pci 0000:e0:08.1: [1022:1454] type 01 class 0x060400
[    2.502990] pci 0000:e0:08.1: PME# supported from D0 D3hot D3cold
[    2.503691] pci 0000:e1:00.0: [1022:145a] type 00 class 0x130000
[    2.503809] pci 0000:e1:00.2: [1022:1456] type 00 class 0x108000
[    2.503829] pci 0000:e1:00.2: reg 0x18: [mem 0xd3d00000-0xd3dfffff]
[    2.503842] pci 0000:e1:00.2: reg 0x24: [mem 0xd3e00000-0xd3e01fff]
[    2.503949] pci 0000:e0:07.1: PCI bridge to [bus e1]
[    2.503955] pci 0000:e0:07.1:   bridge window [mem 0xd3d00000-0xd3efffff]
[    2.504056] pci 0000:e2:00.0: [1022:1455] type 00 class 0x130000
[    2.504181] pci 0000:e2:00.1: [1022:1468] type 00 class 0x108000
[    2.504201] pci 0000:e2:00.1: reg 0x18: [mem 0xd3b00000-0xd3bfffff]
[    2.504214] pci 0000:e2:00.1: reg 0x24: [mem 0xd3c00000-0xd3c01fff]
[    2.504331] pci 0000:e0:08.1: PCI bridge to [bus e2]
[    2.504337] pci 0000:e0:08.1:   bridge window [mem 0xd3b00000-0xd3cfffff]
[    2.504353] pci_bus 0000:e0: on NUMA node 7
[    2.504534] ACPI: PCI Interrupt Link [LNKA] (IRQs 4 5 7 10 *11 14 15)
[    2.504587] ACPI: PCI Interrupt Link [LNKB] (IRQs 4 *5 7 10 11 14 15)
[    2.504636] ACPI: PCI Interrupt Link [LNKC] (IRQs 4 *5 7 10 11 14 15)
[    2.504692] ACPI: PCI Interrupt Link [LNKD] (IRQs 4 5 7 10 11 14 15) *0
[    2.504742] ACPI: PCI Interrupt Link [LNKE] (IRQs 4 5 7 10 *11 14 15)
[    2.504783] ACPI: PCI Interrupt Link [LNKF] (IRQs 4 5 7 *10 11 14 15)
[    2.504824] ACPI: PCI Interrupt Link [LNKG] (IRQs 4 5 7 *10 11 14 15)
[    2.504865] ACPI: PCI Interrupt Link [LNKH] (IRQs 4 5 7 10 11 14 15) *0
[    2.505070] vgaarb: device added: PCI:0000:22:00.0,decodes=io+mem,owns=io+mem,locks=none
[    2.505081] vgaarb: loaded
[    2.505082] vgaarb: bridge control possible 0000:22:00.0
[    2.505205] SCSI subsystem initialized
[    2.505231] ACPI: bus type USB registered
[    2.505249] usbcore: registered new interface driver usbfs
[    2.505258] usbcore: registered new interface driver hub
[    2.505535] usbcore: registered new device driver usb
[    2.505942] EDAC MC: Ver: 3.0.0
[    2.506377] PCI: Using ACPI for IRQ routing
[    2.525658] PCI: pci_cache_line_size set to 64 bytes
[    2.525907] e820: reserve RAM buffer [mem 0x75db0000-0x77ffffff]
[    2.525908] e820: reserve RAM buffer [mem 0x9384b018-0x93ffffff]
[    2.525910] e820: reserve RAM buffer [mem 0x9387c018-0x93ffffff]
[    2.525911] e820: reserve RAM buffer [mem 0xc8de5000-0xcbffffff]
[    2.525913] e820: reserve RAM buffer [mem 0xca311000-0xcbffffff]
[    2.525914] e820: reserve RAM buffer [mem 0x82f380000-0x82fffffff]
[    2.525916] e820: reserve RAM buffer [mem 0x102ff80000-0x102fffffff]
[    2.525917] e820: reserve RAM buffer [mem 0x182ff80000-0x182fffffff]
[    2.525918] e820: reserve RAM buffer [mem 0x202ff80000-0x202fffffff]
[    2.525919] e820: reserve RAM buffer [mem 0x282ff80000-0x282fffffff]
[    2.525921] e820: reserve RAM buffer [mem 0x302ff80000-0x302fffffff]
[    2.525922] e820: reserve RAM buffer [mem 0x382ff80000-0x382fffffff]
[    2.525923] e820: reserve RAM buffer [mem 0x402ff80000-0x402fffffff]
[    2.526096] NetLabel: Initializing
[    2.526098] NetLabel:  domain hash size = 128
[    2.526099] NetLabel:  protocols = UNLABELED CIPSOv4
[    2.526116] NetLabel:  unlabeled traffic allowed by default
[    2.526157] hpet0: at MMIO 0xfed00000, IRQs 2, 8, 0
[    2.526160] hpet0: 3 comparators, 32-bit 14.318180 MHz counter
[    2.528437] Switched to clocksource hpet
[    2.533307] pnp: PnP ACPI init
[    2.533319] ACPI: bus type PNP registered
[    2.533471] system 00:00: [mem 0xe0000000-0xefffffff] has been reserved
[    2.533474] system 00:00: Plug and Play ACPI device, IDs PNP0c01 (active)
[    2.533635] pnp 00:01: Plug and Play ACPI device, IDs PNP0b00 (active)
[    2.533888] system 00:02: [io  0x04d0-0x04d1] has been reserved
[    2.533890] system 00:02: [io  0x040b] has been reserved
[    2.533892] system 00:02: [io  0x04d6] has been reserved
[    2.533894] system 00:02: [io  0x0c00-0x0c01] has been reserved
[    2.533896] system 00:02: [io  0x0c14] has been reserved
[    2.533898] system 00:02: [io  0x0c50-0x0c51] has been reserved
[    2.533900] system 00:02: [io  0x0c52] has been reserved
[    2.533902] system 00:02: [io  0x0c6c] has been reserved
[    2.533904] system 00:02: [io  0x0c6f] has been reserved
[    2.533905] system 00:02: [io  0x0cd0-0x0cd1] has been reserved
[    2.533907] system 00:02: [io  0x0cd2-0x0cd3] has been reserved
[    2.533909] system 00:02: [io  0x0cd4-0x0cd5] has been reserved
[    2.533911] system 00:02: [io  0x0cd6-0x0cd7] has been reserved
[    2.533913] system 00:02: [io  0x0cd8-0x0cdf] has been reserved
[    2.533915] system 00:02: [io  0x0800-0x089f] could not be reserved
[    2.533917] system 00:02: [io  0x0b00-0x0b0f] has been reserved
[    2.533918] system 00:02: [io  0x0b20-0x0b3f] has been reserved
[    2.533920] system 00:02: [io  0x0900-0x090f] has been reserved
[    2.533922] system 00:02: [io  0x0910-0x091f] has been reserved
[    2.533924] system 00:02: [io  0xfe00-0xfefe] has been reserved
[    2.533927] system 00:02: [mem 0xfec00000-0xfec00fff] could not be reserved
[    2.533929] system 00:02: [mem 0xfec01000-0xfec01fff] has been reserved
[    2.533931] system 00:02: [mem 0xfedc0000-0xfedc0fff] has been reserved
[    2.533933] system 00:02: [mem 0xfee00000-0xfee00fff] has been reserved
[    2.533935] system 00:02: [mem 0xfed80000-0xfed8ffff] could not be reserved
[    2.533937] system 00:02: [mem 0xfed61000-0xfed70fff] has been reserved
[    2.533939] system 00:02: [mem 0xfec10000-0xfec10fff] has been reserved
[    2.533941] system 00:02: [mem 0xff000000-0xffffffff] has been reserved
[    2.533943] system 00:02: Plug and Play ACPI device, IDs PNP0c02 (active)
[    2.534183] pnp 00:03: Plug and Play ACPI device, IDs PNP0501 (active)
[    2.534252] pnp 00:04: Plug and Play ACPI device, IDs PNP0501 (active)
[    2.535219] pnp: PnP ACPI: found 5 devices
[    2.535221] ACPI: bus type PNP unregistered
[    2.542386] pci 0000:00:07.1: PCI bridge to [bus 01]
[    2.542391] pci 0000:00:07.1:   bridge window [mem 0xdfb00000-0xdfdfffff]
[    2.542407] pci 0000:00:08.1: PCI bridge to [bus 02]
[    2.542410] pci 0000:00:08.1:   bridge window [mem 0xdfe00000-0xdfffffff]
[    2.542419] pci_bus 0000:00: resource 4 [io  0x0000-0x02e7 window]
[    2.542421] pci_bus 0000:00: resource 5 [io  0x0300-0x03af window]
[    2.542423] pci_bus 0000:00: resource 6 [io  0x0400-0x0cf7 window]
[    2.542425] pci_bus 0000:00: resource 7 [io  0x0d00-0x0fff window]
[    2.542427] pci_bus 0000:00: resource 8 [mem 0x000c0000-0x000dffff window]
[    2.542428] pci_bus 0000:00: resource 9 [mem 0xdfb00000-0xdfffffff window]
[    2.542430] pci_bus 0000:00: resource 10 [mem 0x1cd06000000-0x1ffffffffff window]
[    2.542433] pci_bus 0000:01: resource 1 [mem 0xdfb00000-0xdfdfffff]
[    2.542435] pci_bus 0000:02: resource 1 [mem 0xdfe00000-0xdfffffff]
[    2.542472] pci 0000:21:00.0: PCI bridge to [bus 22]
[    2.542476] pci 0000:21:00.0:   bridge window [io  0x1000-0x1fff]
[    2.542483] pci 0000:21:00.0:   bridge window [mem 0xd8000000-0xdc0fffff]
[    2.542498] pci 0000:20:01.1: PCI bridge to [bus 21-22]
[    2.542500] pci 0000:20:01.1:   bridge window [io  0x1000-0x1fff]
[    2.542505] pci 0000:20:01.1:   bridge window [mem 0xd8000000-0xdc0fffff]
[    2.542514] pci 0000:20:07.1: PCI bridge to [bus 23]
[    2.542519] pci 0000:20:07.1:   bridge window [mem 0xdc200000-0xdc4fffff]
[    2.542527] pci 0000:20:08.1: PCI bridge to [bus 24]
[    2.542532] pci 0000:20:08.1:   bridge window [mem 0xdc500000-0xdc6fffff]
[    2.542541] pci_bus 0000:20: resource 4 [io  0x03b0-0x03df window]
[    2.542542] pci_bus 0000:20: resource 5 [io  0x1000-0x1fff window]
[    2.542544] pci_bus 0000:20: resource 6 [mem 0x000a0000-0x000bffff window]
[    2.542546] pci_bus 0000:20: resource 7 [mem 0xd8000000-0xdf9fffff window]
[    2.542548] pci_bus 0000:20: resource 8 [mem 0x19a0c000000-0x1cd05ffffff window]
[    2.542550] pci_bus 0000:21: resource 0 [io  0x1000-0x1fff]
[    2.542552] pci_bus 0000:21: resource 1 [mem 0xd8000000-0xdc0fffff]
[    2.542554] pci_bus 0000:22: resource 0 [io  0x1000-0x1fff]
[    2.542556] pci_bus 0000:22: resource 1 [mem 0xd8000000-0xdc0fffff]
[    2.542557] pci_bus 0000:23: resource 1 [mem 0xdc200000-0xdc4fffff]
[    2.542559] pci_bus 0000:24: resource 1 [mem 0xdc500000-0xdc6fffff]
[    2.542569] pci 0000:40:03.1: bridge window [mem 0x00100000-0x000fffff 64bit pref] to [bus 41] add_size 200000 add_align 100000
[    2.542582] pci 0000:40:03.1: res[15]=[mem 0x00100000-0x000fffff 64bit pref] res_to_dev_res add_size 200000 min_align 100000
[    2.542585] pci 0000:40:03.1: res[15]=[mem 0x00100000-0x002fffff 64bit pref] res_to_dev_res add_size 200000 min_align 100000
[    2.542591] pci 0000:40:03.1: BAR 15: assigned [mem 0x16712000000-0x167121fffff 64bit pref]
[    2.542593] pci 0000:40:03.1: PCI bridge to [bus 41]
[    2.542596] pci 0000:40:03.1:   bridge window [io  0x2000-0x2fff]
[    2.542599] pci 0000:40:03.1:   bridge window [mem 0xd7d00000-0xd7dfffff]
[    2.542602] pci 0000:40:03.1:   bridge window [mem 0x16712000000-0x167121fffff 64bit pref]
[    2.542607] pci 0000:40:07.1: PCI bridge to [bus 42]
[    2.542610] pci 0000:40:07.1:   bridge window [mem 0xd7b00000-0xd7cfffff]
[    2.542616] pci 0000:40:08.1: PCI bridge to [bus 43]
[    2.542619] pci 0000:40:08.1:   bridge window [mem 0xd7900000-0xd7afffff]
[    2.542625] pci_bus 0000:40: resource 4 [io  0x2000-0x3fff window]
[    2.542626] pci_bus 0000:40: resource 5 [mem 0xd5900000-0xd7dfffff window]
[    2.542628] pci_bus 0000:40: resource 6 [mem 0x16712000000-0x19a0bffffff window]
[    2.542630] pci_bus 0000:41: resource 0 [io  0x2000-0x2fff]
[    2.542632] pci_bus 0000:41: resource 1 [mem 0xd7d00000-0xd7dfffff]
[    2.542634] pci_bus 0000:41: resource 2 [mem 0x16712000000-0x167121fffff 64bit pref]
[    2.542636] pci_bus 0000:42: resource 1 [mem 0xd7b00000-0xd7cfffff]
[    2.542637] pci_bus 0000:43: resource 1 [mem 0xd7900000-0xd7afffff]
[    2.542654] pci 0000:60:07.1: PCI bridge to [bus 61]
[    2.542659] pci 0000:60:07.1:   bridge window [mem 0xd5500000-0xd56fffff]
[    2.542668] pci 0000:60:08.1: PCI bridge to [bus 62]
[    2.542673] pci 0000:60:08.1:   bridge window [mem 0xd5300000-0xd54fffff]
[    2.542681] pci_bus 0000:60: resource 4 [mem 0xd5300000-0xd56fffff window]
[    2.542683] pci_bus 0000:60: resource 5 [mem 0x13418000000-0x16711ffffff window]
[    2.542685] pci_bus 0000:61: resource 1 [mem 0xd5500000-0xd56fffff]
[    2.542687] pci_bus 0000:62: resource 1 [mem 0xd5300000-0xd54fffff]
[    2.542706] pci 0000:80:07.1: PCI bridge to [bus 81]
[    2.542712] pci 0000:80:07.1:   bridge window [mem 0xd4f00000-0xd50fffff]
[    2.542722] pci 0000:80:08.1: PCI bridge to [bus 82]
[    2.542727] pci 0000:80:08.1:   bridge window [mem 0xd4d00000-0xd4efffff]
[    2.542737] pci_bus 0000:80: resource 4 [mem 0xd4d00000-0xd50fffff window]
[    2.542739] pci_bus 0000:80: resource 5 [mem 0x1011e000000-0x13417ffffff window]
[    2.542741] pci_bus 0000:81: resource 1 [mem 0xd4f00000-0xd50fffff]
[    2.542742] pci_bus 0000:82: resource 1 [mem 0xd4d00000-0xd4efffff]
[    2.542761] pci 0000:a0:07.1: PCI bridge to [bus a1]
[    2.542766] pci 0000:a0:07.1:   bridge window [mem 0xd4900000-0xd4afffff]
[    2.542776] pci 0000:a0:08.1: PCI bridge to [bus a2]
[    2.542781] pci 0000:a0:08.1:   bridge window [mem 0xd4700000-0xd48fffff]
[    2.542790] pci_bus 0000:a0: resource 4 [mem 0xd4700000-0xd4afffff window]
[    2.542792] pci_bus 0000:a0: resource 5 [mem 0xca06000000-0xfcffffffff window]
[    2.542794] pci_bus 0000:a1: resource 1 [mem 0xd4900000-0xd4afffff]
[    2.542796] pci_bus 0000:a2: resource 1 [mem 0xd4700000-0xd48fffff]
[    2.542813] pci 0000:c0:07.1: PCI bridge to [bus c1]
[    2.542818] pci 0000:c0:07.1:   bridge window [mem 0xd4300000-0xd44fffff]
[    2.542827] pci 0000:c0:08.1: PCI bridge to [bus c2]
[    2.542832] pci 0000:c0:08.1:   bridge window [mem 0xd4100000-0xd42fffff]
[    2.542840] pci_bus 0000:c0: resource 4 [mem 0xd4100000-0xd44fffff window]
[    2.542842] pci_bus 0000:c0: resource 5 [mem 0x970c000000-0xca05ffffff window]
[    2.542844] pci_bus 0000:c1: resource 1 [mem 0xd4300000-0xd44fffff]
[    2.542846] pci_bus 0000:c2: resource 1 [mem 0xd4100000-0xd42fffff]
[    2.542865] pci 0000:e0:07.1: PCI bridge to [bus e1]
[    2.542871] pci 0000:e0:07.1:   bridge window [mem 0xd3d00000-0xd3efffff]
[    2.542881] pci 0000:e0:08.1: PCI bridge to [bus e2]
[    2.542886] pci 0000:e0:08.1:   bridge window [mem 0xd3b00000-0xd3cfffff]
[    2.542896] pci_bus 0000:e0: resource 4 [mem 0xd3b00000-0xd3efffff window]
[    2.542898] pci_bus 0000:e0: resource 5 [mem 0x6412000000-0x970bffffff window]
[    2.542900] pci_bus 0000:e1: resource 1 [mem 0xd3d00000-0xd3efffff]
[    2.542902] pci_bus 0000:e2: resource 1 [mem 0xd3b00000-0xd3cfffff]
[    2.542994] NET: Registered protocol family 2
[    2.543707] TCP established hash table entries: 524288 (order: 10, 4194304 bytes)
[    2.544480] TCP bind hash table entries: 65536 (order: 8, 1048576 bytes)
[    2.544665] TCP: Hash tables configured (established 524288 bind 65536)
[    2.544687] TCP: reno registered
[    2.544790] UDP hash table entries: 65536 (order: 9, 2097152 bytes)
[    2.545197] UDP-Lite hash table entries: 65536 (order: 9, 2097152 bytes)
[    2.545737] NET: Registered protocol family 1
[    2.546093] pci 0000:22:00.0: Boot video device
[    2.546363] PCI: CLS 64 bytes, default 64
[    2.546458] Unpacking initramfs...
[    2.927755] Freeing initrd memory: 27764k freed
[    2.931315] AMD-Vi: IOMMU performance counters supported
[    2.931447] AMD-Vi: IOMMU performance counters supported
[    2.931497] AMD-Vi: IOMMU performance counters supported
[    2.931541] AMD-Vi: IOMMU performance counters supported
[    2.931584] AMD-Vi: IOMMU performance counters supported
[    2.931630] AMD-Vi: IOMMU performance counters supported
[    2.931672] AMD-Vi: IOMMU performance counters supported
[    2.931721] AMD-Vi: IOMMU performance counters supported
[    2.932786] iommu: Adding device 0000:00:01.0 to group 0
[    2.933309] iommu: Adding device 0000:00:02.0 to group 1
[    2.933874] iommu: Adding device 0000:00:03.0 to group 2
[    2.934391] iommu: Adding device 0000:00:04.0 to group 3
[    2.934925] iommu: Adding device 0000:00:07.0 to group 4
[    2.935526] iommu: Adding device 0000:00:07.1 to group 5
[    2.936049] iommu: Adding device 0000:00:08.0 to group 6
[    2.936581] iommu: Adding device 0000:00:08.1 to group 7
[    2.937133] iommu: Adding device 0000:00:14.0 to group 8
[    2.937163] iommu: Adding device 0000:00:14.3 to group 8
[    2.937812] iommu: Adding device 0000:00:18.0 to group 9
[    2.937842] iommu: Adding device 0000:00:18.1 to group 9
[    2.937873] iommu: Adding device 0000:00:18.2 to group 9
[    2.937902] iommu: Adding device 0000:00:18.3 to group 9
[    2.937934] iommu: Adding device 0000:00:18.4 to group 9
[    2.937962] iommu: Adding device 0000:00:18.5 to group 9
[    2.937991] iommu: Adding device 0000:00:18.6 to group 9
[    2.938021] iommu: Adding device 0000:00:18.7 to group 9
[    2.938686] iommu: Adding device 0000:00:19.0 to group 10
[    2.938718] iommu: Adding device 0000:00:19.1 to group 10
[    2.938749] iommu: Adding device 0000:00:19.2 to group 10
[    2.938778] iommu: Adding device 0000:00:19.3 to group 10
[    2.938809] iommu: Adding device 0000:00:19.4 to group 10
[    2.938840] iommu: Adding device 0000:00:19.5 to group 10
[    2.938870] iommu: Adding device 0000:00:19.6 to group 10
[    2.938899] iommu: Adding device 0000:00:19.7 to group 10
[    2.939557] iommu: Adding device 0000:00:1a.0 to group 11
[    2.939588] iommu: Adding device 0000:00:1a.1 to group 11
[    2.939618] iommu: Adding device 0000:00:1a.2 to group 11
[    2.939649] iommu: Adding device 0000:00:1a.3 to group 11
[    2.939682] iommu: Adding device 0000:00:1a.4 to group 11
[    2.939712] iommu: Adding device 0000:00:1a.5 to group 11
[    2.939745] iommu: Adding device 0000:00:1a.6 to group 11
[    2.939775] iommu: Adding device 0000:00:1a.7 to group 11
[    2.940413] iommu: Adding device 0000:00:1b.0 to group 12
[    2.940457] iommu: Adding device 0000:00:1b.1 to group 12
[    2.940489] iommu: Adding device 0000:00:1b.2 to group 12
[    2.940522] iommu: Adding device 0000:00:1b.3 to group 12
[    2.940555] iommu: Adding device 0000:00:1b.4 to group 12
[    2.940586] iommu: Adding device 0000:00:1b.5 to group 12
[    2.940619] iommu: Adding device 0000:00:1b.6 to group 12
[    2.940650] iommu: Adding device 0000:00:1b.7 to group 12
[    2.941285] iommu: Adding device 0000:00:1c.0 to group 13
[    2.941319] iommu: Adding device 0000:00:1c.1 to group 13
[    2.941351] iommu: Adding device 0000:00:1c.2 to group 13
[    2.941383] iommu: Adding device 0000:00:1c.3 to group 13
[    2.941418] iommu: Adding device 0000:00:1c.4 to group 13
[    2.941460] iommu: Adding device 0000:00:1c.5 to group 13
[    2.941493] iommu: Adding device 0000:00:1c.6 to group 13
[    2.941525] iommu: Adding device 0000:00:1c.7 to group 13
[    2.942160] iommu: Adding device 0000:00:1d.0 to group 14
[    2.942195] iommu: Adding device 0000:00:1d.1 to group 14
[    2.942229] iommu: Adding device 0000:00:1d.2 to group 14
[    2.942262] iommu: Adding device 0000:00:1d.3 to group 14
[    2.942297] iommu: Adding device 0000:00:1d.4 to group 14
[    2.942330] iommu: Adding device 0000:00:1d.5 to group 14
[    2.942362] iommu: Adding device 0000:00:1d.6 to group 14
[    2.942396] iommu: Adding device 0000:00:1d.7 to group 14
[    2.943053] iommu: Adding device 0000:00:1e.0 to group 15
[    2.943092] iommu: Adding device 0000:00:1e.1 to group 15
[    2.943126] iommu: Adding device 0000:00:1e.2 to group 15
[    2.943160] iommu: Adding device 0000:00:1e.3 to group 15
[    2.943197] iommu: Adding device 0000:00:1e.4 to group 15
[    2.943231] iommu: Adding device 0000:00:1e.5 to group 15
[    2.943265] iommu: Adding device 0000:00:1e.6 to group 15
[    2.943299] iommu: Adding device 0000:00:1e.7 to group 15
[    2.943972] iommu: Adding device 0000:00:1f.0 to group 16
[    2.944010] iommu: Adding device 0000:00:1f.1 to group 16
[    2.944044] iommu: Adding device 0000:00:1f.2 to group 16
[    2.944079] iommu: Adding device 0000:00:1f.3 to group 16
[    2.944115] iommu: Adding device 0000:00:1f.4 to group 16
[    2.944149] iommu: Adding device 0000:00:1f.5 to group 16
[    2.944184] iommu: Adding device 0000:00:1f.6 to group 16
[    2.944218] iommu: Adding device 0000:00:1f.7 to group 16
[    2.944739] iommu: Adding device 0000:01:00.0 to group 17
[    2.945231] iommu: Adding device 0000:01:00.2 to group 18
[    2.945721] iommu: Adding device 0000:01:00.3 to group 19
[    2.946219] iommu: Adding device 0000:02:00.0 to group 20
[    2.946706] iommu: Adding device 0000:02:00.1 to group 21
[    2.947219] iommu: Adding device 0000:20:01.0 to group 22
[    2.947717] iommu: Adding device 0000:20:01.1 to group 23
[    2.948229] iommu: Adding device 0000:20:02.0 to group 24
[    2.948736] iommu: Adding device 0000:20:03.0 to group 25
[    2.949246] iommu: Adding device 0000:20:04.0 to group 26
[    2.949736] iommu: Adding device 0000:20:07.0 to group 27
[    2.950162] iommu: Adding device 0000:20:07.1 to group 28
[    2.950635] iommu: Adding device 0000:20:08.0 to group 29
[    2.951071] iommu: Adding device 0000:20:08.1 to group 30
[    2.951524] iommu: Adding device 0000:21:00.0 to group 31
