[    0.000000] Initializing cgroup subsys cpuset
[    0.000000] Initializing cgroup subsys cpu
[    0.000000] Initializing cgroup subsys cpuacct
[    0.000000] Linux version 3.10.0-862.9.1.el7.x86_64 (mockbuild@x86-017.build.eng.bos.redhat.com) (gcc version 4.8.5 20150623 (Red Hat 4.8.5-28) (GCC) ) #1 SMP Wed Jun 27 04:30:39 EDT 2018
[    0.000000] Command line: BOOT_IMAGE=/boot/vmlinuz-3.10.0-862.9.1.el7.x86_64 root=UUID=62ac631c-9f7f-43ab-8c6a-a31f8cb22707 ro crashkernel=auto rhgb quiet LANG=en_US.UTF-8
[    0.000000] e820: BIOS-provided physical RAM map:
[    0.000000] BIOS-e820: [mem 0x0000000000000000-0x000000000009ffff] usable
[    0.000000] BIOS-e820: [mem 0x00000000000a0000-0x00000000000fffff] reserved
[    0.000000] BIOS-e820: [mem 0x0000000000100000-0x0000000075daffff] usable
[    0.000000] BIOS-e820: [mem 0x0000000075db0000-0x0000000075ffffff] reserved
[    0.000000] BIOS-e820: [mem 0x0000000076000000-0x00000000c8de4fff] usable
[    0.000000] BIOS-e820: [mem 0x00000000c8de5000-0x00000000ca252fff] reserved
[    0.000000] BIOS-e820: [mem 0x00000000ca253000-0x00000000ca311fff] usable
[    0.000000] BIOS-e820: [mem 0x00000000ca312000-0x00000000ca67ffff] ACPI NVS
[    0.000000] BIOS-e820: [mem 0x00000000ca680000-0x00000000cae6cfff] reserved
[    0.000000] BIOS-e820: [mem 0x00000000cae6d000-0x00000000cbffffff] usable
[    0.000000] BIOS-e820: [mem 0x00000000cc000000-0x00000000cfffffff] reserved
[    0.000000] BIOS-e820: [mem 0x00000000d3900000-0x00000000d3a7ffff] reserved
[    0.000000] BIOS-e820: [mem 0x00000000d3af0000-0x00000000d3af0fff] reserved
[    0.000000] BIOS-e820: [mem 0x00000000d3f00000-0x00000000d407ffff] reserved
[    0.000000] BIOS-e820: [mem 0x00000000d40f0000-0x00000000d40f0fff] reserved
[    0.000000] BIOS-e820: [mem 0x00000000d4500000-0x00000000d467ffff] reserved
[    0.000000] BIOS-e820: [mem 0x00000000d46f0000-0x00000000d46f0fff] reserved
[    0.000000] BIOS-e820: [mem 0x00000000d4b00000-0x00000000d4c7ffff] reserved
[    0.000000] BIOS-e820: [mem 0x00000000d4cf0000-0x00000000d4cf0fff] reserved
[    0.000000] BIOS-e820: [mem 0x00000000d5100000-0x00000000d527ffff] reserved
[    0.000000] BIOS-e820: [mem 0x00000000d52f0000-0x00000000d52f0fff] reserved
[    0.000000] BIOS-e820: [mem 0x00000000d5700000-0x00000000d587ffff] reserved
[    0.000000] BIOS-e820: [mem 0x00000000d58f0000-0x00000000d58f0fff] reserved
[    0.000000] BIOS-e820: [mem 0x00000000d7e00000-0x00000000d7f7ffff] reserved
[    0.000000] BIOS-e820: [mem 0x00000000d7ff0000-0x00000000d7ff0fff] reserved
[    0.000000] BIOS-e820: [mem 0x00000000dfa00000-0x00000000dfa7ffff] reserved
[    0.000000] BIOS-e820: [mem 0x00000000dfaf0000-0x00000000dfaf0fff] reserved
[    0.000000] BIOS-e820: [mem 0x00000000fea00000-0x00000000feafffff] reserved
[    0.000000] BIOS-e820: [mem 0x00000000fec00000-0x00000000fec00fff] reserved
[    0.000000] BIOS-e820: [mem 0x00000000fec10000-0x00000000fec10fff] reserved
[    0.000000] BIOS-e820: [mem 0x00000000fed00000-0x00000000fed00fff] reserved
[    0.000000] BIOS-e820: [mem 0x00000000fed40000-0x00000000fed44fff] reserved
[    0.000000] BIOS-e820: [mem 0x00000000fed80000-0x00000000fed8ffff] reserved
[    0.000000] BIOS-e820: [mem 0x00000000fedc0000-0x00000000fedc0fff] reserved
[    0.000000] BIOS-e820: [mem 0x00000000fedc2000-0x00000000fedc5fff] reserved
[    0.000000] BIOS-e820: [mem 0x00000000fedc7000-0x00000000fedc7fff] reserved
[    0.000000] BIOS-e820: [mem 0x00000000fedc9000-0x00000000fedcafff] reserved
[    0.000000] BIOS-e820: [mem 0x00000000fee00000-0x00000000feefffff] reserved
[    0.000000] BIOS-e820: [mem 0x00000000ff000000-0x00000000ffffffff] reserved
[    0.000000] BIOS-e820: [mem 0x0000000100000000-0x000000202effffff] usable
[    0.000000] BIOS-e820: [mem 0x000000202f000000-0x000000202fffffff] reserved
[    0.000000] BIOS-e820: [mem 0x0000002030000000-0x000000402fbfffff] usable
[    0.000000] BIOS-e820: [mem 0x000000402fc00000-0x000000402fffffff] reserved
[    0.000000] NX (Execute Disable) protection: active
[    0.000000] e820: update [mem 0x9387c018-0x9388c857] usable ==> usable
[    0.000000] e820: update [mem 0x9384b018-0x9387b457] usable ==> usable
[    0.000000] extended physical RAM map:
[    0.000000] reserve setup_data: [mem 0x0000000000000000-0x000000000009ffff] usable
[    0.000000] reserve setup_data: [mem 0x00000000000a0000-0x00000000000fffff] reserved
[    0.000000] reserve setup_data: [mem 0x0000000000100000-0x0000000075daffff] usable
[    0.000000] reserve setup_data: [mem 0x0000000075db0000-0x0000000075ffffff] reserved
[    0.000000] reserve setup_data: [mem 0x0000000076000000-0x000000009384b017] usable
[    0.000000] reserve setup_data: [mem 0x000000009384b018-0x000000009387b457] usable
[    0.000000] reserve setup_data: [mem 0x000000009387b458-0x000000009387c017] usable
[    0.000000] reserve setup_data: [mem 0x000000009387c018-0x000000009388c857] usable
[    0.000000] reserve setup_data: [mem 0x000000009388c858-0x00000000c8de4fff] usable
[    0.000000] reserve setup_data: [mem 0x00000000c8de5000-0x00000000ca252fff] reserved
[    0.000000] reserve setup_data: [mem 0x00000000ca253000-0x00000000ca311fff] usable
[    0.000000] reserve setup_data: [mem 0x00000000ca312000-0x00000000ca67ffff] ACPI NVS
[    0.000000] reserve setup_data: [mem 0x00000000ca680000-0x00000000cae6cfff] reserved
[    0.000000] reserve setup_data: [mem 0x00000000cae6d000-0x00000000cbffffff] usable
[    0.000000] reserve setup_data: [mem 0x00000000cc000000-0x00000000cfffffff] reserved
[    0.000000] reserve setup_data: [mem 0x00000000d3900000-0x00000000d3a7ffff] reserved
[    0.000000] reserve setup_data: [mem 0x00000000d3af0000-0x00000000d3af0fff] reserved
[    0.000000] reserve setup_data: [mem 0x00000000d3f00000-0x00000000d407ffff] reserved
[    0.000000] reserve setup_data: [mem 0x00000000d40f0000-0x00000000d40f0fff] reserved
[    0.000000] reserve setup_data: [mem 0x00000000d4500000-0x00000000d467ffff] reserved
[    0.000000] reserve setup_data: [mem 0x00000000d46f0000-0x00000000d46f0fff] reserved
[    0.000000] reserve setup_data: [mem 0x00000000d4b00000-0x00000000d4c7ffff] reserved
[    0.000000] reserve setup_data: [mem 0x00000000d4cf0000-0x00000000d4cf0fff] reserved
[    0.000000] reserve setup_data: [mem 0x00000000d5100000-0x00000000d527ffff] reserved
[    0.000000] reserve setup_data: [mem 0x00000000d52f0000-0x00000000d52f0fff] reserved
[    0.000000] reserve setup_data: [mem 0x00000000d5700000-0x00000000d587ffff] reserved
[    0.000000] reserve setup_data: [mem 0x00000000d58f0000-0x00000000d58f0fff] reserved
[    0.000000] reserve setup_data: [mem 0x00000000d7e00000-0x00000000d7f7ffff] reserved
[    0.000000] reserve setup_data: [mem 0x00000000d7ff0000-0x00000000d7ff0fff] reserved
[    0.000000] reserve setup_data: [mem 0x00000000dfa00000-0x00000000dfa7ffff] reserved
[    0.000000] reserve setup_data: [mem 0x00000000dfaf0000-0x00000000dfaf0fff] reserved
[    0.000000] reserve setup_data: [mem 0x00000000fea00000-0x00000000feafffff] reserved
[    0.000000] reserve setup_data: [mem 0x00000000fec00000-0x00000000fec00fff] reserved
[    0.000000] reserve setup_data: [mem 0x00000000fec10000-0x00000000fec10fff] reserved
[    0.000000] reserve setup_data: [mem 0x00000000fed00000-0x00000000fed00fff] reserved
[    0.000000] reserve setup_data: [mem 0x00000000fed40000-0x00000000fed44fff] reserved
[    0.000000] reserve setup_data: [mem 0x00000000fed80000-0x00000000fed8ffff] reserved
[    0.000000] reserve setup_data: [mem 0x00000000fedc0000-0x00000000fedc0fff] reserved
[    0.000000] reserve setup_data: [mem 0x00000000fedc2000-0x00000000fedc5fff] reserved
[    0.000000] reserve setup_data: [mem 0x00000000fedc7000-0x00000000fedc7fff] reserved
[    0.000000] reserve setup_data: [mem 0x00000000fedc9000-0x00000000fedcafff] reserved
[    0.000000] reserve setup_data: [mem 0x00000000fee00000-0x00000000feefffff] reserved
[    0.000000] reserve setup_data: [mem 0x00000000ff000000-0x00000000ffffffff] reserved
[    0.000000] reserve setup_data: [mem 0x0000000100000000-0x000000202effffff] usable
[    0.000000] reserve setup_data: [mem 0x000000202f000000-0x000000202fffffff] reserved
[    0.000000] reserve setup_data: [mem 0x0000002030000000-0x000000402fbfffff] usable
[    0.000000] reserve setup_data: [mem 0x000000402fc00000-0x000000402fffffff] reserved
[    0.000000] efi: EFI v2.60 by American Megatrends
[    0.000000] efi:  ACPI 2.0=0xca312000  ACPI=0xca312000  SMBIOS=0xcacee000  SMBIOS 3.0=0xcaced000  MPS=0xfca90  ESRT=0xc60f2618 
[    0.000000] efi: mem00: type=3, attr=0xf, range=[0x0000000000000000-0x0000000000008000) (0MB)
[    0.000000] efi: mem01: type=2, attr=0xf, range=[0x0000000000008000-0x0000000000009000) (0MB)
[    0.000000] efi: mem02: type=7, attr=0xf, range=[0x0000000000009000-0x000000000003f000) (0MB)
[    0.000000] efi: mem03: type=4, attr=0xf, range=[0x000000000003f000-0x0000000000040000) (0MB)
[    0.000000] efi: mem04: type=3, attr=0xf, range=[0x0000000000040000-0x00000000000a0000) (0MB)
[    0.000000] efi: mem05: type=7, attr=0xf, range=[0x0000000000100000-0x0000000001000000) (15MB)
[    0.000000] efi: mem06: type=4, attr=0xf, range=[0x0000000001000000-0x0000000001020000) (0MB)
[    0.000000] efi: mem07: type=7, attr=0xf, range=[0x0000000001020000-0x0000000001200000) (1MB)
[    0.000000] efi: mem08: type=2, attr=0xf, range=[0x0000000001200000-0x0000000002856000) (22MB)
[    0.000000] efi: mem09: type=7, attr=0xf, range=[0x0000000002856000-0x0000000030000000) (727MB)
[    0.000000] efi: mem10: type=4, attr=0xf, range=[0x0000000030000000-0x0000000030076000) (0MB)
[    0.000000] efi: mem11: type=7, attr=0xf, range=[0x0000000030076000-0x000000003ce8b000) (206MB)
[    0.000000] efi: mem12: type=2, attr=0xf, range=[0x000000003ce8b000-0x0000000040000000) (49MB)
[    0.000000] efi: mem13: type=7, attr=0xf, range=[0x0000000040000000-0x0000000075db0000) (861MB)
[    0.000000] efi: mem14: type=0, attr=0xf, range=[0x0000000075db0000-0x0000000076000000) (2MB)
[    0.000000] efi: mem15: type=7, attr=0xf, range=[0x0000000076000000-0x000000009384b000) (472MB)
[    0.000000] efi: mem16: type=2, attr=0xf, range=[0x000000009384b000-0x00000000c4b22000) (786MB)
[    0.000000] efi: mem17: type=7, attr=0xf, range=[0x00000000c4b22000-0x00000000c4b27000) (0MB)
[    0.000000] efi: mem18: type=2, attr=0xf, range=[0x00000000c4b27000-0x00000000c4b28000) (0MB)
[    0.000000] efi: mem19: type=1, attr=0xf, range=[0x00000000c4b28000-0x00000000c4c28000) (1MB)
[    0.000000] efi: mem20: type=2, attr=0xf, range=[0x00000000c4c28000-0x00000000c4d2a000) (1MB)
[    0.000000] efi: mem21: type=1, attr=0xf, range=[0x00000000c4d2a000-0x00000000c4e4a000) (1MB)
[    0.000000] efi: mem22: type=4, attr=0xf, range=[0x00000000c4e4a000-0x00000000c87e5000) (57MB)
[    0.000000] efi: mem23: type=7, attr=0xf, range=[0x00000000c87e5000-0x00000000c8a40000) (2MB)
[    0.000000] efi: mem24: type=3, attr=0xf, range=[0x00000000c8a40000-0x00000000c8de5000) (3MB)
[    0.000000] efi: mem25: type=0, attr=0xf, range=[0x00000000c8de5000-0x00000000ca253000) (20MB)
[    0.000000] efi: mem26: type=7, attr=0xf, range=[0x00000000ca253000-0x00000000ca312000) (0MB)
[    0.000000] efi: mem27: type=10, attr=0xf, range=[0x00000000ca312000-0x00000000ca680000) (3MB)
[    0.000000] efi: mem28: type=6, attr=0x800000000000000f, range=[0x00000000ca680000-0x00000000cad9a000) (7MB)
[    0.000000] efi: mem29: type=5, attr=0x800000000000000f, range=[0x00000000cad9a000-0x00000000cae6d000) (0MB)
[    0.000000] efi: mem30: type=4, attr=0xf, range=[0x00000000cae6d000-0x00000000cc000000) (17MB)
[    0.000000] efi: mem31: type=7, attr=0xf, range=[0x0000000100000000-0x000000202f000000) (127728MB)
[    0.000000] efi: mem32: type=7, attr=0xf, range=[0x0000002030000000-0x000000402fc00000) (131068MB)
[    0.000000] efi: mem33: type=0, attr=0xf, range=[0x00000000000a0000-0x0000000000100000) (0MB)
[    0.000000] efi: mem34: type=0, attr=0xf, range=[0x00000000cc000000-0x00000000d0000000) (64MB)
[    0.000000] efi: mem35: type=11, attr=0x800000000000100f, range=[0x00000000d3900000-0x00000000d3a80000) (1MB)
[    0.000000] efi: mem36: type=11, attr=0x800000000000100f, range=[0x00000000d3af0000-0x00000000d3af1000) (0MB)
[    0.000000] efi: mem37: type=11, attr=0x800000000000100f, range=[0x00000000d3f00000-0x00000000d4080000) (1MB)
[    0.000000] efi: mem38: type=11, attr=0x800000000000100f, range=[0x00000000d40f0000-0x00000000d40f1000) (0MB)
[    0.000000] efi: mem39: type=11, attr=0x800000000000100f, range=[0x00000000d4500000-0x00000000d4680000) (1MB)
[    0.000000] efi: mem40: type=11, attr=0x800000000000100f, range=[0x00000000d46f0000-0x00000000d46f1000) (0MB)
[    0.000000] efi: mem41: type=11, attr=0x800000000000100f, range=[0x00000000d4b00000-0x00000000d4c80000) (1MB)
[    0.000000] efi: mem42: type=11, attr=0x800000000000100f, range=[0x00000000d4cf0000-0x00000000d4cf1000) (0MB)
[    0.000000] efi: mem43: type=11, attr=0x800000000000100f, range=[0x00000000d5100000-0x00000000d5280000) (1MB)
[    0.000000] efi: mem44: type=11, attr=0x800000000000100f, range=[0x00000000d52f0000-0x00000000d52f1000) (0MB)
[    0.000000] efi: mem45: type=11, attr=0x800000000000100f, range=[0x00000000d5700000-0x00000000d5880000) (1MB)
[    0.000000] efi: mem46: type=11, attr=0x800000000000100f, range=[0x00000000d58f0000-0x00000000d58f1000) (0MB)
[    0.000000] efi: mem47: type=11, attr=0x800000000000100f, range=[0x00000000d7e00000-0x00000000d7f80000) (1MB)
[    0.000000] efi: mem48: type=11, attr=0x800000000000100f, range=[0x00000000d7ff0000-0x00000000d7ff1000) (0MB)
[    0.000000] efi: mem49: type=11, attr=0x800000000000100f, range=[0x00000000dfa00000-0x00000000dfa80000) (0MB)
[    0.000000] efi: mem50: type=11, attr=0x800000000000100f, range=[0x00000000dfaf0000-0x00000000dfaf1000) (0MB)
[    0.000000] efi: mem51: type=11, attr=0x800000000000100d, range=[0x00000000fea00000-0x00000000feb00000) (1MB)
[    0.000000] efi: mem52: type=11, attr=0x800000000000100d, range=[0x00000000fec00000-0x00000000fec01000) (0MB)
[    0.000000] efi: mem53: type=11, attr=0x800000000000100d, range=[0x00000000fec10000-0x00000000fec11000) (0MB)
[    0.000000] efi: mem54: type=11, attr=0x800000000000100d, range=[0x00000000fed00000-0x00000000fed01000) (0MB)
[    0.000000] efi: mem55: type=11, attr=0x800000000000100d, range=[0x00000000fed40000-0x00000000fed45000) (0MB)
[    0.000000] efi: mem56: type=11, attr=0x800000000000100d, range=[0x00000000fed80000-0x00000000fed90000) (0MB)
[    0.000000] efi: mem57: type=11, attr=0x800000000000100d, range=[0x00000000fedc0000-0x00000000fedc1000) (0MB)
[    0.000000] efi: mem58: type=11, attr=0x800000000000100d, range=[0x00000000fedc2000-0x00000000fedc6000) (0MB)
[    0.000000] efi: mem59: type=11, attr=0x800000000000100d, range=[0x00000000fedc7000-0x00000000fedc8000) (0MB)
[    0.000000] efi: mem60: type=11, attr=0x800000000000100d, range=[0x00000000fedc9000-0x00000000fedcb000) (0MB)
[    0.000000] efi: mem61: type=11, attr=0x800000000000100d, range=[0x00000000fee00000-0x00000000fef00000) (1MB)
[    0.000000] efi: mem62: type=11, attr=0x800000000000100d, range=[0x00000000ff000000-0x0000000100000000) (16MB)
[    0.000000] efi: mem63: type=0, attr=0xf, range=[0x000000202f000000-0x0000002030000000) (16MB)
[    0.000000] efi: mem64: type=0, attr=0xf, range=[0x000000402fc00000-0x0000004030000000) (4MB)
[    0.000000] esrt: Reserving ESRT space from 0x00000000c60f2618 to 0x00000000c60f2650.
[    0.000000] SMBIOS 3.1.1 present.
[    0.000000] e820: update [mem 0x00000000-0x00000fff] usable ==> reserved
[    0.000000] e820: remove [mem 0x000a0000-0x000fffff] usable
[    0.000000] e820: last_pfn = 0x402fc00 max_arch_pfn = 0x400000000
[    0.000000] MTRR default type: uncachable
[    0.000000] MTRR fixed ranges enabled:
[    0.000000]   00000-9FFFF write-back
[    0.000000]   A0000-BFFFF write-through
[    0.000000]   C0000-FFFFF write-protect
[    0.000000] MTRR variable ranges enabled:
[    0.000000]   0 base 000000000000 mask FFFF80000000 write-back
[    0.000000]   1 base 000080000000 mask FFFFC0000000 write-back
[    0.000000]   2 base 0000C0000000 mask FFFFF0000000 write-back
[    0.000000]   3 base 0000CC000000 mask FFFFFC000000 uncachable
[    0.000000]   4 disabled
[    0.000000]   5 disabled
[    0.000000]   6 disabled
[    0.000000]   7 disabled
[    0.000000] TOM2: 0000004030000000 aka 262912M
[    0.000000] PAT configuration [0-7]: WB  WC  UC- UC  WB  WP  UC- UC  
[    0.000000] original variable MTRRs
[    0.000000] reg 0, base: 0GB, range: 2GB, type WB
[    0.000000] reg 1, base: 2GB, range: 1GB, type WB
[    0.000000] reg 2, base: 3GB, range: 256MB, type WB
[    0.000000] reg 3, base: 3264MB, range: 64MB, type UC
[    0.000000] total RAM covered: 3264M
[    0.000000] Found optimal setting for mtrr clean up
[    0.000000]  gran_size: 64K 	chunk_size: 64K 	num_reg: 4  	lose cover RAM: 0G
[    0.000000] New variable MTRRs
[    0.000000] reg 0, base: 0GB, range: 2GB, type WB
[    0.000000] reg 1, base: 2GB, range: 1GB, type WB
[    0.000000] reg 2, base: 3GB, range: 128MB, type WB
[    0.000000] reg 3, base: 3200MB, range: 64MB, type WB
[    0.000000] e820: update [mem 0xcc000000-0xffffffff] usable ==> reserved
[    0.000000] e820: last_pfn = 0xcc000 max_arch_pfn = 0x400000000
[    0.000000] found SMP MP-table at [mem 0x000fd250-0x000fd25f] mapped at [ffffffffff240250]
[    0.000000] Base memory trampoline at [ffff941680093000] 93000 size 24576
[    0.000000] Using GB pages for direct mapping
[    0.000000] BRK [0x199fe2e000, 0x199fe2efff] PGTABLE
[    0.000000] BRK [0x199fe2f000, 0x199fe2ffff] PGTABLE
[    0.000000] BRK [0x199fe30000, 0x199fe30fff] PGTABLE
[    0.000000] BRK [0x199fe31000, 0x199fe31fff] PGTABLE
[    0.000000] BRK [0x199fe32000, 0x199fe32fff] PGTABLE
[    0.000000] BRK [0x199fe33000, 0x199fe33fff] PGTABLE
[    0.000000] BRK [0x199fe34000, 0x199fe34fff] PGTABLE
[    0.000000] BRK [0x199fe35000, 0x199fe35fff] PGTABLE
[    0.000000] BRK [0x199fe36000, 0x199fe36fff] PGTABLE
[    0.000000] BRK [0x199fe37000, 0x199fe37fff] PGTABLE
[    0.000000] BRK [0x199fe38000, 0x199fe38fff] PGTABLE
[    0.000000] RAMDISK: [mem 0x3ce8b000-0x3e9a7fff]
[    0.000000] Early table checksum verification disabled
[    0.000000] ACPI: RSDP 00000000ca312000 00024 (v02    AMD)
[    0.000000] ACPI: XSDT 00000000ca3120b0 000E4 (v01    AMD  DIESEL  03242016 AMI  00010013)
[    0.000000] ACPI: FACP 00000000ca31d048 00114 (v06    AMD  DIESEL  03242016 AMI  00010013)
[    0.000000] ACPI: DSDT 00000000ca312230 0AE14 (v02    AMD  DIESEL  03242016 INTL 20120913)
[    0.000000] ACPI: FACS 00000000ca67fe80 00040
[    0.000000] ACPI: APIC 00000000ca31d160 002B2 (v04    AMD  DIESEL  03242016 AMI  00010013)
[    0.000000] ACPI: FPDT 00000000ca31d418 00044 (v01    AMD  DIESEL  03242016 AMI  00010013)
[    0.000000] ACPI: FIDT 00000000ca31d460 0009C (v01    AMD   DIESEL 03242016 AMI  00010013)
[    0.000000] ACPI: SSDT 00000000ca31d500 000D2 (v02    AMD AMD ALIB 00000002 MSFT 04000000)
[    0.000000] ACPI: SPMI 00000000ca31d5d8 00041 (v05    AMD  DIESEL  00000000 AMI. 00000000)
[    0.000000] ACPI: SSDT 00000000ca31d620 0036C (v02    AMD  CPUSSDT 03242016 AMI  03242016)
[    0.000000] ACPI: MCFG 00000000ca31d990 0003C (v01    AMD   DIESEL 03242016 MSFT 00010013)
[    0.000000] ACPI: SSDT 00000000ca31d9d0 08BE4 (v01    AMD  AMD CPU 00000001 AMD  00000001)
[    0.000000] ACPI: SRAT 00000000ca3265b8 004A8 (v03    AMD AMD SRAT 00000001 AMD  00000001)
[    0.000000] ACPI: MSCT 00000000ca326a60 00064 (v01    AMD AMD MSCT 00000000 AMD  00000001)
[    0.000000] ACPI: SLIT 00000000ca326ac8 00030 (v01    AMD AMD SLIT 00000001 AMD  00000001)
[    0.000000] ACPI: CRAT 00000000ca326af8 03D98 (v01    AMD AMD CRAT 00000001 AMD  00000001)
[    0.000000] ACPI: CDIT 00000000ca32a890 0002C (v01    AMD AMD CDIT 00000001 AMD  00000001)
[    0.000000] ACPI: BERT 00000000ca32a8c0 00030 (v01 AMD    AMD BERT 00000001 AMD  00000001)
[    0.000000] ACPI: EINJ 00000000ca32a8f0 00150 (v01 AMD    AMD EINJ 00000001 AMD  00000001)
[    0.000000] ACPI: HEST 00000000ca32aa40 00608 (v01 AMD    AMD HEST 00000001 AMD  00000001)
[    0.000000] ACPI: HPET 00000000ca32b048 00038 (v01    AMD   DIESEL 03242016 AMI  00000005)
[    0.000000] ACPI: SSDT 00000000ca32b080 00024 (v01 AMDFCH    FCHZP 00001000 INTL 20120913)
[    0.000000] ACPI: UEFI 00000000ca32b0a8 00042 (v01                 00000000      00000000)
[    0.000000] ACPI: BGRT 00000000ca32b0f0 00038 (v01    AMD  DIESEL  03242016 AMI  00010013)
[    0.000000] ACPI: IVRS 00000000ca32b128 00370 (v02    AMD AMD IVRS 00000001 AMD  00000000)
[    0.000000] ACPI: SSDT 00000000ca32b498 01630 (v01    AMD   CPMCMN 00000001 INTL 20120913)
[    0.000000] ACPI: WSMT 00000000ca32cac8 00028 (v01    AMD  DIESEL  03242016 AMI  00010013)
[    0.000000] ACPI: Local APIC address 0xfee00000
[    0.000000] SRAT: PXM 0 -> APIC 0x00 -> Node 0
[    0.000000] SRAT: PXM 0 -> APIC 0x01 -> Node 0
[    0.000000] SRAT: PXM 0 -> APIC 0x02 -> Node 0
[    0.000000] SRAT: PXM 0 -> APIC 0x03 -> Node 0
[    0.000000] SRAT: PXM 0 -> APIC 0x08 -> Node 0
[    0.000000] SRAT: PXM 0 -> APIC 0x09 -> Node 0
[    0.000000] SRAT: PXM 0 -> APIC 0x0a -> Node 0
[    0.000000] SRAT: PXM 0 -> APIC 0x0b -> Node 0
[    0.000000] SRAT: PXM 0 -> APIC 0x10 -> Node 0
[    0.000000] SRAT: PXM 0 -> APIC 0x11 -> Node 0
[    0.000000] SRAT: PXM 0 -> APIC 0x12 -> Node 0
[    0.000000] SRAT: PXM 0 -> APIC 0x13 -> Node 0
[    0.000000] SRAT: PXM 0 -> APIC 0x18 -> Node 0
[    0.000000] SRAT: PXM 0 -> APIC 0x19 -> Node 0
[    0.000000] SRAT: PXM 0 -> APIC 0x1a -> Node 0
[    0.000000] SRAT: PXM 0 -> APIC 0x1b -> Node 0
[    0.000000] SRAT: PXM 0 -> APIC 0x20 -> Node 0
[    0.000000] SRAT: PXM 0 -> APIC 0x21 -> Node 0
[    0.000000] SRAT: PXM 0 -> APIC 0x22 -> Node 0
[    0.000000] SRAT: PXM 0 -> APIC 0x23 -> Node 0
[    0.000000] SRAT: PXM 0 -> APIC 0x28 -> Node 0
[    0.000000] SRAT: PXM 0 -> APIC 0x29 -> Node 0
[    0.000000] SRAT: PXM 0 -> APIC 0x2a -> Node 0
[    0.000000] SRAT: PXM 0 -> APIC 0x2b -> Node 0
[    0.000000] SRAT: PXM 0 -> APIC 0x30 -> Node 0
[    0.000000] SRAT: PXM 0 -> APIC 0x31 -> Node 0
[    0.000000] SRAT: PXM 0 -> APIC 0x32 -> Node 0
[    0.000000] SRAT: PXM 0 -> APIC 0x33 -> Node 0
[    0.000000] SRAT: PXM 0 -> APIC 0x38 -> Node 0
[    0.000000] SRAT: PXM 0 -> APIC 0x39 -> Node 0
[    0.000000] SRAT: PXM 0 -> APIC 0x3a -> Node 0
[    0.000000] SRAT: PXM 0 -> APIC 0x3b -> Node 0
[    0.000000] SRAT: PXM 1 -> APIC 0x40 -> Node 1
[    0.000000] SRAT: PXM 1 -> APIC 0x41 -> Node 1
[    0.000000] SRAT: PXM 1 -> APIC 0x42 -> Node 1
[    0.000000] SRAT: PXM 1 -> APIC 0x43 -> Node 1
[    0.000000] SRAT: PXM 1 -> APIC 0x48 -> Node 1
[    0.000000] SRAT: PXM 1 -> APIC 0x49 -> Node 1
[    0.000000] SRAT: PXM 1 -> APIC 0x4a -> Node 1
[    0.000000] SRAT: PXM 1 -> APIC 0x4b -> Node 1
[    0.000000] SRAT: PXM 1 -> APIC 0x50 -> Node 1
[    0.000000] SRAT: PXM 1 -> APIC 0x51 -> Node 1
[    0.000000] SRAT: PXM 1 -> APIC 0x52 -> Node 1
[    0.000000] SRAT: PXM 1 -> APIC 0x53 -> Node 1
[    0.000000] SRAT: PXM 1 -> APIC 0x58 -> Node 1
[    0.000000] SRAT: PXM 1 -> APIC 0x59 -> Node 1
[    0.000000] SRAT: PXM 1 -> APIC 0x5a -> Node 1
[    0.000000] SRAT: PXM 1 -> APIC 0x5b -> Node 1
[    0.000000] SRAT: PXM 1 -> APIC 0x60 -> Node 1
[    0.000000] SRAT: PXM 1 -> APIC 0x61 -> Node 1
[    0.000000] SRAT: PXM 1 -> APIC 0x62 -> Node 1
[    0.000000] SRAT: PXM 1 -> APIC 0x63 -> Node 1
[    0.000000] SRAT: PXM 1 -> APIC 0x68 -> Node 1
[    0.000000] SRAT: PXM 1 -> APIC 0x69 -> Node 1
[    0.000000] SRAT: PXM 1 -> APIC 0x6a -> Node 1
[    0.000000] SRAT: PXM 1 -> APIC 0x6b -> Node 1
[    0.000000] SRAT: PXM 1 -> APIC 0x70 -> Node 1
[    0.000000] SRAT: PXM 1 -> APIC 0x71 -> Node 1
[    0.000000] SRAT: PXM 1 -> APIC 0x72 -> Node 1
[    0.000000] SRAT: PXM 1 -> APIC 0x73 -> Node 1
[    0.000000] SRAT: PXM 1 -> APIC 0x78 -> Node 1
[    0.000000] SRAT: PXM 1 -> APIC 0x79 -> Node 1
[    0.000000] SRAT: PXM 1 -> APIC 0x7a -> Node 1
[    0.000000] SRAT: PXM 1 -> APIC 0x7b -> Node 1
[    0.000000] SRAT: Node 0 PXM 0 [mem 0x00000000-0xcfffffff]
[    0.000000] SRAT: Node 0 PXM 0 [mem 0x100000000-0x202fffffff]
[    0.000000] SRAT: Node 1 PXM 1 [mem 0x2030000000-0x402fffffff]
[    0.000000] NUMA: Initialized distance table, cnt=2
[    0.000000] NUMA: Node 0 [mem 0x00000000-0xcfffffff] + [mem 0x100000000-0x202fffffff] -> [mem 0x00000000-0x202fffffff]
[    0.000000] NODE_DATA(0) allocated [mem 0x202efd9000-0x202effffff]
[    0.000000] NODE_DATA(1) allocated [mem 0x402fbd7000-0x402fbfdfff]
[    0.000000] Reserving 176MB of memory at 592MB for crashkernel (System RAM: 262025MB)
[    0.000000] Zone ranges:
[    0.000000]   DMA      [mem 0x00001000-0x00ffffff]
[    0.000000]   DMA32    [mem 0x01000000-0xffffffff]
[    0.000000]   Normal   [mem 0x100000000-0x402fbfffff]
[    0.000000] Movable zone start for each node
[    0.000000] Early memory node ranges
[    0.000000]   node   0: [mem 0x00001000-0x0009ffff]
[    0.000000]   node   0: [mem 0x00100000-0x75daffff]
[    0.000000]   node   0: [mem 0x76000000-0xc8de4fff]
[    0.000000]   node   0: [mem 0xca253000-0xca311fff]
[    0.000000]   node   0: [mem 0xcae6d000-0xcbffffff]
[    0.000000]   node   0: [mem 0x100000000-0x202effffff]
[    0.000000]   node   1: [mem 0x2030000000-0x402fbfffff]
[    0.000000] Initmem setup node 0 [mem 0x00001000-0x202effffff]
[    0.000000] On node 0 totalpages: 33525126
[    0.000000]   DMA zone: 64 pages used for memmap
[    0.000000]   DMA zone: 29 pages reserved
[    0.000000]   DMA zone: 3999 pages, LIFO batch:0
[    0.000000]   DMA32 zone: 12856 pages used for memmap
[    0.000000]   DMA32 zone: 822759 pages, LIFO batch:31
[    0.000000]   Normal zone: 510912 pages used for memmap
[    0.000000]   Normal zone: 32698368 pages, LIFO batch:31
[    0.000000] Initmem setup node 1 [mem 0x2030000000-0x402fbfffff]
[    0.000000] On node 1 totalpages: 33553408
[    0.000000]   Normal zone: 524272 pages used for memmap
[    0.000000]   Normal zone: 33553408 pages, LIFO batch:31
[    0.000000] ACPI: PM-Timer IO Port: 0x808
[    0.000000] ACPI: Local APIC address 0xfee00000
[    0.000000] ACPI: LAPIC (acpi_id[0x00] lapic_id[0x00] enabled)
[    0.000000] ACPI: LAPIC (acpi_id[0x02] lapic_id[0x02] enabled)
[    0.000000] ACPI: LAPIC (acpi_id[0x04] lapic_id[0x08] enabled)
[    0.000000] ACPI: LAPIC (acpi_id[0x06] lapic_id[0x0a] enabled)
[    0.000000] ACPI: LAPIC (acpi_id[0x08] lapic_id[0x10] enabled)
[    0.000000] ACPI: LAPIC (acpi_id[0x0a] lapic_id[0x12] enabled)
[    0.000000] ACPI: LAPIC (acpi_id[0x0c] lapic_id[0x18] enabled)
[    0.000000] ACPI: LAPIC (acpi_id[0x0e] lapic_id[0x1a] enabled)
[    0.000000] ACPI: LAPIC (acpi_id[0x10] lapic_id[0x20] enabled)
[    0.000000] ACPI: LAPIC (acpi_id[0x12] lapic_id[0x22] enabled)
[    0.000000] ACPI: LAPIC (acpi_id[0x14] lapic_id[0x28] enabled)
[    0.000000] ACPI: LAPIC (acpi_id[0x16] lapic_id[0x2a] enabled)
[    0.000000] ACPI: LAPIC (acpi_id[0x18] lapic_id[0x30] enabled)
[    0.000000] ACPI: LAPIC (acpi_id[0x1a] lapic_id[0x32] enabled)
[    0.000000] ACPI: LAPIC (acpi_id[0x1c] lapic_id[0x38] enabled)
[    0.000000] ACPI: LAPIC (acpi_id[0x1e] lapic_id[0x3a] enabled)
[    0.000000] ACPI: LAPIC (acpi_id[0x20] lapic_id[0x40] enabled)
[    0.000000] ACPI: LAPIC (acpi_id[0x22] lapic_id[0x42] enabled)
[    0.000000] ACPI: LAPIC (acpi_id[0x24] lapic_id[0x48] enabled)
[    0.000000] ACPI: LAPIC (acpi_id[0x26] lapic_id[0x4a] enabled)
[    0.000000] ACPI: LAPIC (acpi_id[0x28] lapic_id[0x50] enabled)
[    0.000000] ACPI: LAPIC (acpi_id[0x2a] lapic_id[0x52] enabled)
[    0.000000] ACPI: LAPIC (acpi_id[0x2c] lapic_id[0x58] enabled)
[    0.000000] ACPI: LAPIC (acpi_id[0x2e] lapic_id[0x5a] enabled)
[    0.000000] ACPI: LAPIC (acpi_id[0x30] lapic_id[0x60] enabled)
[    0.000000] ACPI: LAPIC (acpi_id[0x32] lapic_id[0x62] enabled)
[    0.000000] ACPI: LAPIC (acpi_id[0x34] lapic_id[0x68] enabled)
[    0.000000] ACPI: LAPIC (acpi_id[0x36] lapic_id[0x6a] enabled)
[    0.000000] ACPI: LAPIC (acpi_id[0x38] lapic_id[0x70] enabled)
[    0.000000] ACPI: LAPIC (acpi_id[0x3a] lapic_id[0x72] enabled)
[    0.000000] ACPI: LAPIC (acpi_id[0x3c] lapic_id[0x78] enabled)
[    0.000000] ACPI: LAPIC (acpi_id[0x3e] lapic_id[0x7a] enabled)
[    0.000000] ACPI: LAPIC (acpi_id[0x01] lapic_id[0x01] enabled)
[    0.000000] ACPI: LAPIC (acpi_id[0x03] lapic_id[0x03] enabled)
[    0.000000] ACPI: LAPIC (acpi_id[0x05] lapic_id[0x09] enabled)
[    0.000000] ACPI: LAPIC (acpi_id[0x07] lapic_id[0x0b] enabled)
[    0.000000] ACPI: LAPIC (acpi_id[0x09] lapic_id[0x11] enabled)
[    0.000000] ACPI: LAPIC (acpi_id[0x0b] lapic_id[0x13] enabled)
[    0.000000] ACPI: LAPIC (acpi_id[0x0d] lapic_id[0x19] enabled)
[    0.000000] ACPI: LAPIC (acpi_id[0x0f] lapic_id[0x1b] enabled)
[    0.000000] ACPI: LAPIC (acpi_id[0x11] lapic_id[0x21] enabled)
[    0.000000] ACPI: LAPIC (acpi_id[0x13] lapic_id[0x23] enabled)
[    0.000000] ACPI: LAPIC (acpi_id[0x15] lapic_id[0x29] enabled)
[    0.000000] ACPI: LAPIC (acpi_id[0x17] lapic_id[0x2b] enabled)
[    0.000000] ACPI: LAPIC (acpi_id[0x19] lapic_id[0x31] enabled)
[    0.000000] ACPI: LAPIC (acpi_id[0x1b] lapic_id[0x33] enabled)
[    0.000000] ACPI: LAPIC (acpi_id[0x1d] lapic_id[0x39] enabled)
[    0.000000] ACPI: LAPIC (acpi_id[0x1f] lapic_id[0x3b] enabled)
[    0.000000] ACPI: LAPIC (acpi_id[0x21] lapic_id[0x41] enabled)
[    0.000000] ACPI: LAPIC (acpi_id[0x23] lapic_id[0x43] enabled)
[    0.000000] ACPI: LAPIC (acpi_id[0x25] lapic_id[0x49] enabled)
[    0.000000] ACPI: LAPIC (acpi_id[0x27] lapic_id[0x4b] enabled)
[    0.000000] ACPI: LAPIC (acpi_id[0x29] lapic_id[0x51] enabled)
[    0.000000] ACPI: LAPIC (acpi_id[0x2b] lapic_id[0x53] enabled)
[    0.000000] ACPI: LAPIC (acpi_id[0x2d] lapic_id[0x59] enabled)
[    0.000000] ACPI: LAPIC (acpi_id[0x2f] lapic_id[0x5b] enabled)
[    0.000000] ACPI: LAPIC (acpi_id[0x31] lapic_id[0x61] enabled)
[    0.000000] ACPI: LAPIC (acpi_id[0x33] lapic_id[0x63] enabled)
[    0.000000] ACPI: LAPIC (acpi_id[0x35] lapic_id[0x69] enabled)
[    0.000000] ACPI: LAPIC (acpi_id[0x37] lapic_id[0x6b] enabled)
[    0.000000] ACPI: LAPIC (acpi_id[0x39] lapic_id[0x71] enabled)
[    0.000000] ACPI: LAPIC (acpi_id[0x3b] lapic_id[0x73] enabled)
[    0.000000] ACPI: LAPIC (acpi_id[0x3d] lapic_id[0x79] enabled)
[    0.000000] ACPI: LAPIC (acpi_id[0x3f] lapic_id[0x7b] enabled)
[    0.000000] ACPI: LAPIC_NMI (acpi_id[0xff] high edge lint[0x1])
[    0.000000] ACPI: IOAPIC (id[0x80] address[0xfec00000] gsi_base[0])
[    0.000000] IOAPIC[0]: apic_id 128, version 33, address 0xfec00000, GSI 0-23
[    0.000000] ACPI: IOAPIC (id[0x81] address[0xdfaf0000] gsi_base[24])
[    0.000000] IOAPIC[1]: apic_id 129, version 33, address 0xdfaf0000, GSI 24-55
[    0.000000] ACPI: IOAPIC (id[0x82] address[0xd7ff0000] gsi_base[56])
[    0.000000] IOAPIC[2]: apic_id 130, version 33, address 0xd7ff0000, GSI 56-87
[    0.000000] ACPI: IOAPIC (id[0x83] address[0xd58f0000] gsi_base[88])
[    0.000000] IOAPIC[3]: apic_id 131, version 33, address 0xd58f0000, GSI 88-119
[    0.000000] ACPI: IOAPIC (id[0x84] address[0xd52f0000] gsi_base[120])
[    0.000000] IOAPIC[4]: apic_id 132, version 33, address 0xd52f0000, GSI 120-151
[    0.000000] ACPI: IOAPIC (id[0x85] address[0xd4cf0000] gsi_base[152])
[    0.000000] IOAPIC[5]: apic_id 133, version 33, address 0xd4cf0000, GSI 152-183
[    0.000000] ACPI: IOAPIC (id[0x86] address[0xd46f0000] gsi_base[184])
[    0.000000] IOAPIC[6]: apic_id 134, version 33, address 0xd46f0000, GSI 184-215
[    0.000000] ACPI: IOAPIC (id[0x87] address[0xd40f0000] gsi_base[216])
[    0.000000] IOAPIC[7]: apic_id 135, version 33, address 0xd40f0000, GSI 216-247
[    0.000000] ACPI: IOAPIC (id[0x88] address[0xd3af0000] gsi_base[248])
[    0.000000] IOAPIC[8]: apic_id 136, version 33, address 0xd3af0000, GSI 248-279
[    0.000000] ACPI: INT_SRC_OVR (bus 0 bus_irq 0 global_irq 2 dfl dfl)
[    0.000000] ACPI: INT_SRC_OVR (bus 0 bus_irq 9 global_irq 9 low level)
[    0.000000] ACPI: IRQ0 used by override.
[    0.000000] ACPI: IRQ9 used by override.
[    0.000000] Using ACPI (MADT) for SMP configuration information
[    0.000000] ACPI: HPET id: 0x10228201 base: 0xfed00000
[    0.000000] smpboot: Allowing 64 CPUs, 0 hotplug CPUs
[    0.000000] PM: Registered nosave memory: [mem 0x000a0000-0x000fffff]
[    0.000000] PM: Registered nosave memory: [mem 0x75db0000-0x75ffffff]
[    0.000000] PM: Registered nosave memory: [mem 0x9384b000-0x9384bfff]
[    0.000000] PM: Registered nosave memory: [mem 0x9387b000-0x9387bfff]
[    0.000000] PM: Registered nosave memory: [mem 0x9387c000-0x9387cfff]
[    0.000000] PM: Registered nosave memory: [mem 0x9388c000-0x9388cfff]
[    0.000000] PM: Registered nosave memory: [mem 0xc8de5000-0xca252fff]
[    0.000000] PM: Registered nosave memory: [mem 0xca312000-0xca67ffff]
[    0.000000] PM: Registered nosave memory: [mem 0xca680000-0xcae6cfff]
[    0.000000] PM: Registered nosave memory: [mem 0xcc000000-0xcfffffff]
[    0.000000] PM: Registered nosave memory: [mem 0xd0000000-0xd38fffff]
[    0.000000] PM: Registered nosave memory: [mem 0xd3900000-0xd3a7ffff]
[    0.000000] PM: Registered nosave memory: [mem 0xd3a80000-0xd3aeffff]
[    0.000000] PM: Registered nosave memory: [mem 0xd3af0000-0xd3af0fff]
[    0.000000] PM: Registered nosave memory: [mem 0xd3af1000-0xd3efffff]
[    0.000000] PM: Registered nosave memory: [mem 0xd3f00000-0xd407ffff]
[    0.000000] PM: Registered nosave memory: [mem 0xd4080000-0xd40effff]
[    0.000000] PM: Registered nosave memory: [mem 0xd40f0000-0xd40f0fff]
[    0.000000] PM: Registered nosave memory: [mem 0xd40f1000-0xd44fffff]
[    0.000000] PM: Registered nosave memory: [mem 0xd4500000-0xd467ffff]
[    0.000000] PM: Registered nosave memory: [mem 0xd4680000-0xd46effff]
[    0.000000] PM: Registered nosave memory: [mem 0xd46f0000-0xd46f0fff]
[    0.000000] PM: Registered nosave memory: [mem 0xd46f1000-0xd4afffff]
[    0.000000] PM: Registered nosave memory: [mem 0xd4b00000-0xd4c7ffff]
[    0.000000] PM: Registered nosave memory: [mem 0xd4c80000-0xd4ceffff]
[    0.000000] PM: Registered nosave memory: [mem 0xd4cf0000-0xd4cf0fff]
[    0.000000] PM: Registered nosave memory: [mem 0xd4cf1000-0xd50fffff]
[    0.000000] PM: Registered nosave memory: [mem 0xd5100000-0xd527ffff]
[    0.000000] PM: Registered nosave memory: [mem 0xd5280000-0xd52effff]
[    0.000000] PM: Registered nosave memory: [mem 0xd52f0000-0xd52f0fff]
[    0.000000] PM: Registered nosave memory: [mem 0xd52f1000-0xd56fffff]
[    0.000000] PM: Registered nosave memory: [mem 0xd5700000-0xd587ffff]
[    0.000000] PM: Registered nosave memory: [mem 0xd5880000-0xd58effff]
[    0.000000] PM: Registered nosave memory: [mem 0xd58f0000-0xd58f0fff]
[    0.000000] PM: Registered nosave memory: [mem 0xd58f1000-0xd7dfffff]
[    0.000000] PM: Registered nosave memory: [mem 0xd7e00000-0xd7f7ffff]
[    0.000000] PM: Registered nosave memory: [mem 0xd7f80000-0xd7feffff]
[    0.000000] PM: Registered nosave memory: [mem 0xd7ff0000-0xd7ff0fff]
[    0.000000] PM: Registered nosave memory: [mem 0xd7ff1000-0xdf9fffff]
[    0.000000] PM: Registered nosave memory: [mem 0xdfa00000-0xdfa7ffff]
[    0.000000] PM: Registered nosave memory: [mem 0xdfa80000-0xdfaeffff]
[    0.000000] PM: Registered nosave memory: [mem 0xdfaf0000-0xdfaf0fff]
[    0.000000] PM: Registered nosave memory: [mem 0xdfaf1000-0xfe9fffff]
[    0.000000] PM: Registered nosave memory: [mem 0xfea00000-0xfeafffff]
[    0.000000] PM: Registered nosave memory: [mem 0xfeb00000-0xfebfffff]
[    0.000000] PM: Registered nosave memory: [mem 0xfec00000-0xfec00fff]
[    0.000000] PM: Registered nosave memory: [mem 0xfec01000-0xfec0ffff]
[    0.000000] PM: Registered nosave memory: [mem 0xfec10000-0xfec10fff]
[    0.000000] PM: Registered nosave memory: [mem 0xfec11000-0xfecfffff]
[    0.000000] PM: Registered nosave memory: [mem 0xfed00000-0xfed00fff]
[    0.000000] PM: Registered nosave memory: [mem 0xfed01000-0xfed3ffff]
[    0.000000] PM: Registered nosave memory: [mem 0xfed40000-0xfed44fff]
[    0.000000] PM: Registered nosave memory: [mem 0xfed45000-0xfed7ffff]
[    0.000000] PM: Registered nosave memory: [mem 0xfed80000-0xfed8ffff]
[    0.000000] PM: Registered nosave memory: [mem 0xfed90000-0xfedbffff]
[    0.000000] PM: Registered nosave memory: [mem 0xfedc0000-0xfedc0fff]
[    0.000000] PM: Registered nosave memory: [mem 0xfedc1000-0xfedc1fff]
[    0.000000] PM: Registered nosave memory: [mem 0xfedc2000-0xfedc5fff]
[    0.000000] PM: Registered nosave memory: [mem 0xfedc6000-0xfedc6fff]
[    0.000000] PM: Registered nosave memory: [mem 0xfedc7000-0xfedc7fff]
[    0.000000] PM: Registered nosave memory: [mem 0xfedc8000-0xfedc8fff]
[    0.000000] PM: Registered nosave memory: [mem 0xfedc9000-0xfedcafff]
[    0.000000] PM: Registered nosave memory: [mem 0xfedcb000-0xfedfffff]
[    0.000000] PM: Registered nosave memory: [mem 0xfee00000-0xfeefffff]
[    0.000000] PM: Registered nosave memory: [mem 0xfef00000-0xfeffffff]
[    0.000000] PM: Registered nosave memory: [mem 0xff000000-0xffffffff]
[    0.000000] PM: Registered nosave memory: [mem 0x202f000000-0x202fffffff]
[    0.000000] e820: [mem 0xdfaf1000-0xfe9fffff] available for PCI devices
[    0.000000] Booting paravirtualized kernel on bare hardware
[    0.000000] setup_percpu: NR_CPUS:5120 nr_cpumask_bits:64 nr_cpu_ids:64 nr_node_ids:2
[    0.000000] PERCPU: Embedded 35 pages/cpu @ffff94362e600000 s104920 r8192 d30248 u262144
[    0.000000] pcpu-alloc: s104920 r8192 d30248 u262144 alloc=1*2097152
[    0.000000] pcpu-alloc: [0] 00 01 02 03 04 05 06 07 [0] 08 09 10 11 12 13 14 15 
[    0.000000] pcpu-alloc: [0] 32 33 34 35 36 37 38 39 [0] 40 41 42 43 44 45 46 47 
[    0.000000] pcpu-alloc: [1] 16 17 18 19 20 21 22 23 [1] 24 25 26 27 28 29 30 31 
[    0.000000] pcpu-alloc: [1] 48 49 50 51 52 53 54 55 [1] 56 57 58 59 60 61 62 63 
[    0.000000] Built 2 zonelists in Zone order, mobility grouping on.  Total pages: 66030401
[    0.000000] Policy zone: Normal
[    0.000000] Kernel command line: BOOT_IMAGE=/boot/vmlinuz-3.10.0-862.9.1.el7.x86_64 root=UUID=62ac631c-9f7f-43ab-8c6a-a31f8cb22707 ro crashkernel=auto rhgb quiet LANG=en_US.UTF-8
[    0.000000] PID hash table entries: 4096 (order: 3, 32768 bytes)
[    0.000000] x86/fpu: xstate_offset[2]: 0240, xstate_sizes[2]: 0100
[    0.000000] xsave: enabled xstate_bv 0x7, cntxt size 0x340 using standard form
[    0.000000] Memory: 7205064k/269217792k available (7328k kernel code, 903656k absent, 4519504k reserved, 6301k data, 1832k init)
[    0.000000] SLUB: HWalign=64, Order=0-3, MinObjects=0, CPUs=64, Nodes=2
[    0.000000] Hierarchical RCU implementation.
[    0.000000] 	RCU restricting CPUs from NR_CPUS=5120 to nr_cpu_ids=64.
[    0.000000] NR_IRQS:327936 nr_irqs:5288 0
[    0.000000] Console: colour dummy device 80x25
[    0.000000] console [tty0] enabled
[    0.000000] allocated 1073741824 bytes of page_cgroup
[    0.000000] please try 'cgroup_disable=memory' option if you don't want memory cgroups
[    0.000000] Enabling automatic NUMA balancing. Configure with numa_balancing= or the kernel.numa_balancing sysctl
[    0.000000] hpet clockevent registered
[    0.000000] tsc: Fast TSC calibration using PIT
[    0.000000] tsc: Detected 2195.725 MHz processor
[    0.000039] Calibrating delay loop (skipped), value calculated using timer frequency.. 4391.45 BogoMIPS (lpj=2195725)
[    0.000042] pid_max: default: 65536 minimum: 512
[    0.001164] Security Framework initialized
[    0.001170] SELinux:  Initializing.
[    0.001185] SELinux:  Starting in permissive mode
[    0.001186] Yama: becoming mindful.
[    0.015310] Dentry cache hash table entries: 33554432 (order: 16, 268435456 bytes)
[    0.070309] Inode-cache hash table entries: 16777216 (order: 15, 134217728 bytes)
[    0.094864] Mount-cache hash table entries: 524288 (order: 10, 4194304 bytes)
[    0.095082] Mountpoint-cache hash table entries: 524288 (order: 10, 4194304 bytes)
[    0.096780] Initializing cgroup subsys memory
[    0.096797] Initializing cgroup subsys devices
[    0.096798] Initializing cgroup subsys freezer
[    0.096800] Initializing cgroup subsys net_cls
[    0.096801] Initializing cgroup subsys blkio
[    0.096803] Initializing cgroup subsys perf_event
[    0.096806] Initializing cgroup subsys hugetlb
[    0.096807] Initializing cgroup subsys pids
[    0.096809] Initializing cgroup subsys net_prio
[    0.096867] tseg: 00cc000000
[    0.096869] CPU: Physical Processor ID: 0
[    0.096870] CPU: Processor Core ID: 0
[    0.102795] mce: CPU supports 23 MCE banks
[    0.102841] LVT offset 2 assigned for vector 0xf4
[    0.102854] Last level iTLB entries: 4KB 1024, 2MB 1024, 4MB 512
[    0.102855] Last level dTLB entries: 4KB 1536, 2MB 1536, 4MB 768
[    0.102856] tlb_flushall_shift: 6
[    0.102871] Speculative Store Bypass: Mitigation: Speculative Store Bypass disabled via prctl and seccomp
[    0.102872] FEATURE SPEC_CTRL Not Present
[    0.102873] FEATURE IBPB_SUPPORT Present
[    0.102958] Spectre V2 : Mitigation: Full retpoline
[    0.103741] Freeing SMP alternatives: 24k freed
[    0.105629] ACPI: Core revision 20130517
[    0.113459] ACPI: All ACPI Tables successfully acquired
[    0.114427] ------------[ cut here ]------------
[    0.114435] WARNING: CPU: 0 PID: 0 at arch/x86/mm/ioremap.c:115 __ioremap_caller+0x179/0x340
[    0.114436] ioremap on RAM at 0xc5fec018 - 0xc5fec01d
[    0.114437] Modules linked in:
[    0.114441] CPU: 0 PID: 0 Comm: swapper/0 Not tainted 3.10.0-862.9.1.el7.x86_64 #1
[    0.114442] Hardware name: To be filled by O.E.M. To be filled by O.E.M./To be filled by O.E.M., BIOS 5.13 08/29/2018
[    0.114443] Call Trace:
[    0.114450]  [<ffffffff8f10e84e>] dump_stack+0x19/0x1b
[    0.114454]  [<ffffffff8ea91e18>] __warn+0xd8/0x100
[    0.114456]  [<ffffffff8ea91e9f>] warn_slowpath_fmt+0x5f/0x80
[    0.114459]  [<ffffffff8ea6fa39>] __ioremap_caller+0x179/0x340
[    0.114464]  [<ffffffff8f7903fa>] ? efi_bgrt_init+0x6c/0x108
[    0.114467]  [<ffffffff8ea6fc17>] ioremap_nocache+0x17/0x20
[    0.114469]  [<ffffffff8f7903fa>] efi_bgrt_init+0x6c/0x108
[    0.114471]  [<ffffffff8f78f6ee>] efi_late_init+0x13/0x15
[    0.114475]  [<ffffffff8f76c1b2>] start_kernel+0x437/0x467
[    0.114477]  [<ffffffff8f76bb7b>] ? repair_env_string+0x5c/0x5c
[    0.114479]  [<ffffffff8f76b120>] ? early_idt_handler_array+0x120/0x120
[    0.114481]  [<ffffffff8f76b72f>] x86_64_start_reservations+0x24/0x26
[    0.114483]  [<ffffffff8f76b885>] x86_64_start_kernel+0x154/0x177
[    0.114486]  [<ffffffff8ea000d5>] start_cpu+0x5/0x14
[    0.114490] ---[ end trace 0da5ee6e8b06ef90 ]---
[    0.114491] Ignoring BGRT: failed to map image header memory
[    0.115098] ftrace: allocating 28072 entries in 110 pages
[    1.289622] Switched APIC routing to physical flat.
[    1.293018] ..TIMER: vector=0x30 apic1=0 pin1=2 apic2=-1 pin2=-1
[    1.303022] smpboot: CPU0: AMD EPYC 7301 16-Core Processor (fam: 17, model: 01, stepping: 02)
[    1.404927] Performance Events: Fam17h core perfctr, AMD PMU driver.
[    1.404932] ... version:                0
[    1.404933] ... bit width:              48
[    1.404934] ... generic registers:      6
[    1.404935] ... value mask:             0000ffffffffffff
[    1.404936] ... max period:             00007fffffffffff
[    1.404937] ... fixed-purpose events:   0
[    1.404938] ... event mask:             000000000000003f
[    1.407029] NMI watchdog: enabled on all CPUs, permanently consumes one hw-PMU counter.
[    1.407099] smpboot: Booting Node   0, Processors  #1 #2 #3 #4 #5 #6 #7 #8 #9 #10 #11 #12 #13 #14 #15 OK
[    1.530288] smpboot: Booting Node   1, Processors  #16 #17 #18 #19 #20 #21 #22 #23 #24 #25 #26 #27 #28 #29 #30 #31 OK
[    1.740156] smpboot: Booting Node   0, Processors  #32 #33 #34 #35 #36 #37 #38 #39 #40 #41 #42 #43 #44 #45 #46 #47 OK
[    1.871564] smpboot: Booting Node   1, Processors  #48 #49 #50 #51 #52 #53 #54 #55 #56 #57 #58 #59 #60 #61 #62 #63 OK
[    2.003401] Brought up 64 CPUs
[    2.003404] smpboot: Max logical packages: 2
[    2.003410] smpboot: Total of 64 processors activated (281078.27 BogoMIPS)
[    2.623309] node 0 initialised, 31643873 pages in 608ms
[    2.638416] node 1 initialised, 32503517 pages in 623ms
[    2.638884] devtmpfs: initialized
[    2.662298] EVM: security.selinux
[    2.662300] EVM: security.ima
[    2.662301] EVM: security.capability
[    2.662408] PM: Registering ACPI NVS region [mem 0xca312000-0xca67ffff] (3596288 bytes)
[    2.663920] atomic64 test passed for x86-64 platform with CX8 and with SSE
[    2.663924] pinctrl core: initialized pinctrl subsystem
[    2.664009] RTC time: 14:54:13, date: 08/30/18
[    2.664148] NET: Registered protocol family 16
[    2.664588] ACPI: bus type PCI registered
[    2.664591] acpiphp: ACPI Hot Plug PCI Controller Driver version: 0.5
[    2.664687] PCI: MMCONFIG for domain 0000 [bus 00-ff] at [mem 0xe0000000-0xefffffff] (base 0xe0000000)
[    2.664691] PCI: not using MMCONFIG
[    2.664692] PCI: Using configuration type 1 for base access
[    2.664693] PCI: Using configuration type 1 for extended access
[    2.675684] ACPI: Added _OSI(Module Device)
[    2.675686] ACPI: Added _OSI(Processor Device)
[    2.675688] ACPI: Added _OSI(3.0 _SCP Extensions)
[    2.675689] ACPI: Added _OSI(Processor Aggregator Device)
[    2.676970] ACPI: EC: Look up EC in DSDT
[    2.732443] ACPI: Interpreter enabled
[    2.732455] ACPI: (supports S0 S5)
[    2.732456] ACPI: Using IOAPIC for interrupt routing
[    2.732690] PCI: MMCONFIG for domain 0000 [bus 00-ff] at [mem 0xe0000000-0xefffffff] (base 0xe0000000)
[    2.732727] PCI: MMCONFIG at [mem 0xe0000000-0xefffffff] reserved in ACPI motherboard resources
[    2.732770] HEST: Table parsing has been initialized.
[    2.732773] PCI: Using host bridge windows from ACPI; if necessary, use "pci=nocrs" and report a bug
[    2.732811] ACPI: Enabled 2 GPEs in block 00 to 1F
[    2.734447] ACPI: Power Resource [P0SA] (off)
[    2.734472] ACPI: Power Resource [P3SA] (off)
[    2.736462] ACPI: Power Resource [P0SA] (off)
[    2.736485] ACPI: Power Resource [P3SA] (off)
[    2.737366] ACPI: Power Resource [P0SA] (off)
[    2.737390] ACPI: Power Resource [P3SA] (off)
[    2.738263] ACPI: Power Resource [P0SA] (off)
[    2.738284] ACPI: Power Resource [P3SA] (off)
[    2.739128] ACPI: Power Resource [P0SA] (off)
[    2.739150] ACPI: Power Resource [P3SA] (off)
[    2.739994] ACPI: Power Resource [P0SA] (off)
[    2.740019] ACPI: Power Resource [P3SA] (off)
[    2.740875] ACPI: Power Resource [P0SA] (off)
[    2.740896] ACPI: Power Resource [P3SA] (off)
[    2.741748] ACPI: Power Resource [P0SA] (off)
[    2.741770] ACPI: Power Resource [P3SA] (off)
[    2.743933] ACPI: PCI Root Bridge [PCI0] (domain 0000 [bus 00-1f])
[    2.743939] acpi PNP0A08:00: _OSC: OS supports [ExtendedConfig ASPM ClockPM Segments MSI]
[    2.744118] acpi PNP0A08:00: _OSC: OS now controls [PCIeHotplug PME AER PCIeCapability]
[    2.744354] PCI host bridge to bus 0000:00
[    2.744357] pci_bus 0000:00: root bus resource [bus 00-1f]
[    2.744359] pci_bus 0000:00: root bus resource [io  0x0000-0x02e7 window]
[    2.744361] pci_bus 0000:00: root bus resource [io  0x0300-0x03af window]
[    2.744363] pci_bus 0000:00: root bus resource [io  0x0400-0x0cf7 window]
[    2.744366] pci_bus 0000:00: root bus resource [io  0x0d00-0x0fff window]
[    2.744368] pci_bus 0000:00: root bus resource [mem 0x000c0000-0x000dffff window]
[    2.744370] pci_bus 0000:00: root bus resource [mem 0xdfb00000-0xdfffffff window]
[    2.744372] pci_bus 0000:00: root bus resource [mem 0x1cd06000000-0x1ffffffffff window]
[    2.744380] pci 0000:00:00.0: [1022:1450] type 00 class 0x060000
[    2.744451] pci 0000:00:00.2: [1022:1451] type 00 class 0x080600
[    2.744542] pci 0000:00:01.0: [1022:1452] type 00 class 0x060000
[    2.744618] pci 0000:00:02.0: [1022:1452] type 00 class 0x060000
[    2.744693] pci 0000:00:03.0: [1022:1452] type 00 class 0x060000
[    2.744768] pci 0000:00:04.0: [1022:1452] type 00 class 0x060000
[    2.744847] pci 0000:00:07.0: [1022:1452] type 00 class 0x060000
[    2.744907] pci 0000:00:07.1: [1022:1454] type 01 class 0x060400
[    2.745198] pci 0000:00:07.1: PME# supported from D0 D3hot D3cold
[    2.745241] pci 0000:00:07.1: System wakeup disabled by ACPI
[    2.745284] pci 0000:00:08.0: [1022:1452] type 00 class 0x060000
[    2.745344] pci 0000:00:08.1: [1022:1454] type 01 class 0x060400
[    2.746179] pci 0000:00:08.1: PME# supported from D0 D3hot D3cold
[    2.746295] pci 0000:00:14.0: [1022:790b] type 00 class 0x0c0500
[    2.746501] pci 0000:00:14.3: [1022:790e] type 00 class 0x060100
[    2.746714] pci 0000:00:18.0: [1022:1460] type 00 class 0x060000
[    2.746762] pci 0000:00:18.1: [1022:1461] type 00 class 0x060000
[    2.746810] pci 0000:00:18.2: [1022:1462] type 00 class 0x060000
[    2.746858] pci 0000:00:18.3: [1022:1463] type 00 class 0x060000
[    2.746907] pci 0000:00:18.4: [1022:1464] type 00 class 0x060000
[    2.746956] pci 0000:00:18.5: [1022:1465] type 00 class 0x060000
[    2.747004] pci 0000:00:18.6: [1022:1466] type 00 class 0x060000
[    2.747052] pci 0000:00:18.7: [1022:1467] type 00 class 0x060000
[    2.747105] pci 0000:00:19.0: [1022:1460] type 00 class 0x060000
[    2.747156] pci 0000:00:19.1: [1022:1461] type 00 class 0x060000
[    2.747208] pci 0000:00:19.2: [1022:1462] type 00 class 0x060000
[    2.747260] pci 0000:00:19.3: [1022:1463] type 00 class 0x060000
[    2.747311] pci 0000:00:19.4: [1022:1464] type 00 class 0x060000
[    2.747362] pci 0000:00:19.5: [1022:1465] type 00 class 0x060000
[    2.747418] pci 0000:00:19.6: [1022:1466] type 00 class 0x060000
[    2.747470] pci 0000:00:19.7: [1022:1467] type 00 class 0x060000
[    2.747526] pci 0000:00:1a.0: [1022:1460] type 00 class 0x060000
[    2.747578] pci 0000:00:1a.1: [1022:1461] type 00 class 0x060000
[    2.747630] pci 0000:00:1a.2: [1022:1462] type 00 class 0x060000
[    2.747682] pci 0000:00:1a.3: [1022:1463] type 00 class 0x060000
[    2.747733] pci 0000:00:1a.4: [1022:1464] type 00 class 0x060000
[    2.747786] pci 0000:00:1a.5: [1022:1465] type 00 class 0x060000
[    2.747837] pci 0000:00:1a.6: [1022:1466] type 00 class 0x060000
[    2.747888] pci 0000:00:1a.7: [1022:1467] type 00 class 0x060000
[    2.747941] pci 0000:00:1b.0: [1022:1460] type 00 class 0x060000
[    2.747991] pci 0000:00:1b.1: [1022:1461] type 00 class 0x060000
[    2.748042] pci 0000:00:1b.2: [1022:1462] type 00 class 0x060000
[    2.748097] pci 0000:00:1b.3: [1022:1463] type 00 class 0x060000
[    2.748150] pci 0000:00:1b.4: [1022:1464] type 00 class 0x060000
[    2.748203] pci 0000:00:1b.5: [1022:1465] type 00 class 0x060000
[    2.748255] pci 0000:00:1b.6: [1022:1466] type 00 class 0x060000
[    2.748307] pci 0000:00:1b.7: [1022:1467] type 00 class 0x060000
[    2.748360] pci 0000:00:1c.0: [1022:1460] type 00 class 0x060000
[    2.748417] pci 0000:00:1c.1: [1022:1461] type 00 class 0x060000
[    2.748475] pci 0000:00:1c.2: [1022:1462] type 00 class 0x060000
[    2.748536] pci 0000:00:1c.3: [1022:1463] type 00 class 0x060000
[    2.748594] pci 0000:00:1c.4: [1022:1464] type 00 class 0x060000
[    2.748652] pci 0000:00:1c.5: [1022:1465] type 00 class 0x060000
[    2.748711] pci 0000:00:1c.6: [1022:1466] type 00 class 0x060000
[    2.748769] pci 0000:00:1c.7: [1022:1467] type 00 class 0x060000
[    2.748829] pci 0000:00:1d.0: [1022:1460] type 00 class 0x060000
[    2.748890] pci 0000:00:1d.1: [1022:1461] type 00 class 0x060000
[    2.748947] pci 0000:00:1d.2: [1022:1462] type 00 class 0x060000
[    2.749007] pci 0000:00:1d.3: [1022:1463] type 00 class 0x060000
[    2.749065] pci 0000:00:1d.4: [1022:1464] type 00 class 0x060000
[    2.749128] pci 0000:00:1d.5: [1022:1465] type 00 class 0x060000
[    2.749186] pci 0000:00:1d.6: [1022:1466] type 00 class 0x060000
[    2.749246] pci 0000:00:1d.7: [1022:1467] type 00 class 0x060000
[    2.749305] pci 0000:00:1e.0: [1022:1460] type 00 class 0x060000
[    2.749360] pci 0000:00:1e.1: [1022:1461] type 00 class 0x060000
[    2.749415] pci 0000:00:1e.2: [1022:1462] type 00 class 0x060000
[    2.749471] pci 0000:00:1e.3: [1022:1463] type 00 class 0x060000
[    2.749528] pci 0000:00:1e.4: [1022:1464] type 00 class 0x060000
[    2.749583] pci 0000:00:1e.5: [1022:1465] type 00 class 0x060000
[    2.749638] pci 0000:00:1e.6: [1022:1466] type 00 class 0x060000
[    2.749695] pci 0000:00:1e.7: [1022:1467] type 00 class 0x060000
[    2.749751] pci 0000:00:1f.0: [1022:1460] type 00 class 0x060000
[    2.749808] pci 0000:00:1f.1: [1022:1461] type 00 class 0x060000
[    2.749865] pci 0000:00:1f.2: [1022:1462] type 00 class 0x060000
[    2.749922] pci 0000:00:1f.3: [1022:1463] type 00 class 0x060000
[    2.749980] pci 0000:00:1f.4: [1022:1464] type 00 class 0x060000
[    2.750037] pci 0000:00:1f.5: [1022:1465] type 00 class 0x060000
[    2.750098] pci 0000:00:1f.6: [1022:1466] type 00 class 0x060000
[    2.750156] pci 0000:00:1f.7: [1022:1467] type 00 class 0x060000
[    2.750292] pci 0000:01:00.0: [1022:145a] type 00 class 0x130000
[    2.750388] pci 0000:01:00.2: [1022:1456] type 00 class 0x108000
[    2.750404] pci 0000:01:00.2: reg 0x18: [mem 0xdfc00000-0xdfcfffff]
[    2.750414] pci 0000:01:00.2: reg 0x24: [mem 0xdfd00000-0xdfd01fff]
[    2.750496] pci 0000:01:00.3: [1022:145f] type 00 class 0x0c0330
[    2.750509] pci 0000:01:00.3: reg 0x10: [mem 0xdfb00000-0xdfbfffff 64bit]
[    2.750563] pci 0000:01:00.3: PME# supported from D0 D3hot D3cold
[    2.750626] pci 0000:00:07.1: PCI bridge to [bus 01]
[    2.750631] pci 0000:00:07.1:   bridge window [mem 0xdfb00000-0xdfdfffff]
[    2.751210] pci 0000:02:00.0: [1022:1455] type 00 class 0x130000
[    2.751315] pci 0000:02:00.1: [1022:1468] type 00 class 0x108000
[    2.751331] pci 0000:02:00.1: reg 0x18: [mem 0xdfe00000-0xdfefffff]
[    2.751342] pci 0000:02:00.1: reg 0x24: [mem 0xdff00000-0xdff01fff]
[    2.751437] pci 0000:00:08.1: PCI bridge to [bus 02]
[    2.751442] pci 0000:00:08.1:   bridge window [mem 0xdfe00000-0xdfffffff]
[    2.751456] pci_bus 0000:00: on NUMA node 0
[    2.752149] ACPI: PCI Root Bridge [S0D1] (domain 0000 [bus 20-3f])
[    2.752153] acpi PNP0A08:01: _OSC: OS supports [ExtendedConfig ASPM ClockPM Segments MSI]
[    2.752322] acpi PNP0A08:01: _OSC: OS now controls [PCIeHotplug PME AER PCIeCapability]
[    2.752518] PCI host bridge to bus 0000:20
[    2.752521] pci_bus 0000:20: root bus resource [bus 20-3f]
[    2.752523] pci_bus 0000:20: root bus resource [io  0x03b0-0x03df window]
[    2.752525] pci_bus 0000:20: root bus resource [io  0x1000-0x1fff window]
[    2.752527] pci_bus 0000:20: root bus resource [mem 0x000a0000-0x000bffff window]
[    2.752528] pci_bus 0000:20: root bus resource [mem 0xd8000000-0xdf9fffff window]
[    2.752530] pci_bus 0000:20: root bus resource [mem 0x19a0c000000-0x1cd05ffffff window]
[    2.752536] pci 0000:20:00.0: [1022:1450] type 00 class 0x060000
[    2.752601] pci 0000:20:00.2: [1022:1451] type 00 class 0x080600
[    2.752690] pci 0000:20:01.0: [1022:1452] type 00 class 0x060000
[    2.752751] pci 0000:20:01.1: [1022:1453] type 01 class 0x060400
[    2.752883] pci 0000:20:01.1: PME# supported from D0 D3hot D3cold
[    2.752965] pci 0000:20:02.0: [1022:1452] type 00 class 0x060000
[    2.753039] pci 0000:20:03.0: [1022:1452] type 00 class 0x060000
[    2.753115] pci 0000:20:04.0: [1022:1452] type 00 class 0x060000
[    2.753195] pci 0000:20:07.0: [1022:1452] type 00 class 0x060000
[    2.753254] pci 0000:20:07.1: [1022:1454] type 01 class 0x060400
[    2.753468] pci 0000:20:07.1: PME# supported from D0 D3hot D3cold
[    2.753507] pci 0000:20:07.1: System wakeup disabled by ACPI
[    2.753550] pci 0000:20:08.0: [1022:1452] type 00 class 0x060000
[    2.753610] pci 0000:20:08.1: [1022:1454] type 01 class 0x060400
[    2.753727] pci 0000:20:08.1: PME# supported from D0 D3hot D3cold
[    2.753938] pci 0000:21:00.0: [1a03:1150] type 01 class 0x060400
[    2.754058] pci 0000:21:00.0: supports D1 D2
[    2.754059] pci 0000:21:00.0: PME# supported from D0 D1 D2 D3hot D3cold
[    2.756107] pci 0000:20:01.1: PCI bridge to [bus 21-22]
[    2.756112] pci 0000:20:01.1:   bridge window [io  0x1000-0x1fff]
[    2.756115] pci 0000:20:01.1:   bridge window [mem 0xd8000000-0xdc0fffff]
[    2.756180] pci 0000:22:00.0: [1a03:2000] type 00 class 0x030000
[    2.756204] pci 0000:22:00.0: reg 0x10: [mem 0xd8000000-0xdbffffff]
[    2.756218] pci 0000:22:00.0: reg 0x14: [mem 0xdc000000-0xdc01ffff]
[    2.756232] pci 0000:22:00.0: reg 0x18: [io  0x1000-0x107f]
[    2.756333] pci 0000:22:00.0: supports D1 D2
[    2.756335] pci 0000:22:00.0: PME# supported from D0 D1 D2 D3hot D3cold
[    2.756427] pci 0000:21:00.0: PCI bridge to [bus 22]
[    2.756434] pci 0000:21:00.0:   bridge window [io  0x1000-0x1fff]
[    2.756439] pci 0000:21:00.0:   bridge window [mem 0xd8000000-0xdc0fffff]
[    2.756536] pci 0000:23:00.0: [1022:145a] type 00 class 0x130000
[    2.756640] pci 0000:23:00.2: [1022:1456] type 00 class 0x108000
[    2.756657] pci 0000:23:00.2: reg 0x18: [mem 0xdc300000-0xdc3fffff]
[    2.756667] pci 0000:23:00.2: reg 0x24: [mem 0xdc400000-0xdc401fff]
[    2.756753] pci 0000:23:00.3: [1022:145f] type 00 class 0x0c0330
[    2.756768] pci 0000:23:00.3: reg 0x10: [mem 0xdc200000-0xdc2fffff 64bit]
[    2.756826] pci 0000:23:00.3: PME# supported from D0 D3hot D3cold
[    2.756890] pci 0000:20:07.1: PCI bridge to [bus 23]
[    2.756895] pci 0000:20:07.1:   bridge window [mem 0xdc200000-0xdc4fffff]
[    2.757431] pci 0000:24:00.0: [1022:1455] type 00 class 0x130000
[    2.757544] pci 0000:24:00.1: [1022:1468] type 00 class 0x108000
[    2.757562] pci 0000:24:00.1: reg 0x18: [mem 0xdc500000-0xdc5fffff]
[    2.757573] pci 0000:24:00.1: reg 0x24: [mem 0xdc600000-0xdc601fff]
[    2.757676] pci 0000:20:08.1: PCI bridge to [bus 24]
[    2.757681] pci 0000:20:08.1:   bridge window [mem 0xdc500000-0xdc6fffff]
[    2.757699] pci_bus 0000:20: on NUMA node 0
[    2.757921] ACPI: PCI Root Bridge [S0D2] (domain 0000 [bus 40-5f])
[    2.757925] acpi PNP0A08:02: _OSC: OS supports [ExtendedConfig ASPM ClockPM Segments MSI]
[    2.758093] acpi PNP0A08:02: _OSC: OS now controls [PCIeHotplug PME AER PCIeCapability]
[    2.758259] PCI host bridge to bus 0000:40
[    2.758262] pci_bus 0000:40: root bus resource [bus 40-5f]
[    2.758264] pci_bus 0000:40: root bus resource [io  0x2000-0x3fff window]
[    2.758265] pci_bus 0000:40: root bus resource [mem 0xd5900000-0xd7dfffff window]
[    2.758267] pci_bus 0000:40: root bus resource [mem 0x16712000000-0x19a0bffffff window]
[    2.758273] pci 0000:40:00.0: [1022:1450] type 00 class 0x060000
[    2.758338] pci 0000:40:00.2: [1022:1451] type 00 class 0x080600
[    2.758427] pci 0000:40:01.0: [1022:1452] type 00 class 0x060000
[    2.758501] pci 0000:40:02.0: [1022:1452] type 00 class 0x060000
[    2.758577] pci 0000:40:03.0: [1022:1452] type 00 class 0x060000
[    2.758637] pci 0000:40:03.1: [1022:1453] type 01 class 0x060400
[    2.759231] pci 0000:40:03.1: PME# supported from D0 D3hot D3cold
[    2.759316] pci 0000:40:04.0: [1022:1452] type 00 class 0x060000
[    2.759397] pci 0000:40:07.0: [1022:1452] type 00 class 0x060000
[    2.759460] pci 0000:40:07.1: [1022:1454] type 01 class 0x060400
[    2.759575] pci 0000:40:07.1: PME# supported from D0 D3hot D3cold
[    2.759615] pci 0000:40:07.1: System wakeup disabled by ACPI
[    2.759658] pci 0000:40:08.0: [1022:1452] type 00 class 0x060000
[    2.759719] pci 0000:40:08.1: [1022:1454] type 01 class 0x060400
[    2.760227] pci 0000:40:08.1: PME# supported from D0 D3hot D3cold
[    2.760447] pci 0000:41:00.0: [8086:10d3] type 00 class 0x020000
[    2.760478] pci 0000:41:00.0: reg 0x10: [mem 0xd7dc0000-0xd7ddffff]
[    2.760494] pci 0000:41:00.0: reg 0x14: [mem 0xd7d00000-0xd7d7ffff]
[    2.760509] pci 0000:41:00.0: reg 0x18: [io  0x2000-0x201f]
[    2.760526] pci 0000:41:00.0: reg 0x1c: [mem 0xd7de0000-0xd7de3fff]
[    2.760569] pci 0000:41:00.0: reg 0x30: [mem 0xd7d80000-0xd7dbffff pref]
[    2.760663] pci 0000:41:00.0: PME# supported from D0 D3hot D3cold
[    2.762112] pci 0000:40:03.1: PCI bridge to [bus 41]
[    2.762116] pci 0000:40:03.1:   bridge window [io  0x2000-0x2fff]
[    2.762119] pci 0000:40:03.1:   bridge window [mem 0xd7d00000-0xd7dfffff]
[    2.762204] pci 0000:42:00.0: [1022:145a] type 00 class 0x130000
[    2.762308] pci 0000:42:00.2: [1022:1456] type 00 class 0x108000
[    2.762324] pci 0000:42:00.2: reg 0x18: [mem 0xd7b00000-0xd7bfffff]
[    2.762335] pci 0000:42:00.2: reg 0x24: [mem 0xd7c00000-0xd7c01fff]
[    2.762432] pci 0000:40:07.1: PCI bridge to [bus 42]
[    2.762437] pci 0000:40:07.1:   bridge window [mem 0xd7b00000-0xd7cfffff]
[    2.762529] pci 0000:43:00.0: [1022:1455] type 00 class 0x130000
[    2.762640] pci 0000:43:00.1: [1022:1468] type 00 class 0x108000
[    2.762658] pci 0000:43:00.1: reg 0x18: [mem 0xd7900000-0xd79fffff]
[    2.762669] pci 0000:43:00.1: reg 0x24: [mem 0xd7a00000-0xd7a01fff]
[    2.762772] pci 0000:40:08.1: PCI bridge to [bus 43]
[    2.762778] pci 0000:40:08.1:   bridge window [mem 0xd7900000-0xd7afffff]
[    2.762796] pci_bus 0000:40: on NUMA node 0
[    2.763019] ACPI: PCI Root Bridge [S0D3] (domain 0000 [bus 60-7f])
[    2.763023] acpi PNP0A08:03: _OSC: OS supports [ExtendedConfig ASPM ClockPM Segments MSI]
[    2.763197] acpi PNP0A08:03: _OSC: OS now controls [PCIeHotplug PME AER PCIeCapability]
[    2.763359] PCI host bridge to bus 0000:60
[    2.763362] pci_bus 0000:60: root bus resource [bus 60-7f]
[    2.763363] pci_bus 0000:60: root bus resource [mem 0xd5300000-0xd56fffff window]
[    2.763365] pci_bus 0000:60: root bus resource [mem 0x13418000000-0x16711ffffff window]
[    2.763371] pci 0000:60:00.0: [1022:1450] type 00 class 0x060000
[    2.763438] pci 0000:60:00.2: [1022:1451] type 00 class 0x080600
[    2.763526] pci 0000:60:01.0: [1022:1452] type 00 class 0x060000
[    2.763601] pci 0000:60:02.0: [1022:1452] type 00 class 0x060000
[    2.763677] pci 0000:60:03.0: [1022:1452] type 00 class 0x060000
[    2.763752] pci 0000:60:04.0: [1022:1452] type 00 class 0x060000
[    2.763831] pci 0000:60:07.0: [1022:1452] type 00 class 0x060000
[    2.763891] pci 0000:60:07.1: [1022:1454] type 01 class 0x060400
[    2.764372] pci 0000:60:07.1: PME# supported from D0 D3hot D3cold
[    2.764412] pci 0000:60:07.1: System wakeup disabled by ACPI
[    2.764454] pci 0000:60:08.0: [1022:1452] type 00 class 0x060000
[    2.764517] pci 0000:60:08.1: [1022:1454] type 01 class 0x060400
[    2.764632] pci 0000:60:08.1: PME# supported from D0 D3hot D3cold
[    2.764840] pci 0000:61:00.0: [1022:145a] type 00 class 0x130000
[    2.764943] pci 0000:61:00.2: [1022:1456] type 00 class 0x108000
[    2.764960] pci 0000:61:00.2: reg 0x18: [mem 0xd5500000-0xd55fffff]
[    2.764971] pci 0000:61:00.2: reg 0x24: [mem 0xd5600000-0xd5601fff]
[    2.765066] pci 0000:60:07.1: PCI bridge to [bus 61]
[    2.765071] pci 0000:60:07.1:   bridge window [mem 0xd5500000-0xd56fffff]
[    2.765369] pci 0000:62:00.0: [1022:1455] type 00 class 0x130000
[    2.765479] pci 0000:62:00.1: [1022:1468] type 00 class 0x108000
[    2.765498] pci 0000:62:00.1: reg 0x18: [mem 0xd5300000-0xd53fffff]
[    2.765509] pci 0000:62:00.1: reg 0x24: [mem 0xd5400000-0xd5401fff]
[    2.765613] pci 0000:60:08.1: PCI bridge to [bus 62]
[    2.765618] pci 0000:60:08.1:   bridge window [mem 0xd5300000-0xd54fffff]
[    2.765632] pci_bus 0000:60: on NUMA node 0
[    2.765852] ACPI: PCI Root Bridge [S1D0] (domain 0000 [bus 80-9f])
[    2.765856] acpi PNP0A08:04: _OSC: OS supports [ExtendedConfig ASPM ClockPM Segments MSI]
[    2.766024] acpi PNP0A08:04: _OSC: OS now controls [PCIeHotplug PME AER PCIeCapability]
[    2.766191] PCI host bridge to bus 0000:80
[    2.766194] pci_bus 0000:80: root bus resource [bus 80-9f]
[    2.766196] pci_bus 0000:80: root bus resource [mem 0xd4d00000-0xd50fffff window]
[    2.766197] pci_bus 0000:80: root bus resource [mem 0x1011e000000-0x13417ffffff window]
[    2.766204] pci 0000:80:00.0: [1022:1450] type 00 class 0x060000
[    2.766274] pci 0000:80:00.2: [1022:1451] type 00 class 0x080600
[    2.766374] pci 0000:80:01.0: [1022:1452] type 00 class 0x060000
[    2.766456] pci 0000:80:02.0: [1022:1452] type 00 class 0x060000
[    2.766537] pci 0000:80:03.0: [1022:1452] type 00 class 0x060000
[    2.766618] pci 0000:80:04.0: [1022:1452] type 00 class 0x060000
[    2.766705] pci 0000:80:07.0: [1022:1452] type 00 class 0x060000
[    2.766773] pci 0000:80:07.1: [1022:1454] type 01 class 0x060400
[    2.766904] pci 0000:80:07.1: PME# supported from D0 D3hot D3cold
[    2.766948] pci 0000:80:07.1: System wakeup disabled by ACPI
[    2.766990] pci 0000:80:08.0: [1022:1452] type 00 class 0x060000
[    2.767059] pci 0000:80:08.1: [1022:1454] type 01 class 0x060400
[    2.767748] pci 0000:80:08.1: PME# supported from D0 D3hot D3cold
[    2.767967] pci 0000:81:00.0: [1022:145a] type 00 class 0x130000
[    2.768091] pci 0000:81:00.2: [1022:1456] type 00 class 0x108000
[    2.768114] pci 0000:81:00.2: reg 0x18: [mem 0xd4f00000-0xd4ffffff]
[    2.768127] pci 0000:81:00.2: reg 0x24: [mem 0xd5000000-0xd5001fff]
[    2.768238] pci 0000:80:07.1: PCI bridge to [bus 81]
[    2.768244] pci 0000:80:07.1:   bridge window [mem 0xd4f00000-0xd50fffff]
[    2.768717] pci 0000:82:00.0: [1022:1455] type 00 class 0x130000
[    2.768845] pci 0000:82:00.1: [1022:1468] type 00 class 0x108000
[    2.768866] pci 0000:82:00.1: reg 0x18: [mem 0xd4d00000-0xd4dfffff]
[    2.768879] pci 0000:82:00.1: reg 0x24: [mem 0xd4e00000-0xd4e01fff]
[    2.768999] pci 0000:80:08.1: PCI bridge to [bus 82]
[    2.769005] pci 0000:80:08.1:   bridge window [mem 0xd4d00000-0xd4efffff]
[    2.769020] pci_bus 0000:80: on NUMA node 1
[    2.769247] ACPI: PCI Root Bridge [S1D1] (domain 0000 [bus a0-bf])
[    2.769251] acpi PNP0A08:05: _OSC: OS supports [ExtendedConfig ASPM ClockPM Segments MSI]
[    2.769420] acpi PNP0A08:05: _OSC: OS now controls [PCIeHotplug PME AER PCIeCapability]
[    2.769583] PCI host bridge to bus 0000:a0
[    2.769585] pci_bus 0000:a0: root bus resource [bus a0-bf]
[    2.769587] pci_bus 0000:a0: root bus resource [mem 0xd4700000-0xd4afffff window]
[    2.769589] pci_bus 0000:a0: root bus resource [mem 0xca06000000-0xfcffffffff window]
[    2.769595] pci 0000:a0:00.0: [1022:1450] type 00 class 0x060000
[    2.769666] pci 0000:a0:00.2: [1022:1451] type 00 class 0x080600
[    2.769766] pci 0000:a0:01.0: [1022:1452] type 00 class 0x060000
[    2.769848] pci 0000:a0:02.0: [1022:1452] type 00 class 0x060000
[    2.769929] pci 0000:a0:03.0: [1022:1452] type 00 class 0x060000
[    2.770013] pci 0000:a0:04.0: [1022:1452] type 00 class 0x060000
[    2.770104] pci 0000:a0:07.0: [1022:1452] type 00 class 0x060000
[    2.770173] pci 0000:a0:07.1: [1022:1454] type 01 class 0x060400
[    2.770403] pci 0000:a0:07.1: PME# supported from D0 D3hot D3cold
[    2.770447] pci 0000:a0:07.1: System wakeup disabled by ACPI
[    2.770492] pci 0000:a0:08.0: [1022:1452] type 00 class 0x060000
[    2.770562] pci 0000:a0:08.1: [1022:1454] type 01 class 0x060400
[    2.770691] pci 0000:a0:08.1: PME# supported from D0 D3hot D3cold
[    2.771348] pci 0000:a1:00.0: [1022:145a] type 00 class 0x130000
[    2.771470] pci 0000:a1:00.2: [1022:1456] type 00 class 0x108000
[    2.771490] pci 0000:a1:00.2: reg 0x18: [mem 0xd4900000-0xd49fffff]
[    2.771503] pci 0000:a1:00.2: reg 0x24: [mem 0xd4a00000-0xd4a01fff]
[    2.771614] pci 0000:a0:07.1: PCI bridge to [bus a1]
[    2.771619] pci 0000:a0:07.1:   bridge window [mem 0xd4900000-0xd4afffff]
[    2.771718] pci 0000:a2:00.0: [1022:1455] type 00 class 0x130000
[    2.771844] pci 0000:a2:00.1: [1022:1468] type 00 class 0x108000
[    2.771866] pci 0000:a2:00.1: reg 0x18: [mem 0xd4700000-0xd47fffff]
[    2.771879] pci 0000:a2:00.1: reg 0x24: [mem 0xd4800000-0xd4801fff]
[    2.771982] pci 0000:a2:00.2: [1022:7901] type 00 class 0x010601
[    2.772024] pci 0000:a2:00.2: reg 0x24: [mem 0xd4802000-0xd4802fff]
[    2.772074] pci 0000:a2:00.2: PME# supported from D3hot D3cold
[    2.772155] pci 0000:a0:08.1: PCI bridge to [bus a2]
[    2.772161] pci 0000:a0:08.1:   bridge window [mem 0xd4700000-0xd48fffff]
[    2.772177] pci_bus 0000:a0: on NUMA node 1
[    2.772405] ACPI: PCI Root Bridge [S1D2] (domain 0000 [bus c0-df])
[    2.772408] acpi PNP0A08:06: _OSC: OS supports [ExtendedConfig ASPM ClockPM Segments MSI]
[    2.772578] acpi PNP0A08:06: _OSC: OS now controls [PCIeHotplug PME AER PCIeCapability]
[    2.772744] PCI host bridge to bus 0000:c0
[    2.772746] pci_bus 0000:c0: root bus resource [bus c0-df]
[    2.772748] pci_bus 0000:c0: root bus resource [mem 0xd4100000-0xd44fffff window]
[    2.772750] pci_bus 0000:c0: root bus resource [mem 0x970c000000-0xca05ffffff window]
[    2.772756] pci 0000:c0:00.0: [1022:1450] type 00 class 0x060000
[    2.772823] pci 0000:c0:00.2: [1022:1451] type 00 class 0x080600
[    2.772917] pci 0000:c0:01.0: [1022:1452] type 00 class 0x060000
[    2.772995] pci 0000:c0:02.0: [1022:1452] type 00 class 0x060000
[    2.773073] pci 0000:c0:03.0: [1022:1452] type 00 class 0x060000
[    2.773156] pci 0000:c0:04.0: [1022:1452] type 00 class 0x060000
[    2.773240] pci 0000:c0:07.0: [1022:1452] type 00 class 0x060000
[    2.773306] pci 0000:c0:07.1: [1022:1454] type 01 class 0x060400
[    2.773445] pci 0000:c0:07.1: PME# supported from D0 D3hot D3cold
[    2.773487] pci 0000:c0:07.1: System wakeup disabled by ACPI
[    2.773530] pci 0000:c0:08.0: [1022:1452] type 00 class 0x060000
[    2.773595] pci 0000:c0:08.1: [1022:1454] type 01 class 0x060400
[    2.773717] pci 0000:c0:08.1: PME# supported from D0 D3hot D3cold
[    2.773931] pci 0000:c1:00.0: [1022:145a] type 00 class 0x130000
[    2.774043] pci 0000:c1:00.2: [1022:1456] type 00 class 0x108000
[    2.774061] pci 0000:c1:00.2: reg 0x18: [mem 0xd4300000-0xd43fffff]
[    2.774073] pci 0000:c1:00.2: reg 0x24: [mem 0xd4400000-0xd4401fff]
[    2.774182] pci 0000:c0:07.1: PCI bridge to [bus c1]
[    2.774187] pci 0000:c0:07.1:   bridge window [mem 0xd4300000-0xd44fffff]
[    2.774434] pci 0000:c2:00.0: [1022:1455] type 00 class 0x130000
[    2.774556] pci 0000:c2:00.1: [1022:1468] type 00 class 0x108000
[    2.774576] pci 0000:c2:00.1: reg 0x18: [mem 0xd4100000-0xd41fffff]
[    2.774588] pci 0000:c2:00.1: reg 0x24: [mem 0xd4200000-0xd4201fff]
[    2.774700] pci 0000:c0:08.1: PCI bridge to [bus c2]
[    2.774706] pci 0000:c0:08.1:   bridge window [mem 0xd4100000-0xd42fffff]
[    2.774720] pci_bus 0000:c0: on NUMA node 1
[    2.774941] ACPI: PCI Root Bridge [S1D3] (domain 0000 [bus e0-ff])
[    2.774945] acpi PNP0A08:07: _OSC: OS supports [ExtendedConfig ASPM ClockPM Segments MSI]
[    2.775118] acpi PNP0A08:07: _OSC: OS now controls [PCIeHotplug PME AER PCIeCapability]
[    2.775283] PCI host bridge to bus 0000:e0
[    2.775285] pci_bus 0000:e0: root bus resource [bus e0-ff]
[    2.775287] pci_bus 0000:e0: root bus resource [mem 0xd3b00000-0xd3efffff window]
[    2.775289] pci_bus 0000:e0: root bus resource [mem 0x6412000000-0x970bffffff window]
[    2.775295] pci 0000:e0:00.0: [1022:1450] type 00 class 0x060000
[    2.775366] pci 0000:e0:00.2: [1022:1451] type 00 class 0x080600
[    2.775464] pci 0000:e0:01.0: [1022:1452] type 00 class 0x060000
[    2.775547] pci 0000:e0:02.0: [1022:1452] type 00 class 0x060000
[    2.775627] pci 0000:e0:03.0: [1022:1452] type 00 class 0x060000
[    2.775707] pci 0000:e0:04.0: [1022:1452] type 00 class 0x060000
[    2.775793] pci 0000:e0:07.0: [1022:1452] type 00 class 0x060000
[    2.775859] pci 0000:e0:07.1: [1022:1454] type 01 class 0x060400
[    2.776195] pci 0000:e0:07.1: PME# supported from D0 D3hot D3cold
[    2.776241] pci 0000:e0:07.1: System wakeup disabled by ACPI
[    2.776284] pci 0000:e0:08.0: [1022:1452] type 00 class 0x060000
[    2.776351] pci 0000:e0:08.1: [1022:1454] type 01 class 0x060400
[    2.776477] pci 0000:e0:08.1: PME# supported from D0 D3hot D3cold
[    2.777142] pci 0000:e1:00.0: [1022:145a] type 00 class 0x130000
[    2.777259] pci 0000:e1:00.2: [1022:1456] type 00 class 0x108000
[    2.777279] pci 0000:e1:00.2: reg 0x18: [mem 0xd3d00000-0xd3dfffff]
[    2.777292] pci 0000:e1:00.2: reg 0x24: [mem 0xd3e00000-0xd3e01fff]
[    2.777400] pci 0000:e0:07.1: PCI bridge to [bus e1]
[    2.777405] pci 0000:e0:07.1:   bridge window [mem 0xd3d00000-0xd3efffff]
[    2.777500] pci 0000:e2:00.0: [1022:1455] type 00 class 0x130000
[    2.777625] pci 0000:e2:00.1: [1022:1468] type 00 class 0x108000
[    2.777646] pci 0000:e2:00.1: reg 0x18: [mem 0xd3b00000-0xd3bfffff]
[    2.777659] pci 0000:e2:00.1: reg 0x24: [mem 0xd3c00000-0xd3c01fff]
[    2.777775] pci 0000:e0:08.1: PCI bridge to [bus e2]
[    2.777780] pci 0000:e0:08.1:   bridge window [mem 0xd3b00000-0xd3cfffff]
[    2.777796] pci_bus 0000:e0: on NUMA node 1
[    2.777980] ACPI: PCI Interrupt Link [LNKA] (IRQs 4 5 7 10 *11 14 15)
[    2.778031] ACPI: PCI Interrupt Link [LNKB] (IRQs 4 *5 7 10 11 14 15)
[    2.778075] ACPI: PCI Interrupt Link [LNKC] (IRQs 4 *5 7 10 11 14 15)
[    2.778136] ACPI: PCI Interrupt Link [LNKD] (IRQs 4 5 7 10 11 14 15) *0
[    2.778185] ACPI: PCI Interrupt Link [LNKE] (IRQs 4 5 7 10 *11 14 15)
[    2.778226] ACPI: PCI Interrupt Link [LNKF] (IRQs 4 5 7 *10 11 14 15)
[    2.778267] ACPI: PCI Interrupt Link [LNKG] (IRQs 4 5 7 *10 11 14 15)
[    2.778308] ACPI: PCI Interrupt Link [LNKH] (IRQs 4 5 7 10 11 14 15) *0
[    2.778486] vgaarb: device added: PCI:0000:22:00.0,decodes=io+mem,owns=io+mem,locks=none
[    2.778496] vgaarb: loaded
[    2.778497] vgaarb: bridge control possible 0000:22:00.0
[    2.778591] SCSI subsystem initialized
[    2.778614] ACPI: bus type USB registered
[    2.778631] usbcore: registered new interface driver usbfs
[    2.778639] usbcore: registered new interface driver hub
[    2.778923] usbcore: registered new device driver usb
[    2.779327] EDAC MC: Ver: 3.0.0
[    2.779746] PCI: Using ACPI for IRQ routing
[    2.799013] PCI: pci_cache_line_size set to 64 bytes
[    2.799258] e820: reserve RAM buffer [mem 0x75db0000-0x77ffffff]
[    2.799260] e820: reserve RAM buffer [mem 0x9384b018-0x93ffffff]
[    2.799262] e820: reserve RAM buffer [mem 0x9387c018-0x93ffffff]
[    2.799263] e820: reserve RAM buffer [mem 0xc8de5000-0xcbffffff]
[    2.799264] e820: reserve RAM buffer [mem 0xca312000-0xcbffffff]
[    2.799266] e820: reserve RAM buffer [mem 0x202f000000-0x202fffffff]
[    2.799267] e820: reserve RAM buffer [mem 0x402fc00000-0x402fffffff]
[    2.799410] NetLabel: Initializing
[    2.799411] NetLabel:  domain hash size = 128
[    2.799412] NetLabel:  protocols = UNLABELED CIPSOv4
[    2.799428] NetLabel:  unlabeled traffic allowed by default
[    2.799465] hpet0: at MMIO 0xfed00000, IRQs 2, 8, 0
[    2.799468] hpet0: 3 comparators, 32-bit 14.318180 MHz counter
[    2.801746] Switched to clocksource hpet
[    2.806518] pnp: PnP ACPI init
[    2.806529] ACPI: bus type PNP registered
[    2.806679] system 00:00: [mem 0xe0000000-0xefffffff] has been reserved
[    2.806682] system 00:00: Plug and Play ACPI device, IDs PNP0c01 (active)
[    2.806850] pnp 00:01: Plug and Play ACPI device, IDs PNP0b00 (active)
[    2.807079] system 00:02: [io  0x04d0-0x04d1] has been reserved
[    2.807081] system 00:02: [io  0x040b] has been reserved
[    2.807083] system 00:02: [io  0x04d6] has been reserved
[    2.807085] system 00:02: [io  0x0c00-0x0c01] has been reserved
[    2.807087] system 00:02: [io  0x0c14] has been reserved
[    2.807089] system 00:02: [io  0x0c50-0x0c51] has been reserved
[    2.807091] system 00:02: [io  0x0c52] has been reserved
[    2.807093] system 00:02: [io  0x0c6c] has been reserved
[    2.807095] system 00:02: [io  0x0c6f] has been reserved
[    2.807096] system 00:02: [io  0x0cd0-0x0cd1] has been reserved
[    2.807098] system 00:02: [io  0x0cd2-0x0cd3] has been reserved
[    2.807100] system 00:02: [io  0x0cd4-0x0cd5] has been reserved
[    2.807102] system 00:02: [io  0x0cd6-0x0cd7] has been reserved
[    2.807104] system 00:02: [io  0x0cd8-0x0cdf] has been reserved
[    2.807106] system 00:02: [io  0x0800-0x089f] could not be reserved
[    2.807107] system 00:02: [io  0x0b00-0x0b0f] has been reserved
[    2.807109] system 00:02: [io  0x0b20-0x0b3f] has been reserved
[    2.807111] system 00:02: [io  0x0900-0x090f] has been reserved
[    2.807113] system 00:02: [io  0x0910-0x091f] has been reserved
[    2.807114] system 00:02: [io  0xfe00-0xfefe] has been reserved
[    2.807117] system 00:02: [mem 0xfec00000-0xfec00fff] could not be reserved
[    2.807119] system 00:02: [mem 0xfec01000-0xfec01fff] has been reserved
[    2.807121] system 00:02: [mem 0xfedc0000-0xfedc0fff] has been reserved
[    2.807123] system 00:02: [mem 0xfee00000-0xfee00fff] has been reserved
[    2.807125] system 00:02: [mem 0xfed80000-0xfed8ffff] could not be reserved
[    2.807127] system 00:02: [mem 0xfed61000-0xfed70fff] has been reserved
[    2.807129] system 00:02: [mem 0xfec10000-0xfec10fff] has been reserved
[    2.807131] system 00:02: [mem 0xff000000-0xffffffff] has been reserved
[    2.807134] system 00:02: Plug and Play ACPI device, IDs PNP0c02 (active)
[    2.807372] pnp 00:03: Plug and Play ACPI device, IDs PNP0501 (active)
[    2.807442] pnp 00:04: Plug and Play ACPI device, IDs PNP0501 (active)
[    2.808407] pnp: PnP ACPI: found 5 devices
[    2.808409] ACPI: bus type PNP unregistered
[    2.815572] pci 0000:00:07.1: PCI bridge to [bus 01]
[    2.815577] pci 0000:00:07.1:   bridge window [mem 0xdfb00000-0xdfdfffff]
[    2.815583] pci 0000:00:08.1: PCI bridge to [bus 02]
[    2.815587] pci 0000:00:08.1:   bridge window [mem 0xdfe00000-0xdfffffff]
[    2.815596] pci_bus 0000:00: resource 4 [io  0x0000-0x02e7 window]
[    2.815598] pci_bus 0000:00: resource 5 [io  0x0300-0x03af window]
[    2.815600] pci_bus 0000:00: resource 6 [io  0x0400-0x0cf7 window]
[    2.815602] pci_bus 0000:00: resource 7 [io  0x0d00-0x0fff window]
[    2.815604] pci_bus 0000:00: resource 8 [mem 0x000c0000-0x000dffff window]
[    2.815606] pci_bus 0000:00: resource 9 [mem 0xdfb00000-0xdfffffff window]
[    2.815608] pci_bus 0000:00: resource 10 [mem 0x1cd06000000-0x1ffffffffff window]
[    2.815610] pci_bus 0000:01: resource 1 [mem 0xdfb00000-0xdfdfffff]
[    2.815612] pci_bus 0000:02: resource 1 [mem 0xdfe00000-0xdfffffff]
[    2.815649] pci 0000:21:00.0: PCI bridge to [bus 22]
[    2.815653] pci 0000:21:00.0:   bridge window [io  0x1000-0x1fff]
[    2.815661] pci 0000:21:00.0:   bridge window [mem 0xd8000000-0xdc0fffff]
[    2.815675] pci 0000:20:01.1: PCI bridge to [bus 21-22]
[    2.815677] pci 0000:20:01.1:   bridge window [io  0x1000-0x1fff]
[    2.815682] pci 0000:20:01.1:   bridge window [mem 0xd8000000-0xdc0fffff]
[    2.815691] pci 0000:20:07.1: PCI bridge to [bus 23]
[    2.815695] pci 0000:20:07.1:   bridge window [mem 0xdc200000-0xdc4fffff]
[    2.815703] pci 0000:20:08.1: PCI bridge to [bus 24]
[    2.815718] pci 0000:20:08.1:   bridge window [mem 0xdc500000-0xdc6fffff]
[    2.815726] pci_bus 0000:20: resource 4 [io  0x03b0-0x03df window]
[    2.815728] pci_bus 0000:20: resource 5 [io  0x1000-0x1fff window]
[    2.815730] pci_bus 0000:20: resource 6 [mem 0x000a0000-0x000bffff window]
[    2.815732] pci_bus 0000:20: resource 7 [mem 0xd8000000-0xdf9fffff window]
[    2.815734] pci_bus 0000:20: resource 8 [mem 0x19a0c000000-0x1cd05ffffff window]
[    2.815736] pci_bus 0000:21: resource 0 [io  0x1000-0x1fff]
[    2.815737] pci_bus 0000:21: resource 1 [mem 0xd8000000-0xdc0fffff]
[    2.815739] pci_bus 0000:22: resource 0 [io  0x1000-0x1fff]
[    2.815741] pci_bus 0000:22: resource 1 [mem 0xd8000000-0xdc0fffff]
[    2.815743] pci_bus 0000:23: resource 1 [mem 0xdc200000-0xdc4fffff]
[    2.815745] pci_bus 0000:24: resource 1 [mem 0xdc500000-0xdc6fffff]
[    2.815756] pci 0000:40:03.1: bridge window [mem 0x00100000-0x000fffff 64bit pref] to [bus 41] add_size 200000 add_align 100000
[    2.815773] pci 0000:40:03.1: res[15]=[mem 0x00100000-0x000fffff 64bit pref] res_to_dev_res add_size 200000 min_align 100000
[    2.815775] pci 0000:40:03.1: res[15]=[mem 0x00100000-0x002fffff 64bit pref] res_to_dev_res add_size 200000 min_align 100000
[    2.815781] pci 0000:40:03.1: BAR 15: assigned [mem 0x16712000000-0x167121fffff 64bit pref]
[    2.815783] pci 0000:40:03.1: PCI bridge to [bus 41]
[    2.815786] pci 0000:40:03.1:   bridge window [io  0x2000-0x2fff]
[    2.815791] pci 0000:40:03.1:   bridge window [mem 0xd7d00000-0xd7dfffff]
[    2.815794] pci 0000:40:03.1:   bridge window [mem 0x16712000000-0x167121fffff 64bit pref]
[    2.815801] pci 0000:40:07.1: PCI bridge to [bus 42]
[    2.815806] pci 0000:40:07.1:   bridge window [mem 0xd7b00000-0xd7cfffff]
[    2.815814] pci 0000:40:08.1: PCI bridge to [bus 43]
[    2.815819] pci 0000:40:08.1:   bridge window [mem 0xd7900000-0xd7afffff]
[    2.815828] pci_bus 0000:40: resource 4 [io  0x2000-0x3fff window]
[    2.815830] pci_bus 0000:40: resource 5 [mem 0xd5900000-0xd7dfffff window]
[    2.815832] pci_bus 0000:40: resource 6 [mem 0x16712000000-0x19a0bffffff window]
[    2.815834] pci_bus 0000:41: resource 0 [io  0x2000-0x2fff]
[    2.815835] pci_bus 0000:41: resource 1 [mem 0xd7d00000-0xd7dfffff]
[    2.815837] pci_bus 0000:41: resource 2 [mem 0x16712000000-0x167121fffff 64bit pref]
[    2.815840] pci_bus 0000:42: resource 1 [mem 0xd7b00000-0xd7cfffff]
[    2.815841] pci_bus 0000:43: resource 1 [mem 0xd7900000-0xd7afffff]
[    2.815858] pci 0000:60:07.1: PCI bridge to [bus 61]
[    2.815863] pci 0000:60:07.1:   bridge window [mem 0xd5500000-0xd56fffff]
[    2.815872] pci 0000:60:08.1: PCI bridge to [bus 62]
[    2.815876] pci 0000:60:08.1:   bridge window [mem 0xd5300000-0xd54fffff]
[    2.815885] pci_bus 0000:60: resource 4 [mem 0xd5300000-0xd56fffff window]
[    2.815887] pci_bus 0000:60: resource 5 [mem 0x13418000000-0x16711ffffff window]
[    2.815889] pci_bus 0000:61: resource 1 [mem 0xd5500000-0xd56fffff]
[    2.815891] pci_bus 0000:62: resource 1 [mem 0xd5300000-0xd54fffff]
[    2.815910] pci 0000:80:07.1: PCI bridge to [bus 81]
[    2.815916] pci 0000:80:07.1:   bridge window [mem 0xd4f00000-0xd50fffff]
[    2.815925] pci 0000:80:08.1: PCI bridge to [bus 82]
[    2.815930] pci 0000:80:08.1:   bridge window [mem 0xd4d00000-0xd4efffff]
[    2.815940] pci_bus 0000:80: resource 4 [mem 0xd4d00000-0xd50fffff window]
[    2.815942] pci_bus 0000:80: resource 5 [mem 0x1011e000000-0x13417ffffff window]
[    2.815944] pci_bus 0000:81: resource 1 [mem 0xd4f00000-0xd50fffff]
[    2.815947] pci_bus 0000:82: resource 1 [mem 0xd4d00000-0xd4efffff]
[    2.815966] pci 0000:a0:07.1: PCI bridge to [bus a1]
[    2.815971] pci 0000:a0:07.1:   bridge window [mem 0xd4900000-0xd4afffff]
[    2.815982] pci 0000:a0:08.1: PCI bridge to [bus a2]
[    2.815987] pci 0000:a0:08.1:   bridge window [mem 0xd4700000-0xd48fffff]
[    2.815996] pci_bus 0000:a0: resource 4 [mem 0xd4700000-0xd4afffff window]
[    2.815998] pci_bus 0000:a0: resource 5 [mem 0xca06000000-0xfcffffffff window]
[    2.816001] pci_bus 0000:a1: resource 1 [mem 0xd4900000-0xd4afffff]
[    2.816002] pci_bus 0000:a2: resource 1 [mem 0xd4700000-0xd48fffff]
[    2.816020] pci 0000:c0:07.1: PCI bridge to [bus c1]
[    2.816026] pci 0000:c0:07.1:   bridge window [mem 0xd4300000-0xd44fffff]
[    2.816034] pci 0000:c0:08.1: PCI bridge to [bus c2]
[    2.816039] pci 0000:c0:08.1:   bridge window [mem 0xd4100000-0xd42fffff]
[    2.816048] pci_bus 0000:c0: resource 4 [mem 0xd4100000-0xd44fffff window]
[    2.816050] pci_bus 0000:c0: resource 5 [mem 0x970c000000-0xca05ffffff window]
[    2.816052] pci_bus 0000:c1: resource 1 [mem 0xd4300000-0xd44fffff]
[    2.816054] pci_bus 0000:c2: resource 1 [mem 0xd4100000-0xd42fffff]
[    2.816073] pci 0000:e0:07.1: PCI bridge to [bus e1]
[    2.816079] pci 0000:e0:07.1:   bridge window [mem 0xd3d00000-0xd3efffff]
[    2.816088] pci 0000:e0:08.1: PCI bridge to [bus e2]
[    2.816093] pci 0000:e0:08.1:   bridge window [mem 0xd3b00000-0xd3cfffff]
[    2.816103] pci_bus 0000:e0: resource 4 [mem 0xd3b00000-0xd3efffff window]
[    2.816105] pci_bus 0000:e0: resource 5 [mem 0x6412000000-0x970bffffff window]
[    2.816107] pci_bus 0000:e1: resource 1 [mem 0xd3d00000-0xd3efffff]
[    2.816109] pci_bus 0000:e2: resource 1 [mem 0xd3b00000-0xd3cfffff]
[    2.816164] NET: Registered protocol family 2
[    2.816857] TCP established hash table entries: 524288 (order: 10, 4194304 bytes)
[    2.817724] TCP bind hash table entries: 65536 (order: 8, 1048576 bytes)
[    2.817899] TCP: Hash tables configured (established 524288 bind 65536)
[    2.817923] TCP: reno registered
[    2.818033] UDP hash table entries: 65536 (order: 9, 2097152 bytes)
[    2.818492] UDP-Lite hash table entries: 65536 (order: 9, 2097152 bytes)
[    2.819038] NET: Registered protocol family 1
[    2.819359] pci 0000:22:00.0: Boot video device
[    2.819624] PCI: CLS 64 bytes, default 64
[    2.819678] Unpacking initramfs...
[    3.198616] Freeing initrd memory: 27764k freed
[    3.202540] AMD-Vi: IOMMU performance counters supported
[    3.202621] AMD-Vi: IOMMU performance counters supported
[    3.202662] AMD-Vi: IOMMU performance counters supported
[    3.202701] AMD-Vi: IOMMU performance counters supported
[    3.202798] AMD-Vi: IOMMU performance counters supported
[    3.202844] AMD-Vi: IOMMU performance counters supported
[    3.202889] AMD-Vi: IOMMU performance counters supported
[    3.202935] AMD-Vi: IOMMU performance counters supported
[    3.203955] iommu: Adding device 0000:00:01.0 to group 0
[    3.204478] iommu: Adding device 0000:00:02.0 to group 1
[    3.204919] iommu: Adding device 0000:00:03.0 to group 2
[    3.205456] iommu: Adding device 0000:00:04.0 to group 3
[    3.206010] iommu: Adding device 0000:00:07.0 to group 4
[    3.206430] iommu: Adding device 0000:00:07.1 to group 5
[    3.206950] iommu: Adding device 0000:00:08.0 to group 6
[    3.207454] iommu: Adding device 0000:00:08.1 to group 7
[    3.208061] iommu: Adding device 0000:00:14.0 to group 8
[    3.208091] iommu: Adding device 0000:00:14.3 to group 8
[    3.208653] iommu: Adding device 0000:00:18.0 to group 9
[    3.208684] iommu: Adding device 0000:00:18.1 to group 9
[    3.208712] iommu: Adding device 0000:00:18.2 to group 9
[    3.208753] iommu: Adding device 0000:00:18.3 to group 9
[    3.208783] iommu: Adding device 0000:00:18.4 to group 9
[    3.208813] iommu: Adding device 0000:00:18.5 to group 9
[    3.208841] iommu: Adding device 0000:00:18.6 to group 9
[    3.208870] iommu: Adding device 0000:00:18.7 to group 9
[    3.209571] iommu: Adding device 0000:00:19.0 to group 10
[    3.209601] iommu: Adding device 0000:00:19.1 to group 10
[    3.209629] iommu: Adding device 0000:00:19.2 to group 10
[    3.209658] iommu: Adding device 0000:00:19.3 to group 10
[    3.209689] iommu: Adding device 0000:00:19.4 to group 10
[    3.209718] iommu: Adding device 0000:00:19.5 to group 10
[    3.209757] iommu: Adding device 0000:00:19.6 to group 10
[    3.209788] iommu: Adding device 0000:00:19.7 to group 10
[    3.210397] iommu: Adding device 0000:00:1a.0 to group 11
[    3.210429] iommu: Adding device 0000:00:1a.1 to group 11
[    3.210459] iommu: Adding device 0000:00:1a.2 to group 11
[    3.210490] iommu: Adding device 0000:00:1a.3 to group 11
[    3.210522] iommu: Adding device 0000:00:1a.4 to group 11
[    3.210553] iommu: Adding device 0000:00:1a.5 to group 11
[    3.210584] iommu: Adding device 0000:00:1a.6 to group 11
[    3.210616] iommu: Adding device 0000:00:1a.7 to group 11
[    3.211211] iommu: Adding device 0000:00:1b.0 to group 12
[    3.211243] iommu: Adding device 0000:00:1b.1 to group 12
[    3.211274] iommu: Adding device 0000:00:1b.2 to group 12
[    3.211306] iommu: Adding device 0000:00:1b.3 to group 12
[    3.211339] iommu: Adding device 0000:00:1b.4 to group 12
[    3.211370] iommu: Adding device 0000:00:1b.5 to group 12
[    3.211402] iommu: Adding device 0000:00:1b.6 to group 12
[    3.211434] iommu: Adding device 0000:00:1b.7 to group 12
[    3.212032] iommu: Adding device 0000:00:1c.0 to group 13
[    3.212065] iommu: Adding device 0000:00:1c.1 to group 13
[    3.212097] iommu: Adding device 0000:00:1c.2 to group 13
[    3.212131] iommu: Adding device 0000:00:1c.3 to group 13
[    3.212164] iommu: Adding device 0000:00:1c.4 to group 13
[    3.212198] iommu: Adding device 0000:00:1c.5 to group 13
[    3.212229] iommu: Adding device 0000:00:1c.6 to group 13
[    3.212261] iommu: Adding device 0000:00:1c.7 to group 13
[    3.212980] iommu: Adding device 0000:00:1d.0 to group 14
[    3.213014] iommu: Adding device 0000:00:1d.1 to group 14
[    3.213048] iommu: Adding device 0000:00:1d.2 to group 14
[    3.213081] iommu: Adding device 0000:00:1d.3 to group 14
[    3.213115] iommu: Adding device 0000:00:1d.4 to group 14
[    3.213148] iommu: Adding device 0000:00:1d.5 to group 14
[    3.213181] iommu: Adding device 0000:00:1d.6 to group 14
[    3.213214] iommu: Adding device 0000:00:1d.7 to group 14
[    3.213774] iommu: Adding device 0000:00:1e.0 to group 15
[    3.213810] iommu: Adding device 0000:00:1e.1 to group 15
[    3.213843] iommu: Adding device 0000:00:1e.2 to group 15
[    3.213876] iommu: Adding device 0000:00:1e.3 to group 15
[    3.213911] iommu: Adding device 0000:00:1e.4 to group 15
[    3.213944] iommu: Adding device 0000:00:1e.5 to group 15
[    3.213977] iommu: Adding device 0000:00:1e.6 to group 15
[    3.214010] iommu: Adding device 0000:00:1e.7 to group 15
[    3.214704] iommu: Adding device 0000:00:1f.0 to group 16
[    3.214749] iommu: Adding device 0000:00:1f.1 to group 16
[    3.214783] iommu: Adding device 0000:00:1f.2 to group 16
[    3.214819] iommu: Adding device 0000:00:1f.3 to group 16
[    3.214856] iommu: Adding device 0000:00:1f.4 to group 16
[    3.214892] iommu: Adding device 0000:00:1f.5 to group 16
[    3.214928] iommu: Adding device 0000:00:1f.6 to group 16
[    3.214963] iommu: Adding device 0000:00:1f.7 to group 16
[    3.215435] iommu: Adding device 0000:01:00.0 to group 17
[    3.216024] iommu: Adding device 0000:01:00.2 to group 18
[    3.216510] iommu: Adding device 0000:01:00.3 to group 19
[    3.216944] iommu: Adding device 0000:02:00.0 to group 20
[    3.217473] iommu: Adding device 0000:02:00.1 to group 21
[    3.217924] iommu: Adding device 0000:20:01.0 to group 22
[    3.218399] iommu: Adding device 0000:20:01.1 to group 23
[    3.218839] iommu: Adding device 0000:20:02.0 to group 24
[    3.219391] iommu: Adding device 0000:20:03.0 to group 25
[    3.219872] iommu: Adding device 0000:20:04.0 to group 26
[    3.220394] iommu: Adding device 0000:20:07.0 to group 27
[    3.220877] iommu: Adding device 0000:20:07.1 to group 28
[    3.221295] iommu: Adding device 0000:20:08.0 to group 29
[    3.221734] iommu: Adding device 0000:20:08.1 to group 30
[    3.222252] iommu: Adding device 0000:21:00.0 to group 31
[    3.222263] iommu: Adding device 0000:22:00.0 to group 31
[    3.222730] iommu: Adding device 0000:23:00.0 to group 32
[    3.223191] iommu: Adding device 0000:23:00.2 to group 33
[    3.223577] iommu: Adding device 0000:23:00.3 to group 34
[    3.224116] iommu: Adding device 0000:24:00.0 to group 35
[    3.224490] iommu: Adding device 0000:24:00.1 to group 36
[    3.225020] iommu: Adding device 0000:40:01.0 to group 37
[    3.225404] iommu: Adding device 0000:40:02.0 to group 38
[    3.225945] iommu: Adding device 0000:40:03.0 to group 39
[    3.226451] iommu: Adding device 0000:40:03.1 to group 40
[    3.226993] iommu: Adding device 0000:40:04.0 to group 41
[    3.227420] iommu: Adding device 0000:40:07.0 to group 42
[    3.227905] iommu: Adding device 0000:40:07.1 to group 43
[    3.228441] iommu: Adding device 0000:40:08.0 to group 44
[    3.228930] iommu: Adding device 0000:40:08.1 to group 45
[    3.229416] iommu: Adding device 0000:41:00.0 to group 46
[    3.229944] iommu: Adding device 0000:42:00.0 to group 47
[    3.230342] iommu: Adding device 0000:42:00.2 to group 48
[    3.230872] iommu: Adding device 0000:43:00.0 to group 49
[    3.231366] iommu: Adding device 0000:43:00.1 to group 50
[    3.231797] iommu: Adding device 0000:60:01.0 to group 51
[    3.232289] iommu: Adding device 0000:60:02.0 to group 52
[    3.232769] iommu: Adding device 0000:60:03.0 to group 53
[    3.233255] iommu: Adding device 0000:60:04.0 to group 54
[    3.233798] iommu: Adding device 0000:60:07.0 to group 55
[    3.234199] iommu: Adding device 0000:60:07.1 to group 56
[    3.234621] iommu: Adding device 0000:60:08.0 to group 57
[    3.235096] iommu: Adding device 0000:60:08.1 to group 58
[    3.235614] iommu: Adding device 0000:61:00.0 to group 59
[    3.236067] iommu: Adding device 0000:61:00.2 to group 60
[    3.236473] iommu: Adding device 0000:62:00.0 to group 61
[    3.236986] iommu: Adding device 0000:62:00.1 to group 62
[    3.237430] iommu: Adding device 0000:80:01.0 to group 63
[    3.237966] iommu: Adding device 0000:80:02.0 to group 64
[    3.238400] iommu: Adding device 0000:80:03.0 to group 65
[    3.238807] iommu: Adding device 0000:80:04.0 to group 66
[    3.239329] iommu: Adding device 0000:80:07.0 to group 67
[    3.239860] iommu: Adding device 0000:80:07.1 to group 68
[    3.240398] iommu: Adding device 0000:80:08.0 to group 69
[    3.240840] iommu: Adding device 0000:80:08.1 to group 70
[    3.241440] iommu: Adding device 0000:81:00.0 to group 71
[    3.241871] iommu: Adding device 0000:81:00.2 to group 72
[    3.242300] iommu: Adding device 0000:82:00.0 to group 73
[    3.242696] iommu: Adding device 0000:82:00.1 to group 74
[    3.243227] iommu: Adding device 0000:a0:01.0 to group 75
[    3.243716] iommu: Adding device 0000:a0:02.0 to group 76
[    3.244140] iommu: Adding device 0000:a0:03.0 to group 77
[    3.244547] iommu: Adding device 0000:a0:04.0 to group 78
[    3.245063] iommu: Adding device 0000:a0:07.0 to group 79
[    3.245566] iommu: Adding device 0000:a0:07.1 to group 80
[    3.245984] iommu: Adding device 0000:a0:08.0 to group 81
[    3.246373] iommu: Adding device 0000:a0:08.1 to group 82
[    3.246896] iommu: Adding device 0000:a1:00.0 to group 83
[    3.247345] iommu: Adding device 0000:a1:00.2 to group 84
[    3.247811] iommu: Adding device 0000:a2:00.0 to group 85
[    3.248216] iommu: Adding device 0000:a2:00.1 to group 86
[    3.248757] iommu: Adding device 0000:a2:00.2 to group 87
[    3.249183] iommu: Adding device 0000:c0:01.0 to group 88
[    3.249666] iommu: Adding device 0000:c0:02.0 to group 89
[    3.250098] iommu: Adding device 0000:c0:03.0 to group 90
[    3.250643] iommu: Adding device 0000:c0:04.0 to group 91
[    3.251161] iommu: Adding device 0000:c0:07.0 to group 92
[    3.251620] iommu: Adding device 0000:c0:07.1 to group 93
[    3.252076] iommu: Adding device 0000:c0:08.0 to group 94
[    3.252509] iommu: Adding device 0000:c0:08.1 to group 95
[    3.253062] iommu: Adding device 0000:c1:00.0 to group 96
[    3.253504] iommu: Adding device 0000:c1:00.2 to group 97
[    3.253974] iommu: Adding device 0000:c2:00.0 to group 98
[    3.254493] iommu: Adding device 0000:c2:00.1 to group 99
[    3.255032] iommu: Adding device 0000:e0:01.0 to group 100
[    3.255569] iommu: Adding device 0000:e0:02.0 to group 101
[    3.255990] iommu: Adding device 0000:e0:03.0 to group 102
[    3.256494] iommu: Adding device 0000:e0:04.0 to group 103
[    3.256913] iommu: Adding device 0000:e0:07.0 to group 104
[    3.257406] iommu: Adding device 0000:e0:07.1 to group 105
[    3.257849] iommu: Adding device 0000:e0:08.0 to group 106
[    3.258363] iommu: Adding device 0000:e0:08.1 to group 107
[    3.258885] iommu: Adding device 0000:e1:00.0 to group 108
[    3.259303] iommu: Adding device 0000:e1:00.2 to group 109
[    3.259838] iommu: Adding device 0000:e2:00.0 to group 110
[    3.260266] iommu: Adding device 0000:e2:00.1 to group 111
[    3.260536] AMD-Vi: Found IOMMU at 0000:00:00.2 cap 0x40
[    3.260537] AMD-Vi: Extended features (0xf77ef22294ada):
[    3.260538]  PPR NX GT IA GA PC GA_vAPIC
[    3.260542] AMD-Vi: Found IOMMU at 0000:20:00.2 cap 0x40
[    3.260543] AMD-Vi: Extended features (0xf77ef22294ada):
[    3.260544]  PPR NX GT IA GA PC GA_vAPIC
[    3.260547] AMD-Vi: Found IOMMU at 0000:40:00.2 cap 0x40
[    3.260548] AMD-Vi: Extended features (0xf77ef22294ada):
[    3.260549]  PPR NX GT IA GA PC GA_vAPIC
[    3.260551] AMD-Vi: Found IOMMU at 0000:60:00.2 cap 0x40
[    3.260552] AMD-Vi: Extended features (0xf77ef22294ada):
[    3.260553]  PPR NX GT IA GA PC GA_vAPIC
[    3.260555] AMD-Vi: Found IOMMU at 0000:80:00.2 cap 0x40
[    3.260556] AMD-Vi: Extended features (0xf77ef22294ada):
[    3.260557]  PPR NX GT IA GA PC GA_vAPIC
[    3.260559] AMD-Vi: Found IOMMU at 0000:a0:00.2 cap 0x40
[    3.260560] AMD-Vi: Extended features (0xf77ef22294ada):
[    3.260561]  PPR NX GT IA GA PC GA_vAPIC
[    3.260563] AMD-Vi: Found IOMMU at 0000:c0:00.2 cap 0x40
[    3.260564] AMD-Vi: Extended features (0xf77ef22294ada):
[    3.260565]  PPR NX GT IA GA PC GA_vAPIC
[    3.260568] AMD-Vi: Found IOMMU at 0000:e0:00.2 cap 0x40
[    3.260569] AMD-Vi: Extended features (0xf77ef22294ada):
[    3.260569]  PPR NX GT IA GA PC GA_vAPIC
[    3.260571] AMD-Vi: Interrupt remapping enabled
[    3.260572] AMD-Vi: virtual APIC enabled
[    3.260635] pci 0000:00:00.2: irq 26 for MSI/MSI-X
[    3.260846] pci 0000:20:00.2: irq 27 for MSI/MSI-X
[    3.260913] pci 0000:40:00.2: irq 28 for MSI/MSI-X
[    3.260975] pci 0000:60:00.2: irq 29 for MSI/MSI-X
[    3.261048] pci 0000:80:00.2: irq 30 for MSI/MSI-X
[    3.261118] pci 0000:a0:00.2: irq 31 for MSI/MSI-X
[    3.261187] pci 0000:c0:00.2: irq 32 for MSI/MSI-X
[    3.261256] pci 0000:e0:00.2: irq 33 for MSI/MSI-X
[    3.261308] AMD-Vi: Lazy IO/TLB flushing enabled
[    3.263073] perf: AMD NB counters detected
[    3.263091] perf: AMD LLC counters detected
[    3.275165] sha1_ssse3: Using SHA-NI optimized SHA-1 implementation
[    3.275234] sha256_ssse3: Using SHA-256-NI optimized SHA-256 implementation
[    3.276221] futex hash table entries: 16384 (order: 8, 1048576 bytes)
[    3.276369] Initialise system trusted keyring
[    3.276408] audit: initializing netlink socket (disabled)
[    3.276430] type=2000 audit(1535640851.885:1): initialized
[    3.301344] HugeTLB registered 1 GB page size, pre-allocated 0 pages
[    3.301346] HugeTLB registered 2 MB page size, pre-allocated 0 pages
[    3.302618] zpool: loaded
[    3.302621] zbud: loaded
[    3.302955] VFS: Disk quotas dquot_6.5.2
[    3.303019] Dquot-cache hash table entries: 512 (order 0, 4096 bytes)
[    3.303285] msgmni has been set to 32768
[    3.303357] Key type big_key registered
[    3.303359] SELinux:  Registering netfilter hooks
[    3.306678] NET: Registered protocol family 38
[    3.306686] Key type asymmetric registered
[    3.306689] Asymmetric key parser 'x509' registered
[    3.306730] Block layer SCSI generic (bsg) driver version 0.4 loaded (major 248)
[    3.306960] io scheduler noop registered
[    3.306963] io scheduler deadline registered (default)
[    3.306998] io scheduler cfq registered
[    3.307001] io scheduler mq-deadline registered
[    3.307004] io scheduler kyber registered
[    3.307417] pcieport 0000:00:07.1: irq 34 for MSI/MSI-X
[    3.308399] pcieport 0000:00:08.1: irq 36 for MSI/MSI-X
[    3.308594] pcieport 0000:20:01.1: irq 37 for MSI/MSI-X
[    3.308785] pcieport 0000:20:07.1: irq 38 for MSI/MSI-X
[    3.308993] pcieport 0000:20:08.1: irq 40 for MSI/MSI-X
[    3.309709] pcieport 0000:40:03.1: irq 41 for MSI/MSI-X
[    3.310469] pcieport 0000:40:07.1: irq 43 for MSI/MSI-X
[    3.310668] pcieport 0000:40:08.1: irq 45 for MSI/MSI-X
[    3.310892] pcieport 0000:60:07.1: irq 47 for MSI/MSI-X
[    3.311536] pcieport 0000:60:08.1: irq 49 for MSI/MSI-X
[    3.312726] pcieport 0000:80:07.1: irq 51 for MSI/MSI-X
[    3.313705] pcieport 0000:80:08.1: irq 53 for MSI/MSI-X
[    3.314440] pcieport 0000:a0:07.1: irq 55 for MSI/MSI-X
[    3.314703] pcieport 0000:a0:08.1: irq 57 for MSI/MSI-X
[    3.315437] pcieport 0000:c0:07.1: irq 59 for MSI/MSI-X
[    3.315701] pcieport 0000:c0:08.1: irq 61 for MSI/MSI-X
