[    0.000000] Initializing cgroup subsys cpuset
[    0.000000] Initializing cgroup subsys cpu
[    0.000000] Initializing cgroup subsys cpuacct
[    0.000000] Linux version 3.10.0-862.9.1.el7.x86_64 (mockbuild@x86-017.build.eng.bos.redhat.com) (gcc version 4.8.5 20150623 (Red Hat 4.8.5-28) (GCC) ) #1 SMP Wed Jun 27 04:30:39 EDT 2018
[    0.000000] Command line: BOOT_IMAGE=/boot/vmlinuz-3.10.0-862.9.1.el7.x86_64 root=UUID=62ac631c-9f7f-43ab-8c6a-a31f8cb22707 ro crashkernel=auto rhgb quiet LANG=en_US.UTF-8
[    0.000000] e820: BIOS-provided physical RAM map:
[    0.000000] BIOS-e820: [mem 0x0000000000000000-0x000000000009ffff] usable
[    0.000000] BIOS-e820: [mem 0x00000000000a0000-0x00000000000fffff] reserved
[    0.000000] BIOS-e820: [mem 0x0000000000100000-0x0000000075daffff] usable
[    0.000000] BIOS-e820: [mem 0x0000000075db0000-0x0000000075ffffff] reserved
[    0.000000] BIOS-e820: [mem 0x0000000076000000-0x00000000c8de4fff] usable
[    0.000000] BIOS-e820: [mem 0x00000000c8de5000-0x00000000ca252fff] reserved
[    0.000000] BIOS-e820: [mem 0x00000000ca253000-0x00000000ca310fff] usable
[    0.000000] BIOS-e820: [mem 0x00000000ca311000-0x00000000ca67ffff] ACPI NVS
[    0.000000] BIOS-e820: [mem 0x00000000ca680000-0x00000000cae6cfff] reserved
[    0.000000] BIOS-e820: [mem 0x00000000cae6d000-0x00000000cbffffff] usable
[    0.000000] BIOS-e820: [mem 0x00000000cc000000-0x00000000cfffffff] reserved
[    0.000000] BIOS-e820: [mem 0x00000000d3900000-0x00000000d3a7ffff] reserved
[    0.000000] BIOS-e820: [mem 0x00000000d3af0000-0x00000000d3af0fff] reserved
[    0.000000] BIOS-e820: [mem 0x00000000d3f00000-0x00000000d407ffff] reserved
[    0.000000] BIOS-e820: [mem 0x00000000d40f0000-0x00000000d40f0fff] reserved
[    0.000000] BIOS-e820: [mem 0x00000000d4500000-0x00000000d467ffff] reserved
[    0.000000] BIOS-e820: [mem 0x00000000d46f0000-0x00000000d46f0fff] reserved
[    0.000000] BIOS-e820: [mem 0x00000000d4b00000-0x00000000d4c7ffff] reserved
[    0.000000] BIOS-e820: [mem 0x00000000d4cf0000-0x00000000d4cf0fff] reserved
[    0.000000] BIOS-e820: [mem 0x00000000d5100000-0x00000000d527ffff] reserved
[    0.000000] BIOS-e820: [mem 0x00000000d52f0000-0x00000000d52f0fff] reserved
[    0.000000] BIOS-e820: [mem 0x00000000d5700000-0x00000000d587ffff] reserved
[    0.000000] BIOS-e820: [mem 0x00000000d58f0000-0x00000000d58f0fff] reserved
[    0.000000] BIOS-e820: [mem 0x00000000d7e00000-0x00000000d7f7ffff] reserved
[    0.000000] BIOS-e820: [mem 0x00000000d7ff0000-0x00000000d7ff0fff] reserved
[    0.000000] BIOS-e820: [mem 0x00000000dfa00000-0x00000000dfa7ffff] reserved
[    0.000000] BIOS-e820: [mem 0x00000000dfaf0000-0x00000000dfaf0fff] reserved
[    0.000000] BIOS-e820: [mem 0x00000000fea00000-0x00000000feafffff] reserved
[    0.000000] BIOS-e820: [mem 0x00000000fec00000-0x00000000fec00fff] reserved
[    0.000000] BIOS-e820: [mem 0x00000000fec10000-0x00000000fec10fff] reserved
[    0.000000] BIOS-e820: [mem 0x00000000fed00000-0x00000000fed00fff] reserved
[    0.000000] BIOS-e820: [mem 0x00000000fed40000-0x00000000fed44fff] reserved
[    0.000000] BIOS-e820: [mem 0x00000000fed80000-0x00000000fed8ffff] reserved
[    0.000000] BIOS-e820: [mem 0x00000000fedc0000-0x00000000fedc0fff] reserved
[    0.000000] BIOS-e820: [mem 0x00000000fedc2000-0x00000000fedc5fff] reserved
[    0.000000] BIOS-e820: [mem 0x00000000fedc7000-0x00000000fedc7fff] reserved
[    0.000000] BIOS-e820: [mem 0x00000000fedc9000-0x00000000fedcafff] reserved
[    0.000000] BIOS-e820: [mem 0x00000000fee00000-0x00000000feefffff] reserved
[    0.000000] BIOS-e820: [mem 0x00000000ff000000-0x00000000ffffffff] reserved
[    0.000000] BIOS-e820: [mem 0x0000000100000000-0x000000202f37ffff] usable
[    0.000000] BIOS-e820: [mem 0x000000202f380000-0x000000202fffffff] reserved
[    0.000000] BIOS-e820: [mem 0x0000002030000000-0x000000402ff7ffff] usable
[    0.000000] BIOS-e820: [mem 0x000000402ff80000-0x000000402fffffff] reserved
[    0.000000] BIOS-e820: [mem 0x0000004030000000-0x000000602ff7ffff] usable
[    0.000000] BIOS-e820: [mem 0x000000602ff80000-0x000000602fffffff] reserved
[    0.000000] BIOS-e820: [mem 0x0000006030000000-0x000000802ff7ffff] usable
[    0.000000] BIOS-e820: [mem 0x000000802ff80000-0x000000802fffffff] reserved
[    0.000000] BIOS-e820: [mem 0x0000008030000000-0x000000a02ff7ffff] usable
[    0.000000] BIOS-e820: [mem 0x000000a02ff80000-0x000000a02fffffff] reserved
[    0.000000] BIOS-e820: [mem 0x000000a030000000-0x000000c02ff7ffff] usable
[    0.000000] BIOS-e820: [mem 0x000000c02ff80000-0x000000c02fffffff] reserved
[    0.000000] BIOS-e820: [mem 0x000000c030000000-0x000000e02ff7ffff] usable
[    0.000000] BIOS-e820: [mem 0x000000e02ff80000-0x000000e02fffffff] reserved
[    0.000000] BIOS-e820: [mem 0x000000e030000000-0x000000f02fffffff] usable
[    0.000000] BIOS-e820: [mem 0x000000f030000000-0x000000ffffffffff] reserved
[    0.000000] BIOS-e820: [mem 0x0000010000000000-0x0000010ffff7ffff] usable
[    0.000000] BIOS-e820: [mem 0x0000010ffff80000-0x0000010fffffffff] reserved
[    0.000000] NX (Execute Disable) protection: active
[    0.000000] e820: update [mem 0x9387c018-0x9388c857] usable ==> usable
[    0.000000] e820: update [mem 0x9384b018-0x9387b457] usable ==> usable
[    0.000000] extended physical RAM map:
[    0.000000] reserve setup_data: [mem 0x0000000000000000-0x000000000009ffff] usable
[    0.000000] reserve setup_data: [mem 0x00000000000a0000-0x00000000000fffff] reserved
[    0.000000] reserve setup_data: [mem 0x0000000000100000-0x0000000075daffff] usable
[    0.000000] reserve setup_data: [mem 0x0000000075db0000-0x0000000075ffffff] reserved
[    0.000000] reserve setup_data: [mem 0x0000000076000000-0x000000009384b017] usable
[    0.000000] reserve setup_data: [mem 0x000000009384b018-0x000000009387b457] usable
[    0.000000] reserve setup_data: [mem 0x000000009387b458-0x000000009387c017] usable
[    0.000000] reserve setup_data: [mem 0x000000009387c018-0x000000009388c857] usable
[    0.000000] reserve setup_data: [mem 0x000000009388c858-0x00000000c8de4fff] usable
[    0.000000] reserve setup_data: [mem 0x00000000c8de5000-0x00000000ca252fff] reserved
[    0.000000] reserve setup_data: [mem 0x00000000ca253000-0x00000000ca310fff] usable
[    0.000000] reserve setup_data: [mem 0x00000000ca311000-0x00000000ca67ffff] ACPI NVS
[    0.000000] reserve setup_data: [mem 0x00000000ca680000-0x00000000cae6cfff] reserved
[    0.000000] reserve setup_data: [mem 0x00000000cae6d000-0x00000000cbffffff] usable
[    0.000000] reserve setup_data: [mem 0x00000000cc000000-0x00000000cfffffff] reserved
[    0.000000] reserve setup_data: [mem 0x00000000d3900000-0x00000000d3a7ffff] reserved
[    0.000000] reserve setup_data: [mem 0x00000000d3af0000-0x00000000d3af0fff] reserved
[    0.000000] reserve setup_data: [mem 0x00000000d3f00000-0x00000000d407ffff] reserved
[    0.000000] reserve setup_data: [mem 0x00000000d40f0000-0x00000000d40f0fff] reserved
[    0.000000] reserve setup_data: [mem 0x00000000d4500000-0x00000000d467ffff] reserved
[    0.000000] reserve setup_data: [mem 0x00000000d46f0000-0x00000000d46f0fff] reserved
[    0.000000] reserve setup_data: [mem 0x00000000d4b00000-0x00000000d4c7ffff] reserved
[    0.000000] reserve setup_data: [mem 0x00000000d4cf0000-0x00000000d4cf0fff] reserved
[    0.000000] reserve setup_data: [mem 0x00000000d5100000-0x00000000d527ffff] reserved
[    0.000000] reserve setup_data: [mem 0x00000000d52f0000-0x00000000d52f0fff] reserved
[    0.000000] reserve setup_data: [mem 0x00000000d5700000-0x00000000d587ffff] reserved
[    0.000000] reserve setup_data: [mem 0x00000000d58f0000-0x00000000d58f0fff] reserved
[    0.000000] reserve setup_data: [mem 0x00000000d7e00000-0x00000000d7f7ffff] reserved
[    0.000000] reserve setup_data: [mem 0x00000000d7ff0000-0x00000000d7ff0fff] reserved
[    0.000000] reserve setup_data: [mem 0x00000000dfa00000-0x00000000dfa7ffff] reserved
[    0.000000] reserve setup_data: [mem 0x00000000dfaf0000-0x00000000dfaf0fff] reserved
[    0.000000] reserve setup_data: [mem 0x00000000fea00000-0x00000000feafffff] reserved
[    0.000000] reserve setup_data: [mem 0x00000000fec00000-0x00000000fec00fff] reserved
[    0.000000] reserve setup_data: [mem 0x00000000fec10000-0x00000000fec10fff] reserved
[    0.000000] reserve setup_data: [mem 0x00000000fed00000-0x00000000fed00fff] reserved
[    0.000000] reserve setup_data: [mem 0x00000000fed40000-0x00000000fed44fff] reserved
[    0.000000] reserve setup_data: [mem 0x00000000fed80000-0x00000000fed8ffff] reserved
[    0.000000] reserve setup_data: [mem 0x00000000fedc0000-0x00000000fedc0fff] reserved
[    0.000000] reserve setup_data: [mem 0x00000000fedc2000-0x00000000fedc5fff] reserved
[    0.000000] reserve setup_data: [mem 0x00000000fedc7000-0x00000000fedc7fff] reserved
[    0.000000] reserve setup_data: [mem 0x00000000fedc9000-0x00000000fedcafff] reserved
[    0.000000] reserve setup_data: [mem 0x00000000fee00000-0x00000000feefffff] reserved
[    0.000000] reserve setup_data: [mem 0x00000000ff000000-0x00000000ffffffff] reserved
[    0.000000] reserve setup_data: [mem 0x0000000100000000-0x000000202f37ffff] usable
[    0.000000] reserve setup_data: [mem 0x000000202f380000-0x000000202fffffff] reserved
[    0.000000] reserve setup_data: [mem 0x0000002030000000-0x000000402ff7ffff] usable
[    0.000000] reserve setup_data: [mem 0x000000402ff80000-0x000000402fffffff] reserved
[    0.000000] reserve setup_data: [mem 0x0000004030000000-0x000000602ff7ffff] usable
[    0.000000] reserve setup_data: [mem 0x000000602ff80000-0x000000602fffffff] reserved
[    0.000000] reserve setup_data: [mem 0x0000006030000000-0x000000802ff7ffff] usable
[    0.000000] reserve setup_data: [mem 0x000000802ff80000-0x000000802fffffff] reserved
[    0.000000] reserve setup_data: [mem 0x0000008030000000-0x000000a02ff7ffff] usable
[    0.000000] reserve setup_data: [mem 0x000000a02ff80000-0x000000a02fffffff] reserved
[    0.000000] reserve setup_data: [mem 0x000000a030000000-0x000000c02ff7ffff] usable
[    0.000000] reserve setup_data: [mem 0x000000c02ff80000-0x000000c02fffffff] reserved
[    0.000000] reserve setup_data: [mem 0x000000c030000000-0x000000e02ff7ffff] usable
[    0.000000] reserve setup_data: [mem 0x000000e02ff80000-0x000000e02fffffff] reserved
[    0.000000] reserve setup_data: [mem 0x000000e030000000-0x000000f02fffffff] usable
[    0.000000] reserve setup_data: [mem 0x000000f030000000-0x000000ffffffffff] reserved
[    0.000000] reserve setup_data: [mem 0x0000010000000000-0x0000010ffff7ffff] usable
[    0.000000] reserve setup_data: [mem 0x0000010ffff80000-0x0000010fffffffff] reserved
[    0.000000] efi: EFI v2.60 by American Megatrends
[    0.000000] efi:  ACPI 2.0=0xca311000  ACPI=0xca311000  SMBIOS=0xcacee000  SMBIOS 3.0=0xcaced000  MPS=0xfca90  ESRT=0xc5b2ab18 
[    0.000000] efi: mem00: type=3, attr=0xf, range=[0x0000000000000000-0x0000000000008000) (0MB)
[    0.000000] efi: mem01: type=2, attr=0xf, range=[0x0000000000008000-0x0000000000009000) (0MB)
[    0.000000] efi: mem02: type=7, attr=0xf, range=[0x0000000000009000-0x000000000003f000) (0MB)
[    0.000000] efi: mem03: type=4, attr=0xf, range=[0x000000000003f000-0x0000000000040000) (0MB)
[    0.000000] efi: mem04: type=3, attr=0xf, range=[0x0000000000040000-0x00000000000a0000) (0MB)
[    0.000000] efi: mem05: type=7, attr=0xf, range=[0x0000000000100000-0x0000000001000000) (15MB)
[    0.000000] efi: mem06: type=4, attr=0xf, range=[0x0000000001000000-0x0000000001020000) (0MB)
[    0.000000] efi: mem07: type=7, attr=0xf, range=[0x0000000001020000-0x0000000001200000) (1MB)
[    0.000000] efi: mem08: type=2, attr=0xf, range=[0x0000000001200000-0x0000000002856000) (22MB)
[    0.000000] efi: mem09: type=7, attr=0xf, range=[0x0000000002856000-0x0000000030000000) (727MB)
[    0.000000] efi: mem10: type=4, attr=0xf, range=[0x0000000030000000-0x0000000030076000) (0MB)
[    0.000000] efi: mem11: type=7, attr=0xf, range=[0x0000000030076000-0x000000003ce8b000) (206MB)
[    0.000000] efi: mem12: type=2, attr=0xf, range=[0x000000003ce8b000-0x0000000040000000) (49MB)
[    0.000000] efi: mem13: type=7, attr=0xf, range=[0x0000000040000000-0x0000000075db0000) (861MB)
[    0.000000] efi: mem14: type=0, attr=0xf, range=[0x0000000075db0000-0x0000000076000000) (2MB)
[    0.000000] efi: mem15: type=7, attr=0xf, range=[0x0000000076000000-0x000000009384b000) (472MB)
[    0.000000] efi: mem16: type=2, attr=0xf, range=[0x000000009384b000-0x00000000c4b22000) (786MB)
[    0.000000] efi: mem17: type=7, attr=0xf, range=[0x00000000c4b22000-0x00000000c4b27000) (0MB)
[    0.000000] efi: mem18: type=2, attr=0xf, range=[0x00000000c4b27000-0x00000000c4b28000) (0MB)
[    0.000000] efi: mem19: type=1, attr=0xf, range=[0x00000000c4b28000-0x00000000c4c28000) (1MB)
[    0.000000] efi: mem20: type=2, attr=0xf, range=[0x00000000c4c28000-0x00000000c4d2a000) (1MB)
[    0.000000] efi: mem21: type=1, attr=0xf, range=[0x00000000c4d2a000-0x00000000c4e4a000) (1MB)
[    0.000000] efi: mem22: type=4, attr=0xf, range=[0x00000000c4e4a000-0x00000000c87e5000) (57MB)
[    0.000000] efi: mem23: type=7, attr=0xf, range=[0x00000000c87e5000-0x00000000c8a40000) (2MB)
[    0.000000] efi: mem24: type=3, attr=0xf, range=[0x00000000c8a40000-0x00000000c8de5000) (3MB)
[    0.000000] efi: mem25: type=0, attr=0xf, range=[0x00000000c8de5000-0x00000000ca253000) (20MB)
[    0.000000] efi: mem26: type=7, attr=0xf, range=[0x00000000ca253000-0x00000000ca311000) (0MB)
[    0.000000] efi: mem27: type=10, attr=0xf, range=[0x00000000ca311000-0x00000000ca680000) (3MB)
[    0.000000] efi: mem28: type=6, attr=0x800000000000000f, range=[0x00000000ca680000-0x00000000cad9a000) (7MB)
[    0.000000] efi: mem29: type=5, attr=0x800000000000000f, range=[0x00000000cad9a000-0x00000000cae6d000) (0MB)
[    0.000000] efi: mem30: type=4, attr=0xf, range=[0x00000000cae6d000-0x00000000cc000000) (17MB)
[    0.000000] efi: mem31: type=7, attr=0xf, range=[0x0000000100000000-0x000000202f380000) (127731MB)
[    0.000000] efi: mem32: type=7, attr=0xf, range=[0x0000002030000000-0x000000402ff80000) (131071MB)
[    0.000000] efi: mem33: type=7, attr=0xf, range=[0x0000004030000000-0x000000602ff80000) (131071MB)
[    0.000000] efi: mem34: type=7, attr=0xf, range=[0x0000006030000000-0x000000802ff80000) (131071MB)
[    0.000000] efi: mem35: type=7, attr=0xf, range=[0x0000008030000000-0x000000a02ff80000) (131071MB)
[    0.000000] efi: mem36: type=7, attr=0xf, range=[0x000000a030000000-0x000000c02ff80000) (131071MB)
[    0.000000] efi: mem37: type=7, attr=0xf, range=[0x000000c030000000-0x000000e02ff80000) (131071MB)
[    0.000000] efi: mem38: type=7, attr=0xf, range=[0x000000e030000000-0x000000f030000000) (65536MB)
[    0.000000] efi: mem39: type=7, attr=0xf, range=[0x0000010000000000-0x0000010ffff80000) (65535MB)
[    0.000000] efi: mem40: type=0, attr=0xf, range=[0x00000000000a0000-0x0000000000100000) (0MB)
[    0.000000] efi: mem41: type=0, attr=0xf, range=[0x00000000cc000000-0x00000000d0000000) (64MB)
[    0.000000] efi: mem42: type=11, attr=0x800000000000100f, range=[0x00000000d3900000-0x00000000d3a80000) (1MB)
[    0.000000] efi: mem43: type=11, attr=0x800000000000100f, range=[0x00000000d3af0000-0x00000000d3af1000) (0MB)
[    0.000000] efi: mem44: type=11, attr=0x800000000000100f, range=[0x00000000d3f00000-0x00000000d4080000) (1MB)
[    0.000000] efi: mem45: type=11, attr=0x800000000000100f, range=[0x00000000d40f0000-0x00000000d40f1000) (0MB)
[    0.000000] efi: mem46: type=11, attr=0x800000000000100f, range=[0x00000000d4500000-0x00000000d4680000) (1MB)
[    0.000000] efi: mem47: type=11, attr=0x800000000000100f, range=[0x00000000d46f0000-0x00000000d46f1000) (0MB)
[    0.000000] efi: mem48: type=11, attr=0x800000000000100f, range=[0x00000000d4b00000-0x00000000d4c80000) (1MB)
[    0.000000] efi: mem49: type=11, attr=0x800000000000100f, range=[0x00000000d4cf0000-0x00000000d4cf1000) (0MB)
[    0.000000] efi: mem50: type=11, attr=0x800000000000100f, range=[0x00000000d5100000-0x00000000d5280000) (1MB)
[    0.000000] efi: mem51: type=11, attr=0x800000000000100f, range=[0x00000000d52f0000-0x00000000d52f1000) (0MB)
[    0.000000] efi: mem52: type=11, attr=0x800000000000100f, range=[0x00000000d5700000-0x00000000d5880000) (1MB)
[    0.000000] efi: mem53: type=11, attr=0x800000000000100f, range=[0x00000000d58f0000-0x00000000d58f1000) (0MB)
[    0.000000] efi: mem54: type=11, attr=0x800000000000100f, range=[0x00000000d7e00000-0x00000000d7f80000) (1MB)
[    0.000000] efi: mem55: type=11, attr=0x800000000000100f, range=[0x00000000d7ff0000-0x00000000d7ff1000) (0MB)
[    0.000000] efi: mem56: type=11, attr=0x800000000000100f, range=[0x00000000dfa00000-0x00000000dfa80000) (0MB)
[    0.000000] efi: mem57: type=11, attr=0x800000000000100f, range=[0x00000000dfaf0000-0x00000000dfaf1000) (0MB)
[    0.000000] efi: mem58: type=11, attr=0x800000000000100d, range=[0x00000000fea00000-0x00000000feb00000) (1MB)
[    0.000000] efi: mem59: type=11, attr=0x800000000000100d, range=[0x00000000fec00000-0x00000000fec01000) (0MB)
[    0.000000] efi: mem60: type=11, attr=0x800000000000100d, range=[0x00000000fec10000-0x00000000fec11000) (0MB)
[    0.000000] efi: mem61: type=11, attr=0x800000000000100d, range=[0x00000000fed00000-0x00000000fed01000) (0MB)
[    0.000000] efi: mem62: type=11, attr=0x800000000000100d, range=[0x00000000fed40000-0x00000000fed45000) (0MB)
[    0.000000] efi: mem63: type=11, attr=0x800000000000100d, range=[0x00000000fed80000-0x00000000fed90000) (0MB)
[    0.000000] efi: mem64: type=11, attr=0x800000000000100d, range=[0x00000000fedc0000-0x00000000fedc1000) (0MB)
[    0.000000] efi: mem65: type=11, attr=0x800000000000100d, range=[0x00000000fedc2000-0x00000000fedc6000) (0MB)
[    0.000000] efi: mem66: type=11, attr=0x800000000000100d, range=[0x00000000fedc7000-0x00000000fedc8000) (0MB)
[    0.000000] efi: mem67: type=11, attr=0x800000000000100d, range=[0x00000000fedc9000-0x00000000fedcb000) (0MB)
[    0.000000] efi: mem68: type=11, attr=0x800000000000100d, range=[0x00000000fee00000-0x00000000fef00000) (1MB)
[    0.000000] efi: mem69: type=11, attr=0x800000000000100d, range=[0x00000000ff000000-0x0000000100000000) (16MB)
[    0.000000] efi: mem70: type=0, attr=0xf, range=[0x000000202f380000-0x0000002030000000) (12MB)
[    0.000000] efi: mem71: type=0, attr=0xf, range=[0x000000402ff80000-0x0000004030000000) (0MB)
[    0.000000] efi: mem72: type=0, attr=0xf, range=[0x000000602ff80000-0x0000006030000000) (0MB)
[    0.000000] efi: mem73: type=0, attr=0xf, range=[0x000000802ff80000-0x0000008030000000) (0MB)
[    0.000000] efi: mem74: type=0, attr=0xf, range=[0x000000a02ff80000-0x000000a030000000) (0MB)
[    0.000000] efi: mem75: type=0, attr=0xf, range=[0x000000c02ff80000-0x000000c030000000) (0MB)
[    0.000000] efi: mem76: type=0, attr=0xf, range=[0x000000e02ff80000-0x000000e030000000) (0MB)
[    0.000000] efi: mem77: type=0, attr=0xf, range=[0x000000f030000000-0x0000010000000000) (64768MB)
[    0.000000] efi: mem78: type=0, attr=0xf, range=[0x0000010ffff80000-0x0000011000000000) (0MB)
[    0.000000] esrt: Reserving ESRT space from 0x00000000c5b2ab18 to 0x00000000c5b2ab50.
[    0.000000] SMBIOS 3.1.1 present.
[    0.000000] e820: update [mem 0x00000000-0x00000fff] usable ==> reserved
[    0.000000] e820: remove [mem 0x000a0000-0x000fffff] usable
[    0.000000] e820: last_pfn = 0x10ffff80 max_arch_pfn = 0x400000000
[    0.000000] MTRR default type: uncachable
[    0.000000] MTRR fixed ranges enabled:
[    0.000000]   00000-9FFFF write-back
[    0.000000]   A0000-BFFFF write-through
[    0.000000]   C0000-FFFFF write-protect
[    0.000000] MTRR variable ranges enabled:
[    0.000000]   0 base 000000000000 mask FFFF80000000 write-back
[    0.000000]   1 base 000080000000 mask FFFFC0000000 write-back
[    0.000000]   2 base 0000C0000000 mask FFFFF0000000 write-back
[    0.000000]   3 base 0000CC000000 mask FFFFFC000000 uncachable
[    0.000000]   4 disabled
[    0.000000]   5 disabled
[    0.000000]   6 disabled
[    0.000000]   7 disabled
[    0.000000] TOM2: 0000011000000000 aka 1114112M
[    0.000000] PAT configuration [0-7]: WB  WC  UC- UC  WB  WP  UC- UC  
[    0.000000] original variable MTRRs
[    0.000000] reg 0, base: 0GB, range: 2GB, type WB
[    0.000000] reg 1, base: 2GB, range: 1GB, type WB
[    0.000000] reg 2, base: 3GB, range: 256MB, type WB
[    0.000000] reg 3, base: 3264MB, range: 64MB, type UC
[    0.000000] total RAM covered: 3264M
[    0.000000] Found optimal setting for mtrr clean up
[    0.000000]  gran_size: 64K 	chunk_size: 64K 	num_reg: 4  	lose cover RAM: 0G
[    0.000000] New variable MTRRs
[    0.000000] reg 0, base: 0GB, range: 2GB, type WB
[    0.000000] reg 1, base: 2GB, range: 1GB, type WB
[    0.000000] reg 2, base: 3GB, range: 128MB, type WB
[    0.000000] reg 3, base: 3200MB, range: 64MB, type WB
[    0.000000] e820: update [mem 0xcc000000-0xffffffff] usable ==> reserved
[    0.000000] e820: last_pfn = 0xcc000 max_arch_pfn = 0x400000000
[    0.000000] found SMP MP-table at [mem 0x000fd250-0x000fd25f] mapped at [ffffffffff240250]
[    0.000000] Base memory trampoline at [ffff96e080093000] 93000 size 24576
[    0.000000] Using GB pages for direct mapping
[    0.000000] BRK [0x772722e000, 0x772722efff] PGTABLE
[    0.000000] BRK [0x772722f000, 0x772722ffff] PGTABLE
[    0.000000] BRK [0x7727230000, 0x7727230fff] PGTABLE
[    0.000000] BRK [0x7727231000, 0x7727231fff] PGTABLE
[    0.000000] BRK [0x7727232000, 0x7727232fff] PGTABLE
[    0.000000] BRK [0x7727233000, 0x7727233fff] PGTABLE
[    0.000000] BRK [0x7727234000, 0x7727234fff] PGTABLE
[    0.000000] BRK [0x7727235000, 0x7727235fff] PGTABLE
[    0.000000] BRK [0x7727236000, 0x7727236fff] PGTABLE
[    0.000000] BRK [0x7727237000, 0x7727237fff] PGTABLE
[    0.000000] BRK [0x7727238000, 0x7727238fff] PGTABLE
[    0.000000] BRK [0x7727239000, 0x7727239fff] PGTABLE
[    0.000000] RAMDISK: [mem 0x3ce8b000-0x3e9a7fff]
[    0.000000] Early table checksum verification disabled
[    0.000000] ACPI: RSDP 00000000ca311000 00024 (v02    AMD)
[    0.000000] ACPI: XSDT 00000000ca3110b0 000E4 (v01    AMD  DIESEL  03242016 AMI  00010013)
[    0.000000] ACPI: FACP 00000000ca31c048 00114 (v06    AMD  DIESEL  03242016 AMI  00010013)
[    0.000000] ACPI: DSDT 00000000ca311230 0AE14 (v02    AMD  DIESEL  03242016 INTL 20120913)
[    0.000000] ACPI: FACS 00000000ca67fe80 00040
[    0.000000] ACPI: APIC 00000000ca31c160 002B2 (v04    AMD  DIESEL  03242016 AMI  00010013)
[    0.000000] ACPI: FPDT 00000000ca31c418 00044 (v01    AMD  DIESEL  03242016 AMI  00010013)
[    0.000000] ACPI: FIDT 00000000ca31c460 0009C (v01    AMD   DIESEL 03242016 AMI  00010013)
[    0.000000] ACPI: SSDT 00000000ca31c500 000D2 (v02    AMD AMD ALIB 00000002 MSFT 04000000)
[    0.000000] ACPI: SPMI 00000000ca31c5d8 00041 (v05    AMD  DIESEL  00000000 AMI. 00000000)
[    0.000000] ACPI: SSDT 00000000ca31c620 0036C (v02    AMD  CPUSSDT 03242016 AMI  03242016)
[    0.000000] ACPI: MCFG 00000000ca31c990 0003C (v01    AMD   DIESEL 03242016 MSFT 00010013)
[    0.000000] ACPI: SSDT 00000000ca31c9d0 08BE4 (v01    AMD  AMD CPU 00000001 AMD  00000001)
[    0.000000] ACPI: SRAT 00000000ca3255b8 006D8 (v03    AMD AMD SRAT 00000001 AMD  00000001)
[    0.000000] ACPI: MSCT 00000000ca325c90 0004E (v01    AMD AMD MSCT 00000000 AMD  00000001)
[    0.000000] ACPI: SLIT 00000000ca325ce0 0006C (v01    AMD AMD SLIT 00000001 AMD  00000001)
[    0.000000] ACPI: CRAT 00000000ca325d50 04040 (v01    AMD AMD CRAT 00000001 AMD  00000001)
[    0.000000] ACPI: CDIT 00000000ca329d90 00068 (v01    AMD AMD CDIT 00000001 AMD  00000001)
[    0.000000] ACPI: BERT 00000000ca329df8 00030 (v01 AMD    AMD BERT 00000001 AMD  00000001)
[    0.000000] ACPI: EINJ 00000000ca329e28 00150 (v01 AMD    AMD EINJ 00000001 AMD  00000001)
[    0.000000] ACPI: HEST 00000000ca329f78 00608 (v01 AMD    AMD HEST 00000001 AMD  00000001)
[    0.000000] ACPI: HPET 00000000ca32a580 00038 (v01    AMD   DIESEL 03242016 AMI  00000005)
[    0.000000] ACPI: SSDT 00000000ca32a5b8 00024 (v01 AMDFCH    FCHZP 00001000 INTL 20120913)
[    0.000000] ACPI: UEFI 00000000ca32a5e0 00042 (v01                 00000000      00000000)
[    0.000000] ACPI: BGRT 00000000ca32a628 00038 (v01    AMD  DIESEL  03242016 AMI  00010013)
[    0.000000] ACPI: IVRS 00000000ca32a660 00370 (v02    AMD AMD IVRS 00000001 AMD  00000000)
[    0.000000] ACPI: SSDT 00000000ca32a9d0 01630 (v01    AMD   CPMCMN 00000001 INTL 20120913)
[    0.000000] ACPI: WSMT 00000000ca32c000 00028 (v01    AMD  DIESEL  03242016 AMI  00010013)
[    0.000000] ACPI: Local APIC address 0xfee00000
[    0.000000] SRAT: PXM 0 -> APIC 0x00 -> Node 0
[    0.000000] SRAT: PXM 0 -> APIC 0x01 -> Node 0
[    0.000000] SRAT: PXM 0 -> APIC 0x02 -> Node 0
[    0.000000] SRAT: PXM 0 -> APIC 0x03 -> Node 0
[    0.000000] SRAT: PXM 0 -> APIC 0x08 -> Node 0
[    0.000000] SRAT: PXM 0 -> APIC 0x09 -> Node 0
[    0.000000] SRAT: PXM 0 -> APIC 0x0a -> Node 0
[    0.000000] SRAT: PXM 0 -> APIC 0x0b -> Node 0
[    0.000000] SRAT: PXM 1 -> APIC 0x10 -> Node 1
[    0.000000] SRAT: PXM 1 -> APIC 0x11 -> Node 1
[    0.000000] SRAT: PXM 1 -> APIC 0x12 -> Node 1
[    0.000000] SRAT: PXM 1 -> APIC 0x13 -> Node 1
[    0.000000] SRAT: PXM 1 -> APIC 0x18 -> Node 1
[    0.000000] SRAT: PXM 1 -> APIC 0x19 -> Node 1
[    0.000000] SRAT: PXM 1 -> APIC 0x1a -> Node 1
[    0.000000] SRAT: PXM 1 -> APIC 0x1b -> Node 1
[    0.000000] SRAT: PXM 2 -> APIC 0x20 -> Node 2
[    0.000000] SRAT: PXM 2 -> APIC 0x21 -> Node 2
[    0.000000] SRAT: PXM 2 -> APIC 0x22 -> Node 2
[    0.000000] SRAT: PXM 2 -> APIC 0x23 -> Node 2
[    0.000000] SRAT: PXM 2 -> APIC 0x28 -> Node 2
[    0.000000] SRAT: PXM 2 -> APIC 0x29 -> Node 2
[    0.000000] SRAT: PXM 2 -> APIC 0x2a -> Node 2
[    0.000000] SRAT: PXM 2 -> APIC 0x2b -> Node 2
[    0.000000] SRAT: PXM 3 -> APIC 0x30 -> Node 3
[    0.000000] SRAT: PXM 3 -> APIC 0x31 -> Node 3
[    0.000000] SRAT: PXM 3 -> APIC 0x32 -> Node 3
[    0.000000] SRAT: PXM 3 -> APIC 0x33 -> Node 3
[    0.000000] SRAT: PXM 3 -> APIC 0x38 -> Node 3
[    0.000000] SRAT: PXM 3 -> APIC 0x39 -> Node 3
[    0.000000] SRAT: PXM 3 -> APIC 0x3a -> Node 3
[    0.000000] SRAT: PXM 3 -> APIC 0x3b -> Node 3
[    0.000000] SRAT: PXM 4 -> APIC 0x40 -> Node 4
[    0.000000] SRAT: PXM 4 -> APIC 0x41 -> Node 4
[    0.000000] SRAT: PXM 4 -> APIC 0x42 -> Node 4
[    0.000000] SRAT: PXM 4 -> APIC 0x43 -> Node 4
[    0.000000] SRAT: PXM 4 -> APIC 0x48 -> Node 4
[    0.000000] SRAT: PXM 4 -> APIC 0x49 -> Node 4
[    0.000000] SRAT: PXM 4 -> APIC 0x4a -> Node 4
[    0.000000] SRAT: PXM 4 -> APIC 0x4b -> Node 4
[    0.000000] SRAT: PXM 5 -> APIC 0x50 -> Node 5
[    0.000000] SRAT: PXM 5 -> APIC 0x51 -> Node 5
[    0.000000] SRAT: PXM 5 -> APIC 0x52 -> Node 5
[    0.000000] SRAT: PXM 5 -> APIC 0x53 -> Node 5
[    0.000000] SRAT: PXM 5 -> APIC 0x58 -> Node 5
[    0.000000] SRAT: PXM 5 -> APIC 0x59 -> Node 5
[    0.000000] SRAT: PXM 5 -> APIC 0x5a -> Node 5
[    0.000000] SRAT: PXM 5 -> APIC 0x5b -> Node 5
[    0.000000] SRAT: PXM 6 -> APIC 0x60 -> Node 6
[    0.000000] SRAT: PXM 6 -> APIC 0x61 -> Node 6
[    0.000000] SRAT: PXM 6 -> APIC 0x62 -> Node 6
[    0.000000] SRAT: PXM 6 -> APIC 0x63 -> Node 6
[    0.000000] SRAT: PXM 6 -> APIC 0x68 -> Node 6
[    0.000000] SRAT: PXM 6 -> APIC 0x69 -> Node 6
[    0.000000] SRAT: PXM 6 -> APIC 0x6a -> Node 6
[    0.000000] SRAT: PXM 6 -> APIC 0x6b -> Node 6
[    0.000000] SRAT: PXM 7 -> APIC 0x70 -> Node 7
[    0.000000] SRAT: PXM 7 -> APIC 0x71 -> Node 7
[    0.000000] SRAT: PXM 7 -> APIC 0x72 -> Node 7
[    0.000000] SRAT: PXM 7 -> APIC 0x73 -> Node 7
[    0.000000] SRAT: PXM 7 -> APIC 0x78 -> Node 7
[    0.000000] SRAT: PXM 7 -> APIC 0x79 -> Node 7
[    0.000000] SRAT: PXM 7 -> APIC 0x7a -> Node 7
[    0.000000] SRAT: PXM 7 -> APIC 0x7b -> Node 7
[    0.000000] SRAT: Node 0 PXM 0 [mem 0x00000000-0xcfffffff]
[    0.000000] SRAT: Node 0 PXM 0 [mem 0x100000000-0x102fffffff]
[    0.000000] SRAT: Node 0 PXM 0 [mem 0x1030000000-0x202fffffff]
[    0.000000] SRAT: Node 1 PXM 1 [mem 0x2030000000-0x302fffffff]
[    0.000000] SRAT: Node 1 PXM 1 [mem 0x3030000000-0x402fffffff]
[    0.000000] SRAT: Node 2 PXM 2 [mem 0x4030000000-0x502fffffff]
[    0.000000] SRAT: Node 2 PXM 2 [mem 0x5030000000-0x602fffffff]
[    0.000000] SRAT: Node 3 PXM 3 [mem 0x6030000000-0x702fffffff]
[    0.000000] SRAT: Node 3 PXM 3 [mem 0x7030000000-0x802fffffff]
[    0.000000] SRAT: Node 4 PXM 4 [mem 0x8030000000-0x902fffffff]
[    0.000000] SRAT: Node 4 PXM 4 [mem 0x9030000000-0xa02fffffff]
[    0.000000] SRAT: Node 5 PXM 5 [mem 0xa030000000-0xb02fffffff]
[    0.000000] SRAT: Node 5 PXM 5 [mem 0xb030000000-0xc02fffffff]
[    0.000000] SRAT: Node 6 PXM 6 [mem 0xc030000000-0xd02fffffff]
[    0.000000] SRAT: Node 6 PXM 6 [mem 0xd030000000-0xe02fffffff]
[    0.000000] SRAT: Node 7 PXM 7 [mem 0xe030000000-0xf02fffffff]
[    0.000000] SRAT: Node 7 PXM 7 [mem 0x10000000000-0x10fffffffff]
[    0.000000] NUMA: Initialized distance table, cnt=8
[    0.000000] NUMA: Node 0 [mem 0x00000000-0xcfffffff] + [mem 0x100000000-0x102fffffff] -> [mem 0x00000000-0x102fffffff]
[    0.000000] NUMA: Node 0 [mem 0x00000000-0x102fffffff] + [mem 0x1030000000-0x202fffffff] -> [mem 0x00000000-0x202fffffff]
[    0.000000] NUMA: Node 1 [mem 0x2030000000-0x302fffffff] + [mem 0x3030000000-0x402fffffff] -> [mem 0x2030000000-0x402fffffff]
[    0.000000] NUMA: Node 2 [mem 0x4030000000-0x502fffffff] + [mem 0x5030000000-0x602fffffff] -> [mem 0x4030000000-0x602fffffff]
[    0.000000] NUMA: Node 3 [mem 0x6030000000-0x702fffffff] + [mem 0x7030000000-0x802fffffff] -> [mem 0x6030000000-0x802fffffff]
[    0.000000] NUMA: Node 4 [mem 0x8030000000-0x902fffffff] + [mem 0x9030000000-0xa02fffffff] -> [mem 0x8030000000-0xa02fffffff]
[    0.000000] NUMA: Node 5 [mem 0xa030000000-0xb02fffffff] + [mem 0xb030000000-0xc02fffffff] -> [mem 0xa030000000-0xc02fffffff]
[    0.000000] NUMA: Node 6 [mem 0xc030000000-0xd02fffffff] + [mem 0xd030000000-0xe02fffffff] -> [mem 0xc030000000-0xe02fffffff]
[    0.000000] NUMA: Node 7 [mem 0xe030000000-0xf02fffffff] + [mem 0x10000000000-0x10ffff7ffff] -> [mem 0xe030000000-0x10ffff7ffff]
[    0.000000] NODE_DATA(0) allocated [mem 0x202f359000-0x202f37ffff]
[    0.000000] NODE_DATA(1) allocated [mem 0x402ff59000-0x402ff7ffff]
[    0.000000] NODE_DATA(2) allocated [mem 0x602ff59000-0x602ff7ffff]
[    0.000000] NODE_DATA(3) allocated [mem 0x802ff59000-0x802ff7ffff]
[    0.000000] NODE_DATA(4) allocated [mem 0xa02ff59000-0xa02ff7ffff]
[    0.000000] NODE_DATA(5) allocated [mem 0xc02ff59000-0xc02ff7ffff]
[    0.000000] NODE_DATA(6) allocated [mem 0xe02ff59000-0xe02ff7ffff]
[    0.000000] NODE_DATA(7) allocated [mem 0x10ffff58000-0x10ffff7efff]
[    0.000000] Reserving 224MB of memory at 544MB for crashkernel (System RAM: 1048461MB)
[    0.000000] Zone ranges:
[    0.000000]   DMA      [mem 0x00001000-0x00ffffff]
[    0.000000]   DMA32    [mem 0x01000000-0xffffffff]
[    0.000000]   Normal   [mem 0x100000000-0x10ffff7ffff]
[    0.000000] Movable zone start for each node
[    0.000000] Early memory node ranges
[    0.000000]   node   0: [mem 0x00001000-0x0009ffff]
[    0.000000]   node   0: [mem 0x00100000-0x75daffff]
[    0.000000]   node   0: [mem 0x76000000-0xc8de4fff]
[    0.000000]   node   0: [mem 0xca253000-0xca310fff]
[    0.000000]   node   0: [mem 0xcae6d000-0xcbffffff]
[    0.000000]   node   0: [mem 0x100000000-0x202f37ffff]
[    0.000000]   node   1: [mem 0x2030000000-0x402ff7ffff]
[    0.000000]   node   2: [mem 0x4030000000-0x602ff7ffff]
[    0.000000]   node   3: [mem 0x6030000000-0x802ff7ffff]
[    0.000000]   node   4: [mem 0x8030000000-0xa02ff7ffff]
[    0.000000]   node   5: [mem 0xa030000000-0xc02ff7ffff]
[    0.000000]   node   6: [mem 0xc030000000-0xe02ff7ffff]
[    0.000000]   node   7: [mem 0xe030000000-0xf02fffffff]
[    0.000000]   node   7: [mem 0x10000000000-0x10ffff7ffff]
[    0.000000] Initmem setup node 0 [mem 0x00001000-0x202f37ffff]
[    0.000000] On node 0 totalpages: 33526021
[    0.000000]   DMA zone: 64 pages used for memmap
[    0.000000]   DMA zone: 29 pages reserved
[    0.000000]   DMA zone: 3999 pages, LIFO batch:0
[    0.000000]   DMA32 zone: 12856 pages used for memmap
[    0.000000]   DMA32 zone: 822758 pages, LIFO batch:31
[    0.000000]   Normal zone: 510926 pages used for memmap
[    0.000000]   Normal zone: 32699264 pages, LIFO batch:31
[    0.000000] Initmem setup node 1 [mem 0x2030000000-0x402ff7ffff]
[    0.000000] On node 1 totalpages: 33554304
[    0.000000]   Normal zone: 524286 pages used for memmap
[    0.000000]   Normal zone: 33554304 pages, LIFO batch:31
[    0.000000] Initmem setup node 2 [mem 0x4030000000-0x602ff7ffff]
[    0.000000] On node 2 totalpages: 33554304
[    0.000000]   Normal zone: 524286 pages used for memmap
[    0.000000]   Normal zone: 33554304 pages, LIFO batch:31
[    0.000000] Initmem setup node 3 [mem 0x6030000000-0x802ff7ffff]
[    0.000000] On node 3 totalpages: 33554304
[    0.000000]   Normal zone: 524286 pages used for memmap
[    0.000000]   Normal zone: 33554304 pages, LIFO batch:31
[    0.000000] Initmem setup node 4 [mem 0x8030000000-0xa02ff7ffff]
[    0.000000] On node 4 totalpages: 33554304
[    0.000000]   Normal zone: 524286 pages used for memmap
[    0.000000]   Normal zone: 33554304 pages, LIFO batch:31
[    0.000000] Initmem setup node 5 [mem 0xa030000000-0xc02ff7ffff]
[    0.000000] On node 5 totalpages: 33554304
[    0.000000]   Normal zone: 524286 pages used for memmap
[    0.000000]   Normal zone: 33554304 pages, LIFO batch:31
[    0.000000] Initmem setup node 6 [mem 0xc030000000-0xe02ff7ffff]
[    0.000000] On node 6 totalpages: 33554304
[    0.000000]   Normal zone: 524286 pages used for memmap
[    0.000000]   Normal zone: 33554304 pages, LIFO batch:31
[    0.000000] Initmem setup node 7 [mem 0xe030000000-0x10ffff7ffff]
[    0.000000] On node 7 totalpages: 33554304
[    0.000000]   Normal zone: 524286 pages used for memmap
[    0.000000]   Normal zone: 33554304 pages, LIFO batch:31
[    0.000000] ACPI: PM-Timer IO Port: 0x808
[    0.000000] ACPI: Local APIC address 0xfee00000
[    0.000000] ACPI: LAPIC (acpi_id[0x00] lapic_id[0x00] enabled)
[    0.000000] ACPI: LAPIC (acpi_id[0x02] lapic_id[0x02] enabled)
[    0.000000] ACPI: LAPIC (acpi_id[0x04] lapic_id[0x08] enabled)
[    0.000000] ACPI: LAPIC (acpi_id[0x06] lapic_id[0x0a] enabled)
[    0.000000] ACPI: LAPIC (acpi_id[0x08] lapic_id[0x10] enabled)
[    0.000000] ACPI: LAPIC (acpi_id[0x0a] lapic_id[0x12] enabled)
[    0.000000] ACPI: LAPIC (acpi_id[0x0c] lapic_id[0x18] enabled)
[    0.000000] ACPI: LAPIC (acpi_id[0x0e] lapic_id[0x1a] enabled)
[    0.000000] ACPI: LAPIC (acpi_id[0x10] lapic_id[0x20] enabled)
[    0.000000] ACPI: LAPIC (acpi_id[0x12] lapic_id[0x22] enabled)
[    0.000000] ACPI: LAPIC (acpi_id[0x14] lapic_id[0x28] enabled)
[    0.000000] ACPI: LAPIC (acpi_id[0x16] lapic_id[0x2a] enabled)
[    0.000000] ACPI: LAPIC (acpi_id[0x18] lapic_id[0x30] enabled)
[    0.000000] ACPI: LAPIC (acpi_id[0x1a] lapic_id[0x32] enabled)
[    0.000000] ACPI: LAPIC (acpi_id[0x1c] lapic_id[0x38] enabled)
[    0.000000] ACPI: LAPIC (acpi_id[0x1e] lapic_id[0x3a] enabled)
[    0.000000] ACPI: LAPIC (acpi_id[0x20] lapic_id[0x40] enabled)
[    0.000000] ACPI: LAPIC (acpi_id[0x22] lapic_id[0x42] enabled)
[    0.000000] ACPI: LAPIC (acpi_id[0x24] lapic_id[0x48] enabled)
[    0.000000] ACPI: LAPIC (acpi_id[0x26] lapic_id[0x4a] enabled)
[    0.000000] ACPI: LAPIC (acpi_id[0x28] lapic_id[0x50] enabled)
[    0.000000] ACPI: LAPIC (acpi_id[0x2a] lapic_id[0x52] enabled)
[    0.000000] ACPI: LAPIC (acpi_id[0x2c] lapic_id[0x58] enabled)
[    0.000000] ACPI: LAPIC (acpi_id[0x2e] lapic_id[0x5a] enabled)
[    0.000000] ACPI: LAPIC (acpi_id[0x30] lapic_id[0x60] enabled)
[    0.000000] ACPI: LAPIC (acpi_id[0x32] lapic_id[0x62] enabled)
[    0.000000] ACPI: LAPIC (acpi_id[0x34] lapic_id[0x68] enabled)
[    0.000000] ACPI: LAPIC (acpi_id[0x36] lapic_id[0x6a] enabled)
[    0.000000] ACPI: LAPIC (acpi_id[0x38] lapic_id[0x70] enabled)
[    0.000000] ACPI: LAPIC (acpi_id[0x3a] lapic_id[0x72] enabled)
[    0.000000] ACPI: LAPIC (acpi_id[0x3c] lapic_id[0x78] enabled)
[    0.000000] ACPI: LAPIC (acpi_id[0x3e] lapic_id[0x7a] enabled)
[    0.000000] ACPI: LAPIC (acpi_id[0x01] lapic_id[0x01] enabled)
[    0.000000] ACPI: LAPIC (acpi_id[0x03] lapic_id[0x03] enabled)
[    0.000000] ACPI: LAPIC (acpi_id[0x05] lapic_id[0x09] enabled)
[    0.000000] ACPI: LAPIC (acpi_id[0x07] lapic_id[0x0b] enabled)
[    0.000000] ACPI: LAPIC (acpi_id[0x09] lapic_id[0x11] enabled)
[    0.000000] ACPI: LAPIC (acpi_id[0x0b] lapic_id[0x13] enabled)
[    0.000000] ACPI: LAPIC (acpi_id[0x0d] lapic_id[0x19] enabled)
[    0.000000] ACPI: LAPIC (acpi_id[0x0f] lapic_id[0x1b] enabled)
[    0.000000] ACPI: LAPIC (acpi_id[0x11] lapic_id[0x21] enabled)
[    0.000000] ACPI: LAPIC (acpi_id[0x13] lapic_id[0x23] enabled)
[    0.000000] ACPI: LAPIC (acpi_id[0x15] lapic_id[0x29] enabled)
[    0.000000] ACPI: LAPIC (acpi_id[0x17] lapic_id[0x2b] enabled)
[    0.000000] ACPI: LAPIC (acpi_id[0x19] lapic_id[0x31] enabled)
[    0.000000] ACPI: LAPIC (acpi_id[0x1b] lapic_id[0x33] enabled)
[    0.000000] ACPI: LAPIC (acpi_id[0x1d] lapic_id[0x39] enabled)
[    0.000000] ACPI: LAPIC (acpi_id[0x1f] lapic_id[0x3b] enabled)
[    0.000000] ACPI: LAPIC (acpi_id[0x21] lapic_id[0x41] enabled)
[    0.000000] ACPI: LAPIC (acpi_id[0x23] lapic_id[0x43] enabled)
[    0.000000] ACPI: LAPIC (acpi_id[0x25] lapic_id[0x49] enabled)
[    0.000000] ACPI: LAPIC (acpi_id[0x27] lapic_id[0x4b] enabled)
[    0.000000] ACPI: LAPIC (acpi_id[0x29] lapic_id[0x51] enabled)
[    0.000000] ACPI: LAPIC (acpi_id[0x2b] lapic_id[0x53] enabled)
[    0.000000] ACPI: LAPIC (acpi_id[0x2d] lapic_id[0x59] enabled)
[    0.000000] ACPI: LAPIC (acpi_id[0x2f] lapic_id[0x5b] enabled)
[    0.000000] ACPI: LAPIC (acpi_id[0x31] lapic_id[0x61] enabled)
[    0.000000] ACPI: LAPIC (acpi_id[0x33] lapic_id[0x63] enabled)
[    0.000000] ACPI: LAPIC (acpi_id[0x35] lapic_id[0x69] enabled)
[    0.000000] ACPI: LAPIC (acpi_id[0x37] lapic_id[0x6b] enabled)
[    0.000000] ACPI: LAPIC (acpi_id[0x39] lapic_id[0x71] enabled)
[    0.000000] ACPI: LAPIC (acpi_id[0x3b] lapic_id[0x73] enabled)
[    0.000000] ACPI: LAPIC (acpi_id[0x3d] lapic_id[0x79] enabled)
[    0.000000] ACPI: LAPIC (acpi_id[0x3f] lapic_id[0x7b] enabled)
[    0.000000] ACPI: LAPIC_NMI (acpi_id[0xff] high edge lint[0x1])
[    0.000000] ACPI: IOAPIC (id[0x80] address[0xfec00000] gsi_base[0])
[    0.000000] IOAPIC[0]: apic_id 128, version 33, address 0xfec00000, GSI 0-23
[    0.000000] ACPI: IOAPIC (id[0x81] address[0xdfaf0000] gsi_base[24])
[    0.000000] IOAPIC[1]: apic_id 129, version 33, address 0xdfaf0000, GSI 24-55
[    0.000000] ACPI: IOAPIC (id[0x82] address[0xd7ff0000] gsi_base[56])
[    0.000000] IOAPIC[2]: apic_id 130, version 33, address 0xd7ff0000, GSI 56-87
[    0.000000] ACPI: IOAPIC (id[0x83] address[0xd58f0000] gsi_base[88])
[    0.000000] IOAPIC[3]: apic_id 131, version 33, address 0xd58f0000, GSI 88-119
[    0.000000] ACPI: IOAPIC (id[0x84] address[0xd52f0000] gsi_base[120])
[    0.000000] IOAPIC[4]: apic_id 132, version 33, address 0xd52f0000, GSI 120-151
[    0.000000] ACPI: IOAPIC (id[0x85] address[0xd4cf0000] gsi_base[152])
[    0.000000] IOAPIC[5]: apic_id 133, version 33, address 0xd4cf0000, GSI 152-183
[    0.000000] ACPI: IOAPIC (id[0x86] address[0xd46f0000] gsi_base[184])
[    0.000000] IOAPIC[6]: apic_id 134, version 33, address 0xd46f0000, GSI 184-215
[    0.000000] ACPI: IOAPIC (id[0x87] address[0xd40f0000] gsi_base[216])
[    0.000000] IOAPIC[7]: apic_id 135, version 33, address 0xd40f0000, GSI 216-247
[    0.000000] ACPI: IOAPIC (id[0x88] address[0xd3af0000] gsi_base[248])
[    0.000000] IOAPIC[8]: apic_id 136, version 33, address 0xd3af0000, GSI 248-279
[    0.000000] ACPI: INT_SRC_OVR (bus 0 bus_irq 0 global_irq 2 dfl dfl)
[    0.000000] ACPI: INT_SRC_OVR (bus 0 bus_irq 9 global_irq 9 low level)
[    0.000000] ACPI: IRQ0 used by override.
[    0.000000] ACPI: IRQ9 used by override.
[    0.000000] Using ACPI (MADT) for SMP configuration information
[    0.000000] ACPI: HPET id: 0x10228201 base: 0xfed00000
[    0.000000] smpboot: Allowing 64 CPUs, 0 hotplug CPUs
[    0.000000] PM: Registered nosave memory: [mem 0x000a0000-0x000fffff]
[    0.000000] PM: Registered nosave memory: [mem 0x75db0000-0x75ffffff]
[    0.000000] PM: Registered nosave memory: [mem 0x9384b000-0x9384bfff]
[    0.000000] PM: Registered nosave memory: [mem 0x9387b000-0x9387bfff]
[    0.000000] PM: Registered nosave memory: [mem 0x9387c000-0x9387cfff]
[    0.000000] PM: Registered nosave memory: [mem 0x9388c000-0x9388cfff]
[    0.000000] PM: Registered nosave memory: [mem 0xc8de5000-0xca252fff]
[    0.000000] PM: Registered nosave memory: [mem 0xca311000-0xca67ffff]
[    0.000000] PM: Registered nosave memory: [mem 0xca680000-0xcae6cfff]
[    0.000000] PM: Registered nosave memory: [mem 0xcc000000-0xcfffffff]
[    0.000000] PM: Registered nosave memory: [mem 0xd0000000-0xd38fffff]
[    0.000000] PM: Registered nosave memory: [mem 0xd3900000-0xd3a7ffff]
[    0.000000] PM: Registered nosave memory: [mem 0xd3a80000-0xd3aeffff]
[    0.000000] PM: Registered nosave memory: [mem 0xd3af0000-0xd3af0fff]
[    0.000000] PM: Registered nosave memory: [mem 0xd3af1000-0xd3efffff]
[    0.000000] PM: Registered nosave memory: [mem 0xd3f00000-0xd407ffff]
[    0.000000] PM: Registered nosave memory: [mem 0xd4080000-0xd40effff]
[    0.000000] PM: Registered nosave memory: [mem 0xd40f0000-0xd40f0fff]
[    0.000000] PM: Registered nosave memory: [mem 0xd40f1000-0xd44fffff]
[    0.000000] PM: Registered nosave memory: [mem 0xd4500000-0xd467ffff]
[    0.000000] PM: Registered nosave memory: [mem 0xd4680000-0xd46effff]
[    0.000000] PM: Registered nosave memory: [mem 0xd46f0000-0xd46f0fff]
[    0.000000] PM: Registered nosave memory: [mem 0xd46f1000-0xd4afffff]
[    0.000000] PM: Registered nosave memory: [mem 0xd4b00000-0xd4c7ffff]
[    0.000000] PM: Registered nosave memory: [mem 0xd4c80000-0xd4ceffff]
[    0.000000] PM: Registered nosave memory: [mem 0xd4cf0000-0xd4cf0fff]
[    0.000000] PM: Registered nosave memory: [mem 0xd4cf1000-0xd50fffff]
[    0.000000] PM: Registered nosave memory: [mem 0xd5100000-0xd527ffff]
[    0.000000] PM: Registered nosave memory: [mem 0xd5280000-0xd52effff]
[    0.000000] PM: Registered nosave memory: [mem 0xd52f0000-0xd52f0fff]
[    0.000000] PM: Registered nosave memory: [mem 0xd52f1000-0xd56fffff]
[    0.000000] PM: Registered nosave memory: [mem 0xd5700000-0xd587ffff]
[    0.000000] PM: Registered nosave memory: [mem 0xd5880000-0xd58effff]
[    0.000000] PM: Registered nosave memory: [mem 0xd58f0000-0xd58f0fff]
[    0.000000] PM: Registered nosave memory: [mem 0xd58f1000-0xd7dfffff]
[    0.000000] PM: Registered nosave memory: [mem 0xd7e00000-0xd7f7ffff]
[    0.000000] PM: Registered nosave memory: [mem 0xd7f80000-0xd7feffff]
[    0.000000] PM: Registered nosave memory: [mem 0xd7ff0000-0xd7ff0fff]
[    0.000000] PM: Registered nosave memory: [mem 0xd7ff1000-0xdf9fffff]
[    0.000000] PM: Registered nosave memory: [mem 0xdfa00000-0xdfa7ffff]
[    0.000000] PM: Registered nosave memory: [mem 0xdfa80000-0xdfaeffff]
[    0.000000] PM: Registered nosave memory: [mem 0xdfaf0000-0xdfaf0fff]
[    0.000000] PM: Registered nosave memory: [mem 0xdfaf1000-0xfe9fffff]
[    0.000000] PM: Registered nosave memory: [mem 0xfea00000-0xfeafffff]
[    0.000000] PM: Registered nosave memory: [mem 0xfeb00000-0xfebfffff]
[    0.000000] PM: Registered nosave memory: [mem 0xfec00000-0xfec00fff]
[    0.000000] PM: Registered nosave memory: [mem 0xfec01000-0xfec0ffff]
[    0.000000] PM: Registered nosave memory: [mem 0xfec10000-0xfec10fff]
[    0.000000] PM: Registered nosave memory: [mem 0xfec11000-0xfecfffff]
[    0.000000] PM: Registered nosave memory: [mem 0xfed00000-0xfed00fff]
[    0.000000] PM: Registered nosave memory: [mem 0xfed01000-0xfed3ffff]
[    0.000000] PM: Registered nosave memory: [mem 0xfed40000-0xfed44fff]
[    0.000000] PM: Registered nosave memory: [mem 0xfed45000-0xfed7ffff]
[    0.000000] PM: Registered nosave memory: [mem 0xfed80000-0xfed8ffff]
[    0.000000] PM: Registered nosave memory: [mem 0xfed90000-0xfedbffff]
[    0.000000] PM: Registered nosave memory: [mem 0xfedc0000-0xfedc0fff]
[    0.000000] PM: Registered nosave memory: [mem 0xfedc1000-0xfedc1fff]
[    0.000000] PM: Registered nosave memory: [mem 0xfedc2000-0xfedc5fff]
[    0.000000] PM: Registered nosave memory: [mem 0xfedc6000-0xfedc6fff]
[    0.000000] PM: Registered nosave memory: [mem 0xfedc7000-0xfedc7fff]
[    0.000000] PM: Registered nosave memory: [mem 0xfedc8000-0xfedc8fff]
[    0.000000] PM: Registered nosave memory: [mem 0xfedc9000-0xfedcafff]
[    0.000000] PM: Registered nosave memory: [mem 0xfedcb000-0xfedfffff]
[    0.000000] PM: Registered nosave memory: [mem 0xfee00000-0xfeefffff]
[    0.000000] PM: Registered nosave memory: [mem 0xfef00000-0xfeffffff]
[    0.000000] PM: Registered nosave memory: [mem 0xff000000-0xffffffff]
[    0.000000] PM: Registered nosave memory: [mem 0x202f380000-0x202fffffff]
[    0.000000] PM: Registered nosave memory: [mem 0x402ff80000-0x402fffffff]
[    0.000000] PM: Registered nosave memory: [mem 0x602ff80000-0x602fffffff]
[    0.000000] PM: Registered nosave memory: [mem 0x802ff80000-0x802fffffff]
[    0.000000] PM: Registered nosave memory: [mem 0xa02ff80000-0xa02fffffff]
[    0.000000] PM: Registered nosave memory: [mem 0xc02ff80000-0xc02fffffff]
[    0.000000] PM: Registered nosave memory: [mem 0xe02ff80000-0xe02fffffff]
[    0.000000] PM: Registered nosave memory: [mem 0xf030000000-0xffffffffff]
[    0.000000] e820: [mem 0xdfaf1000-0xfe9fffff] available for PCI devices
[    0.000000] Booting paravirtualized kernel on bare hardware
[    0.000000] setup_percpu: NR_CPUS:5120 nr_cpumask_bits:64 nr_cpu_ids:64 nr_node_ids:8
[    0.000000] PERCPU: Embedded 35 pages/cpu @ffff97002f000000 s104920 r8192 d30248 u262144
[    0.000000] pcpu-alloc: s104920 r8192 d30248 u262144 alloc=1*2097152
[    0.000000] pcpu-alloc: [0] 00 01 02 03 32 33 34 35 [1] 04 05 06 07 36 37 38 39 
[    0.000000] pcpu-alloc: [2] 08 09 10 11 40 41 42 43 [3] 12 13 14 15 44 45 46 47 
[    0.000000] pcpu-alloc: [4] 16 17 18 19 48 49 50 51 [5] 20 21 22 23 52 53 54 55 
[    0.000000] pcpu-alloc: [6] 24 25 26 27 56 57 58 59 [7] 28 29 30 31 60 61 62 63 
[    0.000000] Built 8 zonelists in Zone order, mobility grouping on.  Total pages: 264212272
[    0.000000] Policy zone: Normal
[    0.000000] Kernel command line: BOOT_IMAGE=/boot/vmlinuz-3.10.0-862.9.1.el7.x86_64 root=UUID=62ac631c-9f7f-43ab-8c6a-a31f8cb22707 ro crashkernel=auto rhgb quiet LANG=en_US.UTF-8
[    0.000000] PID hash table entries: 4096 (order: 3, 32768 bytes)
[    0.000000] x86/fpu: xstate_offset[2]: 0240, xstate_sizes[2]: 0100
[    0.000000] xsave: enabled xstate_bv 0x7, cntxt size 0x340 using standard form
[    0.000000] Memory: 19738820k/1140850176k available (7328k kernel code, 67225580k absent, 17153604k reserved, 6301k data, 1832k init)
[    0.000000] SLUB: HWalign=64, Order=0-3, MinObjects=0, CPUs=64, Nodes=8
[    0.000000] Hierarchical RCU implementation.
[    0.000000] 	RCU restricting CPUs from NR_CPUS=5120 to nr_cpu_ids=64.
[    0.000000] NR_IRQS:327936 nr_irqs:5288 0
[    0.000000] Console: colour dummy device 80x25
[    0.000000] console [tty0] enabled
[    0.000000] allocated 4294967296 bytes of page_cgroup
[    0.000000] please try 'cgroup_disable=memory' option if you don't want memory cgroups
[    0.000000] Enabling automatic NUMA balancing. Configure with numa_balancing= or the kernel.numa_balancing sysctl
[    0.000000] hpet clockevent registered
[    0.000000] tsc: Fast TSC calibration using PIT
[    0.000000] tsc: Detected 2195.768 MHz processor
[    0.000049] Calibrating delay loop (skipped), value calculated using timer frequency.. 4391.53 BogoMIPS (lpj=2195768)
[    0.000051] pid_max: default: 65536 minimum: 512
[    0.001181] Security Framework initialized
[    0.001187] SELinux:  Initializing.
[    0.001207] SELinux:  Starting in permissive mode
[    0.001208] Yama: becoming mindful.
[    0.063233] Dentry cache hash table entries: 134217728 (order: 18, 1073741824 bytes)
[    0.254843] random: fast init done
[    0.265363] Inode-cache hash table entries: 67108864 (order: 17, 536870912 bytes)
[    0.351881] Mount-cache hash table entries: 2097152 (order: 12, 16777216 bytes)
[    0.352935] Mountpoint-cache hash table entries: 2097152 (order: 12, 16777216 bytes)
[    0.358295] Initializing cgroup subsys memory
[    0.358331] Initializing cgroup subsys devices
[    0.358333] Initializing cgroup subsys freezer
[    0.358335] Initializing cgroup subsys net_cls
[    0.358336] Initializing cgroup subsys blkio
[    0.358338] Initializing cgroup subsys perf_event
[    0.358343] Initializing cgroup subsys hugetlb
[    0.358345] Initializing cgroup subsys pids
[    0.358346] Initializing cgroup subsys net_prio
[    0.358404] tseg: 00cc000000
[    0.358408] CPU: Physical Processor ID: 0
[    0.358408] CPU: Processor Core ID: 0
[    0.364256] mce: CPU supports 23 MCE banks
[    0.364290] LVT offset 2 assigned for vector 0xf4
[    0.364303] Last level iTLB entries: 4KB 1024, 2MB 1024, 4MB 512
[    0.364304] Last level dTLB entries: 4KB 1536, 2MB 1536, 4MB 768
[    0.364305] tlb_flushall_shift: 6
[    0.364323] Speculative Store Bypass: Mitigation: Speculative Store Bypass disabled via prctl and seccomp
[    0.364324] FEATURE SPEC_CTRL Not Present
[    0.364325] FEATURE IBPB_SUPPORT Present
[    0.364409] Spectre V2 : Mitigation: Full retpoline
[    0.365317] Freeing SMP alternatives: 24k freed
[    0.367182] ACPI: Core revision 20130517
[    0.375030] ACPI: All ACPI Tables successfully acquired
[    0.375799] ------------[ cut here ]------------
[    0.375807] WARNING: CPU: 0 PID: 0 at arch/x86/mm/ioremap.c:115 __ioremap_caller+0x179/0x340
[    0.375808] ioremap on RAM at 0xc5fea018 - 0xc5fea01d
[    0.375809] Modules linked in:
[    0.375813] CPU: 0 PID: 0 Comm: swapper/0 Not tainted 3.10.0-862.9.1.el7.x86_64 #1
[    0.375814] Hardware name: To be filled by O.E.M. To be filled by O.E.M./To be filled by O.E.M., BIOS 5.13 08/29/2018
[    0.375816] Call Trace:
[    0.375822]  [<ffffffffbcb0e84e>] dump_stack+0x19/0x1b
[    0.375825]  [<ffffffffbc491e18>] __warn+0xd8/0x100
[    0.375828]  [<ffffffffbc491e9f>] warn_slowpath_fmt+0x5f/0x80
[    0.375830]  [<ffffffffbc46fa39>] __ioremap_caller+0x179/0x340
[    0.375836]  [<ffffffffbd1903fa>] ? efi_bgrt_init+0x6c/0x108
[    0.375850]  [<ffffffffbc46fc17>] ioremap_nocache+0x17/0x20
[    0.375852]  [<ffffffffbd1903fa>] efi_bgrt_init+0x6c/0x108
[    0.375855]  [<ffffffffbd18f6ee>] efi_late_init+0x13/0x15
[    0.375858]  [<ffffffffbd16c1b2>] start_kernel+0x437/0x467
[    0.375860]  [<ffffffffbd16bb7b>] ? repair_env_string+0x5c/0x5c
[    0.375863]  [<ffffffffbd16b120>] ? early_idt_handler_array+0x120/0x120
[    0.375864]  [<ffffffffbd16b72f>] x86_64_start_reservations+0x24/0x26
[    0.375866]  [<ffffffffbd16b885>] x86_64_start_kernel+0x154/0x177
[    0.375871]  [<ffffffffbc4000d5>] start_cpu+0x5/0x14
[    0.375874] ---[ end trace cbaf6de14d2a34de ]---
[    0.375875] Ignoring BGRT: failed to map image header memory
[    0.376469] ftrace: allocating 28072 entries in 110 pages
[    1.211334] Switched APIC routing to physical flat.
[    1.213822] ..TIMER: vector=0x30 apic1=0 pin1=2 apic2=-1 pin2=-1
[    1.223825] smpboot: CPU0: AMD EPYC 7301 16-Core Processor (fam: 17, model: 01, stepping: 02)
[    1.324899] Performance Events: Fam17h core perfctr, AMD PMU driver.
[    1.324904] ... version:                0
[    1.324905] ... bit width:              48
[    1.324906] ... generic registers:      6
[    1.324907] ... value mask:             0000ffffffffffff
[    1.324908] ... max period:             00007fffffffffff
[    1.324909] ... fixed-purpose events:   0
[    1.324910] ... event mask:             000000000000003f
[    1.327131] NMI watchdog: enabled on all CPUs, permanently consumes one hw-PMU counter.
[    1.327202] smpboot: Booting Node   0, Processors  #1 #2 #3 OK
[    1.351823] smpboot: Booting Node   1, Processors  #4 #5 #6 #7 OK
[    1.384257] smpboot: Booting Node   2, Processors  #8 #9 #10 #11 OK
[    1.416659] smpboot: Booting Node   3, Processors  #12 #13 #14 #15 OK
[    1.449184] smpboot: Booting Node   4, Processors  #16 #17 #18 #19 OK
[    1.559677] smpboot: Booting Node   5, Processors  #20 #21 #22 #23 OK
[    1.592372] smpboot: Booting Node   6, Processors  #24 #25 #26 #27 OK
[    1.625026] smpboot: Booting Node   7, Processors  #28 #29 #30 #31 OK
[    1.657698] smpboot: Booting Node   0, Processors  #32 #33 #34 #35 OK
[    1.690186] smpboot: Booting Node   1, Processors  #36 #37 #38 #39 OK
[    1.722494] smpboot: Booting Node   2, Processors  #40 #41 #42 #43 OK
[    1.754800] smpboot: Booting Node   3, Processors  #44 #45 #46 #47 OK
[    1.787218] smpboot: Booting Node   4, Processors  #48 #49 #50 #51 OK
[    1.819802] smpboot: Booting Node   5, Processors  #52 #53 #54 #55 OK
[    1.852398] smpboot: Booting Node   6, Processors  #56 #57 #58 #59 OK
[    1.885065] smpboot: Booting Node   7, Processors  #60 #61 #62 #63 OK
[    1.917655] Brought up 64 CPUs
[    1.917658] smpboot: Max logical packages: 2
[    1.917664] smpboot: Total of 64 processors activated (281080.76 BogoMIPS)
[    2.534872] node 0 initialised, 31650275 pages in 606ms
[    2.550295] node 3 initialised, 32500700 pages in 621ms
[    2.551036] node 7 initialised, 32504212 pages in 622ms
[    2.551049] node 1 initialised, 32505366 pages in 622ms
[    2.551481] node 2 initialised, 32505366 pages in 622ms
[    2.551779] node 5 initialised, 32505366 pages in 622ms
[    2.552572] node 4 initialised, 32505366 pages in 623ms
[    2.552642] node 6 initialised, 32505366 pages in 623ms
[    2.553142] devtmpfs: initialized
[    2.641598] EVM: security.selinux
[    2.641601] EVM: security.ima
[    2.641603] EVM: security.capability
[    2.641722] PM: Registering ACPI NVS region [mem 0xca311000-0xca67ffff] (3600384 bytes)
[    2.643237] atomic64 test passed for x86-64 platform with CX8 and with SSE
[    2.643240] pinctrl core: initialized pinctrl subsystem
[    2.643337] RTC time: 11:00:54, date: 08/30/18
[    2.643482] NET: Registered protocol family 16
[    2.643963] ACPI: bus type PCI registered
[    2.643966] acpiphp: ACPI Hot Plug PCI Controller Driver version: 0.5
[    2.644083] PCI: MMCONFIG for domain 0000 [bus 00-ff] at [mem 0xe0000000-0xefffffff] (base 0xe0000000)
[    2.644087] PCI: not using MMCONFIG
[    2.644088] PCI: Using configuration type 1 for base access
[    2.644089] PCI: Using configuration type 1 for extended access
[    2.667651] ACPI: Added _OSI(Module Device)
[    2.667654] ACPI: Added _OSI(Processor Device)
[    2.667655] ACPI: Added _OSI(3.0 _SCP Extensions)
[    2.667656] ACPI: Added _OSI(Processor Aggregator Device)
[    2.668946] ACPI: EC: Look up EC in DSDT
[    2.724460] ACPI: Interpreter enabled
[    2.724472] ACPI: (supports S0 S5)
[    2.724474] ACPI: Using IOAPIC for interrupt routing
[    2.724707] PCI: MMCONFIG for domain 0000 [bus 00-ff] at [mem 0xe0000000-0xefffffff] (base 0xe0000000)
[    2.724744] PCI: MMCONFIG at [mem 0xe0000000-0xefffffff] reserved in ACPI motherboard resources
[    2.724790] HEST: Table parsing has been initialized.
[    2.724794] PCI: Using host bridge windows from ACPI; if necessary, use "pci=nocrs" and report a bug
[    2.724831] ACPI: Enabled 2 GPEs in block 00 to 1F
[    2.726456] ACPI: Power Resource [P0SA] (off)
[    2.726478] ACPI: Power Resource [P3SA] (off)
[    2.728470] ACPI: Power Resource [P0SA] (off)
[    2.728492] ACPI: Power Resource [P3SA] (off)
[    2.729376] ACPI: Power Resource [P0SA] (off)
[    2.729399] ACPI: Power Resource [P3SA] (off)
[    2.730271] ACPI: Power Resource [P0SA] (off)
[    2.730294] ACPI: Power Resource [P3SA] (off)
[    2.731150] ACPI: Power Resource [P0SA] (off)
[    2.731173] ACPI: Power Resource [P3SA] (off)
[    2.732020] ACPI: Power Resource [P0SA] (off)
[    2.732041] ACPI: Power Resource [P3SA] (off)
[    2.732912] ACPI: Power Resource [P0SA] (off)
[    2.732935] ACPI: Power Resource [P3SA] (off)
[    2.733786] ACPI: Power Resource [P0SA] (off)
[    2.733809] ACPI: Power Resource [P3SA] (off)
[    2.735994] ACPI: PCI Root Bridge [PCI0] (domain 0000 [bus 00-1f])
[    2.736000] acpi PNP0A08:00: _OSC: OS supports [ExtendedConfig ASPM ClockPM Segments MSI]
[    2.736179] acpi PNP0A08:00: _OSC: OS now controls [PCIeHotplug PME AER PCIeCapability]
[    2.736412] PCI host bridge to bus 0000:00
[    2.736416] pci_bus 0000:00: root bus resource [bus 00-1f]
[    2.736418] pci_bus 0000:00: root bus resource [io  0x0000-0x02e7 window]
[    2.736420] pci_bus 0000:00: root bus resource [io  0x0300-0x03af window]
[    2.736422] pci_bus 0000:00: root bus resource [io  0x0400-0x0cf7 window]
[    2.736423] pci_bus 0000:00: root bus resource [io  0x0d00-0x0fff window]
[    2.736425] pci_bus 0000:00: root bus resource [mem 0x000c0000-0x000dffff window]
[    2.736427] pci_bus 0000:00: root bus resource [mem 0xdfb00000-0xdfffffff window]
[    2.736429] pci_bus 0000:00: root bus resource [mem 0x1e200000000-0x1ffffffffff window]
[    2.736437] pci 0000:00:00.0: [1022:1450] type 00 class 0x060000
[    2.736510] pci 0000:00:00.2: [1022:1451] type 00 class 0x080600
[    2.736599] pci 0000:00:01.0: [1022:1452] type 00 class 0x060000
[    2.736675] pci 0000:00:02.0: [1022:1452] type 00 class 0x060000
[    2.736751] pci 0000:00:03.0: [1022:1452] type 00 class 0x060000
[    2.736826] pci 0000:00:04.0: [1022:1452] type 00 class 0x060000
[    2.736906] pci 0000:00:07.0: [1022:1452] type 00 class 0x060000
[    2.736967] pci 0000:00:07.1: [1022:1454] type 01 class 0x060400
[    2.737441] pci 0000:00:07.1: PME# supported from D0 D3hot D3cold
[    2.737482] pci 0000:00:07.1: System wakeup disabled by ACPI
[    2.737526] pci 0000:00:08.0: [1022:1452] type 00 class 0x060000
[    2.737586] pci 0000:00:08.1: [1022:1454] type 01 class 0x060400
[    2.738421] pci 0000:00:08.1: PME# supported from D0 D3hot D3cold
[    2.738536] pci 0000:00:14.0: [1022:790b] type 00 class 0x0c0500
[    2.738739] pci 0000:00:14.3: [1022:790e] type 00 class 0x060100
[    2.738950] pci 0000:00:18.0: [1022:1460] type 00 class 0x060000
[    2.738998] pci 0000:00:18.1: [1022:1461] type 00 class 0x060000
[    2.739048] pci 0000:00:18.2: [1022:1462] type 00 class 0x060000
[    2.739096] pci 0000:00:18.3: [1022:1463] type 00 class 0x060000
[    2.739143] pci 0000:00:18.4: [1022:1464] type 00 class 0x060000
[    2.739192] pci 0000:00:18.5: [1022:1465] type 00 class 0x060000
[    2.739239] pci 0000:00:18.6: [1022:1466] type 00 class 0x060000
[    2.739285] pci 0000:00:18.7: [1022:1467] type 00 class 0x060000
[    2.739334] pci 0000:00:19.0: [1022:1460] type 00 class 0x060000
[    2.739386] pci 0000:00:19.1: [1022:1461] type 00 class 0x060000
[    2.739437] pci 0000:00:19.2: [1022:1462] type 00 class 0x060000
[    2.739487] pci 0000:00:19.3: [1022:1463] type 00 class 0x060000
[    2.739539] pci 0000:00:19.4: [1022:1464] type 00 class 0x060000
[    2.739590] pci 0000:00:19.5: [1022:1465] type 00 class 0x060000
[    2.739640] pci 0000:00:19.6: [1022:1466] type 00 class 0x060000
[    2.739691] pci 0000:00:19.7: [1022:1467] type 00 class 0x060000
[    2.739745] pci 0000:00:1a.0: [1022:1460] type 00 class 0x060000
[    2.739794] pci 0000:00:1a.1: [1022:1461] type 00 class 0x060000
[    2.739846] pci 0000:00:1a.2: [1022:1462] type 00 class 0x060000
[    2.739897] pci 0000:00:1a.3: [1022:1463] type 00 class 0x060000
[    2.739949] pci 0000:00:1a.4: [1022:1464] type 00 class 0x060000
[    2.740000] pci 0000:00:1a.5: [1022:1465] type 00 class 0x060000
[    2.740054] pci 0000:00:1a.6: [1022:1466] type 00 class 0x060000
[    2.740105] pci 0000:00:1a.7: [1022:1467] type 00 class 0x060000
[    2.740156] pci 0000:00:1b.0: [1022:1460] type 00 class 0x060000
[    2.740206] pci 0000:00:1b.1: [1022:1461] type 00 class 0x060000
[    2.740255] pci 0000:00:1b.2: [1022:1462] type 00 class 0x060000
[    2.740306] pci 0000:00:1b.3: [1022:1463] type 00 class 0x060000
[    2.740355] pci 0000:00:1b.4: [1022:1464] type 00 class 0x060000
[    2.740404] pci 0000:00:1b.5: [1022:1465] type 00 class 0x060000
[    2.740454] pci 0000:00:1b.6: [1022:1466] type 00 class 0x060000
[    2.740504] pci 0000:00:1b.7: [1022:1467] type 00 class 0x060000
[    2.740555] pci 0000:00:1c.0: [1022:1460] type 00 class 0x060000
[    2.740611] pci 0000:00:1c.1: [1022:1461] type 00 class 0x060000
[    2.740667] pci 0000:00:1c.2: [1022:1462] type 00 class 0x060000
[    2.740723] pci 0000:00:1c.3: [1022:1463] type 00 class 0x060000
[    2.740778] pci 0000:00:1c.4: [1022:1464] type 00 class 0x060000
[    2.740834] pci 0000:00:1c.5: [1022:1465] type 00 class 0x060000
[    2.740890] pci 0000:00:1c.6: [1022:1466] type 00 class 0x060000
[    2.740948] pci 0000:00:1c.7: [1022:1467] type 00 class 0x060000
[    2.741006] pci 0000:00:1d.0: [1022:1460] type 00 class 0x060000
[    2.741067] pci 0000:00:1d.1: [1022:1461] type 00 class 0x060000
[    2.741123] pci 0000:00:1d.2: [1022:1462] type 00 class 0x060000
[    2.741179] pci 0000:00:1d.3: [1022:1463] type 00 class 0x060000
[    2.741238] pci 0000:00:1d.4: [1022:1464] type 00 class 0x060000
[    2.741296] pci 0000:00:1d.5: [1022:1465] type 00 class 0x060000
[    2.741355] pci 0000:00:1d.6: [1022:1466] type 00 class 0x060000
[    2.741412] pci 0000:00:1d.7: [1022:1467] type 00 class 0x060000
[    2.741470] pci 0000:00:1e.0: [1022:1460] type 00 class 0x060000
[    2.741524] pci 0000:00:1e.1: [1022:1461] type 00 class 0x060000
[    2.741578] pci 0000:00:1e.2: [1022:1462] type 00 class 0x060000
[    2.741631] pci 0000:00:1e.3: [1022:1463] type 00 class 0x060000
[    2.741685] pci 0000:00:1e.4: [1022:1464] type 00 class 0x060000
[    2.741738] pci 0000:00:1e.5: [1022:1465] type 00 class 0x060000
[    2.741791] pci 0000:00:1e.6: [1022:1466] type 00 class 0x060000
[    2.741845] pci 0000:00:1e.7: [1022:1467] type 00 class 0x060000
[    2.741901] pci 0000:00:1f.0: [1022:1460] type 00 class 0x060000
[    2.741957] pci 0000:00:1f.1: [1022:1461] type 00 class 0x060000
[    2.742012] pci 0000:00:1f.2: [1022:1462] type 00 class 0x060000
[    2.742072] pci 0000:00:1f.3: [1022:1463] type 00 class 0x060000
[    2.742154] pci 0000:00:1f.4: [1022:1464] type 00 class 0x060000
[    2.742210] pci 0000:00:1f.5: [1022:1465] type 00 class 0x060000
[    2.742265] pci 0000:00:1f.6: [1022:1466] type 00 class 0x060000
[    2.742323] pci 0000:00:1f.7: [1022:1467] type 00 class 0x060000
[    2.742454] pci 0000:01:00.0: [1022:145a] type 00 class 0x130000
[    2.742548] pci 0000:01:00.2: [1022:1456] type 00 class 0x108000
[    2.742564] pci 0000:01:00.2: reg 0x18: [mem 0xdfc00000-0xdfcfffff]
[    2.742574] pci 0000:01:00.2: reg 0x24: [mem 0xdfd00000-0xdfd01fff]
[    2.742655] pci 0000:01:00.3: [1022:145f] type 00 class 0x0c0330
[    2.742668] pci 0000:01:00.3: reg 0x10: [mem 0xdfb00000-0xdfbfffff 64bit]
[    2.742720] pci 0000:01:00.3: PME# supported from D0 D3hot D3cold
[    2.742783] pci 0000:00:07.1: PCI bridge to [bus 01]
[    2.742787] pci 0000:00:07.1:   bridge window [mem 0xdfb00000-0xdfdfffff]
[    2.743460] pci 0000:02:00.0: [1022:1455] type 00 class 0x130000
[    2.743561] pci 0000:02:00.1: [1022:1468] type 00 class 0x108000
[    2.743577] pci 0000:02:00.1: reg 0x18: [mem 0xdfe00000-0xdfefffff]
[    2.743588] pci 0000:02:00.1: reg 0x24: [mem 0xdff00000-0xdff01fff]
[    2.743683] pci 0000:00:08.1: PCI bridge to [bus 02]
[    2.743688] pci 0000:00:08.1:   bridge window [mem 0xdfe00000-0xdfffffff]
[    2.743702] pci_bus 0000:00: on NUMA node 0
[    2.744399] ACPI: PCI Root Bridge [S0D1] (domain 0000 [bus 20-3f])
[    2.744403] acpi PNP0A08:01: _OSC: OS supports [ExtendedConfig ASPM ClockPM Segments MSI]
[    2.744574] acpi PNP0A08:01: _OSC: OS now controls [PCIeHotplug PME AER PCIeCapability]
[    2.744763] PCI host bridge to bus 0000:20
[    2.744766] pci_bus 0000:20: root bus resource [bus 20-3f]
[    2.744768] pci_bus 0000:20: root bus resource [io  0x03b0-0x03df window]
[    2.744770] pci_bus 0000:20: root bus resource [io  0x1000-0x1fff window]
[    2.744771] pci_bus 0000:20: root bus resource [mem 0x000a0000-0x000bffff window]
[    2.744773] pci_bus 0000:20: root bus resource [mem 0xd8000000-0xdf9fffff window]
[    2.744775] pci_bus 0000:20: root bus resource [mem 0x1c400000000-0x1e1ffffffff window]
[    2.744781] pci 0000:20:00.0: [1022:1450] type 00 class 0x060000
[    2.744845] pci 0000:20:00.2: [1022:1451] type 00 class 0x080600
[    2.744933] pci 0000:20:01.0: [1022:1452] type 00 class 0x060000
[    2.744996] pci 0000:20:01.1: [1022:1453] type 01 class 0x060400
[    2.745356] pci 0000:20:01.1: PME# supported from D0 D3hot D3cold
[    2.745441] pci 0000:20:02.0: [1022:1452] type 00 class 0x060000
[    2.745516] pci 0000:20:03.0: [1022:1452] type 00 class 0x060000
[    2.745589] pci 0000:20:04.0: [1022:1452] type 00 class 0x060000
[    2.745669] pci 0000:20:07.0: [1022:1452] type 00 class 0x060000
[    2.745728] pci 0000:20:07.1: [1022:1454] type 01 class 0x060400
[    2.746314] pci 0000:20:07.1: PME# supported from D0 D3hot D3cold
[    2.746353] pci 0000:20:07.1: System wakeup disabled by ACPI
[    2.746397] pci 0000:20:08.0: [1022:1452] type 00 class 0x060000
[    2.746460] pci 0000:20:08.1: [1022:1454] type 01 class 0x060400
[    2.746573] pci 0000:20:08.1: PME# supported from D0 D3hot D3cold
[    2.746788] pci 0000:21:00.0: [1a03:1150] type 01 class 0x060400
[    2.746905] pci 0000:21:00.0: supports D1 D2
[    2.746907] pci 0000:21:00.0: PME# supported from D0 D1 D2 D3hot D3cold
[    2.748062] pci 0000:20:01.1: PCI bridge to [bus 21-22]
[    2.748067] pci 0000:20:01.1:   bridge window [io  0x1000-0x1fff]
[    2.748071] pci 0000:20:01.1:   bridge window [mem 0xd8000000-0xdc0fffff]
[    2.748140] pci 0000:22:00.0: [1a03:2000] type 00 class 0x030000
[    2.748166] pci 0000:22:00.0: reg 0x10: [mem 0xd8000000-0xdbffffff]
[    2.748180] pci 0000:22:00.0: reg 0x14: [mem 0xdc000000-0xdc01ffff]
[    2.748193] pci 0000:22:00.0: reg 0x18: [io  0x1000-0x107f]
[    2.748295] pci 0000:22:00.0: supports D1 D2
[    2.748297] pci 0000:22:00.0: PME# supported from D0 D1 D2 D3hot D3cold
[    2.748393] pci 0000:21:00.0: PCI bridge to [bus 22]
[    2.748400] pci 0000:21:00.0:   bridge window [io  0x1000-0x1fff]
[    2.748405] pci 0000:21:00.0:   bridge window [mem 0xd8000000-0xdc0fffff]
[    2.748500] pci 0000:23:00.0: [1022:145a] type 00 class 0x130000
[    2.748605] pci 0000:23:00.2: [1022:1456] type 00 class 0x108000
[    2.748622] pci 0000:23:00.2: reg 0x18: [mem 0xdc300000-0xdc3fffff]
[    2.748632] pci 0000:23:00.2: reg 0x24: [mem 0xdc400000-0xdc401fff]
[    2.748720] pci 0000:23:00.3: [1022:145f] type 00 class 0x0c0330
[    2.748734] pci 0000:23:00.3: reg 0x10: [mem 0xdc200000-0xdc2fffff 64bit]
[    2.748791] pci 0000:23:00.3: PME# supported from D0 D3hot D3cold
[    2.748856] pci 0000:20:07.1: PCI bridge to [bus 23]
[    2.748861] pci 0000:20:07.1:   bridge window [mem 0xdc200000-0xdc4fffff]
[    2.749360] pci 0000:24:00.0: [1022:1455] type 00 class 0x130000
[    2.749471] pci 0000:24:00.1: [1022:1468] type 00 class 0x108000
[    2.749488] pci 0000:24:00.1: reg 0x18: [mem 0xdc500000-0xdc5fffff]
[    2.749499] pci 0000:24:00.1: reg 0x24: [mem 0xdc600000-0xdc601fff]
[    2.749601] pci 0000:20:08.1: PCI bridge to [bus 24]
[    2.749607] pci 0000:20:08.1:   bridge window [mem 0xdc500000-0xdc6fffff]
[    2.749625] pci_bus 0000:20: on NUMA node 1
[    2.749855] ACPI: PCI Root Bridge [S0D2] (domain 0000 [bus 40-5f])
[    2.749859] acpi PNP0A08:02: _OSC: OS supports [ExtendedConfig ASPM ClockPM Segments MSI]
[    2.750032] acpi PNP0A08:02: _OSC: OS now controls [PCIeHotplug PME AER PCIeCapability]
[    2.750199] PCI host bridge to bus 0000:40
[    2.750202] pci_bus 0000:40: root bus resource [bus 40-5f]
[    2.750204] pci_bus 0000:40: root bus resource [io  0x2000-0x3fff window]
[    2.750206] pci_bus 0000:40: root bus resource [mem 0xd5900000-0xd7dfffff window]
[    2.750209] pci_bus 0000:40: root bus resource [mem 0x1a600000000-0x1c3ffffffff window]
[    2.750215] pci 0000:40:00.0: [1022:1450] type 00 class 0x060000
[    2.750279] pci 0000:40:00.2: [1022:1451] type 00 class 0x080600
[    2.750366] pci 0000:40:01.0: [1022:1452] type 00 class 0x060000
[    2.750440] pci 0000:40:02.0: [1022:1452] type 00 class 0x060000
[    2.750514] pci 0000:40:03.0: [1022:1452] type 00 class 0x060000
[    2.750575] pci 0000:40:03.1: [1022:1453] type 01 class 0x060400
[    2.750890] pci 0000:40:03.1: PME# supported from D0 D3hot D3cold
[    2.750977] pci 0000:40:04.0: [1022:1452] type 00 class 0x060000
[    2.751061] pci 0000:40:07.0: [1022:1452] type 00 class 0x060000
[    2.751120] pci 0000:40:07.1: [1022:1454] type 01 class 0x060400
[    2.751882] pci 0000:40:07.1: PME# supported from D0 D3hot D3cold
[    2.751920] pci 0000:40:07.1: System wakeup disabled by ACPI
[    2.751967] pci 0000:40:08.0: [1022:1452] type 00 class 0x060000
[    2.752029] pci 0000:40:08.1: [1022:1454] type 01 class 0x060400
[    2.752812] pci 0000:40:08.1: PME# supported from D0 D3hot D3cold
[    2.753029] pci 0000:41:00.0: [8086:10d3] type 00 class 0x020000
[    2.753063] pci 0000:41:00.0: reg 0x10: [mem 0xd7dc0000-0xd7ddffff]
[    2.753079] pci 0000:41:00.0: reg 0x14: [mem 0xd7d00000-0xd7d7ffff]
[    2.753094] pci 0000:41:00.0: reg 0x18: [io  0x2000-0x201f]
[    2.753110] pci 0000:41:00.0: reg 0x1c: [mem 0xd7de0000-0xd7de3fff]
[    2.753153] pci 0000:41:00.0: reg 0x30: [mem 0xd7d80000-0xd7dbffff pref]
[    2.753247] pci 0000:41:00.0: PME# supported from D0 D3hot D3cold
[    2.755066] pci 0000:40:03.1: PCI bridge to [bus 41]
[    2.755072] pci 0000:40:03.1:   bridge window [io  0x2000-0x2fff]
[    2.755075] pci 0000:40:03.1:   bridge window [mem 0xd7d00000-0xd7dfffff]
[    2.755167] pci 0000:42:00.0: [1022:145a] type 00 class 0x130000
[    2.755274] pci 0000:42:00.2: [1022:1456] type 00 class 0x108000
[    2.755291] pci 0000:42:00.2: reg 0x18: [mem 0xd7b00000-0xd7bfffff]
[    2.755302] pci 0000:42:00.2: reg 0x24: [mem 0xd7c00000-0xd7c01fff]
[    2.755398] pci 0000:40:07.1: PCI bridge to [bus 42]
[    2.755403] pci 0000:40:07.1:   bridge window [mem 0xd7b00000-0xd7cfffff]
[    2.755885] pci 0000:43:00.0: [1022:1455] type 00 class 0x130000
[    2.755996] pci 0000:43:00.1: [1022:1468] type 00 class 0x108000
[    2.756014] pci 0000:43:00.1: reg 0x18: [mem 0xd7900000-0xd79fffff]
[    2.756025] pci 0000:43:00.1: reg 0x24: [mem 0xd7a00000-0xd7a01fff]
[    2.756130] pci 0000:40:08.1: PCI bridge to [bus 43]
[    2.756136] pci 0000:40:08.1:   bridge window [mem 0xd7900000-0xd7afffff]
[    2.756154] pci_bus 0000:40: on NUMA node 2
[    2.756382] ACPI: PCI Root Bridge [S0D3] (domain 0000 [bus 60-7f])
[    2.756386] acpi PNP0A08:03: _OSC: OS supports [ExtendedConfig ASPM ClockPM Segments MSI]
[    2.756557] acpi PNP0A08:03: _OSC: OS now controls [PCIeHotplug PME AER PCIeCapability]
[    2.756718] PCI host bridge to bus 0000:60
[    2.756721] pci_bus 0000:60: root bus resource [bus 60-7f]
[    2.756723] pci_bus 0000:60: root bus resource [mem 0xd5300000-0xd56fffff window]
[    2.756725] pci_bus 0000:60: root bus resource [mem 0x18800000000-0x1a5ffffffff window]
[    2.756731] pci 0000:60:00.0: [1022:1450] type 00 class 0x060000
[    2.756794] pci 0000:60:00.2: [1022:1451] type 00 class 0x080600
[    2.756884] pci 0000:60:01.0: [1022:1452] type 00 class 0x060000
[    2.756960] pci 0000:60:02.0: [1022:1452] type 00 class 0x060000
[    2.757033] pci 0000:60:03.0: [1022:1452] type 00 class 0x060000
[    2.757112] pci 0000:60:04.0: [1022:1452] type 00 class 0x060000
[    2.757191] pci 0000:60:07.0: [1022:1452] type 00 class 0x060000
[    2.757249] pci 0000:60:07.1: [1022:1454] type 01 class 0x060400
[    2.758026] pci 0000:60:07.1: PME# supported from D0 D3hot D3cold
[    2.758069] pci 0000:60:07.1: System wakeup disabled by ACPI
[    2.758111] pci 0000:60:08.0: [1022:1452] type 00 class 0x060000
[    2.758173] pci 0000:60:08.1: [1022:1454] type 01 class 0x060400
[    2.758298] pci 0000:60:08.1: PME# supported from D0 D3hot D3cold
[    2.759034] pci 0000:61:00.0: [1022:145a] type 00 class 0x130000
[    2.759140] pci 0000:61:00.2: [1022:1456] type 00 class 0x108000
[    2.759156] pci 0000:61:00.2: reg 0x18: [mem 0xd5500000-0xd55fffff]
[    2.759167] pci 0000:61:00.2: reg 0x24: [mem 0xd5600000-0xd5601fff]
[    2.759265] pci 0000:60:07.1: PCI bridge to [bus 61]
[    2.759270] pci 0000:60:07.1:   bridge window [mem 0xd5500000-0xd56fffff]
[    2.759360] pci 0000:62:00.0: [1022:1455] type 00 class 0x130000
[    2.759468] pci 0000:62:00.1: [1022:1468] type 00 class 0x108000
[    2.759485] pci 0000:62:00.1: reg 0x18: [mem 0xd5300000-0xd53fffff]
[    2.759497] pci 0000:62:00.1: reg 0x24: [mem 0xd5400000-0xd5401fff]
[    2.759599] pci 0000:60:08.1: PCI bridge to [bus 62]
[    2.759604] pci 0000:60:08.1:   bridge window [mem 0xd5300000-0xd54fffff]
[    2.759617] pci_bus 0000:60: on NUMA node 3
[    2.759836] ACPI: PCI Root Bridge [S1D0] (domain 0000 [bus 80-9f])
[    2.759840] acpi PNP0A08:04: _OSC: OS supports [ExtendedConfig ASPM ClockPM Segments MSI]
[    2.760011] acpi PNP0A08:04: _OSC: OS now controls [PCIeHotplug PME AER PCIeCapability]
[    2.760179] PCI host bridge to bus 0000:80
[    2.760182] pci_bus 0000:80: root bus resource [bus 80-9f]
[    2.760184] pci_bus 0000:80: root bus resource [mem 0xd4d00000-0xd50fffff window]
[    2.760186] pci_bus 0000:80: root bus resource [mem 0x16a00000000-0x187ffffffff window]
[    2.760192] pci 0000:80:00.0: [1022:1450] type 00 class 0x060000
[    2.760262] pci 0000:80:00.2: [1022:1451] type 00 class 0x080600
[    2.760360] pci 0000:80:01.0: [1022:1452] type 00 class 0x060000
[    2.760441] pci 0000:80:02.0: [1022:1452] type 00 class 0x060000
[    2.760521] pci 0000:80:03.0: [1022:1452] type 00 class 0x060000
[    2.760600] pci 0000:80:04.0: [1022:1452] type 00 class 0x060000
[    2.760685] pci 0000:80:07.0: [1022:1452] type 00 class 0x060000
[    2.760751] pci 0000:80:07.1: [1022:1454] type 01 class 0x060400
[    2.761230] pci 0000:80:07.1: PME# supported from D0 D3hot D3cold
[    2.761272] pci 0000:80:07.1: System wakeup disabled by ACPI
[    2.761316] pci 0000:80:08.0: [1022:1452] type 00 class 0x060000
[    2.761383] pci 0000:80:08.1: [1022:1454] type 01 class 0x060400
[    2.762222] pci 0000:80:08.1: PME# supported from D0 D3hot D3cold
[    2.763184] pci 0000:81:00.0: [1022:145a] type 00 class 0x130000
[    2.763302] pci 0000:81:00.2: [1022:1456] type 00 class 0x108000
[    2.763321] pci 0000:81:00.2: reg 0x18: [mem 0xd4f00000-0xd4ffffff]
[    2.763334] pci 0000:81:00.2: reg 0x24: [mem 0xd5000000-0xd5001fff]
[    2.763442] pci 0000:80:07.1: PCI bridge to [bus 81]
[    2.763447] pci 0000:80:07.1:   bridge window [mem 0xd4f00000-0xd50fffff]
[    2.764212] pci 0000:82:00.0: [1022:1455] type 00 class 0x130000
[    2.764335] pci 0000:82:00.1: [1022:1468] type 00 class 0x108000
[    2.764355] pci 0000:82:00.1: reg 0x18: [mem 0xd4d00000-0xd4dfffff]
[    2.764368] pci 0000:82:00.1: reg 0x24: [mem 0xd4e00000-0xd4e01fff]
[    2.764483] pci 0000:80:08.1: PCI bridge to [bus 82]
[    2.764489] pci 0000:80:08.1:   bridge window [mem 0xd4d00000-0xd4efffff]
[    2.764504] pci_bus 0000:80: on NUMA node 4
[    2.764723] ACPI: PCI Root Bridge [S1D1] (domain 0000 [bus a0-bf])
[    2.764727] acpi PNP0A08:05: _OSC: OS supports [ExtendedConfig ASPM ClockPM Segments MSI]
[    2.764894] acpi PNP0A08:05: _OSC: OS now controls [PCIeHotplug PME AER PCIeCapability]
[    2.765063] PCI host bridge to bus 0000:a0
[    2.765065] pci_bus 0000:a0: root bus resource [bus a0-bf]
[    2.765067] pci_bus 0000:a0: root bus resource [mem 0xd4700000-0xd4afffff window]
[    2.765069] pci_bus 0000:a0: root bus resource [mem 0x14c00000000-0x169ffffffff window]
[    2.765075] pci 0000:a0:00.0: [1022:1450] type 00 class 0x060000
[    2.765145] pci 0000:a0:00.2: [1022:1451] type 00 class 0x080600
[    2.765241] pci 0000:a0:01.0: [1022:1452] type 00 class 0x060000
[    2.765321] pci 0000:a0:02.0: [1022:1452] type 00 class 0x060000
[    2.765403] pci 0000:a0:03.0: [1022:1452] type 00 class 0x060000
[    2.765483] pci 0000:a0:04.0: [1022:1452] type 00 class 0x060000
[    2.765569] pci 0000:a0:07.0: [1022:1452] type 00 class 0x060000
[    2.765634] pci 0000:a0:07.1: [1022:1454] type 01 class 0x060400
[    2.765871] pci 0000:a0:07.1: PME# supported from D0 D3hot D3cold
[    2.765915] pci 0000:a0:07.1: System wakeup disabled by ACPI
[    2.765959] pci 0000:a0:08.0: [1022:1452] type 00 class 0x060000
[    2.766028] pci 0000:a0:08.1: [1022:1454] type 01 class 0x060400
[    2.766158] pci 0000:a0:08.1: PME# supported from D0 D3hot D3cold
[    2.766817] pci 0000:a1:00.0: [1022:145a] type 00 class 0x130000
[    2.766935] pci 0000:a1:00.2: [1022:1456] type 00 class 0x108000
[    2.766954] pci 0000:a1:00.2: reg 0x18: [mem 0xd4900000-0xd49fffff]
[    2.766966] pci 0000:a1:00.2: reg 0x24: [mem 0xd4a00000-0xd4a01fff]
[    2.767077] pci 0000:a0:07.1: PCI bridge to [bus a1]
[    2.767083] pci 0000:a0:07.1:   bridge window [mem 0xd4900000-0xd4afffff]
[    2.767179] pci 0000:a2:00.0: [1022:1455] type 00 class 0x130000
[    2.767302] pci 0000:a2:00.1: [1022:1468] type 00 class 0x108000
[    2.767323] pci 0000:a2:00.1: reg 0x18: [mem 0xd4700000-0xd47fffff]
[    2.767336] pci 0000:a2:00.1: reg 0x24: [mem 0xd4800000-0xd4801fff]
[    2.767438] pci 0000:a2:00.2: [1022:7901] type 00 class 0x010601
[    2.767479] pci 0000:a2:00.2: reg 0x24: [mem 0xd4802000-0xd4802fff]
[    2.767527] pci 0000:a2:00.2: PME# supported from D3hot D3cold
[    2.767602] pci 0000:a0:08.1: PCI bridge to [bus a2]
[    2.767608] pci 0000:a0:08.1:   bridge window [mem 0xd4700000-0xd48fffff]
[    2.767623] pci_bus 0000:a0: on NUMA node 5
[    2.767849] ACPI: PCI Root Bridge [S1D2] (domain 0000 [bus c0-df])
[    2.767853] acpi PNP0A08:06: _OSC: OS supports [ExtendedConfig ASPM ClockPM Segments MSI]
[    2.768026] acpi PNP0A08:06: _OSC: OS now controls [PCIeHotplug PME AER PCIeCapability]
[    2.768193] PCI host bridge to bus 0000:c0
[    2.768195] pci_bus 0000:c0: root bus resource [bus c0-df]
[    2.768197] pci_bus 0000:c0: root bus resource [mem 0xd4100000-0xd44fffff window]
[    2.768199] pci_bus 0000:c0: root bus resource [mem 0x12e00000000-0x14bffffffff window]
[    2.768205] pci 0000:c0:00.0: [1022:1450] type 00 class 0x060000
[    2.768270] pci 0000:c0:00.2: [1022:1451] type 00 class 0x080600
[    2.768363] pci 0000:c0:01.0: [1022:1452] type 00 class 0x060000
[    2.768441] pci 0000:c0:02.0: [1022:1452] type 00 class 0x060000
[    2.768520] pci 0000:c0:03.0: [1022:1452] type 00 class 0x060000
[    2.768596] pci 0000:c0:04.0: [1022:1452] type 00 class 0x060000
[    2.768679] pci 0000:c0:07.0: [1022:1452] type 00 class 0x060000
[    2.768743] pci 0000:c0:07.1: [1022:1454] type 01 class 0x060400
[    2.769062] pci 0000:c0:07.1: PME# supported from D0 D3hot D3cold
[    2.769104] pci 0000:c0:07.1: System wakeup disabled by ACPI
[    2.769146] pci 0000:c0:08.0: [1022:1452] type 00 class 0x060000
[    2.769210] pci 0000:c0:08.1: [1022:1454] type 01 class 0x060400
[    2.770003] pci 0000:c0:08.1: PME# supported from D0 D3hot D3cold
[    2.770228] pci 0000:c1:00.0: [1022:145a] type 00 class 0x130000
[    2.770338] pci 0000:c1:00.2: [1022:1456] type 00 class 0x108000
[    2.770356] pci 0000:c1:00.2: reg 0x18: [mem 0xd4300000-0xd43fffff]
[    2.770367] pci 0000:c1:00.2: reg 0x24: [mem 0xd4400000-0xd4401fff]
[    2.770468] pci 0000:c0:07.1: PCI bridge to [bus c1]
[    2.770473] pci 0000:c0:07.1:   bridge window [mem 0xd4300000-0xd44fffff]
[    2.771028] pci 0000:c2:00.0: [1022:1455] type 00 class 0x130000
[    2.771149] pci 0000:c2:00.1: [1022:1468] type 00 class 0x108000
[    2.771167] pci 0000:c2:00.1: reg 0x18: [mem 0xd4100000-0xd41fffff]
[    2.771179] pci 0000:c2:00.1: reg 0x24: [mem 0xd4200000-0xd4201fff]
[    2.771289] pci 0000:c0:08.1: PCI bridge to [bus c2]
[    2.771294] pci 0000:c0:08.1:   bridge window [mem 0xd4100000-0xd42fffff]
[    2.771309] pci_bus 0000:c0: on NUMA node 6
[    2.771529] ACPI: PCI Root Bridge [S1D3] (domain 0000 [bus e0-ff])
[    2.771532] acpi PNP0A08:07: _OSC: OS supports [ExtendedConfig ASPM ClockPM Segments MSI]
[    2.771701] acpi PNP0A08:07: _OSC: OS now controls [PCIeHotplug PME AER PCIeCapability]
[    2.771865] PCI host bridge to bus 0000:e0
[    2.771868] pci_bus 0000:e0: root bus resource [bus e0-ff]
[    2.771870] pci_bus 0000:e0: root bus resource [mem 0xd3b00000-0xd3efffff window]
[    2.771871] pci_bus 0000:e0: root bus resource [mem 0x11000000000-0x12dffffffff window]
[    2.771878] pci 0000:e0:00.0: [1022:1450] type 00 class 0x060000
[    2.771949] pci 0000:e0:00.2: [1022:1451] type 00 class 0x080600
[    2.772045] pci 0000:e0:01.0: [1022:1452] type 00 class 0x060000
[    2.772130] pci 0000:e0:02.0: [1022:1452] type 00 class 0x060000
[    2.772209] pci 0000:e0:03.0: [1022:1452] type 00 class 0x060000
[    2.772290] pci 0000:e0:04.0: [1022:1452] type 00 class 0x060000
[    2.772375] pci 0000:e0:07.0: [1022:1452] type 00 class 0x060000
[    2.772441] pci 0000:e0:07.1: [1022:1454] type 01 class 0x060400
[    2.772858] pci 0000:e0:07.1: PME# supported from D0 D3hot D3cold
[    2.772902] pci 0000:e0:07.1: System wakeup disabled by ACPI
[    2.772946] pci 0000:e0:08.0: [1022:1452] type 00 class 0x060000
[    2.773012] pci 0000:e0:08.1: [1022:1454] type 01 class 0x060400
[    2.773805] pci 0000:e0:08.1: PME# supported from D0 D3hot D3cold
[    2.774020] pci 0000:e1:00.0: [1022:145a] type 00 class 0x130000
[    2.774140] pci 0000:e1:00.2: [1022:1456] type 00 class 0x108000
[    2.774159] pci 0000:e1:00.2: reg 0x18: [mem 0xd3d00000-0xd3dfffff]
[    2.774171] pci 0000:e1:00.2: reg 0x24: [mem 0xd3e00000-0xd3e01fff]
[    2.774277] pci 0000:e0:07.1: PCI bridge to [bus e1]
[    2.774282] pci 0000:e0:07.1:   bridge window [mem 0xd3d00000-0xd3efffff]
[    2.774841] pci 0000:e2:00.0: [1022:1455] type 00 class 0x130000
[    2.774965] pci 0000:e2:00.1: [1022:1468] type 00 class 0x108000
[    2.774984] pci 0000:e2:00.1: reg 0x18: [mem 0xd3b00000-0xd3bfffff]
[    2.774997] pci 0000:e2:00.1: reg 0x24: [mem 0xd3c00000-0xd3c01fff]
[    2.775114] pci 0000:e0:08.1: PCI bridge to [bus e2]
[    2.775120] pci 0000:e0:08.1:   bridge window [mem 0xd3b00000-0xd3cfffff]
[    2.775135] pci_bus 0000:e0: on NUMA node 7
[    2.775313] ACPI: PCI Interrupt Link [LNKA] (IRQs 4 5 7 10 *11 14 15)
[    2.775366] ACPI: PCI Interrupt Link [LNKB] (IRQs 4 *5 7 10 11 14 15)
[    2.775411] ACPI: PCI Interrupt Link [LNKC] (IRQs 4 *5 7 10 11 14 15)
[    2.775467] ACPI: PCI Interrupt Link [LNKD] (IRQs 4 5 7 10 11 14 15) *0
[    2.775516] ACPI: PCI Interrupt Link [LNKE] (IRQs 4 5 7 10 *11 14 15)
[    2.775558] ACPI: PCI Interrupt Link [LNKF] (IRQs 4 5 7 *10 11 14 15)
[    2.775598] ACPI: PCI Interrupt Link [LNKG] (IRQs 4 5 7 *10 11 14 15)
[    2.775639] ACPI: PCI Interrupt Link [LNKH] (IRQs 4 5 7 10 11 14 15) *0
[    2.775817] vgaarb: device added: PCI:0000:22:00.0,decodes=io+mem,owns=io+mem,locks=none
[    2.775827] vgaarb: loaded
[    2.775828] vgaarb: bridge control possible 0000:22:00.0
[    2.775946] SCSI subsystem initialized
[    2.775972] ACPI: bus type USB registered
[    2.775987] usbcore: registered new interface driver usbfs
[    2.775994] usbcore: registered new interface driver hub
[    2.776263] usbcore: registered new device driver usb
[    2.776628] EDAC MC: Ver: 3.0.0
[    2.777043] PCI: Using ACPI for IRQ routing
[    2.796341] PCI: pci_cache_line_size set to 64 bytes
[    2.796579] e820: reserve RAM buffer [mem 0x75db0000-0x77ffffff]
[    2.796581] e820: reserve RAM buffer [mem 0x9384b018-0x93ffffff]
[    2.796583] e820: reserve RAM buffer [mem 0x9387c018-0x93ffffff]
[    2.796584] e820: reserve RAM buffer [mem 0xc8de5000-0xcbffffff]
[    2.796585] e820: reserve RAM buffer [mem 0xca311000-0xcbffffff]
[    2.796587] e820: reserve RAM buffer [mem 0x202f380000-0x202fffffff]
[    2.796588] e820: reserve RAM buffer [mem 0x402ff80000-0x402fffffff]
[    2.796589] e820: reserve RAM buffer [mem 0x602ff80000-0x602fffffff]
[    2.796590] e820: reserve RAM buffer [mem 0x802ff80000-0x802fffffff]
[    2.796592] e820: reserve RAM buffer [mem 0xa02ff80000-0xa02fffffff]
[    2.796593] e820: reserve RAM buffer [mem 0xc02ff80000-0xc02fffffff]
[    2.796594] e820: reserve RAM buffer [mem 0xe02ff80000-0xe02fffffff]
[    2.796595] e820: reserve RAM buffer [mem 0x10ffff80000-0x10fffffffff]
[    2.796746] NetLabel: Initializing
[    2.796747] NetLabel:  domain hash size = 128
[    2.796748] NetLabel:  protocols = UNLABELED CIPSOv4
[    2.796763] NetLabel:  unlabeled traffic allowed by default
[    2.796804] hpet0: at MMIO 0xfed00000, IRQs 2, 8, 0
[    2.796808] hpet0: 3 comparators, 32-bit 14.318180 MHz counter
[    2.799073] Switched to clocksource hpet
[    2.803806] pnp: PnP ACPI init
[    2.803818] ACPI: bus type PNP registered
[    2.803964] system 00:00: [mem 0xe0000000-0xefffffff] has been reserved
[    2.803967] system 00:00: Plug and Play ACPI device, IDs PNP0c01 (active)
[    2.804138] pnp 00:01: Plug and Play ACPI device, IDs PNP0b00 (active)
[    2.804375] system 00:02: [io  0x04d0-0x04d1] has been reserved
[    2.804377] system 00:02: [io  0x040b] has been reserved
[    2.804379] system 00:02: [io  0x04d6] has been reserved
[    2.804381] system 00:02: [io  0x0c00-0x0c01] has been reserved
[    2.804383] system 00:02: [io  0x0c14] has been reserved
[    2.804385] system 00:02: [io  0x0c50-0x0c51] has been reserved
[    2.804387] system 00:02: [io  0x0c52] has been reserved
[    2.804388] system 00:02: [io  0x0c6c] has been reserved
[    2.804390] system 00:02: [io  0x0c6f] has been reserved
[    2.804392] system 00:02: [io  0x0cd0-0x0cd1] has been reserved
[    2.804394] system 00:02: [io  0x0cd2-0x0cd3] has been reserved
[    2.804396] system 00:02: [io  0x0cd4-0x0cd5] has been reserved
[    2.804397] system 00:02: [io  0x0cd6-0x0cd7] has been reserved
[    2.804399] system 00:02: [io  0x0cd8-0x0cdf] has been reserved
[    2.804401] system 00:02: [io  0x0800-0x089f] could not be reserved
[    2.804403] system 00:02: [io  0x0b00-0x0b0f] has been reserved
[    2.804405] system 00:02: [io  0x0b20-0x0b3f] has been reserved
[    2.804406] system 00:02: [io  0x0900-0x090f] has been reserved
[    2.804408] system 00:02: [io  0x0910-0x091f] has been reserved
[    2.804410] system 00:02: [io  0xfe00-0xfefe] has been reserved
[    2.804413] system 00:02: [mem 0xfec00000-0xfec00fff] could not be reserved
[    2.804414] system 00:02: [mem 0xfec01000-0xfec01fff] has been reserved
[    2.804416] system 00:02: [mem 0xfedc0000-0xfedc0fff] has been reserved
[    2.804418] system 00:02: [mem 0xfee00000-0xfee00fff] has been reserved
[    2.804420] system 00:02: [mem 0xfed80000-0xfed8ffff] could not be reserved
[    2.804422] system 00:02: [mem 0xfed61000-0xfed70fff] has been reserved
[    2.804424] system 00:02: [mem 0xfec10000-0xfec10fff] has been reserved
[    2.804426] system 00:02: [mem 0xff000000-0xffffffff] has been reserved
[    2.804429] system 00:02: Plug and Play ACPI device, IDs PNP0c02 (active)
[    2.804667] pnp 00:03: Plug and Play ACPI device, IDs PNP0501 (active)
[    2.804735] pnp 00:04: Plug and Play ACPI device, IDs PNP0501 (active)
[    2.805690] pnp: PnP ACPI: found 5 devices
[    2.805692] ACPI: bus type PNP unregistered
[    2.812523] pci 0000:00:07.1: PCI bridge to [bus 01]
[    2.812528] pci 0000:00:07.1:   bridge window [mem 0xdfb00000-0xdfdfffff]
[    2.812534] pci 0000:00:08.1: PCI bridge to [bus 02]
[    2.812537] pci 0000:00:08.1:   bridge window [mem 0xdfe00000-0xdfffffff]
[    2.812546] pci_bus 0000:00: resource 4 [io  0x0000-0x02e7 window]
[    2.812548] pci_bus 0000:00: resource 5 [io  0x0300-0x03af window]
[    2.812550] pci_bus 0000:00: resource 6 [io  0x0400-0x0cf7 window]
[    2.812551] pci_bus 0000:00: resource 7 [io  0x0d00-0x0fff window]
[    2.812553] pci_bus 0000:00: resource 8 [mem 0x000c0000-0x000dffff window]
[    2.812555] pci_bus 0000:00: resource 9 [mem 0xdfb00000-0xdfffffff window]
[    2.812557] pci_bus 0000:00: resource 10 [mem 0x1e200000000-0x1ffffffffff window]
[    2.812559] pci_bus 0000:01: resource 1 [mem 0xdfb00000-0xdfdfffff]
[    2.812561] pci_bus 0000:02: resource 1 [mem 0xdfe00000-0xdfffffff]
[    2.812586] pci 0000:21:00.0: PCI bridge to [bus 22]
[    2.812589] pci 0000:21:00.0:   bridge window [io  0x1000-0x1fff]
[    2.812595] pci 0000:21:00.0:   bridge window [mem 0xd8000000-0xdc0fffff]
[    2.812606] pci 0000:20:01.1: PCI bridge to [bus 21-22]
[    2.812608] pci 0000:20:01.1:   bridge window [io  0x1000-0x1fff]
[    2.812612] pci 0000:20:01.1:   bridge window [mem 0xd8000000-0xdc0fffff]
[    2.812618] pci 0000:20:07.1: PCI bridge to [bus 23]
[    2.812622] pci 0000:20:07.1:   bridge window [mem 0xdc200000-0xdc4fffff]
[    2.812628] pci 0000:20:08.1: PCI bridge to [bus 24]
[    2.812631] pci 0000:20:08.1:   bridge window [mem 0xdc500000-0xdc6fffff]
[    2.812636] pci_bus 0000:20: resource 4 [io  0x03b0-0x03df window]
[    2.812638] pci_bus 0000:20: resource 5 [io  0x1000-0x1fff window]
[    2.812640] pci_bus 0000:20: resource 6 [mem 0x000a0000-0x000bffff window]
[    2.812642] pci_bus 0000:20: resource 7 [mem 0xd8000000-0xdf9fffff window]
[    2.812644] pci_bus 0000:20: resource 8 [mem 0x1c400000000-0x1e1ffffffff window]
[    2.812645] pci_bus 0000:21: resource 0 [io  0x1000-0x1fff]
[    2.812647] pci_bus 0000:21: resource 1 [mem 0xd8000000-0xdc0fffff]
[    2.812649] pci_bus 0000:22: resource 0 [io  0x1000-0x1fff]
[    2.812651] pci_bus 0000:22: resource 1 [mem 0xd8000000-0xdc0fffff]
[    2.812652] pci_bus 0000:23: resource 1 [mem 0xdc200000-0xdc4fffff]
[    2.812654] pci_bus 0000:24: resource 1 [mem 0xdc500000-0xdc6fffff]
[    2.812661] pci 0000:40:03.1: bridge window [mem 0x00100000-0x000fffff 64bit pref] to [bus 41] add_size 200000 add_align 100000
[    2.812672] pci 0000:40:03.1: res[15]=[mem 0x00100000-0x000fffff 64bit pref] res_to_dev_res add_size 200000 min_align 100000
[    2.812675] pci 0000:40:03.1: res[15]=[mem 0x00100000-0x002fffff 64bit pref] res_to_dev_res add_size 200000 min_align 100000
[    2.812680] pci 0000:40:03.1: BAR 15: assigned [mem 0x1a600000000-0x1a6001fffff 64bit pref]
[    2.812682] pci 0000:40:03.1: PCI bridge to [bus 41]
[    2.812684] pci 0000:40:03.1:   bridge window [io  0x2000-0x2fff]
[    2.812688] pci 0000:40:03.1:   bridge window [mem 0xd7d00000-0xd7dfffff]
[    2.812690] pci 0000:40:03.1:   bridge window [mem 0x1a600000000-0x1a6001fffff 64bit pref]
[    2.812696] pci 0000:40:07.1: PCI bridge to [bus 42]
[    2.812699] pci 0000:40:07.1:   bridge window [mem 0xd7b00000-0xd7cfffff]
[    2.812704] pci 0000:40:08.1: PCI bridge to [bus 43]
[    2.812708] pci 0000:40:08.1:   bridge window [mem 0xd7900000-0xd7afffff]
[    2.812713] pci_bus 0000:40: resource 4 [io  0x2000-0x3fff window]
[    2.812715] pci_bus 0000:40: resource 5 [mem 0xd5900000-0xd7dfffff window]
[    2.812716] pci_bus 0000:40: resource 6 [mem 0x1a600000000-0x1c3ffffffff window]
[    2.812718] pci_bus 0000:41: resource 0 [io  0x2000-0x2fff]
[    2.812720] pci_bus 0000:41: resource 1 [mem 0xd7d00000-0xd7dfffff]
[    2.812722] pci_bus 0000:41: resource 2 [mem 0x1a600000000-0x1a6001fffff 64bit pref]
[    2.812724] pci_bus 0000:42: resource 1 [mem 0xd7b00000-0xd7cfffff]
[    2.812726] pci_bus 0000:43: resource 1 [mem 0xd7900000-0xd7afffff]
[    2.812736] pci 0000:60:07.1: PCI bridge to [bus 61]
[    2.812740] pci 0000:60:07.1:   bridge window [mem 0xd5500000-0xd56fffff]
[    2.812745] pci 0000:60:08.1: PCI bridge to [bus 62]
[    2.812748] pci 0000:60:08.1:   bridge window [mem 0xd5300000-0xd54fffff]
[    2.812754] pci_bus 0000:60: resource 4 [mem 0xd5300000-0xd56fffff window]
[    2.812756] pci_bus 0000:60: resource 5 [mem 0x18800000000-0x1a5ffffffff window]
[    2.812758] pci_bus 0000:61: resource 1 [mem 0xd5500000-0xd56fffff]
[    2.812759] pci_bus 0000:62: resource 1 [mem 0xd5300000-0xd54fffff]
[    2.812772] pci 0000:80:07.1: PCI bridge to [bus 81]
[    2.812776] pci 0000:80:07.1:   bridge window [mem 0xd4f00000-0xd50fffff]
[    2.812782] pci 0000:80:08.1: PCI bridge to [bus 82]
[    2.812786] pci 0000:80:08.1:   bridge window [mem 0xd4d00000-0xd4efffff]
[    2.812792] pci_bus 0000:80: resource 4 [mem 0xd4d00000-0xd50fffff window]
[    2.812794] pci_bus 0000:80: resource 5 [mem 0x16a00000000-0x187ffffffff window]
[    2.812796] pci_bus 0000:81: resource 1 [mem 0xd4f00000-0xd50fffff]
[    2.812798] pci_bus 0000:82: resource 1 [mem 0xd4d00000-0xd4efffff]
[    2.812816] pci 0000:a0:07.1: PCI bridge to [bus a1]
[    2.812820] pci 0000:a0:07.1:   bridge window [mem 0xd4900000-0xd4afffff]
[    2.812826] pci 0000:a0:08.1: PCI bridge to [bus a2]
[    2.812830] pci 0000:a0:08.1:   bridge window [mem 0xd4700000-0xd48fffff]
[    2.812836] pci_bus 0000:a0: resource 4 [mem 0xd4700000-0xd4afffff window]
[    2.812839] pci_bus 0000:a0: resource 5 [mem 0x14c00000000-0x169ffffffff window]
[    2.812841] pci_bus 0000:a1: resource 1 [mem 0xd4900000-0xd4afffff]
[    2.812843] pci_bus 0000:a2: resource 1 [mem 0xd4700000-0xd48fffff]
[    2.812855] pci 0000:c0:07.1: PCI bridge to [bus c1]
[    2.812859] pci 0000:c0:07.1:   bridge window [mem 0xd4300000-0xd44fffff]
[    2.812864] pci 0000:c0:08.1: PCI bridge to [bus c2]
[    2.812868] pci 0000:c0:08.1:   bridge window [mem 0xd4100000-0xd42fffff]
[    2.812874] pci_bus 0000:c0: resource 4 [mem 0xd4100000-0xd44fffff window]
[    2.812875] pci_bus 0000:c0: resource 5 [mem 0x12e00000000-0x14bffffffff window]
[    2.812878] pci_bus 0000:c1: resource 1 [mem 0xd4300000-0xd44fffff]
[    2.812879] pci_bus 0000:c2: resource 1 [mem 0xd4100000-0xd42fffff]
[    2.812891] pci 0000:e0:07.1: PCI bridge to [bus e1]
[    2.812895] pci 0000:e0:07.1:   bridge window [mem 0xd3d00000-0xd3efffff]
[    2.812901] pci 0000:e0:08.1: PCI bridge to [bus e2]
[    2.812904] pci 0000:e0:08.1:   bridge window [mem 0xd3b00000-0xd3cfffff]
[    2.812911] pci_bus 0000:e0: resource 4 [mem 0xd3b00000-0xd3efffff window]
[    2.812912] pci_bus 0000:e0: resource 5 [mem 0x11000000000-0x12dffffffff window]
[    2.812914] pci_bus 0000:e1: resource 1 [mem 0xd3d00000-0xd3efffff]
[    2.812916] pci_bus 0000:e2: resource 1 [mem 0xd3b00000-0xd3cfffff]
[    2.813008] NET: Registered protocol family 2
[    2.813696] TCP established hash table entries: 524288 (order: 10, 4194304 bytes)
[    2.814433] TCP bind hash table entries: 65536 (order: 8, 1048576 bytes)
[    2.814578] TCP: Hash tables configured (established 524288 bind 65536)
[    2.814596] TCP: reno registered
[    2.814696] UDP hash table entries: 65536 (order: 9, 2097152 bytes)
[    2.815109] UDP-Lite hash table entries: 65536 (order: 9, 2097152 bytes)
[    2.815615] NET: Registered protocol family 1
[    2.815939] pci 0000:22:00.0: Boot video device
[    2.816210] PCI: CLS 64 bytes, default 64
[    2.816268] Unpacking initramfs...
[    3.198527] Freeing initrd memory: 27764k freed
[    3.201856] AMD-Vi: IOMMU performance counters supported
[    3.201944] AMD-Vi: IOMMU performance counters supported
[    3.201984] AMD-Vi: IOMMU performance counters supported
[    3.202025] AMD-Vi: IOMMU performance counters supported
[    3.202077] AMD-Vi: IOMMU performance counters supported
[    3.202120] AMD-Vi: IOMMU performance counters supported
[    3.202164] AMD-Vi: IOMMU performance counters supported
[    3.202212] AMD-Vi: IOMMU performance counters supported
[    3.203285] iommu: Adding device 0000:00:01.0 to group 0
[    3.203777] iommu: Adding device 0000:00:02.0 to group 1
[    3.204282] iommu: Adding device 0000:00:03.0 to group 2
[    3.204775] iommu: Adding device 0000:00:04.0 to group 3
[    3.205286] iommu: Adding device 0000:00:07.0 to group 4
[    3.205840] iommu: Adding device 0000:00:07.1 to group 5
[    3.206367] iommu: Adding device 0000:00:08.0 to group 6
[    3.206858] iommu: Adding device 0000:00:08.1 to group 7
[    3.207368] iommu: Adding device 0000:00:14.0 to group 8
[    3.207398] iommu: Adding device 0000:00:14.3 to group 8
[    3.208017] iommu: Adding device 0000:00:18.0 to group 9
[    3.208057] iommu: Adding device 0000:00:18.1 to group 9
[    3.208084] iommu: Adding device 0000:00:18.2 to group 9
[    3.208111] iommu: Adding device 0000:00:18.3 to group 9
[    3.208140] iommu: Adding device 0000:00:18.4 to group 9
[    3.208168] iommu: Adding device 0000:00:18.5 to group 9
[    3.208196] iommu: Adding device 0000:00:18.6 to group 9
[    3.208223] iommu: Adding device 0000:00:18.7 to group 9
[    3.208828] iommu: Adding device 0000:00:19.0 to group 10
[    3.208860] iommu: Adding device 0000:00:19.1 to group 10
[    3.208887] iommu: Adding device 0000:00:19.2 to group 10
[    3.208915] iommu: Adding device 0000:00:19.3 to group 10
[    3.208946] iommu: Adding device 0000:00:19.4 to group 10
[    3.208976] iommu: Adding device 0000:00:19.5 to group 10
[    3.209006] iommu: Adding device 0000:00:19.6 to group 10
[    3.209034] iommu: Adding device 0000:00:19.7 to group 10
[    3.209662] iommu: Adding device 0000:00:1a.0 to group 11
[    3.209692] iommu: Adding device 0000:00:1a.1 to group 11
[    3.209721] iommu: Adding device 0000:00:1a.2 to group 11
[    3.209752] iommu: Adding device 0000:00:1a.3 to group 11
[    3.209784] iommu: Adding device 0000:00:1a.4 to group 11
[    3.209813] iommu: Adding device 0000:00:1a.5 to group 11
[    3.209844] iommu: Adding device 0000:00:1a.6 to group 11
[    3.209876] iommu: Adding device 0000:00:1a.7 to group 11
[    3.210494] iommu: Adding device 0000:00:1b.0 to group 12
[    3.210525] iommu: Adding device 0000:00:1b.1 to group 12
[    3.210556] iommu: Adding device 0000:00:1b.2 to group 12
[    3.210586] iommu: Adding device 0000:00:1b.3 to group 12
[    3.210618] iommu: Adding device 0000:00:1b.4 to group 12
[    3.210647] iommu: Adding device 0000:00:1b.5 to group 12
[    3.210678] iommu: Adding device 0000:00:1b.6 to group 12
[    3.210709] iommu: Adding device 0000:00:1b.7 to group 12
[    3.211326] iommu: Adding device 0000:00:1c.0 to group 13
[    3.211358] iommu: Adding device 0000:00:1c.1 to group 13
[    3.211390] iommu: Adding device 0000:00:1c.2 to group 13
[    3.211420] iommu: Adding device 0000:00:1c.3 to group 13
[    3.211451] iommu: Adding device 0000:00:1c.4 to group 13
[    3.211484] iommu: Adding device 0000:00:1c.5 to group 13
[    3.211515] iommu: Adding device 0000:00:1c.6 to group 13
[    3.211547] iommu: Adding device 0000:00:1c.7 to group 13
[    3.212177] iommu: Adding device 0000:00:1d.0 to group 14
[    3.212211] iommu: Adding device 0000:00:1d.1 to group 14
[    3.212242] iommu: Adding device 0000:00:1d.2 to group 14
[    3.212274] iommu: Adding device 0000:00:1d.3 to group 14
[    3.212308] iommu: Adding device 0000:00:1d.4 to group 14
[    3.212340] iommu: Adding device 0000:00:1d.5 to group 14
[    3.212371] iommu: Adding device 0000:00:1d.6 to group 14
[    3.212404] iommu: Adding device 0000:00:1d.7 to group 14
[    3.213036] iommu: Adding device 0000:00:1e.0 to group 15
[    3.213086] iommu: Adding device 0000:00:1e.1 to group 15
[    3.213117] iommu: Adding device 0000:00:1e.2 to group 15
[    3.213150] iommu: Adding device 0000:00:1e.3 to group 15
[    3.213184] iommu: Adding device 0000:00:1e.4 to group 15
[    3.213219] iommu: Adding device 0000:00:1e.5 to group 15
[    3.213251] iommu: Adding device 0000:00:1e.6 to group 15
[    3.213285] iommu: Adding device 0000:00:1e.7 to group 15
[    3.213887] iommu: Adding device 0000:00:1f.0 to group 16
[    3.213922] iommu: Adding device 0000:00:1f.1 to group 16
[    3.213956] iommu: Adding device 0000:00:1f.2 to group 16
[    3.213990] iommu: Adding device 0000:00:1f.3 to group 16
[    3.214027] iommu: Adding device 0000:00:1f.4 to group 16
[    3.214071] iommu: Adding device 0000:00:1f.5 to group 16
[    3.214105] iommu: Adding device 0000:00:1f.6 to group 16
[    3.214140] iommu: Adding device 0000:00:1f.7 to group 16
[    3.214625] iommu: Adding device 0000:01:00.0 to group 17
[    3.215117] iommu: Adding device 0000:01:00.2 to group 18
