[    0.000000] Initializing cgroup subsys cpuset
[    0.000000] Initializing cgroup subsys cpu
[    0.000000] Initializing cgroup subsys cpuacct
[    0.000000] Linux version 3.10.0-862.9.1.el7.x86_64 (mockbuild@x86-017.build.eng.bos.redhat.com) (gcc version 4.8.5 20150623 (Red Hat 4.8.5-28) (GCC) ) #1 SMP Wed Jun 27 04:30:39 EDT 2018
[    0.000000] Command line: BOOT_IMAGE=/boot/vmlinuz-3.10.0-862.9.1.el7.x86_64 root=UUID=62ac631c-9f7f-43ab-8c6a-a31f8cb22707 ro crashkernel=auto rhgb quiet LANG=en_US.UTF-8
[    0.000000] e820: BIOS-provided physical RAM map:
[    0.000000] BIOS-e820: [mem 0x0000000000000000-0x000000000009ffff] usable
[    0.000000] BIOS-e820: [mem 0x00000000000a0000-0x00000000000fffff] reserved
[    0.000000] BIOS-e820: [mem 0x0000000000100000-0x0000000075daffff] usable
[    0.000000] BIOS-e820: [mem 0x0000000075db0000-0x0000000075ffffff] reserved
[    0.000000] BIOS-e820: [mem 0x0000000076000000-0x00000000c8de4fff] usable
[    0.000000] BIOS-e820: [mem 0x00000000c8de5000-0x00000000ca252fff] reserved
[    0.000000] BIOS-e820: [mem 0x00000000ca253000-0x00000000ca311fff] usable
[    0.000000] BIOS-e820: [mem 0x00000000ca312000-0x00000000ca67ffff] ACPI NVS
[    0.000000] BIOS-e820: [mem 0x00000000ca680000-0x00000000cae6cfff] reserved
[    0.000000] BIOS-e820: [mem 0x00000000cae6d000-0x00000000cbffffff] usable
[    0.000000] BIOS-e820: [mem 0x00000000cc000000-0x00000000cfffffff] reserved
[    0.000000] BIOS-e820: [mem 0x00000000d3900000-0x00000000d3a7ffff] reserved
[    0.000000] BIOS-e820: [mem 0x00000000d3af0000-0x00000000d3af0fff] reserved
[    0.000000] BIOS-e820: [mem 0x00000000d3f00000-0x00000000d407ffff] reserved
[    0.000000] BIOS-e820: [mem 0x00000000d40f0000-0x00000000d40f0fff] reserved
[    0.000000] BIOS-e820: [mem 0x00000000d4500000-0x00000000d467ffff] reserved
[    0.000000] BIOS-e820: [mem 0x00000000d46f0000-0x00000000d46f0fff] reserved
[    0.000000] BIOS-e820: [mem 0x00000000d4b00000-0x00000000d4c7ffff] reserved
[    0.000000] BIOS-e820: [mem 0x00000000d4cf0000-0x00000000d4cf0fff] reserved
[    0.000000] BIOS-e820: [mem 0x00000000d5100000-0x00000000d527ffff] reserved
[    0.000000] BIOS-e820: [mem 0x00000000d52f0000-0x00000000d52f0fff] reserved
[    0.000000] BIOS-e820: [mem 0x00000000d5700000-0x00000000d587ffff] reserved
[    0.000000] BIOS-e820: [mem 0x00000000d58f0000-0x00000000d58f0fff] reserved
[    0.000000] BIOS-e820: [mem 0x00000000d7e00000-0x00000000d7f7ffff] reserved
[    0.000000] BIOS-e820: [mem 0x00000000d7ff0000-0x00000000d7ff0fff] reserved
[    0.000000] BIOS-e820: [mem 0x00000000dfa00000-0x00000000dfa7ffff] reserved
[    0.000000] BIOS-e820: [mem 0x00000000dfaf0000-0x00000000dfaf0fff] reserved
[    0.000000] BIOS-e820: [mem 0x00000000fea00000-0x00000000feafffff] reserved
[    0.000000] BIOS-e820: [mem 0x00000000fec00000-0x00000000fec00fff] reserved
[    0.000000] BIOS-e820: [mem 0x00000000fec10000-0x00000000fec10fff] reserved
[    0.000000] BIOS-e820: [mem 0x00000000fed00000-0x00000000fed00fff] reserved
[    0.000000] BIOS-e820: [mem 0x00000000fed40000-0x00000000fed44fff] reserved
[    0.000000] BIOS-e820: [mem 0x00000000fed80000-0x00000000fed8ffff] reserved
[    0.000000] BIOS-e820: [mem 0x00000000fedc0000-0x00000000fedc0fff] reserved
[    0.000000] BIOS-e820: [mem 0x00000000fedc2000-0x00000000fedc5fff] reserved
[    0.000000] BIOS-e820: [mem 0x00000000fedc7000-0x00000000fedc7fff] reserved
[    0.000000] BIOS-e820: [mem 0x00000000fedc9000-0x00000000fedcafff] reserved
[    0.000000] BIOS-e820: [mem 0x00000000fee00000-0x00000000feefffff] reserved
[    0.000000] BIOS-e820: [mem 0x00000000ff000000-0x00000000ffffffff] reserved
[    0.000000] BIOS-e820: [mem 0x0000000100000000-0x000000802effffff] usable
[    0.000000] BIOS-e820: [mem 0x000000802f000000-0x000000ffffffffff] reserved
[    0.000000] BIOS-e820: [mem 0x0000010000000000-0x0000017fffbfffff] usable
[    0.000000] BIOS-e820: [mem 0x0000017fffc00000-0x0000017fffffffff] reserved
[    0.000000] NX (Execute Disable) protection: active
[    0.000000] e820: update [mem 0x9387c018-0x9388c857] usable ==> usable
[    0.000000] e820: update [mem 0x9384b018-0x9387b457] usable ==> usable
[    0.000000] extended physical RAM map:
[    0.000000] reserve setup_data: [mem 0x0000000000000000-0x000000000009ffff] usable
[    0.000000] reserve setup_data: [mem 0x00000000000a0000-0x00000000000fffff] reserved
[    0.000000] reserve setup_data: [mem 0x0000000000100000-0x0000000075daffff] usable
[    0.000000] reserve setup_data: [mem 0x0000000075db0000-0x0000000075ffffff] reserved
[    0.000000] reserve setup_data: [mem 0x0000000076000000-0x000000009384b017] usable
[    0.000000] reserve setup_data: [mem 0x000000009384b018-0x000000009387b457] usable
[    0.000000] reserve setup_data: [mem 0x000000009387b458-0x000000009387c017] usable
[    0.000000] reserve setup_data: [mem 0x000000009387c018-0x000000009388c857] usable
[    0.000000] reserve setup_data: [mem 0x000000009388c858-0x00000000c8de4fff] usable
[    0.000000] reserve setup_data: [mem 0x00000000c8de5000-0x00000000ca252fff] reserved
[    0.000000] reserve setup_data: [mem 0x00000000ca253000-0x00000000ca311fff] usable
[    0.000000] reserve setup_data: [mem 0x00000000ca312000-0x00000000ca67ffff] ACPI NVS
[    0.000000] reserve setup_data: [mem 0x00000000ca680000-0x00000000cae6cfff] reserved
[    0.000000] reserve setup_data: [mem 0x00000000cae6d000-0x00000000cbffffff] usable
[    0.000000] reserve setup_data: [mem 0x00000000cc000000-0x00000000cfffffff] reserved
[    0.000000] reserve setup_data: [mem 0x00000000d3900000-0x00000000d3a7ffff] reserved
[    0.000000] reserve setup_data: [mem 0x00000000d3af0000-0x00000000d3af0fff] reserved
[    0.000000] reserve setup_data: [mem 0x00000000d3f00000-0x00000000d407ffff] reserved
[    0.000000] reserve setup_data: [mem 0x00000000d40f0000-0x00000000d40f0fff] reserved
[    0.000000] reserve setup_data: [mem 0x00000000d4500000-0x00000000d467ffff] reserved
[    0.000000] reserve setup_data: [mem 0x00000000d46f0000-0x00000000d46f0fff] reserved
[    0.000000] reserve setup_data: [mem 0x00000000d4b00000-0x00000000d4c7ffff] reserved
[    0.000000] reserve setup_data: [mem 0x00000000d4cf0000-0x00000000d4cf0fff] reserved
[    0.000000] reserve setup_data: [mem 0x00000000d5100000-0x00000000d527ffff] reserved
[    0.000000] reserve setup_data: [mem 0x00000000d52f0000-0x00000000d52f0fff] reserved
[    0.000000] reserve setup_data: [mem 0x00000000d5700000-0x00000000d587ffff] reserved
[    0.000000] reserve setup_data: [mem 0x00000000d58f0000-0x00000000d58f0fff] reserved
[    0.000000] reserve setup_data: [mem 0x00000000d7e00000-0x00000000d7f7ffff] reserved
[    0.000000] reserve setup_data: [mem 0x00000000d7ff0000-0x00000000d7ff0fff] reserved
[    0.000000] reserve setup_data: [mem 0x00000000dfa00000-0x00000000dfa7ffff] reserved
[    0.000000] reserve setup_data: [mem 0x00000000dfaf0000-0x00000000dfaf0fff] reserved
[    0.000000] reserve setup_data: [mem 0x00000000fea00000-0x00000000feafffff] reserved
[    0.000000] reserve setup_data: [mem 0x00000000fec00000-0x00000000fec00fff] reserved
[    0.000000] reserve setup_data: [mem 0x00000000fec10000-0x00000000fec10fff] reserved
[    0.000000] reserve setup_data: [mem 0x00000000fed00000-0x00000000fed00fff] reserved
[    0.000000] reserve setup_data: [mem 0x00000000fed40000-0x00000000fed44fff] reserved
[    0.000000] reserve setup_data: [mem 0x00000000fed80000-0x00000000fed8ffff] reserved
[    0.000000] reserve setup_data: [mem 0x00000000fedc0000-0x00000000fedc0fff] reserved
[    0.000000] reserve setup_data: [mem 0x00000000fedc2000-0x00000000fedc5fff] reserved
[    0.000000] reserve setup_data: [mem 0x00000000fedc7000-0x00000000fedc7fff] reserved
[    0.000000] reserve setup_data: [mem 0x00000000fedc9000-0x00000000fedcafff] reserved
[    0.000000] reserve setup_data: [mem 0x00000000fee00000-0x00000000feefffff] reserved
[    0.000000] reserve setup_data: [mem 0x00000000ff000000-0x00000000ffffffff] reserved
[    0.000000] reserve setup_data: [mem 0x0000000100000000-0x000000802effffff] usable
[    0.000000] reserve setup_data: [mem 0x000000802f000000-0x000000ffffffffff] reserved
[    0.000000] reserve setup_data: [mem 0x0000010000000000-0x0000017fffbfffff] usable
[    0.000000] reserve setup_data: [mem 0x0000017fffc00000-0x0000017fffffffff] reserved
[    0.000000] efi: EFI v2.60 by American Megatrends
[    0.000000] efi:  ACPI 2.0=0xca312000  ACPI=0xca312000  SMBIOS=0xcacee000  SMBIOS 3.0=0xcaced000  MPS=0xfca90  ESRT=0xc60f2618 
[    0.000000] efi: mem00: type=3, attr=0xf, range=[0x0000000000000000-0x0000000000008000) (0MB)
[    0.000000] efi: mem01: type=2, attr=0xf, range=[0x0000000000008000-0x0000000000009000) (0MB)
[    0.000000] efi: mem02: type=7, attr=0xf, range=[0x0000000000009000-0x000000000003f000) (0MB)
[    0.000000] efi: mem03: type=4, attr=0xf, range=[0x000000000003f000-0x0000000000040000) (0MB)
[    0.000000] efi: mem04: type=3, attr=0xf, range=[0x0000000000040000-0x00000000000a0000) (0MB)
[    0.000000] efi: mem05: type=7, attr=0xf, range=[0x0000000000100000-0x0000000001000000) (15MB)
[    0.000000] efi: mem06: type=4, attr=0xf, range=[0x0000000001000000-0x0000000001020000) (0MB)
[    0.000000] efi: mem07: type=7, attr=0xf, range=[0x0000000001020000-0x0000000001200000) (1MB)
[    0.000000] efi: mem08: type=2, attr=0xf, range=[0x0000000001200000-0x0000000002856000) (22MB)
[    0.000000] efi: mem09: type=7, attr=0xf, range=[0x0000000002856000-0x0000000030000000) (727MB)
[    0.000000] efi: mem10: type=4, attr=0xf, range=[0x0000000030000000-0x0000000030076000) (0MB)
[    0.000000] efi: mem11: type=7, attr=0xf, range=[0x0000000030076000-0x000000003ce8b000) (206MB)
[    0.000000] efi: mem12: type=2, attr=0xf, range=[0x000000003ce8b000-0x0000000040000000) (49MB)
[    0.000000] efi: mem13: type=7, attr=0xf, range=[0x0000000040000000-0x0000000075db0000) (861MB)
[    0.000000] efi: mem14: type=0, attr=0xf, range=[0x0000000075db0000-0x0000000076000000) (2MB)
[    0.000000] efi: mem15: type=7, attr=0xf, range=[0x0000000076000000-0x000000009384b000) (472MB)
[    0.000000] efi: mem16: type=2, attr=0xf, range=[0x000000009384b000-0x00000000c4b22000) (786MB)
[    0.000000] efi: mem17: type=7, attr=0xf, range=[0x00000000c4b22000-0x00000000c4b27000) (0MB)
[    0.000000] efi: mem18: type=2, attr=0xf, range=[0x00000000c4b27000-0x00000000c4b28000) (0MB)
[    0.000000] efi: mem19: type=1, attr=0xf, range=[0x00000000c4b28000-0x00000000c4c28000) (1MB)
[    0.000000] efi: mem20: type=2, attr=0xf, range=[0x00000000c4c28000-0x00000000c4d2a000) (1MB)
[    0.000000] efi: mem21: type=1, attr=0xf, range=[0x00000000c4d2a000-0x00000000c4e4a000) (1MB)
[    0.000000] efi: mem22: type=4, attr=0xf, range=[0x00000000c4e4a000-0x00000000c87e5000) (57MB)
[    0.000000] efi: mem23: type=7, attr=0xf, range=[0x00000000c87e5000-0x00000000c8a40000) (2MB)
[    0.000000] efi: mem24: type=3, attr=0xf, range=[0x00000000c8a40000-0x00000000c8de5000) (3MB)
[    0.000000] efi: mem25: type=0, attr=0xf, range=[0x00000000c8de5000-0x00000000ca253000) (20MB)
[    0.000000] efi: mem26: type=7, attr=0xf, range=[0x00000000ca253000-0x00000000ca312000) (0MB)
[    0.000000] efi: mem27: type=10, attr=0xf, range=[0x00000000ca312000-0x00000000ca680000) (3MB)
[    0.000000] efi: mem28: type=6, attr=0x800000000000000f, range=[0x00000000ca680000-0x00000000cad9a000) (7MB)
[    0.000000] efi: mem29: type=5, attr=0x800000000000000f, range=[0x00000000cad9a000-0x00000000cae6d000) (0MB)
[    0.000000] efi: mem30: type=4, attr=0xf, range=[0x00000000cae6d000-0x00000000cc000000) (17MB)
[    0.000000] efi: mem31: type=7, attr=0xf, range=[0x0000000100000000-0x000000802f000000) (520944MB)
[    0.000000] efi: mem32: type=7, attr=0xf, range=[0x0000010000000000-0x0000017fffc00000) (524284MB)
[    0.000000] efi: mem33: type=0, attr=0xf, range=[0x00000000000a0000-0x0000000000100000) (0MB)
[    0.000000] efi: mem34: type=0, attr=0xf, range=[0x00000000cc000000-0x00000000d0000000) (64MB)
[    0.000000] efi: mem35: type=11, attr=0x800000000000100f, range=[0x00000000d3900000-0x00000000d3a80000) (1MB)
[    0.000000] efi: mem36: type=11, attr=0x800000000000100f, range=[0x00000000d3af0000-0x00000000d3af1000) (0MB)
[    0.000000] efi: mem37: type=11, attr=0x800000000000100f, range=[0x00000000d3f00000-0x00000000d4080000) (1MB)
[    0.000000] efi: mem38: type=11, attr=0x800000000000100f, range=[0x00000000d40f0000-0x00000000d40f1000) (0MB)
[    0.000000] efi: mem39: type=11, attr=0x800000000000100f, range=[0x00000000d4500000-0x00000000d4680000) (1MB)
[    0.000000] efi: mem40: type=11, attr=0x800000000000100f, range=[0x00000000d46f0000-0x00000000d46f1000) (0MB)
[    0.000000] efi: mem41: type=11, attr=0x800000000000100f, range=[0x00000000d4b00000-0x00000000d4c80000) (1MB)
[    0.000000] efi: mem42: type=11, attr=0x800000000000100f, range=[0x00000000d4cf0000-0x00000000d4cf1000) (0MB)
[    0.000000] efi: mem43: type=11, attr=0x800000000000100f, range=[0x00000000d5100000-0x00000000d5280000) (1MB)
[    0.000000] efi: mem44: type=11, attr=0x800000000000100f, range=[0x00000000d52f0000-0x00000000d52f1000) (0MB)
[    0.000000] efi: mem45: type=11, attr=0x800000000000100f, range=[0x00000000d5700000-0x00000000d5880000) (1MB)
[    0.000000] efi: mem46: type=11, attr=0x800000000000100f, range=[0x00000000d58f0000-0x00000000d58f1000) (0MB)
[    0.000000] efi: mem47: type=11, attr=0x800000000000100f, range=[0x00000000d7e00000-0x00000000d7f80000) (1MB)
[    0.000000] efi: mem48: type=11, attr=0x800000000000100f, range=[0x00000000d7ff0000-0x00000000d7ff1000) (0MB)
[    0.000000] efi: mem49: type=11, attr=0x800000000000100f, range=[0x00000000dfa00000-0x00000000dfa80000) (0MB)
[    0.000000] efi: mem50: type=11, attr=0x800000000000100f, range=[0x00000000dfaf0000-0x00000000dfaf1000) (0MB)
[    0.000000] efi: mem51: type=11, attr=0x800000000000100d, range=[0x00000000fea00000-0x00000000feb00000) (1MB)
[    0.000000] efi: mem52: type=11, attr=0x800000000000100d, range=[0x00000000fec00000-0x00000000fec01000) (0MB)
[    0.000000] efi: mem53: type=11, attr=0x800000000000100d, range=[0x00000000fec10000-0x00000000fec11000) (0MB)
[    0.000000] efi: mem54: type=11, attr=0x800000000000100d, range=[0x00000000fed00000-0x00000000fed01000) (0MB)
[    0.000000] efi: mem55: type=11, attr=0x800000000000100d, range=[0x00000000fed40000-0x00000000fed45000) (0MB)
[    0.000000] efi: mem56: type=11, attr=0x800000000000100d, range=[0x00000000fed80000-0x00000000fed90000) (0MB)
[    0.000000] efi: mem57: type=11, attr=0x800000000000100d, range=[0x00000000fedc0000-0x00000000fedc1000) (0MB)
[    0.000000] efi: mem58: type=11, attr=0x800000000000100d, range=[0x00000000fedc2000-0x00000000fedc6000) (0MB)
[    0.000000] efi: mem59: type=11, attr=0x800000000000100d, range=[0x00000000fedc7000-0x00000000fedc8000) (0MB)
[    0.000000] efi: mem60: type=11, attr=0x800000000000100d, range=[0x00000000fedc9000-0x00000000fedcb000) (0MB)
[    0.000000] efi: mem61: type=11, attr=0x800000000000100d, range=[0x00000000fee00000-0x00000000fef00000) (1MB)
[    0.000000] efi: mem62: type=11, attr=0x800000000000100d, range=[0x00000000ff000000-0x0000000100000000) (16MB)
[    0.000000] efi: mem63: type=0, attr=0xf, range=[0x000000802f000000-0x0000010000000000) (523536MB)
[    0.000000] efi: mem64: type=0, attr=0xf, range=[0x0000017fffc00000-0x0000018000000000) (4MB)
[    0.000000] esrt: Reserving ESRT space from 0x00000000c60f2618 to 0x00000000c60f2650.
[    0.000000] SMBIOS 3.1.1 present.
[    0.000000] e820: update [mem 0x00000000-0x00000fff] usable ==> reserved
[    0.000000] e820: remove [mem 0x000a0000-0x000fffff] usable
[    0.000000] e820: last_pfn = 0x17fffc00 max_arch_pfn = 0x400000000
[    0.000000] MTRR default type: uncachable
[    0.000000] MTRR fixed ranges enabled:
[    0.000000]   00000-9FFFF write-back
[    0.000000]   A0000-BFFFF write-through
[    0.000000]   C0000-FFFFF write-protect
[    0.000000] MTRR variable ranges enabled:
[    0.000000]   0 base 000000000000 mask FFFF80000000 write-back
[    0.000000]   1 base 000080000000 mask FFFFC0000000 write-back
[    0.000000]   2 base 0000C0000000 mask FFFFF0000000 write-back
[    0.000000]   3 base 0000CC000000 mask FFFFFC000000 uncachable
[    0.000000]   4 disabled
[    0.000000]   5 disabled
[    0.000000]   6 disabled
[    0.000000]   7 disabled
[    0.000000] TOM2: 0000018000000000 aka 1572864M
[    0.000000] PAT configuration [0-7]: WB  WC  UC- UC  WB  WP  UC- UC  
[    0.000000] original variable MTRRs
[    0.000000] reg 0, base: 0GB, range: 2GB, type WB
[    0.000000] reg 1, base: 2GB, range: 1GB, type WB
[    0.000000] reg 2, base: 3GB, range: 256MB, type WB
[    0.000000] reg 3, base: 3264MB, range: 64MB, type UC
[    0.000000] total RAM covered: 3264M
[    0.000000] Found optimal setting for mtrr clean up
[    0.000000]  gran_size: 64K 	chunk_size: 64K 	num_reg: 4  	lose cover RAM: 0G
[    0.000000] New variable MTRRs
[    0.000000] reg 0, base: 0GB, range: 2GB, type WB
[    0.000000] reg 1, base: 2GB, range: 1GB, type WB
[    0.000000] reg 2, base: 3GB, range: 128MB, type WB
[    0.000000] reg 3, base: 3200MB, range: 64MB, type WB
[    0.000000] e820: update [mem 0xcc000000-0xffffffff] usable ==> reserved
[    0.000000] e820: last_pfn = 0xcc000 max_arch_pfn = 0x400000000
[    0.000000] found SMP MP-table at [mem 0x000fd250-0x000fd25f] mapped at [ffffffffff240250]
[    0.000000] Base memory trampoline at [ffff898fc0093000] 93000 size 24576
[    0.000000] Using GB pages for direct mapping
[    0.000000] BRK [0x2f5162e000, 0x2f5162efff] PGTABLE
[    0.000000] BRK [0x2f5162f000, 0x2f5162ffff] PGTABLE
[    0.000000] BRK [0x2f51630000, 0x2f51630fff] PGTABLE
[    0.000000] BRK [0x2f51631000, 0x2f51631fff] PGTABLE
[    0.000000] BRK [0x2f51632000, 0x2f51632fff] PGTABLE
[    0.000000] BRK [0x2f51633000, 0x2f51633fff] PGTABLE
[    0.000000] BRK [0x2f51634000, 0x2f51634fff] PGTABLE
[    0.000000] BRK [0x2f51635000, 0x2f51635fff] PGTABLE
[    0.000000] BRK [0x2f51636000, 0x2f51636fff] PGTABLE
[    0.000000] BRK [0x2f51637000, 0x2f51637fff] PGTABLE
[    0.000000] BRK [0x2f51638000, 0x2f51638fff] PGTABLE
[    0.000000] BRK [0x2f51639000, 0x2f51639fff] PGTABLE
[    0.000000] RAMDISK: [mem 0x3ce8b000-0x3e9a7fff]
[    0.000000] Early table checksum verification disabled
[    0.000000] ACPI: RSDP 00000000ca312000 00024 (v02    AMD)
[    0.000000] ACPI: XSDT 00000000ca3120b0 000E4 (v01    AMD  DIESEL  03242016 AMI  00010013)
[    0.000000] ACPI: FACP 00000000ca31d048 00114 (v06    AMD  DIESEL  03242016 AMI  00010013)
[    0.000000] ACPI: DSDT 00000000ca312230 0AE14 (v02    AMD  DIESEL  03242016 INTL 20120913)
[    0.000000] ACPI: FACS 00000000ca67fe80 00040
[    0.000000] ACPI: APIC 00000000ca31d160 002B2 (v04    AMD  DIESEL  03242016 AMI  00010013)
[    0.000000] ACPI: FPDT 00000000ca31d418 00044 (v01    AMD  DIESEL  03242016 AMI  00010013)
[    0.000000] ACPI: FIDT 00000000ca31d460 0009C (v01    AMD   DIESEL 03242016 AMI  00010013)
[    0.000000] ACPI: SSDT 00000000ca31d500 000D2 (v02    AMD AMD ALIB 00000002 MSFT 04000000)
[    0.000000] ACPI: SPMI 00000000ca31d5d8 00041 (v05    AMD  DIESEL  00000000 AMI. 00000000)
[    0.000000] ACPI: SSDT 00000000ca31d620 0036C (v02    AMD  CPUSSDT 03242016 AMI  03242016)
[    0.000000] ACPI: MCFG 00000000ca31d990 0003C (v01    AMD   DIESEL 03242016 MSFT 00010013)
[    0.000000] ACPI: SSDT 00000000ca31d9d0 08BE4 (v01    AMD  AMD CPU 00000001 AMD  00000001)
[    0.000000] ACPI: SRAT 00000000ca3265b8 004A8 (v03    AMD AMD SRAT 00000001 AMD  00000001)
[    0.000000] ACPI: MSCT 00000000ca326a60 00064 (v01    AMD AMD MSCT 00000000 AMD  00000001)
[    0.000000] ACPI: SLIT 00000000ca326ac8 00030 (v01    AMD AMD SLIT 00000001 AMD  00000001)
[    0.000000] ACPI: CRAT 00000000ca326af8 03D98 (v01    AMD AMD CRAT 00000001 AMD  00000001)
[    0.000000] ACPI: CDIT 00000000ca32a890 0002C (v01    AMD AMD CDIT 00000001 AMD  00000001)
[    0.000000] ACPI: BERT 00000000ca32a8c0 00030 (v01 AMD    AMD BERT 00000001 AMD  00000001)
[    0.000000] ACPI: EINJ 00000000ca32a8f0 00150 (v01 AMD    AMD EINJ 00000001 AMD  00000001)
[    0.000000] ACPI: HEST 00000000ca32aa40 00608 (v01 AMD    AMD HEST 00000001 AMD  00000001)
[    0.000000] ACPI: HPET 00000000ca32b048 00038 (v01    AMD   DIESEL 03242016 AMI  00000005)
[    0.000000] ACPI: SSDT 00000000ca32b080 00024 (v01 AMDFCH    FCHZP 00001000 INTL 20120913)
[    0.000000] ACPI: UEFI 00000000ca32b0a8 00042 (v01                 00000000      00000000)
[    0.000000] ACPI: BGRT 00000000ca32b0f0 00038 (v01    AMD  DIESEL  03242016 AMI  00010013)
[    0.000000] ACPI: IVRS 00000000ca32b128 00370 (v02    AMD AMD IVRS 00000001 AMD  00000000)
[    0.000000] ACPI: SSDT 00000000ca32b498 01630 (v01    AMD   CPMCMN 00000001 INTL 20120913)
[    0.000000] ACPI: WSMT 00000000ca32cac8 00028 (v01    AMD  DIESEL  03242016 AMI  00010013)
[    0.000000] ACPI: Local APIC address 0xfee00000
[    0.000000] SRAT: PXM 0 -> APIC 0x00 -> Node 0
[    0.000000] SRAT: PXM 0 -> APIC 0x01 -> Node 0
[    0.000000] SRAT: PXM 0 -> APIC 0x02 -> Node 0
[    0.000000] SRAT: PXM 0 -> APIC 0x03 -> Node 0
[    0.000000] SRAT: PXM 0 -> APIC 0x08 -> Node 0
[    0.000000] SRAT: PXM 0 -> APIC 0x09 -> Node 0
[    0.000000] SRAT: PXM 0 -> APIC 0x0a -> Node 0
[    0.000000] SRAT: PXM 0 -> APIC 0x0b -> Node 0
[    0.000000] SRAT: PXM 0 -> APIC 0x10 -> Node 0
[    0.000000] SRAT: PXM 0 -> APIC 0x11 -> Node 0
[    0.000000] SRAT: PXM 0 -> APIC 0x12 -> Node 0
[    0.000000] SRAT: PXM 0 -> APIC 0x13 -> Node 0
[    0.000000] SRAT: PXM 0 -> APIC 0x18 -> Node 0
[    0.000000] SRAT: PXM 0 -> APIC 0x19 -> Node 0
[    0.000000] SRAT: PXM 0 -> APIC 0x1a -> Node 0
[    0.000000] SRAT: PXM 0 -> APIC 0x1b -> Node 0
[    0.000000] SRAT: PXM 0 -> APIC 0x20 -> Node 0
[    0.000000] SRAT: PXM 0 -> APIC 0x21 -> Node 0
[    0.000000] SRAT: PXM 0 -> APIC 0x22 -> Node 0
[    0.000000] SRAT: PXM 0 -> APIC 0x23 -> Node 0
[    0.000000] SRAT: PXM 0 -> APIC 0x28 -> Node 0
[    0.000000] SRAT: PXM 0 -> APIC 0x29 -> Node 0
[    0.000000] SRAT: PXM 0 -> APIC 0x2a -> Node 0
[    0.000000] SRAT: PXM 0 -> APIC 0x2b -> Node 0
[    0.000000] SRAT: PXM 0 -> APIC 0x30 -> Node 0
[    0.000000] SRAT: PXM 0 -> APIC 0x31 -> Node 0
[    0.000000] SRAT: PXM 0 -> APIC 0x32 -> Node 0
[    0.000000] SRAT: PXM 0 -> APIC 0x33 -> Node 0
[    0.000000] SRAT: PXM 0 -> APIC 0x38 -> Node 0
[    0.000000] SRAT: PXM 0 -> APIC 0x39 -> Node 0
[    0.000000] SRAT: PXM 0 -> APIC 0x3a -> Node 0
[    0.000000] SRAT: PXM 0 -> APIC 0x3b -> Node 0
[    0.000000] SRAT: PXM 1 -> APIC 0x40 -> Node 1
[    0.000000] SRAT: PXM 1 -> APIC 0x41 -> Node 1
[    0.000000] SRAT: PXM 1 -> APIC 0x42 -> Node 1
[    0.000000] SRAT: PXM 1 -> APIC 0x43 -> Node 1
[    0.000000] SRAT: PXM 1 -> APIC 0x48 -> Node 1
[    0.000000] SRAT: PXM 1 -> APIC 0x49 -> Node 1
[    0.000000] SRAT: PXM 1 -> APIC 0x4a -> Node 1
[    0.000000] SRAT: PXM 1 -> APIC 0x4b -> Node 1
[    0.000000] SRAT: PXM 1 -> APIC 0x50 -> Node 1
[    0.000000] SRAT: PXM 1 -> APIC 0x51 -> Node 1
[    0.000000] SRAT: PXM 1 -> APIC 0x52 -> Node 1
[    0.000000] SRAT: PXM 1 -> APIC 0x53 -> Node 1
[    0.000000] SRAT: PXM 1 -> APIC 0x58 -> Node 1
[    0.000000] SRAT: PXM 1 -> APIC 0x59 -> Node 1
[    0.000000] SRAT: PXM 1 -> APIC 0x5a -> Node 1
[    0.000000] SRAT: PXM 1 -> APIC 0x5b -> Node 1
[    0.000000] SRAT: PXM 1 -> APIC 0x60 -> Node 1
[    0.000000] SRAT: PXM 1 -> APIC 0x61 -> Node 1
[    0.000000] SRAT: PXM 1 -> APIC 0x62 -> Node 1
[    0.000000] SRAT: PXM 1 -> APIC 0x63 -> Node 1
[    0.000000] SRAT: PXM 1 -> APIC 0x68 -> Node 1
[    0.000000] SRAT: PXM 1 -> APIC 0x69 -> Node 1
[    0.000000] SRAT: PXM 1 -> APIC 0x6a -> Node 1
[    0.000000] SRAT: PXM 1 -> APIC 0x6b -> Node 1
[    0.000000] SRAT: PXM 1 -> APIC 0x70 -> Node 1
[    0.000000] SRAT: PXM 1 -> APIC 0x71 -> Node 1
[    0.000000] SRAT: PXM 1 -> APIC 0x72 -> Node 1
[    0.000000] SRAT: PXM 1 -> APIC 0x73 -> Node 1
[    0.000000] SRAT: PXM 1 -> APIC 0x78 -> Node 1
[    0.000000] SRAT: PXM 1 -> APIC 0x79 -> Node 1
[    0.000000] SRAT: PXM 1 -> APIC 0x7a -> Node 1
[    0.000000] SRAT: PXM 1 -> APIC 0x7b -> Node 1
[    0.000000] SRAT: Node 0 PXM 0 [mem 0x00000000-0xcfffffff]
[    0.000000] SRAT: Node 0 PXM 0 [mem 0x100000000-0x802fffffff]
[    0.000000] SRAT: Node 1 PXM 1 [mem 0x10000000000-0x17fffffffff]
[    0.000000] NUMA: Initialized distance table, cnt=2
[    0.000000] NUMA: Node 0 [mem 0x00000000-0xcfffffff] + [mem 0x100000000-0x802fffffff] -> [mem 0x00000000-0x802fffffff]
[    0.000000] NODE_DATA(0) allocated [mem 0x802efd9000-0x802effffff]
[    0.000000] NODE_DATA(1) allocated [mem 0x17fffbd5000-0x17fffbfbfff]
[    0.000000] Reserving 224MB of memory at 544MB for crashkernel (System RAM: 1048457MB)
[    0.000000] Zone ranges:
[    0.000000]   DMA      [mem 0x00001000-0x00ffffff]
[    0.000000]   DMA32    [mem 0x01000000-0xffffffff]
[    0.000000]   Normal   [mem 0x100000000-0x17fffbfffff]
[    0.000000] Movable zone start for each node
[    0.000000] Early memory node ranges
[    0.000000]   node   0: [mem 0x00001000-0x0009ffff]
[    0.000000]   node   0: [mem 0x00100000-0x75daffff]
[    0.000000]   node   0: [mem 0x76000000-0xc8de4fff]
[    0.000000]   node   0: [mem 0xca253000-0xca311fff]
[    0.000000]   node   0: [mem 0xcae6d000-0xcbffffff]
[    0.000000]   node   0: [mem 0x100000000-0x802effffff]
[    0.000000]   node   1: [mem 0x10000000000-0x17fffbfffff]
[    0.000000] Initmem setup node 0 [mem 0x00001000-0x802effffff]
[    0.000000] On node 0 totalpages: 134188422
[    0.000000]   DMA zone: 64 pages used for memmap
[    0.000000]   DMA zone: 29 pages reserved
[    0.000000]   DMA zone: 3999 pages, LIFO batch:0
[    0.000000]   DMA32 zone: 12856 pages used for memmap
[    0.000000]   DMA32 zone: 822759 pages, LIFO batch:31
[    0.000000]   Normal zone: 2083776 pages used for memmap
[    0.000000]   Normal zone: 133361664 pages, LIFO batch:31
[    0.000000] Initmem setup node 1 [mem 0x10000000000-0x17fffbfffff]
[    0.000000] On node 1 totalpages: 134216704
[    0.000000]   Normal zone: 2097136 pages used for memmap
[    0.000000]   Normal zone: 134216704 pages, LIFO batch:31
[    0.000000] ACPI: PM-Timer IO Port: 0x808
[    0.000000] ACPI: Local APIC address 0xfee00000
[    0.000000] ACPI: LAPIC (acpi_id[0x00] lapic_id[0x00] enabled)
[    0.000000] ACPI: LAPIC (acpi_id[0x02] lapic_id[0x02] enabled)
[    0.000000] ACPI: LAPIC (acpi_id[0x04] lapic_id[0x08] enabled)
[    0.000000] ACPI: LAPIC (acpi_id[0x06] lapic_id[0x0a] enabled)
[    0.000000] ACPI: LAPIC (acpi_id[0x08] lapic_id[0x10] enabled)
[    0.000000] ACPI: LAPIC (acpi_id[0x0a] lapic_id[0x12] enabled)
[    0.000000] ACPI: LAPIC (acpi_id[0x0c] lapic_id[0x18] enabled)
[    0.000000] ACPI: LAPIC (acpi_id[0x0e] lapic_id[0x1a] enabled)
[    0.000000] ACPI: LAPIC (acpi_id[0x10] lapic_id[0x20] enabled)
[    0.000000] ACPI: LAPIC (acpi_id[0x12] lapic_id[0x22] enabled)
[    0.000000] ACPI: LAPIC (acpi_id[0x14] lapic_id[0x28] enabled)
[    0.000000] ACPI: LAPIC (acpi_id[0x16] lapic_id[0x2a] enabled)
[    0.000000] ACPI: LAPIC (acpi_id[0x18] lapic_id[0x30] enabled)
[    0.000000] ACPI: LAPIC (acpi_id[0x1a] lapic_id[0x32] enabled)
[    0.000000] ACPI: LAPIC (acpi_id[0x1c] lapic_id[0x38] enabled)
[    0.000000] ACPI: LAPIC (acpi_id[0x1e] lapic_id[0x3a] enabled)
[    0.000000] ACPI: LAPIC (acpi_id[0x20] lapic_id[0x40] enabled)
[    0.000000] ACPI: LAPIC (acpi_id[0x22] lapic_id[0x42] enabled)
[    0.000000] ACPI: LAPIC (acpi_id[0x24] lapic_id[0x48] enabled)
[    0.000000] ACPI: LAPIC (acpi_id[0x26] lapic_id[0x4a] enabled)
[    0.000000] ACPI: LAPIC (acpi_id[0x28] lapic_id[0x50] enabled)
[    0.000000] ACPI: LAPIC (acpi_id[0x2a] lapic_id[0x52] enabled)
[    0.000000] ACPI: LAPIC (acpi_id[0x2c] lapic_id[0x58] enabled)
[    0.000000] ACPI: LAPIC (acpi_id[0x2e] lapic_id[0x5a] enabled)
[    0.000000] ACPI: LAPIC (acpi_id[0x30] lapic_id[0x60] enabled)
[    0.000000] ACPI: LAPIC (acpi_id[0x32] lapic_id[0x62] enabled)
[    0.000000] ACPI: LAPIC (acpi_id[0x34] lapic_id[0x68] enabled)
[    0.000000] ACPI: LAPIC (acpi_id[0x36] lapic_id[0x6a] enabled)
[    0.000000] ACPI: LAPIC (acpi_id[0x38] lapic_id[0x70] enabled)
[    0.000000] ACPI: LAPIC (acpi_id[0x3a] lapic_id[0x72] enabled)
[    0.000000] ACPI: LAPIC (acpi_id[0x3c] lapic_id[0x78] enabled)
[    0.000000] ACPI: LAPIC (acpi_id[0x3e] lapic_id[0x7a] enabled)
[    0.000000] ACPI: LAPIC (acpi_id[0x01] lapic_id[0x01] enabled)
[    0.000000] ACPI: LAPIC (acpi_id[0x03] lapic_id[0x03] enabled)
[    0.000000] ACPI: LAPIC (acpi_id[0x05] lapic_id[0x09] enabled)
[    0.000000] ACPI: LAPIC (acpi_id[0x07] lapic_id[0x0b] enabled)
[    0.000000] ACPI: LAPIC (acpi_id[0x09] lapic_id[0x11] enabled)
[    0.000000] ACPI: LAPIC (acpi_id[0x0b] lapic_id[0x13] enabled)
[    0.000000] ACPI: LAPIC (acpi_id[0x0d] lapic_id[0x19] enabled)
[    0.000000] ACPI: LAPIC (acpi_id[0x0f] lapic_id[0x1b] enabled)
[    0.000000] ACPI: LAPIC (acpi_id[0x11] lapic_id[0x21] enabled)
[    0.000000] ACPI: LAPIC (acpi_id[0x13] lapic_id[0x23] enabled)
[    0.000000] ACPI: LAPIC (acpi_id[0x15] lapic_id[0x29] enabled)
[    0.000000] ACPI: LAPIC (acpi_id[0x17] lapic_id[0x2b] enabled)
[    0.000000] ACPI: LAPIC (acpi_id[0x19] lapic_id[0x31] enabled)
[    0.000000] ACPI: LAPIC (acpi_id[0x1b] lapic_id[0x33] enabled)
[    0.000000] ACPI: LAPIC (acpi_id[0x1d] lapic_id[0x39] enabled)
[    0.000000] ACPI: LAPIC (acpi_id[0x1f] lapic_id[0x3b] enabled)
[    0.000000] ACPI: LAPIC (acpi_id[0x21] lapic_id[0x41] enabled)
[    0.000000] ACPI: LAPIC (acpi_id[0x23] lapic_id[0x43] enabled)
[    0.000000] ACPI: LAPIC (acpi_id[0x25] lapic_id[0x49] enabled)
[    0.000000] ACPI: LAPIC (acpi_id[0x27] lapic_id[0x4b] enabled)
[    0.000000] ACPI: LAPIC (acpi_id[0x29] lapic_id[0x51] enabled)
[    0.000000] ACPI: LAPIC (acpi_id[0x2b] lapic_id[0x53] enabled)
[    0.000000] ACPI: LAPIC (acpi_id[0x2d] lapic_id[0x59] enabled)
[    0.000000] ACPI: LAPIC (acpi_id[0x2f] lapic_id[0x5b] enabled)
[    0.000000] ACPI: LAPIC (acpi_id[0x31] lapic_id[0x61] enabled)
[    0.000000] ACPI: LAPIC (acpi_id[0x33] lapic_id[0x63] enabled)
[    0.000000] ACPI: LAPIC (acpi_id[0x35] lapic_id[0x69] enabled)
[    0.000000] ACPI: LAPIC (acpi_id[0x37] lapic_id[0x6b] enabled)
[    0.000000] ACPI: LAPIC (acpi_id[0x39] lapic_id[0x71] enabled)
[    0.000000] ACPI: LAPIC (acpi_id[0x3b] lapic_id[0x73] enabled)
[    0.000000] ACPI: LAPIC (acpi_id[0x3d] lapic_id[0x79] enabled)
[    0.000000] ACPI: LAPIC (acpi_id[0x3f] lapic_id[0x7b] enabled)
[    0.000000] ACPI: LAPIC_NMI (acpi_id[0xff] high edge lint[0x1])
[    0.000000] ACPI: IOAPIC (id[0x80] address[0xfec00000] gsi_base[0])
[    0.000000] IOAPIC[0]: apic_id 128, version 33, address 0xfec00000, GSI 0-23
[    0.000000] ACPI: IOAPIC (id[0x81] address[0xdfaf0000] gsi_base[24])
[    0.000000] IOAPIC[1]: apic_id 129, version 33, address 0xdfaf0000, GSI 24-55
[    0.000000] ACPI: IOAPIC (id[0x82] address[0xd7ff0000] gsi_base[56])
[    0.000000] IOAPIC[2]: apic_id 130, version 33, address 0xd7ff0000, GSI 56-87
[    0.000000] ACPI: IOAPIC (id[0x83] address[0xd58f0000] gsi_base[88])
[    0.000000] IOAPIC[3]: apic_id 131, version 33, address 0xd58f0000, GSI 88-119
[    0.000000] ACPI: IOAPIC (id[0x84] address[0xd52f0000] gsi_base[120])
[    0.000000] IOAPIC[4]: apic_id 132, version 33, address 0xd52f0000, GSI 120-151
[    0.000000] ACPI: IOAPIC (id[0x85] address[0xd4cf0000] gsi_base[152])
[    0.000000] IOAPIC[5]: apic_id 133, version 33, address 0xd4cf0000, GSI 152-183
[    0.000000] ACPI: IOAPIC (id[0x86] address[0xd46f0000] gsi_base[184])
[    0.000000] IOAPIC[6]: apic_id 134, version 33, address 0xd46f0000, GSI 184-215
[    0.000000] ACPI: IOAPIC (id[0x87] address[0xd40f0000] gsi_base[216])
[    0.000000] IOAPIC[7]: apic_id 135, version 33, address 0xd40f0000, GSI 216-247
[    0.000000] ACPI: IOAPIC (id[0x88] address[0xd3af0000] gsi_base[248])
[    0.000000] IOAPIC[8]: apic_id 136, version 33, address 0xd3af0000, GSI 248-279
[    0.000000] ACPI: INT_SRC_OVR (bus 0 bus_irq 0 global_irq 2 dfl dfl)
[    0.000000] ACPI: INT_SRC_OVR (bus 0 bus_irq 9 global_irq 9 low level)
[    0.000000] ACPI: IRQ0 used by override.
[    0.000000] ACPI: IRQ9 used by override.
[    0.000000] Using ACPI (MADT) for SMP configuration information
[    0.000000] ACPI: HPET id: 0x10228201 base: 0xfed00000
[    0.000000] smpboot: Allowing 64 CPUs, 0 hotplug CPUs
[    0.000000] PM: Registered nosave memory: [mem 0x000a0000-0x000fffff]
[    0.000000] PM: Registered nosave memory: [mem 0x75db0000-0x75ffffff]
[    0.000000] PM: Registered nosave memory: [mem 0x9384b000-0x9384bfff]
[    0.000000] PM: Registered nosave memory: [mem 0x9387b000-0x9387bfff]
[    0.000000] PM: Registered nosave memory: [mem 0x9387c000-0x9387cfff]
[    0.000000] PM: Registered nosave memory: [mem 0x9388c000-0x9388cfff]
[    0.000000] PM: Registered nosave memory: [mem 0xc8de5000-0xca252fff]
[    0.000000] PM: Registered nosave memory: [mem 0xca312000-0xca67ffff]
[    0.000000] PM: Registered nosave memory: [mem 0xca680000-0xcae6cfff]
[    0.000000] PM: Registered nosave memory: [mem 0xcc000000-0xcfffffff]
[    0.000000] PM: Registered nosave memory: [mem 0xd0000000-0xd38fffff]
[    0.000000] PM: Registered nosave memory: [mem 0xd3900000-0xd3a7ffff]
[    0.000000] PM: Registered nosave memory: [mem 0xd3a80000-0xd3aeffff]
[    0.000000] PM: Registered nosave memory: [mem 0xd3af0000-0xd3af0fff]
[    0.000000] PM: Registered nosave memory: [mem 0xd3af1000-0xd3efffff]
[    0.000000] PM: Registered nosave memory: [mem 0xd3f00000-0xd407ffff]
[    0.000000] PM: Registered nosave memory: [mem 0xd4080000-0xd40effff]
[    0.000000] PM: Registered nosave memory: [mem 0xd40f0000-0xd40f0fff]
[    0.000000] PM: Registered nosave memory: [mem 0xd40f1000-0xd44fffff]
[    0.000000] PM: Registered nosave memory: [mem 0xd4500000-0xd467ffff]
[    0.000000] PM: Registered nosave memory: [mem 0xd4680000-0xd46effff]
[    0.000000] PM: Registered nosave memory: [mem 0xd46f0000-0xd46f0fff]
[    0.000000] PM: Registered nosave memory: [mem 0xd46f1000-0xd4afffff]
[    0.000000] PM: Registered nosave memory: [mem 0xd4b00000-0xd4c7ffff]
[    0.000000] PM: Registered nosave memory: [mem 0xd4c80000-0xd4ceffff]
[    0.000000] PM: Registered nosave memory: [mem 0xd4cf0000-0xd4cf0fff]
[    0.000000] PM: Registered nosave memory: [mem 0xd4cf1000-0xd50fffff]
[    0.000000] PM: Registered nosave memory: [mem 0xd5100000-0xd527ffff]
[    0.000000] PM: Registered nosave memory: [mem 0xd5280000-0xd52effff]
[    0.000000] PM: Registered nosave memory: [mem 0xd52f0000-0xd52f0fff]
[    0.000000] PM: Registered nosave memory: [mem 0xd52f1000-0xd56fffff]
[    0.000000] PM: Registered nosave memory: [mem 0xd5700000-0xd587ffff]
[    0.000000] PM: Registered nosave memory: [mem 0xd5880000-0xd58effff]
[    0.000000] PM: Registered nosave memory: [mem 0xd58f0000-0xd58f0fff]
[    0.000000] PM: Registered nosave memory: [mem 0xd58f1000-0xd7dfffff]
[    0.000000] PM: Registered nosave memory: [mem 0xd7e00000-0xd7f7ffff]
[    0.000000] PM: Registered nosave memory: [mem 0xd7f80000-0xd7feffff]
[    0.000000] PM: Registered nosave memory: [mem 0xd7ff0000-0xd7ff0fff]
[    0.000000] PM: Registered nosave memory: [mem 0xd7ff1000-0xdf9fffff]
[    0.000000] PM: Registered nosave memory: [mem 0xdfa00000-0xdfa7ffff]
[    0.000000] PM: Registered nosave memory: [mem 0xdfa80000-0xdfaeffff]
[    0.000000] PM: Registered nosave memory: [mem 0xdfaf0000-0xdfaf0fff]
[    0.000000] PM: Registered nosave memory: [mem 0xdfaf1000-0xfe9fffff]
[    0.000000] PM: Registered nosave memory: [mem 0xfea00000-0xfeafffff]
[    0.000000] PM: Registered nosave memory: [mem 0xfeb00000-0xfebfffff]
[    0.000000] PM: Registered nosave memory: [mem 0xfec00000-0xfec00fff]
[    0.000000] PM: Registered nosave memory: [mem 0xfec01000-0xfec0ffff]
[    0.000000] PM: Registered nosave memory: [mem 0xfec10000-0xfec10fff]
[    0.000000] PM: Registered nosave memory: [mem 0xfec11000-0xfecfffff]
[    0.000000] PM: Registered nosave memory: [mem 0xfed00000-0xfed00fff]
[    0.000000] PM: Registered nosave memory: [mem 0xfed01000-0xfed3ffff]
[    0.000000] PM: Registered nosave memory: [mem 0xfed40000-0xfed44fff]
[    0.000000] PM: Registered nosave memory: [mem 0xfed45000-0xfed7ffff]
[    0.000000] PM: Registered nosave memory: [mem 0xfed80000-0xfed8ffff]
[    0.000000] PM: Registered nosave memory: [mem 0xfed90000-0xfedbffff]
[    0.000000] PM: Registered nosave memory: [mem 0xfedc0000-0xfedc0fff]
[    0.000000] PM: Registered nosave memory: [mem 0xfedc1000-0xfedc1fff]
[    0.000000] PM: Registered nosave memory: [mem 0xfedc2000-0xfedc5fff]
[    0.000000] PM: Registered nosave memory: [mem 0xfedc6000-0xfedc6fff]
[    0.000000] PM: Registered nosave memory: [mem 0xfedc7000-0xfedc7fff]
[    0.000000] PM: Registered nosave memory: [mem 0xfedc8000-0xfedc8fff]
[    0.000000] PM: Registered nosave memory: [mem 0xfedc9000-0xfedcafff]
[    0.000000] PM: Registered nosave memory: [mem 0xfedcb000-0xfedfffff]
[    0.000000] PM: Registered nosave memory: [mem 0xfee00000-0xfeefffff]
[    0.000000] PM: Registered nosave memory: [mem 0xfef00000-0xfeffffff]
[    0.000000] PM: Registered nosave memory: [mem 0xff000000-0xffffffff]
[    0.000000] PM: Registered nosave memory: [mem 0x802f000000-0xffffffffff]
[    0.000000] e820: [mem 0xdfaf1000-0xfe9fffff] available for PCI devices
[    0.000000] Booting paravirtualized kernel on bare hardware
[    0.000000] setup_percpu: NR_CPUS:5120 nr_cpumask_bits:64 nr_cpu_ids:64 nr_node_ids:2
[    0.000000] PERCPU: Embedded 35 pages/cpu @ffff8a0dee600000 s104920 r8192 d30248 u262144
[    0.000000] pcpu-alloc: s104920 r8192 d30248 u262144 alloc=1*2097152
[    0.000000] pcpu-alloc: [0] 00 01 02 03 04 05 06 07 [0] 08 09 10 11 12 13 14 15 
[    0.000000] pcpu-alloc: [0] 32 33 34 35 36 37 38 39 [0] 40 41 42 43 44 45 46 47 
[    0.000000] pcpu-alloc: [1] 16 17 18 19 20 21 22 23 [1] 24 25 26 27 28 29 30 31 
[    0.000000] pcpu-alloc: [1] 48 49 50 51 52 53 54 55 [1] 56 57 58 59 60 61 62 63 
[    0.000000] Built 2 zonelists in Zone order, mobility grouping on.  Total pages: 264211265
[    0.000000] Policy zone: Normal
[    0.000000] Kernel command line: BOOT_IMAGE=/boot/vmlinuz-3.10.0-862.9.1.el7.x86_64 root=UUID=62ac631c-9f7f-43ab-8c6a-a31f8cb22707 ro crashkernel=auto rhgb quiet LANG=en_US.UTF-8
[    0.000000] PID hash table entries: 4096 (order: 3, 32768 bytes)
[    0.000000] x86/fpu: xstate_offset[2]: 0240, xstate_sizes[2]: 0100
[    0.000000] xsave: enabled xstate_bv 0x7, cntxt size 0x340 using standard form
[    0.000000] Memory: 11350216k/1610608640k available (7328k kernel code, 536988136k absent, 17152008k reserved, 6301k data, 1832k init)
[    0.000000] SLUB: HWalign=64, Order=0-3, MinObjects=0, CPUs=64, Nodes=2
[    0.000000] Hierarchical RCU implementation.
[    0.000000] 	RCU restricting CPUs from NR_CPUS=5120 to nr_cpu_ids=64.
[    0.000000] NR_IRQS:327936 nr_irqs:5288 0
[    0.000000] Console: colour dummy device 80x25
[    0.000000] console [tty0] enabled
[    0.000000] allocated 4294967296 bytes of page_cgroup
[    0.000000] please try 'cgroup_disable=memory' option if you don't want memory cgroups
[    0.000000] Enabling automatic NUMA balancing. Configure with numa_balancing= or the kernel.numa_balancing sysctl
[    0.000000] hpet clockevent registered
[    0.000000] tsc: Fast TSC calibration using PIT
[    0.000000] tsc: Detected 2195.834 MHz processor
[    0.000050] Calibrating delay loop (skipped), value calculated using timer frequency.. 4391.66 BogoMIPS (lpj=2195834)
[    0.000053] pid_max: default: 65536 minimum: 512
[    0.001080] Security Framework initialized
[    0.001086] SELinux:  Initializing.
[    0.001099] SELinux:  Starting in permissive mode
[    0.001100] Yama: becoming mindful.
[    0.057110] Dentry cache hash table entries: 134217728 (order: 18, 1073741824 bytes)
[    0.254050] random: fast init done
[    0.263830] Inode-cache hash table entries: 67108864 (order: 17, 536870912 bytes)
[    0.354053] Mount-cache hash table entries: 2097152 (order: 12, 16777216 bytes)
[    0.354897] Mountpoint-cache hash table entries: 2097152 (order: 12, 16777216 bytes)
[    0.360690] Initializing cgroup subsys memory
[    0.360706] Initializing cgroup subsys devices
[    0.360708] Initializing cgroup subsys freezer
[    0.360710] Initializing cgroup subsys net_cls
[    0.360711] Initializing cgroup subsys blkio
[    0.360712] Initializing cgroup subsys perf_event
[    0.360716] Initializing cgroup subsys hugetlb
[    0.360717] Initializing cgroup subsys pids
[    0.360719] Initializing cgroup subsys net_prio
[    0.360761] tseg: 00cc000000
[    0.360763] CPU: Physical Processor ID: 0
[    0.360764] CPU: Processor Core ID: 0
[    0.366619] mce: CPU supports 23 MCE banks
[    0.366654] LVT offset 2 assigned for vector 0xf4
[    0.366666] Last level iTLB entries: 4KB 1024, 2MB 1024, 4MB 512
[    0.366667] Last level dTLB entries: 4KB 1536, 2MB 1536, 4MB 768
[    0.366668] tlb_flushall_shift: 6
[    0.366682] Speculative Store Bypass: Mitigation: Speculative Store Bypass disabled via prctl and seccomp
[    0.366684] FEATURE SPEC_CTRL Not Present
[    0.366684] FEATURE IBPB_SUPPORT Present
[    0.366769] Spectre V2 : Mitigation: Full retpoline
[    0.367341] Freeing SMP alternatives: 24k freed
[    0.369194] ACPI: Core revision 20130517
[    0.376935] ACPI: All ACPI Tables successfully acquired
[    0.377794] ------------[ cut here ]------------
[    0.377801] WARNING: CPU: 0 PID: 0 at arch/x86/mm/ioremap.c:115 __ioremap_caller+0x179/0x340
[    0.377803] ioremap on RAM at 0xc5fec018 - 0xc5fec01d
[    0.377805] Modules linked in:
[    0.377808] CPU: 0 PID: 0 Comm: swapper/0 Not tainted 3.10.0-862.9.1.el7.x86_64 #1
[    0.377810] Hardware name: To be filled by O.E.M. To be filled by O.E.M./To be filled by O.E.M., BIOS 5.13 08/29/2018
[    0.377811] Call Trace:
[    0.377818]  [<ffffffff8570e84e>] dump_stack+0x19/0x1b
[    0.377821]  [<ffffffff85091e18>] __warn+0xd8/0x100
[    0.377823]  [<ffffffff85091e9f>] warn_slowpath_fmt+0x5f/0x80
[    0.377826]  [<ffffffff8506fa39>] __ioremap_caller+0x179/0x340
[    0.377831]  [<ffffffff85d903fa>] ? efi_bgrt_init+0x6c/0x108
[    0.377834]  [<ffffffff8506fc17>] ioremap_nocache+0x17/0x20
[    0.377836]  [<ffffffff85d903fa>] efi_bgrt_init+0x6c/0x108
[    0.377838]  [<ffffffff85d8f6ee>] efi_late_init+0x13/0x15
[    0.377842]  [<ffffffff85d6c1b2>] start_kernel+0x437/0x467
[    0.377844]  [<ffffffff85d6bb7b>] ? repair_env_string+0x5c/0x5c
[    0.377846]  [<ffffffff85d6b120>] ? early_idt_handler_array+0x120/0x120
[    0.377848]  [<ffffffff85d6b72f>] x86_64_start_reservations+0x24/0x26
[    0.377850]  [<ffffffff85d6b885>] x86_64_start_kernel+0x154/0x177
[    0.377853]  [<ffffffff850000d5>] start_cpu+0x5/0x14
[    0.377857] ---[ end trace 17ffca4cfec4f0c5 ]---
[    0.377858] Ignoring BGRT: failed to map image header memory
[    0.378464] ftrace: allocating 28072 entries in 110 pages
[    1.248168] Switched APIC routing to physical flat.
[    1.250754] ..TIMER: vector=0x30 apic1=0 pin1=2 apic2=-1 pin2=-1
[    1.260757] smpboot: CPU0: AMD EPYC 7301 16-Core Processor (fam: 17, model: 01, stepping: 02)
[    1.362073] Performance Events: Fam17h core perfctr, AMD PMU driver.
[    1.362078] ... version:                0
[    1.362079] ... bit width:              48
[    1.362079] ... generic registers:      6
[    1.362080] ... value mask:             0000ffffffffffff
[    1.362081] ... max period:             00007fffffffffff
[    1.362082] ... fixed-purpose events:   0
[    1.362083] ... event mask:             000000000000003f
[    1.364132] NMI watchdog: enabled on all CPUs, permanently consumes one hw-PMU counter.
[    1.364204] smpboot: Booting Node   0, Processors  #1 #2 #3 #4 #5 #6 #7 #8 #9 #10 #11 #12 #13 #14 #15 OK
[    1.485982] smpboot: Booting Node   1, Processors  #16 #17 #18 #19 #20 #21 #22 #23 #24 #25 #26 #27 #28 #29 #30 #31 OK
[    1.694476] smpboot: Booting Node   0, Processors  #32 #33 #34 #35 #36 #37 #38 #39 #40 #41 #42 #43 #44 #45 #46 #47 OK
[    1.824119] smpboot: Booting Node   1, Processors  #48 #49 #50 #51 #52 #53 #54 #55 #56 #57 #58 #59 #60 #61 #62 #63 OK
[    1.954885] Brought up 64 CPUs
[    1.954888] smpboot: Max logical packages: 2
[    1.954894] smpboot: Total of 64 processors activated (281084.22 BogoMIPS)
[    4.396543] node 0 initialised, 130209963 pages in 2430ms
[    4.458267] node 1 initialised, 131069605 pages in 2491ms
[    4.458732] devtmpfs: initialized
[    4.546029] EVM: security.selinux
[    4.546031] EVM: security.ima
[    4.546033] EVM: security.capability
[    4.546150] PM: Registering ACPI NVS region [mem 0xca312000-0xca67ffff] (3596288 bytes)
[    4.547649] atomic64 test passed for x86-64 platform with CX8 and with SSE
[    4.547653] pinctrl core: initialized pinctrl subsystem
[    4.547740] RTC time: 14:25:49, date: 08/30/18
[    4.547874] NET: Registered protocol family 16
[    4.548446] ACPI: bus type PCI registered
[    4.548448] acpiphp: ACPI Hot Plug PCI Controller Driver version: 0.5
[    4.548544] PCI: MMCONFIG for domain 0000 [bus 00-ff] at [mem 0xe0000000-0xefffffff] (base 0xe0000000)
[    4.548548] PCI: not using MMCONFIG
[    4.548549] PCI: Using configuration type 1 for base access
[    4.548550] PCI: Using configuration type 1 for extended access
[    4.570844] ACPI: Added _OSI(Module Device)
[    4.570847] ACPI: Added _OSI(Processor Device)
[    4.570848] ACPI: Added _OSI(3.0 _SCP Extensions)
[    4.570850] ACPI: Added _OSI(Processor Aggregator Device)
[    4.572137] ACPI: EC: Look up EC in DSDT
[    4.627545] ACPI: Interpreter enabled
[    4.627558] ACPI: (supports S0 S5)
[    4.627559] ACPI: Using IOAPIC for interrupt routing
[    4.627791] PCI: MMCONFIG for domain 0000 [bus 00-ff] at [mem 0xe0000000-0xefffffff] (base 0xe0000000)
[    4.627829] PCI: MMCONFIG at [mem 0xe0000000-0xefffffff] reserved in ACPI motherboard resources
[    4.627876] HEST: Table parsing has been initialized.
[    4.627880] PCI: Using host bridge windows from ACPI; if necessary, use "pci=nocrs" and report a bug
[    4.627918] ACPI: Enabled 2 GPEs in block 00 to 1F
[    4.629545] ACPI: Power Resource [P0SA] (off)
[    4.629568] ACPI: Power Resource [P3SA] (off)
[    4.631538] ACPI: Power Resource [P0SA] (off)
[    4.631560] ACPI: Power Resource [P3SA] (off)
[    4.632434] ACPI: Power Resource [P0SA] (off)
[    4.632456] ACPI: Power Resource [P3SA] (off)
[    4.633315] ACPI: Power Resource [P0SA] (off)
[    4.633342] ACPI: Power Resource [P3SA] (off)
[    4.634182] ACPI: Power Resource [P0SA] (off)
[    4.634203] ACPI: Power Resource [P3SA] (off)
[    4.635056] ACPI: Power Resource [P0SA] (off)
[    4.635078] ACPI: Power Resource [P3SA] (off)
[    4.635939] ACPI: Power Resource [P0SA] (off)
[    4.635965] ACPI: Power Resource [P3SA] (off)
[    4.636814] ACPI: Power Resource [P0SA] (off)
[    4.636839] ACPI: Power Resource [P3SA] (off)
[    4.638940] ACPI: PCI Root Bridge [PCI0] (domain 0000 [bus 00-1f])
[    4.638947] acpi PNP0A08:00: _OSC: OS supports [ExtendedConfig ASPM ClockPM Segments MSI]
[    4.639120] acpi PNP0A08:00: _OSC: OS now controls [PCIeHotplug PME AER PCIeCapability]
[    4.639356] PCI host bridge to bus 0000:00
[    4.639359] pci_bus 0000:00: root bus resource [bus 00-1f]
[    4.639362] pci_bus 0000:00: root bus resource [io  0x0000-0x02e7 window]
[    4.639364] pci_bus 0000:00: root bus resource [io  0x0300-0x03af window]
[    4.639366] pci_bus 0000:00: root bus resource [io  0x0400-0x0cf7 window]
[    4.639369] pci_bus 0000:00: root bus resource [io  0x0d00-0x0fff window]
[    4.639371] pci_bus 0000:00: root bus resource [mem 0x000c0000-0x000dffff window]
[    4.639372] pci_bus 0000:00: root bus resource [mem 0xdfb00000-0xdfffffff window]
[    4.639374] pci_bus 0000:00: root bus resource [mem 0x1f000000000-0x1ffffffffff window]
[    4.639382] pci 0000:00:00.0: [1022:1450] type 00 class 0x060000
[    4.639455] pci 0000:00:00.2: [1022:1451] type 00 class 0x080600
[    4.639543] pci 0000:00:01.0: [1022:1452] type 00 class 0x060000
[    4.639617] pci 0000:00:02.0: [1022:1452] type 00 class 0x060000
[    4.639692] pci 0000:00:03.0: [1022:1452] type 00 class 0x060000
[    4.639765] pci 0000:00:04.0: [1022:1452] type 00 class 0x060000
[    4.639845] pci 0000:00:07.0: [1022:1452] type 00 class 0x060000
[    4.639905] pci 0000:00:07.1: [1022:1454] type 01 class 0x060400
[    4.640018] pci 0000:00:07.1: PME# supported from D0 D3hot D3cold
[    4.640060] pci 0000:00:07.1: System wakeup disabled by ACPI
[    4.640103] pci 0000:00:08.0: [1022:1452] type 00 class 0x060000
[    4.640164] pci 0000:00:08.1: [1022:1454] type 01 class 0x060400
[    4.640876] pci 0000:00:08.1: PME# supported from D0 D3hot D3cold
[    4.640992] pci 0000:00:14.0: [1022:790b] type 00 class 0x0c0500
[    4.641197] pci 0000:00:14.3: [1022:790e] type 00 class 0x060100
[    4.641410] pci 0000:00:18.0: [1022:1460] type 00 class 0x060000
[    4.641457] pci 0000:00:18.1: [1022:1461] type 00 class 0x060000
[    4.641504] pci 0000:00:18.2: [1022:1462] type 00 class 0x060000
[    4.641550] pci 0000:00:18.3: [1022:1463] type 00 class 0x060000
[    4.641597] pci 0000:00:18.4: [1022:1464] type 00 class 0x060000
[    4.641644] pci 0000:00:18.5: [1022:1465] type 00 class 0x060000
[    4.641691] pci 0000:00:18.6: [1022:1466] type 00 class 0x060000
[    4.641738] pci 0000:00:18.7: [1022:1467] type 00 class 0x060000
[    4.641786] pci 0000:00:19.0: [1022:1460] type 00 class 0x060000
[    4.641837] pci 0000:00:19.1: [1022:1461] type 00 class 0x060000
[    4.641888] pci 0000:00:19.2: [1022:1462] type 00 class 0x060000
[    4.641938] pci 0000:00:19.3: [1022:1463] type 00 class 0x060000
[    4.641990] pci 0000:00:19.4: [1022:1464] type 00 class 0x060000
[    4.642039] pci 0000:00:19.5: [1022:1465] type 00 class 0x060000
[    4.642089] pci 0000:00:19.6: [1022:1466] type 00 class 0x060000
[    4.642140] pci 0000:00:19.7: [1022:1467] type 00 class 0x060000
[    4.642190] pci 0000:00:1a.0: [1022:1460] type 00 class 0x060000
[    4.642241] pci 0000:00:1a.1: [1022:1461] type 00 class 0x060000
[    4.642292] pci 0000:00:1a.2: [1022:1462] type 00 class 0x060000
[    4.642345] pci 0000:00:1a.3: [1022:1463] type 00 class 0x060000
[    4.642395] pci 0000:00:1a.4: [1022:1464] type 00 class 0x060000
[    4.642445] pci 0000:00:1a.5: [1022:1465] type 00 class 0x060000
[    4.642497] pci 0000:00:1a.6: [1022:1466] type 00 class 0x060000
[    4.642546] pci 0000:00:1a.7: [1022:1467] type 00 class 0x060000
[    4.642597] pci 0000:00:1b.0: [1022:1460] type 00 class 0x060000
[    4.642648] pci 0000:00:1b.1: [1022:1461] type 00 class 0x060000
[    4.642698] pci 0000:00:1b.2: [1022:1462] type 00 class 0x060000
[    4.642748] pci 0000:00:1b.3: [1022:1463] type 00 class 0x060000
[    4.642800] pci 0000:00:1b.4: [1022:1464] type 00 class 0x060000
[    4.642852] pci 0000:00:1b.5: [1022:1465] type 00 class 0x060000
[    4.642904] pci 0000:00:1b.6: [1022:1466] type 00 class 0x060000
[    4.642954] pci 0000:00:1b.7: [1022:1467] type 00 class 0x060000
[    4.643005] pci 0000:00:1c.0: [1022:1460] type 00 class 0x060000
[    4.643061] pci 0000:00:1c.1: [1022:1461] type 00 class 0x060000
[    4.643118] pci 0000:00:1c.2: [1022:1462] type 00 class 0x060000
[    4.643173] pci 0000:00:1c.3: [1022:1463] type 00 class 0x060000
[    4.643229] pci 0000:00:1c.4: [1022:1464] type 00 class 0x060000
[    4.643284] pci 0000:00:1c.5: [1022:1465] type 00 class 0x060000
[    4.643344] pci 0000:00:1c.6: [1022:1466] type 00 class 0x060000
[    4.643402] pci 0000:00:1c.7: [1022:1467] type 00 class 0x060000
[    4.643460] pci 0000:00:1d.0: [1022:1460] type 00 class 0x060000
[    4.643515] pci 0000:00:1d.1: [1022:1461] type 00 class 0x060000
[    4.643571] pci 0000:00:1d.2: [1022:1462] type 00 class 0x060000
[    4.643627] pci 0000:00:1d.3: [1022:1463] type 00 class 0x060000
[    4.643684] pci 0000:00:1d.4: [1022:1464] type 00 class 0x060000
[    4.643740] pci 0000:00:1d.5: [1022:1465] type 00 class 0x060000
[    4.643796] pci 0000:00:1d.6: [1022:1466] type 00 class 0x060000
[    4.643855] pci 0000:00:1d.7: [1022:1467] type 00 class 0x060000
[    4.643912] pci 0000:00:1e.0: [1022:1460] type 00 class 0x060000
[    4.643966] pci 0000:00:1e.1: [1022:1461] type 00 class 0x060000
[    4.644020] pci 0000:00:1e.2: [1022:1462] type 00 class 0x060000
[    4.644074] pci 0000:00:1e.3: [1022:1463] type 00 class 0x060000
[    4.644127] pci 0000:00:1e.4: [1022:1464] type 00 class 0x060000
[    4.644180] pci 0000:00:1e.5: [1022:1465] type 00 class 0x060000
[    4.644234] pci 0000:00:1e.6: [1022:1466] type 00 class 0x060000
[    4.644288] pci 0000:00:1e.7: [1022:1467] type 00 class 0x060000
[    4.644345] pci 0000:00:1f.0: [1022:1460] type 00 class 0x060000
[    4.644400] pci 0000:00:1f.1: [1022:1461] type 00 class 0x060000
[    4.644456] pci 0000:00:1f.2: [1022:1462] type 00 class 0x060000
[    4.644513] pci 0000:00:1f.3: [1022:1463] type 00 class 0x060000
[    4.644571] pci 0000:00:1f.4: [1022:1464] type 00 class 0x060000
[    4.644627] pci 0000:00:1f.5: [1022:1465] type 00 class 0x060000
[    4.644683] pci 0000:00:1f.6: [1022:1466] type 00 class 0x060000
[    4.644738] pci 0000:00:1f.7: [1022:1467] type 00 class 0x060000
[    4.645443] pci 0000:01:00.0: [1022:145a] type 00 class 0x130000
[    4.645539] pci 0000:01:00.2: [1022:1456] type 00 class 0x108000
[    4.645555] pci 0000:01:00.2: reg 0x18: [mem 0xdfc00000-0xdfcfffff]
[    4.645565] pci 0000:01:00.2: reg 0x24: [mem 0xdfd00000-0xdfd01fff]
[    4.645646] pci 0000:01:00.3: [1022:145f] type 00 class 0x0c0330
[    4.645660] pci 0000:01:00.3: reg 0x10: [mem 0xdfb00000-0xdfbfffff 64bit]
[    4.645712] pci 0000:01:00.3: PME# supported from D0 D3hot D3cold
[    4.645774] pci 0000:00:07.1: PCI bridge to [bus 01]
[    4.645780] pci 0000:00:07.1:   bridge window [mem 0xdfb00000-0xdfdfffff]
[    4.645873] pci 0000:02:00.0: [1022:1455] type 00 class 0x130000
[    4.645975] pci 0000:02:00.1: [1022:1468] type 00 class 0x108000
[    4.645991] pci 0000:02:00.1: reg 0x18: [mem 0xdfe00000-0xdfefffff]
[    4.646002] pci 0000:02:00.1: reg 0x24: [mem 0xdff00000-0xdff01fff]
[    4.646097] pci 0000:00:08.1: PCI bridge to [bus 02]
[    4.646102] pci 0000:00:08.1:   bridge window [mem 0xdfe00000-0xdfffffff]
[    4.646116] pci_bus 0000:00: on NUMA node 0
[    4.646809] ACPI: PCI Root Bridge [S0D1] (domain 0000 [bus 20-3f])
[    4.646813] acpi PNP0A08:01: _OSC: OS supports [ExtendedConfig ASPM ClockPM Segments MSI]
[    4.646985] acpi PNP0A08:01: _OSC: OS now controls [PCIeHotplug PME AER PCIeCapability]
[    4.647180] PCI host bridge to bus 0000:20
[    4.647182] pci_bus 0000:20: root bus resource [bus 20-3f]
[    4.647184] pci_bus 0000:20: root bus resource [io  0x03b0-0x03df window]
[    4.647186] pci_bus 0000:20: root bus resource [io  0x1000-0x1fff window]
[    4.647188] pci_bus 0000:20: root bus resource [mem 0x000a0000-0x000bffff window]
[    4.647189] pci_bus 0000:20: root bus resource [mem 0xd8000000-0xdf9fffff window]
[    4.647191] pci_bus 0000:20: root bus resource [mem 0x1e000000000-0x1efffffffff window]
[    4.647197] pci 0000:20:00.0: [1022:1450] type 00 class 0x060000
[    4.647261] pci 0000:20:00.2: [1022:1451] type 00 class 0x080600
[    4.647352] pci 0000:20:01.0: [1022:1452] type 00 class 0x060000
[    4.647415] pci 0000:20:01.1: [1022:1453] type 01 class 0x060400
[    4.647900] pci 0000:20:01.1: PME# supported from D0 D3hot D3cold
[    4.647984] pci 0000:20:02.0: [1022:1452] type 00 class 0x060000
[    4.648059] pci 0000:20:03.0: [1022:1452] type 00 class 0x060000
[    4.648133] pci 0000:20:04.0: [1022:1452] type 00 class 0x060000
[    4.648211] pci 0000:20:07.0: [1022:1452] type 00 class 0x060000
[    4.648271] pci 0000:20:07.1: [1022:1454] type 01 class 0x060400
[    4.648836] pci 0000:20:07.1: PME# supported from D0 D3hot D3cold
[    4.648874] pci 0000:20:07.1: System wakeup disabled by ACPI
[    4.648919] pci 0000:20:08.0: [1022:1452] type 00 class 0x060000
[    4.648979] pci 0000:20:08.1: [1022:1454] type 01 class 0x060400
[    4.649096] pci 0000:20:08.1: PME# supported from D0 D3hot D3cold
[    4.649309] pci 0000:21:00.0: [1a03:1150] type 01 class 0x060400
[    4.649431] pci 0000:21:00.0: supports D1 D2
[    4.649433] pci 0000:21:00.0: PME# supported from D0 D1 D2 D3hot D3cold
[    4.651347] pci 0000:20:01.1: PCI bridge to [bus 21-22]
[    4.651352] pci 0000:20:01.1:   bridge window [io  0x1000-0x1fff]
[    4.651355] pci 0000:20:01.1:   bridge window [mem 0xd8000000-0xdc0fffff]
[    4.651418] pci 0000:22:00.0: [1a03:2000] type 00 class 0x030000
[    4.651443] pci 0000:22:00.0: reg 0x10: [mem 0xd8000000-0xdbffffff]
[    4.651457] pci 0000:22:00.0: reg 0x14: [mem 0xdc000000-0xdc01ffff]
[    4.651470] pci 0000:22:00.0: reg 0x18: [io  0x1000-0x107f]
[    4.651570] pci 0000:22:00.0: supports D1 D2
[    4.651572] pci 0000:22:00.0: PME# supported from D0 D1 D2 D3hot D3cold
[    4.651664] pci 0000:21:00.0: PCI bridge to [bus 22]
[    4.651672] pci 0000:21:00.0:   bridge window [io  0x1000-0x1fff]
[    4.651676] pci 0000:21:00.0:   bridge window [mem 0xd8000000-0xdc0fffff]
[    4.651860] pci 0000:23:00.0: [1022:145a] type 00 class 0x130000
[    4.651962] pci 0000:23:00.2: [1022:1456] type 00 class 0x108000
[    4.651978] pci 0000:23:00.2: reg 0x18: [mem 0xdc300000-0xdc3fffff]
[    4.651989] pci 0000:23:00.2: reg 0x24: [mem 0xdc400000-0xdc401fff]
[    4.652074] pci 0000:23:00.3: [1022:145f] type 00 class 0x0c0330
[    4.652088] pci 0000:23:00.3: reg 0x10: [mem 0xdc200000-0xdc2fffff 64bit]
[    4.652145] pci 0000:23:00.3: PME# supported from D0 D3hot D3cold
[    4.652209] pci 0000:20:07.1: PCI bridge to [bus 23]
[    4.652214] pci 0000:20:07.1:   bridge window [mem 0xdc200000-0xdc4fffff]
[    4.652303] pci 0000:24:00.0: [1022:1455] type 00 class 0x130000
[    4.652419] pci 0000:24:00.1: [1022:1468] type 00 class 0x108000
[    4.652436] pci 0000:24:00.1: reg 0x18: [mem 0xdc500000-0xdc5fffff]
[    4.652448] pci 0000:24:00.1: reg 0x24: [mem 0xdc600000-0xdc601fff]
[    4.652549] pci 0000:20:08.1: PCI bridge to [bus 24]
[    4.652554] pci 0000:20:08.1:   bridge window [mem 0xdc500000-0xdc6fffff]
[    4.652572] pci_bus 0000:20: on NUMA node 0
[    4.652796] ACPI: PCI Root Bridge [S0D2] (domain 0000 [bus 40-5f])
[    4.652800] acpi PNP0A08:02: _OSC: OS supports [ExtendedConfig ASPM ClockPM Segments MSI]
[    4.652969] acpi PNP0A08:02: _OSC: OS now controls [PCIeHotplug PME AER PCIeCapability]
[    4.653131] PCI host bridge to bus 0000:40
[    4.653134] pci_bus 0000:40: root bus resource [bus 40-5f]
[    4.653136] pci_bus 0000:40: root bus resource [io  0x2000-0x3fff window]
[    4.653137] pci_bus 0000:40: root bus resource [mem 0xd5900000-0xd7dfffff window]
[    4.653139] pci_bus 0000:40: root bus resource [mem 0x1d000000000-0x1dfffffffff window]
[    4.653145] pci 0000:40:00.0: [1022:1450] type 00 class 0x060000
[    4.653209] pci 0000:40:00.2: [1022:1451] type 00 class 0x080600
[    4.653297] pci 0000:40:01.0: [1022:1452] type 00 class 0x060000
[    4.653376] pci 0000:40:02.0: [1022:1452] type 00 class 0x060000
[    4.653449] pci 0000:40:03.0: [1022:1452] type 00 class 0x060000
[    4.653509] pci 0000:40:03.1: [1022:1453] type 01 class 0x060400
[    4.653648] pci 0000:40:03.1: PME# supported from D0 D3hot D3cold
[    4.653732] pci 0000:40:04.0: [1022:1452] type 00 class 0x060000
[    4.653812] pci 0000:40:07.0: [1022:1452] type 00 class 0x060000
[    4.653873] pci 0000:40:07.1: [1022:1454] type 01 class 0x060400
[    4.654217] pci 0000:40:07.1: PME# supported from D0 D3hot D3cold
[    4.654255] pci 0000:40:07.1: System wakeup disabled by ACPI
[    4.654298] pci 0000:40:08.0: [1022:1452] type 00 class 0x060000
[    4.654362] pci 0000:40:08.1: [1022:1454] type 01 class 0x060400
[    4.654476] pci 0000:40:08.1: PME# supported from D0 D3hot D3cold
[    4.654708] pci 0000:41:00.0: [8086:10d3] type 00 class 0x020000
[    4.654738] pci 0000:41:00.0: reg 0x10: [mem 0xd7dc0000-0xd7ddffff]
[    4.654754] pci 0000:41:00.0: reg 0x14: [mem 0xd7d00000-0xd7d7ffff]
[    4.654770] pci 0000:41:00.0: reg 0x18: [io  0x2000-0x201f]
[    4.654785] pci 0000:41:00.0: reg 0x1c: [mem 0xd7de0000-0xd7de3fff]
[    4.654830] pci 0000:41:00.0: reg 0x30: [mem 0xd7d80000-0xd7dbffff pref]
[    4.654924] pci 0000:41:00.0: PME# supported from D0 D3hot D3cold
[    4.656353] pci 0000:40:03.1: PCI bridge to [bus 41]
[    4.656358] pci 0000:40:03.1:   bridge window [io  0x2000-0x2fff]
[    4.656360] pci 0000:40:03.1:   bridge window [mem 0xd7d00000-0xd7dfffff]
[    4.656445] pci 0000:42:00.0: [1022:145a] type 00 class 0x130000
[    4.656549] pci 0000:42:00.2: [1022:1456] type 00 class 0x108000
[    4.656566] pci 0000:42:00.2: reg 0x18: [mem 0xd7b00000-0xd7bfffff]
[    4.656576] pci 0000:42:00.2: reg 0x24: [mem 0xd7c00000-0xd7c01fff]
[    4.656671] pci 0000:40:07.1: PCI bridge to [bus 42]
[    4.656676] pci 0000:40:07.1:   bridge window [mem 0xd7b00000-0xd7cfffff]
[    4.657206] pci 0000:43:00.0: [1022:1455] type 00 class 0x130000
[    4.657317] pci 0000:43:00.1: [1022:1468] type 00 class 0x108000
[    4.657334] pci 0000:43:00.1: reg 0x18: [mem 0xd7900000-0xd79fffff]
[    4.657350] pci 0000:43:00.1: reg 0x24: [mem 0xd7a00000-0xd7a01fff]
[    4.657452] pci 0000:40:08.1: PCI bridge to [bus 43]
[    4.657457] pci 0000:40:08.1:   bridge window [mem 0xd7900000-0xd7afffff]
[    4.657475] pci_bus 0000:40: on NUMA node 0
[    4.657695] ACPI: PCI Root Bridge [S0D3] (domain 0000 [bus 60-7f])
[    4.657699] acpi PNP0A08:03: _OSC: OS supports [ExtendedConfig ASPM ClockPM Segments MSI]
[    4.657868] acpi PNP0A08:03: _OSC: OS now controls [PCIeHotplug PME AER PCIeCapability]
[    4.658032] PCI host bridge to bus 0000:60
[    4.658034] pci_bus 0000:60: root bus resource [bus 60-7f]
[    4.658036] pci_bus 0000:60: root bus resource [mem 0xd5300000-0xd56fffff window]
[    4.658038] pci_bus 0000:60: root bus resource [mem 0x1c000000000-0x1cfffffffff window]
[    4.658044] pci 0000:60:00.0: [1022:1450] type 00 class 0x060000
[    4.658107] pci 0000:60:00.2: [1022:1451] type 00 class 0x080600
[    4.658194] pci 0000:60:01.0: [1022:1452] type 00 class 0x060000
[    4.658268] pci 0000:60:02.0: [1022:1452] type 00 class 0x060000
[    4.658346] pci 0000:60:03.0: [1022:1452] type 00 class 0x060000
[    4.658420] pci 0000:60:04.0: [1022:1452] type 00 class 0x060000
[    4.658499] pci 0000:60:07.0: [1022:1452] type 00 class 0x060000
[    4.658558] pci 0000:60:07.1: [1022:1454] type 01 class 0x060400
[    4.658683] pci 0000:60:07.1: PME# supported from D0 D3hot D3cold
[    4.658722] pci 0000:60:07.1: System wakeup disabled by ACPI
[    4.658765] pci 0000:60:08.0: [1022:1452] type 00 class 0x060000
[    4.658826] pci 0000:60:08.1: [1022:1454] type 01 class 0x060400
[    4.659380] pci 0000:60:08.1: PME# supported from D0 D3hot D3cold
[    4.659601] pci 0000:61:00.0: [1022:145a] type 00 class 0x130000
[    4.659703] pci 0000:61:00.2: [1022:1456] type 00 class 0x108000
[    4.659720] pci 0000:61:00.2: reg 0x18: [mem 0xd5500000-0xd55fffff]
[    4.659730] pci 0000:61:00.2: reg 0x24: [mem 0xd5600000-0xd5601fff]
[    4.659826] pci 0000:60:07.1: PCI bridge to [bus 61]
[    4.659833] pci 0000:60:07.1:   bridge window [mem 0xd5500000-0xd56fffff]
[    4.660364] pci 0000:62:00.0: [1022:1455] type 00 class 0x130000
[    4.660473] pci 0000:62:00.1: [1022:1468] type 00 class 0x108000
[    4.660490] pci 0000:62:00.1: reg 0x18: [mem 0xd5300000-0xd53fffff]
[    4.660501] pci 0000:62:00.1: reg 0x24: [mem 0xd5400000-0xd5401fff]
[    4.660604] pci 0000:60:08.1: PCI bridge to [bus 62]
[    4.660609] pci 0000:60:08.1:   bridge window [mem 0xd5300000-0xd54fffff]
[    4.660622] pci_bus 0000:60: on NUMA node 0
[    4.660843] ACPI: PCI Root Bridge [S1D0] (domain 0000 [bus 80-9f])
[    4.660846] acpi PNP0A08:04: _OSC: OS supports [ExtendedConfig ASPM ClockPM Segments MSI]
[    4.661013] acpi PNP0A08:04: _OSC: OS now controls [PCIeHotplug PME AER PCIeCapability]
[    4.661176] PCI host bridge to bus 0000:80
[    4.661179] pci_bus 0000:80: root bus resource [bus 80-9f]
[    4.661181] pci_bus 0000:80: root bus resource [mem 0xd4d00000-0xd50fffff window]
[    4.661183] pci_bus 0000:80: root bus resource [mem 0x1b000000000-0x1bfffffffff window]
[    4.661189] pci 0000:80:00.0: [1022:1450] type 00 class 0x060000
[    4.661259] pci 0000:80:00.2: [1022:1451] type 00 class 0x080600
[    4.661361] pci 0000:80:01.0: [1022:1452] type 00 class 0x060000
[    4.661443] pci 0000:80:02.0: [1022:1452] type 00 class 0x060000
[    4.661524] pci 0000:80:03.0: [1022:1452] type 00 class 0x060000
[    4.661604] pci 0000:80:04.0: [1022:1452] type 00 class 0x060000
[    4.661689] pci 0000:80:07.0: [1022:1452] type 00 class 0x060000
[    4.661755] pci 0000:80:07.1: [1022:1454] type 01 class 0x060400
[    4.661888] pci 0000:80:07.1: PME# supported from D0 D3hot D3cold
[    4.661930] pci 0000:80:07.1: System wakeup disabled by ACPI
[    4.661973] pci 0000:80:08.0: [1022:1452] type 00 class 0x060000
[    4.662040] pci 0000:80:08.1: [1022:1454] type 01 class 0x060400
[    4.662761] pci 0000:80:08.1: PME# supported from D0 D3hot D3cold
[    4.663701] pci 0000:81:00.0: [1022:145a] type 00 class 0x130000
[    4.663823] pci 0000:81:00.2: [1022:1456] type 00 class 0x108000
[    4.663843] pci 0000:81:00.2: reg 0x18: [mem 0xd4f00000-0xd4ffffff]
[    4.663855] pci 0000:81:00.2: reg 0x24: [mem 0xd5000000-0xd5001fff]
[    4.663963] pci 0000:80:07.1: PCI bridge to [bus 81]
[    4.663969] pci 0000:80:07.1:   bridge window [mem 0xd4f00000-0xd50fffff]
[    4.664736] pci 0000:82:00.0: [1022:1455] type 00 class 0x130000
[    4.664862] pci 0000:82:00.1: [1022:1468] type 00 class 0x108000
[    4.664882] pci 0000:82:00.1: reg 0x18: [mem 0xd4d00000-0xd4dfffff]
[    4.664895] pci 0000:82:00.1: reg 0x24: [mem 0xd4e00000-0xd4e01fff]
[    4.665009] pci 0000:80:08.1: PCI bridge to [bus 82]
[    4.665015] pci 0000:80:08.1:   bridge window [mem 0xd4d00000-0xd4efffff]
[    4.665030] pci_bus 0000:80: on NUMA node 1
[    4.665252] ACPI: PCI Root Bridge [S1D1] (domain 0000 [bus a0-bf])
[    4.665256] acpi PNP0A08:05: _OSC: OS supports [ExtendedConfig ASPM ClockPM Segments MSI]
[    4.665427] acpi PNP0A08:05: _OSC: OS now controls [PCIeHotplug PME AER PCIeCapability]
[    4.665588] PCI host bridge to bus 0000:a0
[    4.665591] pci_bus 0000:a0: root bus resource [bus a0-bf]
[    4.665593] pci_bus 0000:a0: root bus resource [mem 0xd4700000-0xd4afffff window]
[    4.665595] pci_bus 0000:a0: root bus resource [mem 0x1a000000000-0x1afffffffff window]
[    4.665601] pci 0000:a0:00.0: [1022:1450] type 00 class 0x060000
[    4.665670] pci 0000:a0:00.2: [1022:1451] type 00 class 0x080600
[    4.665766] pci 0000:a0:01.0: [1022:1452] type 00 class 0x060000
[    4.665846] pci 0000:a0:02.0: [1022:1452] type 00 class 0x060000
[    4.665926] pci 0000:a0:03.0: [1022:1452] type 00 class 0x060000
[    4.666006] pci 0000:a0:04.0: [1022:1452] type 00 class 0x060000
[    4.666090] pci 0000:a0:07.0: [1022:1452] type 00 class 0x060000
[    4.666155] pci 0000:a0:07.1: [1022:1454] type 01 class 0x060400
[    4.666403] pci 0000:a0:07.1: PME# supported from D0 D3hot D3cold
[    4.666446] pci 0000:a0:07.1: System wakeup disabled by ACPI
[    4.666489] pci 0000:a0:08.0: [1022:1452] type 00 class 0x060000
[    4.666555] pci 0000:a0:08.1: [1022:1454] type 01 class 0x060400
[    4.666682] pci 0000:a0:08.1: PME# supported from D0 D3hot D3cold
[    4.666898] pci 0000:a1:00.0: [1022:145a] type 00 class 0x130000
[    4.667015] pci 0000:a1:00.2: [1022:1456] type 00 class 0x108000
[    4.667034] pci 0000:a1:00.2: reg 0x18: [mem 0xd4900000-0xd49fffff]
[    4.667046] pci 0000:a1:00.2: reg 0x24: [mem 0xd4a00000-0xd4a01fff]
[    4.667153] pci 0000:a0:07.1: PCI bridge to [bus a1]
[    4.667159] pci 0000:a0:07.1:   bridge window [mem 0xd4900000-0xd4afffff]
[    4.667398] pci 0000:a2:00.0: [1022:1455] type 00 class 0x130000
[    4.667524] pci 0000:a2:00.1: [1022:1468] type 00 class 0x108000
[    4.667544] pci 0000:a2:00.1: reg 0x18: [mem 0xd4700000-0xd47fffff]
[    4.667557] pci 0000:a2:00.1: reg 0x24: [mem 0xd4800000-0xd4801fff]
[    4.667660] pci 0000:a2:00.2: [1022:7901] type 00 class 0x010601
[    4.667700] pci 0000:a2:00.2: reg 0x24: [mem 0xd4802000-0xd4802fff]
[    4.667749] pci 0000:a2:00.2: PME# supported from D3hot D3cold
[    4.667824] pci 0000:a0:08.1: PCI bridge to [bus a2]
[    4.667830] pci 0000:a0:08.1:   bridge window [mem 0xd4700000-0xd48fffff]
[    4.667847] pci_bus 0000:a0: on NUMA node 1
[    4.668076] ACPI: PCI Root Bridge [S1D2] (domain 0000 [bus c0-df])
[    4.668080] acpi PNP0A08:06: _OSC: OS supports [ExtendedConfig ASPM ClockPM Segments MSI]
[    4.668246] acpi PNP0A08:06: _OSC: OS now controls [PCIeHotplug PME AER PCIeCapability]
[    4.668415] PCI host bridge to bus 0000:c0
[    4.668417] pci_bus 0000:c0: root bus resource [bus c0-df]
[    4.668419] pci_bus 0000:c0: root bus resource [mem 0xd4100000-0xd44fffff window]
[    4.668421] pci_bus 0000:c0: root bus resource [mem 0x19000000000-0x19fffffffff window]
[    4.668427] pci 0000:c0:00.0: [1022:1450] type 00 class 0x060000
[    4.668493] pci 0000:c0:00.2: [1022:1451] type 00 class 0x080600
[    4.668584] pci 0000:c0:01.0: [1022:1452] type 00 class 0x060000
[    4.668660] pci 0000:c0:02.0: [1022:1452] type 00 class 0x060000
[    4.668736] pci 0000:c0:03.0: [1022:1452] type 00 class 0x060000
[    4.668811] pci 0000:c0:04.0: [1022:1452] type 00 class 0x060000
[    4.668895] pci 0000:c0:07.0: [1022:1452] type 00 class 0x060000
[    4.668957] pci 0000:c0:07.1: [1022:1454] type 01 class 0x060400
[    4.669390] pci 0000:c0:07.1: PME# supported from D0 D3hot D3cold
[    4.669431] pci 0000:c0:07.1: System wakeup disabled by ACPI
[    4.669473] pci 0000:c0:08.0: [1022:1452] type 00 class 0x060000
[    4.669536] pci 0000:c0:08.1: [1022:1454] type 01 class 0x060400
[    4.669657] pci 0000:c0:08.1: PME# supported from D0 D3hot D3cold
[    4.670343] pci 0000:c1:00.0: [1022:145a] type 00 class 0x130000
[    4.670453] pci 0000:c1:00.2: [1022:1456] type 00 class 0x108000
[    4.670471] pci 0000:c1:00.2: reg 0x18: [mem 0xd4300000-0xd43fffff]
[    4.670482] pci 0000:c1:00.2: reg 0x24: [mem 0xd4400000-0xd4401fff]
[    4.670583] pci 0000:c0:07.1: PCI bridge to [bus c1]
[    4.670589] pci 0000:c0:07.1:   bridge window [mem 0xd4300000-0xd44fffff]
[    4.670682] pci 0000:c2:00.0: [1022:1455] type 00 class 0x130000
[    4.670799] pci 0000:c2:00.1: [1022:1468] type 00 class 0x108000
[    4.670817] pci 0000:c2:00.1: reg 0x18: [mem 0xd4100000-0xd41fffff]
[    4.670830] pci 0000:c2:00.1: reg 0x24: [mem 0xd4200000-0xd4201fff]
[    4.670939] pci 0000:c0:08.1: PCI bridge to [bus c2]
[    4.670945] pci 0000:c0:08.1:   bridge window [mem 0xd4100000-0xd42fffff]
[    4.670959] pci_bus 0000:c0: on NUMA node 1
[    4.671179] ACPI: PCI Root Bridge [S1D3] (domain 0000 [bus e0-ff])
[    4.671183] acpi PNP0A08:07: _OSC: OS supports [ExtendedConfig ASPM ClockPM Segments MSI]
[    4.671355] acpi PNP0A08:07: _OSC: OS now controls [PCIeHotplug PME AER PCIeCapability]
[    4.671517] PCI host bridge to bus 0000:e0
[    4.671519] pci_bus 0000:e0: root bus resource [bus e0-ff]
[    4.671521] pci_bus 0000:e0: root bus resource [mem 0xd3b00000-0xd3efffff window]
[    4.671523] pci_bus 0000:e0: root bus resource [mem 0x18000000000-0x18fffffffff window]
[    4.671529] pci 0000:e0:00.0: [1022:1450] type 00 class 0x060000
[    4.671598] pci 0000:e0:00.2: [1022:1451] type 00 class 0x080600
[    4.671693] pci 0000:e0:01.0: [1022:1452] type 00 class 0x060000
[    4.671771] pci 0000:e0:02.0: [1022:1452] type 00 class 0x060000
[    4.671849] pci 0000:e0:03.0: [1022:1452] type 00 class 0x060000
[    4.671928] pci 0000:e0:04.0: [1022:1452] type 00 class 0x060000
[    4.672012] pci 0000:e0:07.0: [1022:1452] type 00 class 0x060000
[    4.672076] pci 0000:e0:07.1: [1022:1454] type 01 class 0x060400
[    4.672207] pci 0000:e0:07.1: PME# supported from D0 D3hot D3cold
[    4.672248] pci 0000:e0:07.1: System wakeup disabled by ACPI
[    4.672291] pci 0000:e0:08.0: [1022:1452] type 00 class 0x060000
[    4.672360] pci 0000:e0:08.1: [1022:1454] type 01 class 0x060400
[    4.672484] pci 0000:e0:08.1: PME# supported from D0 D3hot D3cold
[    4.673145] pci 0000:e1:00.0: [1022:145a] type 00 class 0x130000
[    4.673260] pci 0000:e1:00.2: [1022:1456] type 00 class 0x108000
[    4.673279] pci 0000:e1:00.2: reg 0x18: [mem 0xd3d00000-0xd3dfffff]
[    4.673291] pci 0000:e1:00.2: reg 0x24: [mem 0xd3e00000-0xd3e01fff]
[    4.673401] pci 0000:e0:07.1: PCI bridge to [bus e1]
[    4.673406] pci 0000:e0:07.1:   bridge window [mem 0xd3d00000-0xd3efffff]
[    4.673500] pci 0000:e2:00.0: [1022:1455] type 00 class 0x130000
[    4.673621] pci 0000:e2:00.1: [1022:1468] type 00 class 0x108000
[    4.673641] pci 0000:e2:00.1: reg 0x18: [mem 0xd3b00000-0xd3bfffff]
[    4.673654] pci 0000:e2:00.1: reg 0x24: [mem 0xd3c00000-0xd3c01fff]
[    4.673767] pci 0000:e0:08.1: PCI bridge to [bus e2]
[    4.673773] pci 0000:e0:08.1:   bridge window [mem 0xd3b00000-0xd3cfffff]
[    4.673788] pci_bus 0000:e0: on NUMA node 1
[    4.673967] ACPI: PCI Interrupt Link [LNKA] (IRQs 4 5 7 10 *11 14 15)
[    4.674021] ACPI: PCI Interrupt Link [LNKB] (IRQs 4 *5 7 10 11 14 15)
[    4.674065] ACPI: PCI Interrupt Link [LNKC] (IRQs 4 *5 7 10 11 14 15)
[    4.674119] ACPI: PCI Interrupt Link [LNKD] (IRQs 4 5 7 10 11 14 15) *0
[    4.674167] ACPI: PCI Interrupt Link [LNKE] (IRQs 4 5 7 10 *11 14 15)
[    4.674207] ACPI: PCI Interrupt Link [LNKF] (IRQs 4 5 7 *10 11 14 15)
[    4.674248] ACPI: PCI Interrupt Link [LNKG] (IRQs 4 5 7 *10 11 14 15)
[    4.674286] ACPI: PCI Interrupt Link [LNKH] (IRQs 4 5 7 10 11 14 15) *0
[    4.674465] vgaarb: device added: PCI:0000:22:00.0,decodes=io+mem,owns=io+mem,locks=none
[    4.674475] vgaarb: loaded
[    4.674476] vgaarb: bridge control possible 0000:22:00.0
[    4.674576] SCSI subsystem initialized
[    4.674599] ACPI: bus type USB registered
[    4.674613] usbcore: registered new interface driver usbfs
[    4.674621] usbcore: registered new interface driver hub
[    4.674876] usbcore: registered new device driver usb
[    4.675240] EDAC MC: Ver: 3.0.0
[    4.675656] PCI: Using ACPI for IRQ routing
[    4.694942] PCI: pci_cache_line_size set to 64 bytes
[    4.695178] e820: reserve RAM buffer [mem 0x75db0000-0x77ffffff]
[    4.695180] e820: reserve RAM buffer [mem 0x9384b018-0x93ffffff]
[    4.695182] e820: reserve RAM buffer [mem 0x9387c018-0x93ffffff]
[    4.695183] e820: reserve RAM buffer [mem 0xc8de5000-0xcbffffff]
[    4.695184] e820: reserve RAM buffer [mem 0xca312000-0xcbffffff]
[    4.695186] e820: reserve RAM buffer [mem 0x802f000000-0x802fffffff]
[    4.695187] e820: reserve RAM buffer [mem 0x17fffc00000-0x17fffffffff]
[    4.695333] NetLabel: Initializing
[    4.695334] NetLabel:  domain hash size = 128
[    4.695335] NetLabel:  protocols = UNLABELED CIPSOv4
[    4.695354] NetLabel:  unlabeled traffic allowed by default
[    4.695392] hpet0: at MMIO 0xfed00000, IRQs 2, 8, 0
[    4.695395] hpet0: 3 comparators, 32-bit 14.318180 MHz counter
[    4.697653] Switched to clocksource hpet
[    4.702304] pnp: PnP ACPI init
[    4.702315] ACPI: bus type PNP registered
[    4.702454] system 00:00: [mem 0xe0000000-0xefffffff] has been reserved
[    4.702458] system 00:00: Plug and Play ACPI device, IDs PNP0c01 (active)
[    4.702611] pnp 00:01: Plug and Play ACPI device, IDs PNP0b00 (active)
[    4.702847] system 00:02: [io  0x04d0-0x04d1] has been reserved
[    4.702850] system 00:02: [io  0x040b] has been reserved
[    4.702852] system 00:02: [io  0x04d6] has been reserved
[    4.702854] system 00:02: [io  0x0c00-0x0c01] has been reserved
[    4.702856] system 00:02: [io  0x0c14] has been reserved
[    4.702858] system 00:02: [io  0x0c50-0x0c51] has been reserved
[    4.702859] system 00:02: [io  0x0c52] has been reserved
[    4.702861] system 00:02: [io  0x0c6c] has been reserved
[    4.702863] system 00:02: [io  0x0c6f] has been reserved
[    4.702865] system 00:02: [io  0x0cd0-0x0cd1] has been reserved
[    4.702867] system 00:02: [io  0x0cd2-0x0cd3] has been reserved
[    4.702868] system 00:02: [io  0x0cd4-0x0cd5] has been reserved
[    4.702870] system 00:02: [io  0x0cd6-0x0cd7] has been reserved
[    4.702872] system 00:02: [io  0x0cd8-0x0cdf] has been reserved
[    4.702874] system 00:02: [io  0x0800-0x089f] could not be reserved
[    4.702876] system 00:02: [io  0x0b00-0x0b0f] has been reserved
[    4.702877] system 00:02: [io  0x0b20-0x0b3f] has been reserved
[    4.702879] system 00:02: [io  0x0900-0x090f] has been reserved
[    4.702881] system 00:02: [io  0x0910-0x091f] has been reserved
[    4.702883] system 00:02: [io  0xfe00-0xfefe] has been reserved
[    4.702886] system 00:02: [mem 0xfec00000-0xfec00fff] could not be reserved
[    4.702888] system 00:02: [mem 0xfec01000-0xfec01fff] has been reserved
[    4.702890] system 00:02: [mem 0xfedc0000-0xfedc0fff] has been reserved
[    4.702892] system 00:02: [mem 0xfee00000-0xfee00fff] has been reserved
[    4.702894] system 00:02: [mem 0xfed80000-0xfed8ffff] could not be reserved
[    4.702896] system 00:02: [mem 0xfed61000-0xfed70fff] has been reserved
[    4.702898] system 00:02: [mem 0xfec10000-0xfec10fff] has been reserved
[    4.702900] system 00:02: [mem 0xff000000-0xffffffff] has been reserved
[    4.702902] system 00:02: Plug and Play ACPI device, IDs PNP0c02 (active)
[    4.703132] pnp 00:03: Plug and Play ACPI device, IDs PNP0501 (active)
[    4.703202] pnp 00:04: Plug and Play ACPI device, IDs PNP0501 (active)
[    4.704147] pnp: PnP ACPI: found 5 devices
[    4.704148] ACPI: bus type PNP unregistered
[    4.711138] pci 0000:00:07.1: PCI bridge to [bus 01]
[    4.711143] pci 0000:00:07.1:   bridge window [mem 0xdfb00000-0xdfdfffff]
[    4.711148] pci 0000:00:08.1: PCI bridge to [bus 02]
[    4.711152] pci 0000:00:08.1:   bridge window [mem 0xdfe00000-0xdfffffff]
[    4.711160] pci_bus 0000:00: resource 4 [io  0x0000-0x02e7 window]
[    4.711162] pci_bus 0000:00: resource 5 [io  0x0300-0x03af window]
[    4.711164] pci_bus 0000:00: resource 6 [io  0x0400-0x0cf7 window]
[    4.711166] pci_bus 0000:00: resource 7 [io  0x0d00-0x0fff window]
[    4.711168] pci_bus 0000:00: resource 8 [mem 0x000c0000-0x000dffff window]
[    4.711169] pci_bus 0000:00: resource 9 [mem 0xdfb00000-0xdfffffff window]
[    4.711171] pci_bus 0000:00: resource 10 [mem 0x1f000000000-0x1ffffffffff window]
[    4.711173] pci_bus 0000:01: resource 1 [mem 0xdfb00000-0xdfdfffff]
[    4.711175] pci_bus 0000:02: resource 1 [mem 0xdfe00000-0xdfffffff]
[    4.711201] pci 0000:21:00.0: PCI bridge to [bus 22]
[    4.711204] pci 0000:21:00.0:   bridge window [io  0x1000-0x1fff]
[    4.711210] pci 0000:21:00.0:   bridge window [mem 0xd8000000-0xdc0fffff]
[    4.711221] pci 0000:20:01.1: PCI bridge to [bus 21-22]
[    4.711223] pci 0000:20:01.1:   bridge window [io  0x1000-0x1fff]
[    4.711227] pci 0000:20:01.1:   bridge window [mem 0xd8000000-0xdc0fffff]
[    4.711233] pci 0000:20:07.1: PCI bridge to [bus 23]
[    4.711236] pci 0000:20:07.1:   bridge window [mem 0xdc200000-0xdc4fffff]
[    4.711242] pci 0000:20:08.1: PCI bridge to [bus 24]
[    4.711245] pci 0000:20:08.1:   bridge window [mem 0xdc500000-0xdc6fffff]
[    4.711250] pci_bus 0000:20: resource 4 [io  0x03b0-0x03df window]
[    4.711252] pci_bus 0000:20: resource 5 [io  0x1000-0x1fff window]
[    4.711254] pci_bus 0000:20: resource 6 [mem 0x000a0000-0x000bffff window]
[    4.711256] pci_bus 0000:20: resource 7 [mem 0xd8000000-0xdf9fffff window]
[    4.711257] pci_bus 0000:20: resource 8 [mem 0x1e000000000-0x1efffffffff window]
[    4.711259] pci_bus 0000:21: resource 0 [io  0x1000-0x1fff]
[    4.711261] pci_bus 0000:21: resource 1 [mem 0xd8000000-0xdc0fffff]
[    4.711263] pci_bus 0000:22: resource 0 [io  0x1000-0x1fff]
[    4.711265] pci_bus 0000:22: resource 1 [mem 0xd8000000-0xdc0fffff]
[    4.711267] pci_bus 0000:23: resource 1 [mem 0xdc200000-0xdc4fffff]
[    4.711269] pci_bus 0000:24: resource 1 [mem 0xdc500000-0xdc6fffff]
[    4.711277] pci 0000:40:03.1: bridge window [mem 0x00100000-0x000fffff 64bit pref] to [bus 41] add_size 200000 add_align 100000
[    4.711288] pci 0000:40:03.1: res[15]=[mem 0x00100000-0x000fffff 64bit pref] res_to_dev_res add_size 200000 min_align 100000
[    4.711290] pci 0000:40:03.1: res[15]=[mem 0x00100000-0x002fffff 64bit pref] res_to_dev_res add_size 200000 min_align 100000
[    4.711296] pci 0000:40:03.1: BAR 15: assigned [mem 0x1d000000000-0x1d0001fffff 64bit pref]
[    4.711299] pci 0000:40:03.1: PCI bridge to [bus 41]
[    4.711301] pci 0000:40:03.1:   bridge window [io  0x2000-0x2fff]
[    4.711304] pci 0000:40:03.1:   bridge window [mem 0xd7d00000-0xd7dfffff]
[    4.711307] pci 0000:40:03.1:   bridge window [mem 0x1d000000000-0x1d0001fffff 64bit pref]
[    4.711313] pci 0000:40:07.1: PCI bridge to [bus 42]
[    4.711316] pci 0000:40:07.1:   bridge window [mem 0xd7b00000-0xd7cfffff]
[    4.711321] pci 0000:40:08.1: PCI bridge to [bus 43]
[    4.711325] pci 0000:40:08.1:   bridge window [mem 0xd7900000-0xd7afffff]
[    4.711330] pci_bus 0000:40: resource 4 [io  0x2000-0x3fff window]
[    4.711331] pci_bus 0000:40: resource 5 [mem 0xd5900000-0xd7dfffff window]
[    4.711333] pci_bus 0000:40: resource 6 [mem 0x1d000000000-0x1dfffffffff window]
[    4.711335] pci_bus 0000:41: resource 0 [io  0x2000-0x2fff]
[    4.711337] pci_bus 0000:41: resource 1 [mem 0xd7d00000-0xd7dfffff]
[    4.711339] pci_bus 0000:41: resource 2 [mem 0x1d000000000-0x1d0001fffff 64bit pref]
[    4.711341] pci_bus 0000:42: resource 1 [mem 0xd7b00000-0xd7cfffff]
[    4.711342] pci_bus 0000:43: resource 1 [mem 0xd7900000-0xd7afffff]
[    4.711354] pci 0000:60:07.1: PCI bridge to [bus 61]
[    4.711358] pci 0000:60:07.1:   bridge window [mem 0xd5500000-0xd56fffff]
[    4.711364] pci 0000:60:08.1: PCI bridge to [bus 62]
[    4.711367] pci 0000:60:08.1:   bridge window [mem 0xd5300000-0xd54fffff]
[    4.711372] pci_bus 0000:60: resource 4 [mem 0xd5300000-0xd56fffff window]
[    4.711374] pci_bus 0000:60: resource 5 [mem 0x1c000000000-0x1cfffffffff window]
[    4.711376] pci_bus 0000:61: resource 1 [mem 0xd5500000-0xd56fffff]
[    4.711378] pci_bus 0000:62: resource 1 [mem 0xd5300000-0xd54fffff]
[    4.711390] pci 0000:80:07.1: PCI bridge to [bus 81]
[    4.711394] pci 0000:80:07.1:   bridge window [mem 0xd4f00000-0xd50fffff]
[    4.711400] pci 0000:80:08.1: PCI bridge to [bus 82]
[    4.711403] pci 0000:80:08.1:   bridge window [mem 0xd4d00000-0xd4efffff]
[    4.711409] pci_bus 0000:80: resource 4 [mem 0xd4d00000-0xd50fffff window]
[    4.711411] pci_bus 0000:80: resource 5 [mem 0x1b000000000-0x1bfffffffff window]
[    4.711413] pci_bus 0000:81: resource 1 [mem 0xd4f00000-0xd50fffff]
[    4.711415] pci_bus 0000:82: resource 1 [mem 0xd4d00000-0xd4efffff]
[    4.711427] pci 0000:a0:07.1: PCI bridge to [bus a1]
[    4.711432] pci 0000:a0:07.1:   bridge window [mem 0xd4900000-0xd4afffff]
[    4.711438] pci 0000:a0:08.1: PCI bridge to [bus a2]
[    4.711442] pci 0000:a0:08.1:   bridge window [mem 0xd4700000-0xd48fffff]
[    4.711448] pci_bus 0000:a0: resource 4 [mem 0xd4700000-0xd4afffff window]
[    4.711449] pci_bus 0000:a0: resource 5 [mem 0x1a000000000-0x1afffffffff window]
[    4.711451] pci_bus 0000:a1: resource 1 [mem 0xd4900000-0xd4afffff]
[    4.711453] pci_bus 0000:a2: resource 1 [mem 0xd4700000-0xd48fffff]
[    4.711464] pci 0000:c0:07.1: PCI bridge to [bus c1]
[    4.711468] pci 0000:c0:07.1:   bridge window [mem 0xd4300000-0xd44fffff]
[    4.711474] pci 0000:c0:08.1: PCI bridge to [bus c2]
[    4.711477] pci 0000:c0:08.1:   bridge window [mem 0xd4100000-0xd42fffff]
[    4.711483] pci_bus 0000:c0: resource 4 [mem 0xd4100000-0xd44fffff window]
[    4.711484] pci_bus 0000:c0: resource 5 [mem 0x19000000000-0x19fffffffff window]
[    4.711486] pci_bus 0000:c1: resource 1 [mem 0xd4300000-0xd44fffff]
[    4.711488] pci_bus 0000:c2: resource 1 [mem 0xd4100000-0xd42fffff]
[    4.711499] pci 0000:e0:07.1: PCI bridge to [bus e1]
[    4.711503] pci 0000:e0:07.1:   bridge window [mem 0xd3d00000-0xd3efffff]
[    4.711509] pci 0000:e0:08.1: PCI bridge to [bus e2]
[    4.711513] pci 0000:e0:08.1:   bridge window [mem 0xd3b00000-0xd3cfffff]
[    4.711519] pci_bus 0000:e0: resource 4 [mem 0xd3b00000-0xd3efffff window]
[    4.711521] pci_bus 0000:e0: resource 5 [mem 0x18000000000-0x18fffffffff window]
[    4.711523] pci_bus 0000:e1: resource 1 [mem 0xd3d00000-0xd3efffff]
[    4.711525] pci_bus 0000:e2: resource 1 [mem 0xd3b00000-0xd3cfffff]
[    4.711583] NET: Registered protocol family 2
[    4.712235] TCP established hash table entries: 524288 (order: 10, 4194304 bytes)
[    4.713052] TCP bind hash table entries: 65536 (order: 8, 1048576 bytes)
[    4.713221] TCP: Hash tables configured (established 524288 bind 65536)
[    4.713242] TCP: reno registered
[    4.713343] UDP hash table entries: 65536 (order: 9, 2097152 bytes)
[    4.713802] UDP-Lite hash table entries: 65536 (order: 9, 2097152 bytes)
[    4.714302] NET: Registered protocol family 1
[    4.714612] pci 0000:22:00.0: Boot video device
[    4.714877] PCI: CLS 64 bytes, default 64
[    4.714928] Unpacking initramfs...
[    5.093666] Freeing initrd memory: 27764k freed
[    5.097297] AMD-Vi: IOMMU performance counters supported
[    5.097373] AMD-Vi: IOMMU performance counters supported
[    5.097416] AMD-Vi: IOMMU performance counters supported
[    5.097457] AMD-Vi: IOMMU performance counters supported
[    5.097501] AMD-Vi: IOMMU performance counters supported
[    5.097545] AMD-Vi: IOMMU performance counters supported
[    5.097589] AMD-Vi: IOMMU performance counters supported
[    5.097643] AMD-Vi: IOMMU performance counters supported
[    5.098510] iommu: Adding device 0000:00:01.0 to group 0
[    5.099063] iommu: Adding device 0000:00:02.0 to group 1
[    5.099607] iommu: Adding device 0000:00:03.0 to group 2
[    5.100036] iommu: Adding device 0000:00:04.0 to group 3
[    5.100555] iommu: Adding device 0000:00:07.0 to group 4
[    5.101106] iommu: Adding device 0000:00:07.1 to group 5
[    5.101573] iommu: Adding device 0000:00:08.0 to group 6
[    5.102184] iommu: Adding device 0000:00:08.1 to group 7
[    5.102671] iommu: Adding device 0000:00:14.0 to group 8
[    5.102700] iommu: Adding device 0000:00:14.3 to group 8
[    5.103253] iommu: Adding device 0000:00:18.0 to group 9
[    5.103281] iommu: Adding device 0000:00:18.1 to group 9
[    5.103309] iommu: Adding device 0000:00:18.2 to group 9
[    5.103338] iommu: Adding device 0000:00:18.3 to group 9
[    5.103367] iommu: Adding device 0000:00:18.4 to group 9
[    5.103395] iommu: Adding device 0000:00:18.5 to group 9
[    5.103425] iommu: Adding device 0000:00:18.6 to group 9
[    5.103453] iommu: Adding device 0000:00:18.7 to group 9
[    5.104024] iommu: Adding device 0000:00:19.0 to group 10
[    5.104054] iommu: Adding device 0000:00:19.1 to group 10
[    5.104083] iommu: Adding device 0000:00:19.2 to group 10
[    5.104112] iommu: Adding device 0000:00:19.3 to group 10
[    5.104142] iommu: Adding device 0000:00:19.4 to group 10
[    5.104171] iommu: Adding device 0000:00:19.5 to group 10
[    5.104200] iommu: Adding device 0000:00:19.6 to group 10
[    5.104229] iommu: Adding device 0000:00:19.7 to group 10
[    5.104793] iommu: Adding device 0000:00:1a.0 to group 11
[    5.104825] iommu: Adding device 0000:00:1a.1 to group 11
[    5.104855] iommu: Adding device 0000:00:1a.2 to group 11
[    5.104885] iommu: Adding device 0000:00:1a.3 to group 11
[    5.104918] iommu: Adding device 0000:00:1a.4 to group 11
[    5.104948] iommu: Adding device 0000:00:1a.5 to group 11
[    5.104978] iommu: Adding device 0000:00:1a.6 to group 11
[    5.105011] iommu: Adding device 0000:00:1a.7 to group 11
[    5.105651] iommu: Adding device 0000:00:1b.0 to group 12
[    5.105682] iommu: Adding device 0000:00:1b.1 to group 12
[    5.105714] iommu: Adding device 0000:00:1b.2 to group 12
[    5.105746] iommu: Adding device 0000:00:1b.3 to group 12
[    5.105778] iommu: Adding device 0000:00:1b.4 to group 12
[    5.105810] iommu: Adding device 0000:00:1b.5 to group 12
[    5.105842] iommu: Adding device 0000:00:1b.6 to group 12
[    5.105873] iommu: Adding device 0000:00:1b.7 to group 12
[    5.106540] iommu: Adding device 0000:00:1c.0 to group 13
[    5.106574] iommu: Adding device 0000:00:1c.1 to group 13
[    5.106606] iommu: Adding device 0000:00:1c.2 to group 13
[    5.106649] iommu: Adding device 0000:00:1c.3 to group 13
[    5.106682] iommu: Adding device 0000:00:1c.4 to group 13
[    5.106714] iommu: Adding device 0000:00:1c.5 to group 13
[    5.106747] iommu: Adding device 0000:00:1c.6 to group 13
[    5.106779] iommu: Adding device 0000:00:1c.7 to group 13
[    5.107445] iommu: Adding device 0000:00:1d.0 to group 14
[    5.107480] iommu: Adding device 0000:00:1d.1 to group 14
[    5.107513] iommu: Adding device 0000:00:1d.2 to group 14
[    5.107547] iommu: Adding device 0000:00:1d.3 to group 14
[    5.107583] iommu: Adding device 0000:00:1d.4 to group 14
[    5.107616] iommu: Adding device 0000:00:1d.5 to group 14
[    5.107659] iommu: Adding device 0000:00:1d.6 to group 14
[    5.107692] iommu: Adding device 0000:00:1d.7 to group 14
[    5.108225] iommu: Adding device 0000:00:1e.0 to group 15
[    5.108263] iommu: Adding device 0000:00:1e.1 to group 15
[    5.108298] iommu: Adding device 0000:00:1e.2 to group 15
[    5.108332] iommu: Adding device 0000:00:1e.3 to group 15
[    5.108367] iommu: Adding device 0000:00:1e.4 to group 15
[    5.108401] iommu: Adding device 0000:00:1e.5 to group 15
[    5.108435] iommu: Adding device 0000:00:1e.6 to group 15
[    5.108469] iommu: Adding device 0000:00:1e.7 to group 15
[    5.109145] iommu: Adding device 0000:00:1f.0 to group 16
[    5.109182] iommu: Adding device 0000:00:1f.1 to group 16
[    5.109218] iommu: Adding device 0000:00:1f.2 to group 16
[    5.109253] iommu: Adding device 0000:00:1f.3 to group 16
[    5.109289] iommu: Adding device 0000:00:1f.4 to group 16
[    5.109324] iommu: Adding device 0000:00:1f.5 to group 16
[    5.109359] iommu: Adding device 0000:00:1f.6 to group 16
[    5.109396] iommu: Adding device 0000:00:1f.7 to group 16
[    5.109829] iommu: Adding device 0000:01:00.0 to group 17
[    5.110311] iommu: Adding device 0000:01:00.2 to group 18
[    5.110799] iommu: Adding device 0000:01:00.3 to group 19
[    5.111246] iommu: Adding device 0000:02:00.0 to group 20
[    5.111661] iommu: Adding device 0000:02:00.1 to group 21
[    5.112125] iommu: Adding device 0000:20:01.0 to group 22
[    5.112645] iommu: Adding device 0000:20:01.1 to group 23
[    5.113125] iommu: Adding device 0000:20:02.0 to group 24
[    5.113546] iommu: Adding device 0000:20:03.0 to group 25
[    5.114028] iommu: Adding device 0000:20:04.0 to group 26
[    5.114448] iommu: Adding device 0000:20:07.0 to group 27
[    5.114940] iommu: Adding device 0000:20:07.1 to group 28
[    5.115425] iommu: Adding device 0000:20:08.0 to group 29
[    5.115818] iommu: Adding device 0000:20:08.1 to group 30
[    5.116301] iommu: Adding device 0000:21:00.0 to group 31
[    5.116312] iommu: Adding device 0000:22:00.0 to group 31
[    5.116681] iommu: Adding device 0000:23:00.0 to group 32
[    5.117075] iommu: Adding device 0000:23:00.2 to group 33
[    5.117549] iommu: Adding device 0000:23:00.3 to group 34
[    5.117941] iommu: Adding device 0000:24:00.0 to group 35
[    5.118354] iommu: Adding device 0000:24:00.1 to group 36
[    5.118828] iommu: Adding device 0000:40:01.0 to group 37
[    5.119306] iommu: Adding device 0000:40:02.0 to group 38
[    5.119772] iommu: Adding device 0000:40:03.0 to group 39
[    5.120205] iommu: Adding device 0000:40:03.1 to group 40
[    5.120573] iommu: Adding device 0000:40:04.0 to group 41
[    5.121009] iommu: Adding device 0000:40:07.0 to group 42
[    5.121361] iommu: Adding device 0000:40:07.1 to group 43
[    5.121813] iommu: Adding device 0000:40:08.0 to group 44
[    5.122253] iommu: Adding device 0000:40:08.1 to group 45
[    5.122684] iommu: Adding device 0000:41:00.0 to group 46
[    5.123182] iommu: Adding device 0000:42:00.0 to group 47
[    5.123538] iommu: Adding device 0000:42:00.2 to group 48
[    5.124041] iommu: Adding device 0000:43:00.0 to group 49
[    5.124526] iommu: Adding device 0000:43:00.1 to group 50
[    5.125007] iommu: Adding device 0000:60:01.0 to group 51
[    5.125480] iommu: Adding device 0000:60:02.0 to group 52
[    5.125913] iommu: Adding device 0000:60:03.0 to group 53
[    5.126320] iommu: Adding device 0000:60:04.0 to group 54
[    5.126818] iommu: Adding device 0000:60:07.0 to group 55
[    5.127177] iommu: Adding device 0000:60:07.1 to group 56
[    5.127620] iommu: Adding device 0000:60:08.0 to group 57
[    5.128004] iommu: Adding device 0000:60:08.1 to group 58
[    5.128479] iommu: Adding device 0000:61:00.0 to group 59
[    5.128948] iommu: Adding device 0000:61:00.2 to group 60
[    5.129396] iommu: Adding device 0000:62:00.0 to group 61
[    5.129782] iommu: Adding device 0000:62:00.1 to group 62
[    5.130226] iommu: Adding device 0000:80:01.0 to group 63
[    5.130752] iommu: Adding device 0000:80:02.0 to group 64
[    5.131164] iommu: Adding device 0000:80:03.0 to group 65
[    5.131658] iommu: Adding device 0000:80:04.0 to group 66
[    5.132077] iommu: Adding device 0000:80:07.0 to group 67
[    5.132476] iommu: Adding device 0000:80:07.1 to group 68
[    5.132934] iommu: Adding device 0000:80:08.0 to group 69
[    5.133380] iommu: Adding device 0000:80:08.1 to group 70
[    5.133947] iommu: Adding device 0000:81:00.0 to group 71
[    5.134432] iommu: Adding device 0000:81:00.2 to group 72
[    5.134916] iommu: Adding device 0000:82:00.0 to group 73
[    5.135285] iommu: Adding device 0000:82:00.1 to group 74
[    5.135833] iommu: Adding device 0000:a0:01.0 to group 75
[    5.136333] iommu: Adding device 0000:a0:02.0 to group 76
[    5.136785] iommu: Adding device 0000:a0:03.0 to group 77
[    5.137229] iommu: Adding device 0000:a0:04.0 to group 78
[    5.137620] iommu: Adding device 0000:a0:07.0 to group 79
[    5.138048] iommu: Adding device 0000:a0:07.1 to group 80
[    5.138463] iommu: Adding device 0000:a0:08.0 to group 81
[    5.138862] iommu: Adding device 0000:a0:08.1 to group 82
[    5.139279] iommu: Adding device 0000:a1:00.0 to group 83
[    5.139657] iommu: Adding device 0000:a1:00.2 to group 84
[    5.140154] iommu: Adding device 0000:a2:00.0 to group 85
[    5.140526] iommu: Adding device 0000:a2:00.1 to group 86
[    5.141040] iommu: Adding device 0000:a2:00.2 to group 87
[    5.141460] iommu: Adding device 0000:c0:01.0 to group 88
[    5.141956] iommu: Adding device 0000:c0:02.0 to group 89
[    5.142338] iommu: Adding device 0000:c0:03.0 to group 90
[    5.142791] iommu: Adding device 0000:c0:04.0 to group 91
[    5.143268] iommu: Adding device 0000:c0:07.0 to group 92
[    5.143687] iommu: Adding device 0000:c0:07.1 to group 93
[    5.144088] iommu: Adding device 0000:c0:08.0 to group 94
[    5.144600] iommu: Adding device 0000:c0:08.1 to group 95
[    5.145014] iommu: Adding device 0000:c1:00.0 to group 96
[    5.145425] iommu: Adding device 0000:c1:00.2 to group 97
[    5.145876] iommu: Adding device 0000:c2:00.0 to group 98
[    5.146324] iommu: Adding device 0000:c2:00.1 to group 99
[    5.146810] iommu: Adding device 0000:e0:01.0 to group 100
[    5.147223] iommu: Adding device 0000:e0:02.0 to group 101
[    5.147759] iommu: Adding device 0000:e0:03.0 to group 102
[    5.148256] iommu: Adding device 0000:e0:04.0 to group 103
[    5.148709] iommu: Adding device 0000:e0:07.0 to group 104
[    5.149208] iommu: Adding device 0000:e0:07.1 to group 105
[    5.149600] iommu: Adding device 0000:e0:08.0 to group 106
[    5.150065] iommu: Adding device 0000:e0:08.1 to group 107
[    5.150540] iommu: Adding device 0000:e1:00.0 to group 108
[    5.150998] iommu: Adding device 0000:e1:00.2 to group 109
[    5.151407] iommu: Adding device 0000:e2:00.0 to group 110
[    5.151930] iommu: Adding device 0000:e2:00.1 to group 111
[    5.152167] AMD-Vi: Found IOMMU at 0000:00:00.2 cap 0x40
[    5.152168] AMD-Vi: Extended features (0xf77ef22294ada):
[    5.152169]  PPR NX GT IA GA PC GA_vAPIC
[    5.152173] AMD-Vi: Found IOMMU at 0000:20:00.2 cap 0x40
[    5.152174] AMD-Vi: Extended features (0xf77ef22294ada):
[    5.152175]  PPR NX GT IA GA PC GA_vAPIC
[    5.152178] AMD-Vi: Found IOMMU at 0000:40:00.2 cap 0x40
[    5.152179] AMD-Vi: Extended features (0xf77ef22294ada):
[    5.152180]  PPR NX GT IA GA PC GA_vAPIC
[    5.152183] AMD-Vi: Found IOMMU at 0000:60:00.2 cap 0x40
[    5.152184] AMD-Vi: Extended features (0xf77ef22294ada):
[    5.152184]  PPR NX GT IA GA PC GA_vAPIC
[    5.152187] AMD-Vi: Found IOMMU at 0000:80:00.2 cap 0x40
[    5.152188] AMD-Vi: Extended features (0xf77ef22294ada):
[    5.152189]  PPR NX GT IA GA PC GA_vAPIC
[    5.152191] AMD-Vi: Found IOMMU at 0000:a0:00.2 cap 0x40
[    5.152192] AMD-Vi: Extended features (0xf77ef22294ada):
[    5.152193]  PPR NX GT IA GA PC GA_vAPIC
[    5.152195] AMD-Vi: Found IOMMU at 0000:c0:00.2 cap 0x40
[    5.152196] AMD-Vi: Extended features (0xf77ef22294ada):
[    5.152197]  PPR NX GT IA GA PC GA_vAPIC
[    5.152199] AMD-Vi: Found IOMMU at 0000:e0:00.2 cap 0x40
[    5.152200] AMD-Vi: Extended features (0xf77ef22294ada):
[    5.152201]  PPR NX GT IA GA PC GA_vAPIC
[    5.152203] AMD-Vi: Interrupt remapping enabled
[    5.152204] AMD-Vi: virtual APIC enabled
[    5.152269] pci 0000:00:00.2: irq 26 for MSI/MSI-X
[    5.152468] pci 0000:20:00.2: irq 27 for MSI/MSI-X
[    5.152529] pci 0000:40:00.2: irq 28 for MSI/MSI-X
[    5.152590] pci 0000:60:00.2: irq 29 for MSI/MSI-X
[    5.152670] pci 0000:80:00.2: irq 30 for MSI/MSI-X
[    5.152742] pci 0000:a0:00.2: irq 31 for MSI/MSI-X
[    5.152805] pci 0000:c0:00.2: irq 32 for MSI/MSI-X
[    5.152873] pci 0000:e0:00.2: irq 33 for MSI/MSI-X
[    5.152920] AMD-Vi: Lazy IO/TLB flushing enabled
[    5.154681] perf: AMD NB counters detected
[    5.154698] perf: AMD LLC counters detected
[    5.166832] sha1_ssse3: Using SHA-NI optimized SHA-1 implementation
[    5.166895] sha256_ssse3: Using SHA-256-NI optimized SHA-256 implementation
[    5.167866] futex hash table entries: 16384 (order: 8, 1048576 bytes)
[    5.168009] Initialise system trusted keyring
[    5.168044] audit: initializing netlink socket (disabled)
[    5.168066] type=2000 audit(1535639148.082:1): initialized
[    5.192957] HugeTLB registered 1 GB page size, pre-allocated 0 pages
[    5.192959] HugeTLB registered 2 MB page size, pre-allocated 0 pages
[    5.194213] zpool: loaded
[    5.194216] zbud: loaded
[    5.194541] VFS: Disk quotas dquot_6.5.2
[    5.194602] Dquot-cache hash table entries: 512 (order 0, 4096 bytes)
[    5.194872] msgmni has been set to 32768
[    5.194943] Key type big_key registered
[    5.194946] SELinux:  Registering netfilter hooks
[    5.198142] NET: Registered protocol family 38
[    5.198150] Key type asymmetric registered
[    5.198153] Asymmetric key parser 'x509' registered
[    5.198193] Block layer SCSI generic (bsg) driver version 0.4 loaded (major 248)
[    5.198372] io scheduler noop registered
[    5.198375] io scheduler deadline registered (default)
[    5.198408] io scheduler cfq registered
[    5.198412] io scheduler mq-deadline registered
[    5.198414] io scheduler kyber registered
[    5.198911] pcieport 0000:00:07.1: irq 34 for MSI/MSI-X
[    5.199884] pcieport 0000:00:08.1: irq 36 for MSI/MSI-X
[    5.200070] pcieport 0000:20:01.1: irq 37 for MSI/MSI-X
[    5.200257] pcieport 0000:20:07.1: irq 38 for MSI/MSI-X
[    5.200936] pcieport 0000:20:08.1: irq 40 for MSI/MSI-X
[    5.201250] pcieport 0000:40:03.1: irq 41 for MSI/MSI-X
[    5.201486] pcieport 0000:40:07.1: irq 43 for MSI/MSI-X
[    5.201696] pcieport 0000:40:08.1: irq 45 for MSI/MSI-X
[    5.202375] pcieport 0000:60:07.1: irq 47 for MSI/MSI-X
[    5.202572] pcieport 0000:60:08.1: irq 49 for MSI/MSI-X
[    5.203747] pcieport 0000:80:07.1: irq 51 for MSI/MSI-X
[    5.204727] pcieport 0000:80:08.1: irq 53 for MSI/MSI-X
[    5.205406] pcieport 0000:a0:07.1: irq 55 for MSI/MSI-X
[    5.205674] pcieport 0000:a0:08.1: irq 57 for MSI/MSI-X
