[    0.000000] Initializing cgroup subsys cpuset
[    0.000000] Initializing cgroup subsys cpu
[    0.000000] Initializing cgroup subsys cpuacct
[    0.000000] Linux version 3.10.0-862.9.1.el7.x86_64 (mockbuild@x86-017.build.eng.bos.redhat.com) (gcc version 4.8.5 20150623 (Red Hat 4.8.5-28) (GCC) ) #1 SMP Wed Jun 27 04:30:39 EDT 2018
[    0.000000] Command line: BOOT_IMAGE=/boot/vmlinuz-3.10.0-862.9.1.el7.x86_64 root=UUID=62ac631c-9f7f-43ab-8c6a-a31f8cb22707 ro crashkernel=auto rhgb quiet LANG=en_US.UTF-8
[    0.000000] e820: BIOS-provided physical RAM map:
[    0.000000] BIOS-e820: [mem 0x0000000000000000-0x000000000009ffff] usable
[    0.000000] BIOS-e820: [mem 0x00000000000a0000-0x00000000000fffff] reserved
[    0.000000] BIOS-e820: [mem 0x0000000000100000-0x0000000075daffff] usable
[    0.000000] BIOS-e820: [mem 0x0000000075db0000-0x0000000075ffffff] reserved
[    0.000000] BIOS-e820: [mem 0x0000000076000000-0x00000000c5ddffff] usable
[    0.000000] BIOS-e820: [mem 0x00000000c5de0000-0x00000000c5e30fff] reserved
[    0.000000] BIOS-e820: [mem 0x00000000c5e31000-0x00000000c62b1fff] usable
[    0.000000] BIOS-e820: [mem 0x00000000c62b2000-0x00000000c673dfff] reserved
[    0.000000] BIOS-e820: [mem 0x00000000c673e000-0x00000000c7e21fff] usable
[    0.000000] BIOS-e820: [mem 0x00000000c7e22000-0x00000000c8121fff] ACPI NVS
[    0.000000] BIOS-e820: [mem 0x00000000c8122000-0x00000000c9145fff] reserved
[    0.000000] BIOS-e820: [mem 0x00000000c9146000-0x00000000c9147fff] usable
[    0.000000] BIOS-e820: [mem 0x00000000c9148000-0x00000000c9158fff] reserved
[    0.000000] BIOS-e820: [mem 0x00000000c9159000-0x00000000c915dfff] usable
[    0.000000] BIOS-e820: [mem 0x00000000c915e000-0x00000000c917ffff] reserved
[    0.000000] BIOS-e820: [mem 0x00000000c9180000-0x00000000c9180fff] usable
[    0.000000] BIOS-e820: [mem 0x00000000c9181000-0x00000000c927cfff] reserved
[    0.000000] BIOS-e820: [mem 0x00000000c927d000-0x00000000cad7cfff] usable
[    0.000000] BIOS-e820: [mem 0x00000000cad7d000-0x00000000cadacfff] reserved
[    0.000000] BIOS-e820: [mem 0x00000000cadad000-0x00000000cadc7fff] usable
[    0.000000] BIOS-e820: [mem 0x00000000cadc8000-0x00000000cae1cfff] ACPI NVS
[    0.000000] BIOS-e820: [mem 0x00000000cae1d000-0x00000000cae6cfff] reserved
[    0.000000] BIOS-e820: [mem 0x00000000cae6d000-0x00000000cbffffff] usable
[    0.000000] BIOS-e820: [mem 0x00000000cc000000-0x00000000cfffffff] reserved
[    0.000000] BIOS-e820: [mem 0x00000000d3900000-0x00000000d3a7ffff] reserved
[    0.000000] BIOS-e820: [mem 0x00000000d3af0000-0x00000000d3af0fff] reserved
[    0.000000] BIOS-e820: [mem 0x00000000d3f00000-0x00000000d407ffff] reserved
[    0.000000] BIOS-e820: [mem 0x00000000d40f0000-0x00000000d40f0fff] reserved
[    0.000000] BIOS-e820: [mem 0x00000000d4500000-0x00000000d467ffff] reserved
[    0.000000] BIOS-e820: [mem 0x00000000d46f0000-0x00000000d46f0fff] reserved
[    0.000000] BIOS-e820: [mem 0x00000000d4b00000-0x00000000d4c7ffff] reserved
[    0.000000] BIOS-e820: [mem 0x00000000d4cf0000-0x00000000d4cf0fff] reserved
[    0.000000] BIOS-e820: [mem 0x00000000d5100000-0x00000000d527ffff] reserved
[    0.000000] BIOS-e820: [mem 0x00000000d52f0000-0x00000000d52f0fff] reserved
[    0.000000] BIOS-e820: [mem 0x00000000d5700000-0x00000000d587ffff] reserved
[    0.000000] BIOS-e820: [mem 0x00000000d58f0000-0x00000000d58f0fff] reserved
[    0.000000] BIOS-e820: [mem 0x00000000d7e00000-0x00000000d7f7ffff] reserved
[    0.000000] BIOS-e820: [mem 0x00000000d7ff0000-0x00000000d7ff0fff] reserved
[    0.000000] BIOS-e820: [mem 0x00000000dfa00000-0x00000000dfa7ffff] reserved
[    0.000000] BIOS-e820: [mem 0x00000000dfaf0000-0x00000000dfaf0fff] reserved
[    0.000000] BIOS-e820: [mem 0x00000000fea00000-0x00000000feafffff] reserved
[    0.000000] BIOS-e820: [mem 0x00000000fec00000-0x00000000fec00fff] reserved
[    0.000000] BIOS-e820: [mem 0x00000000fec10000-0x00000000fec10fff] reserved
[    0.000000] BIOS-e820: [mem 0x00000000fed00000-0x00000000fed00fff] reserved
[    0.000000] BIOS-e820: [mem 0x00000000fed40000-0x00000000fed44fff] reserved
[    0.000000] BIOS-e820: [mem 0x00000000fed80000-0x00000000fed8ffff] reserved
[    0.000000] BIOS-e820: [mem 0x00000000fedc0000-0x00000000fedc0fff] reserved
[    0.000000] BIOS-e820: [mem 0x00000000fedc2000-0x00000000fedc5fff] reserved
[    0.000000] BIOS-e820: [mem 0x00000000fedc7000-0x00000000fedc7fff] reserved
[    0.000000] BIOS-e820: [mem 0x00000000fedc9000-0x00000000fedcafff] reserved
[    0.000000] BIOS-e820: [mem 0x00000000fee00000-0x00000000feefffff] reserved
[    0.000000] BIOS-e820: [mem 0x00000000ff000000-0x00000000ffffffff] reserved
[    0.000000] BIOS-e820: [mem 0x0000000100000000-0x000000082f37ffff] usable
[    0.000000] BIOS-e820: [mem 0x000000082f380000-0x000000082fffffff] reserved
[    0.000000] BIOS-e820: [mem 0x0000000830000000-0x000000102ff7ffff] usable
[    0.000000] BIOS-e820: [mem 0x000000102ff80000-0x000000102fffffff] reserved
[    0.000000] BIOS-e820: [mem 0x0000001030000000-0x000000182ff7ffff] usable
[    0.000000] BIOS-e820: [mem 0x000000182ff80000-0x000000182fffffff] reserved
[    0.000000] BIOS-e820: [mem 0x0000001830000000-0x000000202ff7ffff] usable
[    0.000000] BIOS-e820: [mem 0x000000202ff80000-0x000000202fffffff] reserved
[    0.000000] BIOS-e820: [mem 0x0000002030000000-0x000000282ff7ffff] usable
[    0.000000] BIOS-e820: [mem 0x000000282ff80000-0x000000282fffffff] reserved
[    0.000000] BIOS-e820: [mem 0x0000002830000000-0x000000302ff7ffff] usable
[    0.000000] BIOS-e820: [mem 0x000000302ff80000-0x000000302fffffff] reserved
[    0.000000] BIOS-e820: [mem 0x0000003030000000-0x000000382ff7ffff] usable
[    0.000000] BIOS-e820: [mem 0x000000382ff80000-0x000000382fffffff] reserved
[    0.000000] BIOS-e820: [mem 0x0000003830000000-0x000000402ff7ffff] usable
[    0.000000] BIOS-e820: [mem 0x000000402ff80000-0x000000402fffffff] reserved
[    0.000000] NX (Execute Disable) protection: active
[    0.000000] e820: update [mem 0x94454018-0x94464857] usable ==> usable
[    0.000000] e820: update [mem 0x94423018-0x94453457] usable ==> usable
[    0.000000] extended physical RAM map:
[    0.000000] reserve setup_data: [mem 0x0000000000000000-0x000000000009ffff] usable
[    0.000000] reserve setup_data: [mem 0x00000000000a0000-0x00000000000fffff] reserved
[    0.000000] reserve setup_data: [mem 0x0000000000100000-0x0000000075daffff] usable
[    0.000000] reserve setup_data: [mem 0x0000000075db0000-0x0000000075ffffff] reserved
[    0.000000] reserve setup_data: [mem 0x0000000076000000-0x0000000094423017] usable
[    0.000000] reserve setup_data: [mem 0x0000000094423018-0x0000000094453457] usable
[    0.000000] reserve setup_data: [mem 0x0000000094453458-0x0000000094454017] usable
[    0.000000] reserve setup_data: [mem 0x0000000094454018-0x0000000094464857] usable
[    0.000000] reserve setup_data: [mem 0x0000000094464858-0x00000000c5ddffff] usable
[    0.000000] reserve setup_data: [mem 0x00000000c5de0000-0x00000000c5e30fff] reserved
[    0.000000] reserve setup_data: [mem 0x00000000c5e31000-0x00000000c62b1fff] usable
[    0.000000] reserve setup_data: [mem 0x00000000c62b2000-0x00000000c673dfff] reserved
[    0.000000] reserve setup_data: [mem 0x00000000c673e000-0x00000000c7e21fff] usable
[    0.000000] reserve setup_data: [mem 0x00000000c7e22000-0x00000000c8121fff] ACPI NVS
[    0.000000] reserve setup_data: [mem 0x00000000c8122000-0x00000000c9145fff] reserved
[    0.000000] reserve setup_data: [mem 0x00000000c9146000-0x00000000c9147fff] usable
[    0.000000] reserve setup_data: [mem 0x00000000c9148000-0x00000000c9158fff] reserved
[    0.000000] reserve setup_data: [mem 0x00000000c9159000-0x00000000c915dfff] usable
[    0.000000] reserve setup_data: [mem 0x00000000c915e000-0x00000000c917ffff] reserved
[    0.000000] reserve setup_data: [mem 0x00000000c9180000-0x00000000c9180fff] usable
[    0.000000] reserve setup_data: [mem 0x00000000c9181000-0x00000000c927cfff] reserved
[    0.000000] reserve setup_data: [mem 0x00000000c927d000-0x00000000cad7cfff] usable
[    0.000000] reserve setup_data: [mem 0x00000000cad7d000-0x00000000cadacfff] reserved
[    0.000000] reserve setup_data: [mem 0x00000000cadad000-0x00000000cadc7fff] usable
[    0.000000] reserve setup_data: [mem 0x00000000cadc8000-0x00000000cae1cfff] ACPI NVS
[    0.000000] reserve setup_data: [mem 0x00000000cae1d000-0x00000000cae6cfff] reserved
[    0.000000] reserve setup_data: [mem 0x00000000cae6d000-0x00000000cbffffff] usable
[    0.000000] reserve setup_data: [mem 0x00000000cc000000-0x00000000cfffffff] reserved
[    0.000000] reserve setup_data: [mem 0x00000000d3900000-0x00000000d3a7ffff] reserved
[    0.000000] reserve setup_data: [mem 0x00000000d3af0000-0x00000000d3af0fff] reserved
[    0.000000] reserve setup_data: [mem 0x00000000d3f00000-0x00000000d407ffff] reserved
[    0.000000] reserve setup_data: [mem 0x00000000d40f0000-0x00000000d40f0fff] reserved
[    0.000000] reserve setup_data: [mem 0x00000000d4500000-0x00000000d467ffff] reserved
[    0.000000] reserve setup_data: [mem 0x00000000d46f0000-0x00000000d46f0fff] reserved
[    0.000000] reserve setup_data: [mem 0x00000000d4b00000-0x00000000d4c7ffff] reserved
[    0.000000] reserve setup_data: [mem 0x00000000d4cf0000-0x00000000d4cf0fff] reserved
[    0.000000] reserve setup_data: [mem 0x00000000d5100000-0x00000000d527ffff] reserved
[    0.000000] reserve setup_data: [mem 0x00000000d52f0000-0x00000000d52f0fff] reserved
[    0.000000] reserve setup_data: [mem 0x00000000d5700000-0x00000000d587ffff] reserved
[    0.000000] reserve setup_data: [mem 0x00000000d58f0000-0x00000000d58f0fff] reserved
[    0.000000] reserve setup_data: [mem 0x00000000d7e00000-0x00000000d7f7ffff] reserved
[    0.000000] reserve setup_data: [mem 0x00000000d7ff0000-0x00000000d7ff0fff] reserved
[    0.000000] reserve setup_data: [mem 0x00000000dfa00000-0x00000000dfa7ffff] reserved
[    0.000000] reserve setup_data: [mem 0x00000000dfaf0000-0x00000000dfaf0fff] reserved
[    0.000000] reserve setup_data: [mem 0x00000000fea00000-0x00000000feafffff] reserved
[    0.000000] reserve setup_data: [mem 0x00000000fec00000-0x00000000fec00fff] reserved
[    0.000000] reserve setup_data: [mem 0x00000000fec10000-0x00000000fec10fff] reserved
[    0.000000] reserve setup_data: [mem 0x00000000fed00000-0x00000000fed00fff] reserved
[    0.000000] reserve setup_data: [mem 0x00000000fed40000-0x00000000fed44fff] reserved
[    0.000000] reserve setup_data: [mem 0x00000000fed80000-0x00000000fed8ffff] reserved
[    0.000000] reserve setup_data: [mem 0x00000000fedc0000-0x00000000fedc0fff] reserved
[    0.000000] reserve setup_data: [mem 0x00000000fedc2000-0x00000000fedc5fff] reserved
[    0.000000] reserve setup_data: [mem 0x00000000fedc7000-0x00000000fedc7fff] reserved
[    0.000000] reserve setup_data: [mem 0x00000000fedc9000-0x00000000fedcafff] reserved
[    0.000000] reserve setup_data: [mem 0x00000000fee00000-0x00000000feefffff] reserved
[    0.000000] reserve setup_data: [mem 0x00000000ff000000-0x00000000ffffffff] reserved
[    0.000000] reserve setup_data: [mem 0x0000000100000000-0x000000082f37ffff] usable
[    0.000000] reserve setup_data: [mem 0x000000082f380000-0x000000082fffffff] reserved
[    0.000000] reserve setup_data: [mem 0x0000000830000000-0x000000102ff7ffff] usable
[    0.000000] reserve setup_data: [mem 0x000000102ff80000-0x000000102fffffff] reserved
[    0.000000] reserve setup_data: [mem 0x0000001030000000-0x000000182ff7ffff] usable
[    0.000000] reserve setup_data: [mem 0x000000182ff80000-0x000000182fffffff] reserved
[    0.000000] reserve setup_data: [mem 0x0000001830000000-0x000000202ff7ffff] usable
[    0.000000] reserve setup_data: [mem 0x000000202ff80000-0x000000202fffffff] reserved
[    0.000000] reserve setup_data: [mem 0x0000002030000000-0x000000282ff7ffff] usable
[    0.000000] reserve setup_data: [mem 0x000000282ff80000-0x000000282fffffff] reserved
[    0.000000] reserve setup_data: [mem 0x0000002830000000-0x000000302ff7ffff] usable
[    0.000000] reserve setup_data: [mem 0x000000302ff80000-0x000000302fffffff] reserved
[    0.000000] reserve setup_data: [mem 0x0000003030000000-0x000000382ff7ffff] usable
[    0.000000] reserve setup_data: [mem 0x000000382ff80000-0x000000382fffffff] reserved
[    0.000000] reserve setup_data: [mem 0x0000003830000000-0x000000402ff7ffff] usable
[    0.000000] reserve setup_data: [mem 0x000000402ff80000-0x000000402fffffff] reserved
[    0.000000] efi: EFI v2.60 by American Megatrends
[    0.000000] efi:  ACPI 2.0=0xcadc8000  ACPI=0xcadc8000  SMBIOS=0xcae1f000  SMBIOS 3.0=0xcae1e000  MPS=0xfca90  ESRT=0xc9628618 
[    0.000000] efi: mem00: type=3, attr=0xf, range=[0x0000000000000000-0x0000000000008000) (0MB)
[    0.000000] efi: mem01: type=2, attr=0xf, range=[0x0000000000008000-0x0000000000009000) (0MB)
[    0.000000] efi: mem02: type=7, attr=0xf, range=[0x0000000000009000-0x000000000003f000) (0MB)
[    0.000000] efi: mem03: type=4, attr=0xf, range=[0x000000000003f000-0x0000000000040000) (0MB)
[    0.000000] efi: mem04: type=3, attr=0xf, range=[0x0000000000040000-0x00000000000a0000) (0MB)
[    0.000000] efi: mem05: type=7, attr=0xf, range=[0x0000000000100000-0x0000000001000000) (15MB)
[    0.000000] efi: mem06: type=4, attr=0xf, range=[0x0000000001000000-0x0000000001020000) (0MB)
[    0.000000] efi: mem07: type=7, attr=0xf, range=[0x0000000001020000-0x0000000001200000) (1MB)
[    0.000000] efi: mem08: type=2, attr=0xf, range=[0x0000000001200000-0x0000000002856000) (22MB)
[    0.000000] efi: mem09: type=7, attr=0xf, range=[0x0000000002856000-0x0000000030000000) (727MB)
[    0.000000] efi: mem10: type=4, attr=0xf, range=[0x0000000030000000-0x0000000030076000) (0MB)
[    0.000000] efi: mem11: type=7, attr=0xf, range=[0x0000000030076000-0x000000003ce8b000) (206MB)
[    0.000000] efi: mem12: type=2, attr=0xf, range=[0x000000003ce8b000-0x0000000040000000) (49MB)
[    0.000000] efi: mem13: type=7, attr=0xf, range=[0x0000000040000000-0x0000000075db0000) (861MB)
[    0.000000] efi: mem14: type=0, attr=0xf, range=[0x0000000075db0000-0x0000000076000000) (2MB)
[    0.000000] efi: mem15: type=7, attr=0xf, range=[0x0000000076000000-0x0000000094423000) (484MB)
[    0.000000] efi: mem16: type=2, attr=0xf, range=[0x0000000094423000-0x00000000c5ab9000) (790MB)
[    0.000000] efi: mem17: type=7, attr=0xf, range=[0x00000000c5ab9000-0x00000000c5abf000) (0MB)
[    0.000000] efi: mem18: type=1, attr=0xf, range=[0x00000000c5abf000-0x00000000c5bbf000) (1MB)
[    0.000000] efi: mem19: type=2, attr=0xf, range=[0x00000000c5bbf000-0x00000000c5cc0000) (1MB)
[    0.000000] efi: mem20: type=1, attr=0xf, range=[0x00000000c5cc0000-0x00000000c5de0000) (1MB)
[    0.000000] efi: mem21: type=6, attr=0x800000000000000f, range=[0x00000000c5de0000-0x00000000c5e31000) (0MB)
[    0.000000] efi: mem22: type=4, attr=0xf, range=[0x00000000c5e31000-0x00000000c62b2000) (4MB)
[    0.000000] efi: mem23: type=6, attr=0x800000000000000f, range=[0x00000000c62b2000-0x00000000c6726000) (4MB)
[    0.000000] efi: mem24: type=0, attr=0xf, range=[0x00000000c6726000-0x00000000c673e000) (0MB)
[    0.000000] efi: mem25: type=4, attr=0xf, range=[0x00000000c673e000-0x00000000c7e22000) (22MB)
[    0.000000] efi: mem26: type=10, attr=0xf, range=[0x00000000c7e22000-0x00000000c8122000) (3MB)
[    0.000000] efi: mem27: type=0, attr=0xf, range=[0x00000000c8122000-0x00000000c9126000) (16MB)
[    0.000000] efi: mem28: type=6, attr=0x800000000000000f, range=[0x00000000c9126000-0x00000000c9146000) (0MB)
[    0.000000] efi: mem29: type=7, attr=0xf, range=[0x00000000c9146000-0x00000000c9148000) (0MB)
[    0.000000] efi: mem30: type=6, attr=0x800000000000000f, range=[0x00000000c9148000-0x00000000c9159000) (0MB)
[    0.000000] efi: mem31: type=7, attr=0xf, range=[0x00000000c9159000-0x00000000c915c000) (0MB)
[    0.000000] efi: mem32: type=2, attr=0xf, range=[0x00000000c915c000-0x00000000c915e000) (0MB)
[    0.000000] efi: mem33: type=0, attr=0xf, range=[0x00000000c915e000-0x00000000c916e000) (0MB)
[    0.000000] efi: mem34: type=6, attr=0x800000000000000f, range=[0x00000000c916e000-0x00000000c9171000) (0MB)
[    0.000000] efi: mem35: type=5, attr=0x800000000000000f, range=[0x00000000c9171000-0x00000000c9179000) (0MB)
[    0.000000] efi: mem36: type=6, attr=0x800000000000000f, range=[0x00000000c9179000-0x00000000c917b000) (0MB)
[    0.000000] efi: mem37: type=5, attr=0x800000000000000f, range=[0x00000000c917b000-0x00000000c9180000) (0MB)
[    0.000000] efi: mem38: type=2, attr=0xf, range=[0x00000000c9180000-0x00000000c9181000) (0MB)
[    0.000000] efi: mem39: type=6, attr=0x800000000000000f, range=[0x00000000c9181000-0x00000000c9182000) (0MB)
[    0.000000] efi: mem40: type=5, attr=0x800000000000000f, range=[0x00000000c9182000-0x00000000c9187000) (0MB)
[    0.000000] efi: mem41: type=6, attr=0x800000000000000f, range=[0x00000000c9187000-0x00000000c91a1000) (0MB)
[    0.000000] efi: mem42: type=5, attr=0x800000000000000f, range=[0x00000000c91a1000-0x00000000c91cd000) (0MB)
[    0.000000] efi: mem43: type=6, attr=0x800000000000000f, range=[0x00000000c91cd000-0x00000000c91de000) (0MB)
[    0.000000] efi: mem44: type=5, attr=0x800000000000000f, range=[0x00000000c91de000-0x00000000c9214000) (0MB)
[    0.000000] efi: mem45: type=6, attr=0x800000000000000f, range=[0x00000000c9214000-0x00000000c9236000) (0MB)
[    0.000000] efi: mem46: type=5, attr=0x800000000000000f, range=[0x00000000c9236000-0x00000000c923c000) (0MB)
[    0.000000] efi: mem47: type=6, attr=0x800000000000000f, range=[0x00000000c923c000-0x00000000c927d000) (0MB)
[    0.000000] efi: mem48: type=4, attr=0xf, range=[0x00000000c927d000-0x00000000ca77d000) (21MB)
[    0.000000] efi: mem49: type=7, attr=0xf, range=[0x00000000ca77d000-0x00000000ca9d8000) (2MB)
[    0.000000] efi: mem50: type=3, attr=0xf, range=[0x00000000ca9d8000-0x00000000cad7d000) (3MB)
[    0.000000] efi: mem51: type=0, attr=0xf, range=[0x00000000cad7d000-0x00000000cadad000) (0MB)
[    0.000000] efi: mem52: type=7, attr=0xf, range=[0x00000000cadad000-0x00000000cadc8000) (0MB)
[    0.000000] efi: mem53: type=10, attr=0xf, range=[0x00000000cadc8000-0x00000000cae1d000) (0MB)
[    0.000000] efi: mem54: type=6, attr=0x800000000000000f, range=[0x00000000cae1d000-0x00000000cae3d000) (0MB)
[    0.000000] efi: mem55: type=5, attr=0x800000000000000f, range=[0x00000000cae3d000-0x00000000cae6d000) (0MB)
[    0.000000] efi: mem56: type=4, attr=0xf, range=[0x00000000cae6d000-0x00000000cc000000) (17MB)
[    0.000000] efi: mem57: type=7, attr=0xf, range=[0x0000000100000000-0x000000082f380000) (29427MB)
[    0.000000] efi: mem58: type=7, attr=0xf, range=[0x0000000830000000-0x000000102ff80000) (32767MB)
[    0.000000] efi: mem59: type=7, attr=0xf, range=[0x0000001030000000-0x000000182ff80000) (32767MB)
[    0.000000] efi: mem60: type=7, attr=0xf, range=[0x0000001830000000-0x000000202ff80000) (32767MB)
[    0.000000] efi: mem61: type=7, attr=0xf, range=[0x0000002030000000-0x000000282ff80000) (32767MB)
[    0.000000] efi: mem62: type=7, attr=0xf, range=[0x0000002830000000-0x000000302ff80000) (32767MB)
[    0.000000] efi: mem63: type=7, attr=0xf, range=[0x0000003030000000-0x000000382ff80000) (32767MB)
[    0.000000] efi: mem64: type=7, attr=0xf, range=[0x0000003830000000-0x000000402ff80000) (32767MB)
[    0.000000] efi: mem65: type=0, attr=0xf, range=[0x00000000000a0000-0x0000000000100000) (0MB)
[    0.000000] efi: mem66: type=0, attr=0xf, range=[0x00000000cc000000-0x00000000d0000000) (64MB)
[    0.000000] efi: mem67: type=11, attr=0x800000000000100f, range=[0x00000000d3900000-0x00000000d3a80000) (1MB)
[    0.000000] efi: mem68: type=11, attr=0x800000000000100f, range=[0x00000000d3af0000-0x00000000d3af1000) (0MB)
[    0.000000] efi: mem69: type=11, attr=0x800000000000100f, range=[0x00000000d3f00000-0x00000000d4080000) (1MB)
[    0.000000] efi: mem70: type=11, attr=0x800000000000100f, range=[0x00000000d40f0000-0x00000000d40f1000) (0MB)
[    0.000000] efi: mem71: type=11, attr=0x800000000000100f, range=[0x00000000d4500000-0x00000000d4680000) (1MB)
[    0.000000] efi: mem72: type=11, attr=0x800000000000100f, range=[0x00000000d46f0000-0x00000000d46f1000) (0MB)
[    0.000000] efi: mem73: type=11, attr=0x800000000000100f, range=[0x00000000d4b00000-0x00000000d4c80000) (1MB)
[    0.000000] efi: mem74: type=11, attr=0x800000000000100f, range=[0x00000000d4cf0000-0x00000000d4cf1000) (0MB)
[    0.000000] efi: mem75: type=11, attr=0x800000000000100f, range=[0x00000000d5100000-0x00000000d5280000) (1MB)
[    0.000000] efi: mem76: type=11, attr=0x800000000000100f, range=[0x00000000d52f0000-0x00000000d52f1000) (0MB)
[    0.000000] efi: mem77: type=11, attr=0x800000000000100f, range=[0x00000000d5700000-0x00000000d5880000) (1MB)
[    0.000000] efi: mem78: type=11, attr=0x800000000000100f, range=[0x00000000d58f0000-0x00000000d58f1000) (0MB)
[    0.000000] efi: mem79: type=11, attr=0x800000000000100f, range=[0x00000000d7e00000-0x00000000d7f80000) (1MB)
[    0.000000] efi: mem80: type=11, attr=0x800000000000100f, range=[0x00000000d7ff0000-0x00000000d7ff1000) (0MB)
[    0.000000] efi: mem81: type=11, attr=0x800000000000100f, range=[0x00000000dfa00000-0x00000000dfa80000) (0MB)
[    0.000000] efi: mem82: type=11, attr=0x800000000000100f, range=[0x00000000dfaf0000-0x00000000dfaf1000) (0MB)
[    0.000000] efi: mem83: type=11, attr=0x800000000000100d, range=[0x00000000fea00000-0x00000000feb00000) (1MB)
[    0.000000] efi: mem84: type=11, attr=0x800000000000100d, range=[0x00000000fec00000-0x00000000fec01000) (0MB)
[    0.000000] efi: mem85: type=11, attr=0x800000000000100d, range=[0x00000000fec10000-0x00000000fec11000) (0MB)
[    0.000000] efi: mem86: type=11, attr=0x800000000000100d, range=[0x00000000fed00000-0x00000000fed01000) (0MB)
[    0.000000] efi: mem87: type=11, attr=0x800000000000100d, range=[0x00000000fed40000-0x00000000fed45000) (0MB)
[    0.000000] efi: mem88: type=11, attr=0x800000000000100d, range=[0x00000000fed80000-0x00000000fed90000) (0MB)
[    0.000000] efi: mem89: type=11, attr=0x800000000000100d, range=[0x00000000fedc0000-0x00000000fedc1000) (0MB)
[    0.000000] efi: mem90: type=11, attr=0x800000000000100d, range=[0x00000000fedc2000-0x00000000fedc6000) (0MB)
[    0.000000] efi: mem91: type=11, attr=0x800000000000100d, range=[0x00000000fedc7000-0x00000000fedc8000) (0MB)
[    0.000000] efi: mem92: type=11, attr=0x800000000000100d, range=[0x00000000fedc9000-0x00000000fedcb000) (0MB)
[    0.000000] efi: mem93: type=11, attr=0x800000000000100d, range=[0x00000000fee00000-0x00000000fef00000) (1MB)
[    0.000000] efi: mem94: type=11, attr=0x800000000000100d, range=[0x00000000ff000000-0x0000000100000000) (16MB)
[    0.000000] efi: mem95: type=0, attr=0xf, range=[0x000000082f380000-0x0000000830000000) (12MB)
[    0.000000] efi: mem96: type=0, attr=0xf, range=[0x000000102ff80000-0x0000001030000000) (0MB)
[    0.000000] efi: mem97: type=0, attr=0xf, range=[0x000000182ff80000-0x0000001830000000) (0MB)
[    0.000000] efi: mem98: type=0, attr=0xf, range=[0x000000202ff80000-0x0000002030000000) (0MB)
[    0.000000] efi: mem99: type=0, attr=0xf, range=[0x000000282ff80000-0x0000002830000000) (0MB)
[    0.000000] efi: mem100: type=0, attr=0xf, range=[0x000000302ff80000-0x0000003030000000) (0MB)
[    0.000000] efi: mem101: type=0, attr=0xf, range=[0x000000382ff80000-0x0000003830000000) (0MB)
[    0.000000] efi: mem102: type=0, attr=0xf, range=[0x000000402ff80000-0x0000004030000000) (0MB)
[    0.000000] esrt: Reserving ESRT space from 0x00000000c9628618 to 0x00000000c9628650.
[    0.000000] SMBIOS 3.1.1 present.
[    0.000000] e820: update [mem 0x00000000-0x00000fff] usable ==> reserved
[    0.000000] e820: remove [mem 0x000a0000-0x000fffff] usable
[    0.000000] e820: last_pfn = 0x402ff80 max_arch_pfn = 0x400000000
[    0.000000] MTRR default type: uncachable
[    0.000000] MTRR fixed ranges enabled:
[    0.000000]   00000-9FFFF write-back
[    0.000000]   A0000-BFFFF write-through
[    0.000000]   C0000-FFFFF write-protect
[    0.000000] MTRR variable ranges enabled:
[    0.000000]   0 base 000000000000 mask FFFF80000000 write-back
[    0.000000]   1 base 000080000000 mask FFFFC0000000 write-back
[    0.000000]   2 base 0000C0000000 mask FFFFF0000000 write-back
[    0.000000]   3 base 0000CC000000 mask FFFFFC000000 uncachable
[    0.000000]   4 disabled
[    0.000000]   5 disabled
[    0.000000]   6 disabled
[    0.000000]   7 disabled
[    0.000000] TOM2: 0000004030000000 aka 262912M
[    0.000000] PAT configuration [0-7]: WB  WC  UC- UC  WB  WP  UC- UC  
[    0.000000] original variable MTRRs
[    0.000000] reg 0, base: 0GB, range: 2GB, type WB
[    0.000000] reg 1, base: 2GB, range: 1GB, type WB
[    0.000000] reg 2, base: 3GB, range: 256MB, type WB
[    0.000000] reg 3, base: 3264MB, range: 64MB, type UC
[    0.000000] total RAM covered: 3264M
[    0.000000] Found optimal setting for mtrr clean up
[    0.000000]  gran_size: 64K 	chunk_size: 64K 	num_reg: 4  	lose cover RAM: 0G
[    0.000000] New variable MTRRs
[    0.000000] reg 0, base: 0GB, range: 2GB, type WB
[    0.000000] reg 1, base: 2GB, range: 1GB, type WB
[    0.000000] reg 2, base: 3GB, range: 128MB, type WB
[    0.000000] reg 3, base: 3200MB, range: 64MB, type WB
[    0.000000] e820: update [mem 0xcc000000-0xffffffff] usable ==> reserved
[    0.000000] e820: last_pfn = 0xcc000 max_arch_pfn = 0x400000000
[    0.000000] found SMP MP-table at [mem 0x000fd250-0x000fd25f] mapped at [ffffffffff240250]
[    0.000000] Base memory trampoline at [ffff8e50c0093000] 93000 size 24576
[    0.000000] Using GB pages for direct mapping
[    0.000000] BRK [0x2324a2e000, 0x2324a2efff] PGTABLE
[    0.000000] BRK [0x2324a2f000, 0x2324a2ffff] PGTABLE
[    0.000000] BRK [0x2324a30000, 0x2324a30fff] PGTABLE
[    0.000000] BRK [0x2324a31000, 0x2324a31fff] PGTABLE
[    0.000000] BRK [0x2324a32000, 0x2324a32fff] PGTABLE
[    0.000000] BRK [0x2324a33000, 0x2324a33fff] PGTABLE
[    0.000000] BRK [0x2324a34000, 0x2324a34fff] PGTABLE
[    0.000000] BRK [0x2324a35000, 0x2324a35fff] PGTABLE
[    0.000000] BRK [0x2324a36000, 0x2324a36fff] PGTABLE
[    0.000000] BRK [0x2324a37000, 0x2324a37fff] PGTABLE
[    0.000000] BRK [0x2324a38000, 0x2324a38fff] PGTABLE
[    0.000000] BRK [0x2324a39000, 0x2324a39fff] PGTABLE
[    0.000000] RAMDISK: [mem 0x3ce8b000-0x3e9a7fff]
[    0.000000] Early table checksum verification disabled
[    0.000000] ACPI: RSDP 00000000cadc8000 00024 (v02    AMD)
[    0.000000] ACPI: XSDT 00000000cadc80b0 000E4 (v01    AMD  DIESEL  03242016 AMI  00010013)
[    0.000000] ACPI: FACP 00000000cadd3048 00114 (v06    AMD  DIESEL  03242016 AMI  00010013)
[    0.000000] ACPI: DSDT 00000000cadc8230 0AE14 (v02    AMD  DIESEL  03242016 INTL 20120913)
[    0.000000] ACPI: FACS 00000000cae1ce80 00040
[    0.000000] ACPI: APIC 00000000cadd3160 002B2 (v04    AMD  DIESEL  03242016 AMI  00010013)
[    0.000000] ACPI: FPDT 00000000cadd3418 00044 (v01    AMD  DIESEL  03242016 AMI  00010013)
[    0.000000] ACPI: FIDT 00000000cadd3460 0009C (v01    AMD   DIESEL 03242016 AMI  00010013)
[    0.000000] ACPI: SSDT 00000000cadd3500 000D2 (v02    AMD AMD ALIB 00000002 MSFT 04000000)
[    0.000000] ACPI: SPMI 00000000cadd35d8 00041 (v05    AMD  DIESEL  00000000 AMI. 00000000)
[    0.000000] ACPI: SSDT 00000000cadd3620 0036C (v02    AMD  CPUSSDT 03242016 AMI  03242016)
[    0.000000] ACPI: MCFG 00000000cadd3990 0003C (v01    AMD   DIESEL 03242016 MSFT 00010013)
[    0.000000] ACPI: SSDT 00000000cadd39d0 08BE4 (v01    AMD  AMD CPU 00000001 AMD  00000001)
[    0.000000] ACPI: SRAT 00000000caddc5b8 006D8 (v03    AMD AMD SRAT 00000001 AMD  00000001)
[    0.000000] ACPI: MSCT 00000000caddcc90 0004E (v01    AMD AMD MSCT 00000000 AMD  00000001)
[    0.000000] ACPI: SLIT 00000000caddcce0 0006C (v01    AMD AMD SLIT 00000001 AMD  00000001)
[    0.000000] ACPI: CRAT 00000000caddcd50 04040 (v01    AMD AMD CRAT 00000001 AMD  00000001)
[    0.000000] ACPI: CDIT 00000000cade0d90 00068 (v01    AMD AMD CDIT 00000001 AMD  00000001)
[    0.000000] ACPI: BERT 00000000cade0df8 00030 (v01 AMD    AMD BERT 00000001 AMD  00000001)
[    0.000000] ACPI: EINJ 00000000cade0e28 00150 (v01 AMD    AMD EINJ 00000001 AMD  00000001)
[    0.000000] ACPI: HEST 00000000cade0f78 00608 (v01 AMD    AMD HEST 00000001 AMD  00000001)
[    0.000000] ACPI: HPET 00000000cade1580 00038 (v01    AMD   DIESEL 03242016 AMI  00000005)
[    0.000000] ACPI: SSDT 00000000cade15b8 00024 (v01 AMDFCH    FCHZP 00001000 INTL 20120913)
[    0.000000] ACPI: UEFI 00000000cade15e0 00042 (v01                 00000000      00000000)
[    0.000000] ACPI: BGRT 00000000cade1628 00038 (v01    AMD  DIESEL  03242016 AMI  00010013)
[    0.000000] ACPI: IVRS 00000000cade1660 00370 (v02    AMD AMD IVRS 00000001 AMD  00000000)
[    0.000000] ACPI: SSDT 00000000cade19d0 01630 (v01    AMD   CPMCMN 00000001 INTL 20120913)
[    0.000000] ACPI: WSMT 00000000cade3000 00028 (v01    AMD  DIESEL  03242016 AMI  00010013)
[    0.000000] ACPI: Local APIC address 0xfee00000
[    0.000000] SRAT: PXM 0 -> APIC 0x00 -> Node 0
[    0.000000] SRAT: PXM 0 -> APIC 0x01 -> Node 0
[    0.000000] SRAT: PXM 0 -> APIC 0x02 -> Node 0
[    0.000000] SRAT: PXM 0 -> APIC 0x03 -> Node 0
[    0.000000] SRAT: PXM 0 -> APIC 0x08 -> Node 0
[    0.000000] SRAT: PXM 0 -> APIC 0x09 -> Node 0
[    0.000000] SRAT: PXM 0 -> APIC 0x0a -> Node 0
[    0.000000] SRAT: PXM 0 -> APIC 0x0b -> Node 0
[    0.000000] SRAT: PXM 1 -> APIC 0x10 -> Node 1
[    0.000000] SRAT: PXM 1 -> APIC 0x11 -> Node 1
[    0.000000] SRAT: PXM 1 -> APIC 0x12 -> Node 1
[    0.000000] SRAT: PXM 1 -> APIC 0x13 -> Node 1
[    0.000000] SRAT: PXM 1 -> APIC 0x18 -> Node 1
[    0.000000] SRAT: PXM 1 -> APIC 0x19 -> Node 1
[    0.000000] SRAT: PXM 1 -> APIC 0x1a -> Node 1
[    0.000000] SRAT: PXM 1 -> APIC 0x1b -> Node 1
[    0.000000] SRAT: PXM 2 -> APIC 0x20 -> Node 2
[    0.000000] SRAT: PXM 2 -> APIC 0x21 -> Node 2
[    0.000000] SRAT: PXM 2 -> APIC 0x22 -> Node 2
[    0.000000] SRAT: PXM 2 -> APIC 0x23 -> Node 2
[    0.000000] SRAT: PXM 2 -> APIC 0x28 -> Node 2
[    0.000000] SRAT: PXM 2 -> APIC 0x29 -> Node 2
[    0.000000] SRAT: PXM 2 -> APIC 0x2a -> Node 2
[    0.000000] SRAT: PXM 2 -> APIC 0x2b -> Node 2
[    0.000000] SRAT: PXM 3 -> APIC 0x30 -> Node 3
[    0.000000] SRAT: PXM 3 -> APIC 0x31 -> Node 3
[    0.000000] SRAT: PXM 3 -> APIC 0x32 -> Node 3
[    0.000000] SRAT: PXM 3 -> APIC 0x33 -> Node 3
[    0.000000] SRAT: PXM 3 -> APIC 0x38 -> Node 3
[    0.000000] SRAT: PXM 3 -> APIC 0x39 -> Node 3
[    0.000000] SRAT: PXM 3 -> APIC 0x3a -> Node 3
[    0.000000] SRAT: PXM 3 -> APIC 0x3b -> Node 3
[    0.000000] SRAT: PXM 4 -> APIC 0x40 -> Node 4
[    0.000000] SRAT: PXM 4 -> APIC 0x41 -> Node 4
[    0.000000] SRAT: PXM 4 -> APIC 0x42 -> Node 4
[    0.000000] SRAT: PXM 4 -> APIC 0x43 -> Node 4
[    0.000000] SRAT: PXM 4 -> APIC 0x48 -> Node 4
[    0.000000] SRAT: PXM 4 -> APIC 0x49 -> Node 4
[    0.000000] SRAT: PXM 4 -> APIC 0x4a -> Node 4
[    0.000000] SRAT: PXM 4 -> APIC 0x4b -> Node 4
[    0.000000] SRAT: PXM 5 -> APIC 0x50 -> Node 5
[    0.000000] SRAT: PXM 5 -> APIC 0x51 -> Node 5
[    0.000000] SRAT: PXM 5 -> APIC 0x52 -> Node 5
[    0.000000] SRAT: PXM 5 -> APIC 0x53 -> Node 5
[    0.000000] SRAT: PXM 5 -> APIC 0x58 -> Node 5
[    0.000000] SRAT: PXM 5 -> APIC 0x59 -> Node 5
[    0.000000] SRAT: PXM 5 -> APIC 0x5a -> Node 5
[    0.000000] SRAT: PXM 5 -> APIC 0x5b -> Node 5
[    0.000000] SRAT: PXM 6 -> APIC 0x60 -> Node 6
[    0.000000] SRAT: PXM 6 -> APIC 0x61 -> Node 6
[    0.000000] SRAT: PXM 6 -> APIC 0x62 -> Node 6
[    0.000000] SRAT: PXM 6 -> APIC 0x63 -> Node 6
[    0.000000] SRAT: PXM 6 -> APIC 0x68 -> Node 6
[    0.000000] SRAT: PXM 6 -> APIC 0x69 -> Node 6
[    0.000000] SRAT: PXM 6 -> APIC 0x6a -> Node 6
[    0.000000] SRAT: PXM 6 -> APIC 0x6b -> Node 6
[    0.000000] SRAT: PXM 7 -> APIC 0x70 -> Node 7
[    0.000000] SRAT: PXM 7 -> APIC 0x71 -> Node 7
[    0.000000] SRAT: PXM 7 -> APIC 0x72 -> Node 7
[    0.000000] SRAT: PXM 7 -> APIC 0x73 -> Node 7
[    0.000000] SRAT: PXM 7 -> APIC 0x78 -> Node 7
[    0.000000] SRAT: PXM 7 -> APIC 0x79 -> Node 7
[    0.000000] SRAT: PXM 7 -> APIC 0x7a -> Node 7
[    0.000000] SRAT: PXM 7 -> APIC 0x7b -> Node 7
[    0.000000] SRAT: Node 0 PXM 0 [mem 0x00000000-0xcfffffff]
[    0.000000] SRAT: Node 0 PXM 0 [mem 0x100000000-0x42fffffff]
[    0.000000] SRAT: Node 0 PXM 0 [mem 0x430000000-0x82fffffff]
[    0.000000] SRAT: Node 1 PXM 1 [mem 0x830000000-0xc2fffffff]
[    0.000000] SRAT: Node 1 PXM 1 [mem 0xc30000000-0x102fffffff]
[    0.000000] SRAT: Node 2 PXM 2 [mem 0x1030000000-0x142fffffff]
[    0.000000] SRAT: Node 2 PXM 2 [mem 0x1430000000-0x182fffffff]
[    0.000000] SRAT: Node 3 PXM 3 [mem 0x1830000000-0x1c2fffffff]
[    0.000000] SRAT: Node 3 PXM 3 [mem 0x1c30000000-0x202fffffff]
[    0.000000] SRAT: Node 4 PXM 4 [mem 0x2030000000-0x242fffffff]
[    0.000000] SRAT: Node 4 PXM 4 [mem 0x2430000000-0x282fffffff]
[    0.000000] SRAT: Node 5 PXM 5 [mem 0x2830000000-0x2c2fffffff]
[    0.000000] SRAT: Node 5 PXM 5 [mem 0x2c30000000-0x302fffffff]
[    0.000000] SRAT: Node 6 PXM 6 [mem 0x3030000000-0x342fffffff]
[    0.000000] SRAT: Node 6 PXM 6 [mem 0x3430000000-0x382fffffff]
[    0.000000] SRAT: Node 7 PXM 7 [mem 0x3830000000-0x3c2fffffff]
[    0.000000] SRAT: Node 7 PXM 7 [mem 0x3c30000000-0x402fffffff]
[    0.000000] NUMA: Initialized distance table, cnt=8
[    0.000000] NUMA: Node 0 [mem 0x00000000-0xcfffffff] + [mem 0x100000000-0x42fffffff] -> [mem 0x00000000-0x42fffffff]
[    0.000000] NUMA: Node 0 [mem 0x00000000-0x42fffffff] + [mem 0x430000000-0x82fffffff] -> [mem 0x00000000-0x82fffffff]
[    0.000000] NUMA: Node 1 [mem 0x830000000-0xc2fffffff] + [mem 0xc30000000-0x102fffffff] -> [mem 0x830000000-0x102fffffff]
[    0.000000] NUMA: Node 2 [mem 0x1030000000-0x142fffffff] + [mem 0x1430000000-0x182fffffff] -> [mem 0x1030000000-0x182fffffff]
[    0.000000] NUMA: Node 3 [mem 0x1830000000-0x1c2fffffff] + [mem 0x1c30000000-0x202fffffff] -> [mem 0x1830000000-0x202fffffff]
[    0.000000] NUMA: Node 4 [mem 0x2030000000-0x242fffffff] + [mem 0x2430000000-0x282fffffff] -> [mem 0x2030000000-0x282fffffff]
[    0.000000] NUMA: Node 5 [mem 0x2830000000-0x2c2fffffff] + [mem 0x2c30000000-0x302fffffff] -> [mem 0x2830000000-0x302fffffff]
[    0.000000] NUMA: Node 6 [mem 0x3030000000-0x342fffffff] + [mem 0x3430000000-0x382fffffff] -> [mem 0x3030000000-0x382fffffff]
[    0.000000] NUMA: Node 7 [mem 0x3830000000-0x3c2fffffff] + [mem 0x3c30000000-0x402ff7ffff] -> [mem 0x3830000000-0x402ff7ffff]
[    0.000000] NODE_DATA(0) allocated [mem 0x82f359000-0x82f37ffff]
[    0.000000] NODE_DATA(1) allocated [mem 0x102ff59000-0x102ff7ffff]
[    0.000000] NODE_DATA(2) allocated [mem 0x182ff59000-0x182ff7ffff]
[    0.000000] NODE_DATA(3) allocated [mem 0x202ff59000-0x202ff7ffff]
[    0.000000] NODE_DATA(4) allocated [mem 0x282ff59000-0x282ff7ffff]
[    0.000000] NODE_DATA(5) allocated [mem 0x302ff59000-0x302ff7ffff]
[    0.000000] NODE_DATA(6) allocated [mem 0x382ff59000-0x382ff7ffff]
[    0.000000] NODE_DATA(7) allocated [mem 0x402ff58000-0x402ff7efff]
[    0.000000] Reserving 176MB of memory at 592MB for crashkernel (System RAM: 262035MB)
[    0.000000] Zone ranges:
[    0.000000]   DMA      [mem 0x00001000-0x00ffffff]
[    0.000000]   DMA32    [mem 0x01000000-0xffffffff]
[    0.000000]   Normal   [mem 0x100000000-0x402ff7ffff]
[    0.000000] Movable zone start for each node
[    0.000000] Early memory node ranges
[    0.000000]   node   0: [mem 0x00001000-0x0009ffff]
[    0.000000]   node   0: [mem 0x00100000-0x75daffff]
[    0.000000]   node   0: [mem 0x76000000-0xc5ddffff]
[    0.000000]   node   0: [mem 0xc5e31000-0xc62b1fff]
[    0.000000]   node   0: [mem 0xc673e000-0xc7e21fff]
[    0.000000]   node   0: [mem 0xc9146000-0xc9147fff]
[    0.000000]   node   0: [mem 0xc9159000-0xc915dfff]
[    0.000000]   node   0: [mem 0xc9180000-0xc9180fff]
[    0.000000]   node   0: [mem 0xc927d000-0xcad7cfff]
[    0.000000]   node   0: [mem 0xcadad000-0xcadc7fff]
[    0.000000]   node   0: [mem 0xcae6d000-0xcbffffff]
[    0.000000]   node   0: [mem 0x100000000-0x82f37ffff]
[    0.000000]   node   1: [mem 0x830000000-0x102ff7ffff]
[    0.000000]   node   2: [mem 0x1030000000-0x182ff7ffff]
[    0.000000]   node   3: [mem 0x1830000000-0x202ff7ffff]
[    0.000000]   node   4: [mem 0x2030000000-0x282ff7ffff]
[    0.000000]   node   5: [mem 0x2830000000-0x302ff7ffff]
[    0.000000]   node   6: [mem 0x3030000000-0x382ff7ffff]
[    0.000000]   node   7: [mem 0x3830000000-0x402ff7ffff]
[    0.000000] Initmem setup node 0 [mem 0x00001000-0x82f37ffff]
[    0.000000] On node 0 totalpages: 8361674
[    0.000000]   DMA zone: 64 pages used for memmap
[    0.000000]   DMA zone: 29 pages reserved
[    0.000000]   DMA zone: 3999 pages, LIFO batch:0
[    0.000000]   DMA32 zone: 12879 pages used for memmap
[    0.000000]   DMA32 zone: 824235 pages, LIFO batch:31
[    0.000000]   Normal zone: 117710 pages used for memmap
[    0.000000]   Normal zone: 7533440 pages, LIFO batch:31
[    0.000000] Initmem setup node 1 [mem 0x830000000-0x102ff7ffff]
[    0.000000] On node 1 totalpages: 8388480
[    0.000000]   Normal zone: 131070 pages used for memmap
[    0.000000]   Normal zone: 8388480 pages, LIFO batch:31
[    0.000000] Initmem setup node 2 [mem 0x1030000000-0x182ff7ffff]
[    0.000000] On node 2 totalpages: 8388480
[    0.000000]   Normal zone: 131070 pages used for memmap
[    0.000000]   Normal zone: 8388480 pages, LIFO batch:31
[    0.000000] Initmem setup node 3 [mem 0x1830000000-0x202ff7ffff]
[    0.000000] On node 3 totalpages: 8388480
[    0.000000]   Normal zone: 131070 pages used for memmap
[    0.000000]   Normal zone: 8388480 pages, LIFO batch:31
[    0.000000] Initmem setup node 4 [mem 0x2030000000-0x282ff7ffff]
[    0.000000] On node 4 totalpages: 8388480
[    0.000000]   Normal zone: 131070 pages used for memmap
[    0.000000]   Normal zone: 8388480 pages, LIFO batch:31
[    0.000000] Initmem setup node 5 [mem 0x2830000000-0x302ff7ffff]
[    0.000000] On node 5 totalpages: 8388480
[    0.000000]   Normal zone: 131070 pages used for memmap
[    0.000000]   Normal zone: 8388480 pages, LIFO batch:31
[    0.000000] Initmem setup node 6 [mem 0x3030000000-0x382ff7ffff]
[    0.000000] On node 6 totalpages: 8388480
[    0.000000]   Normal zone: 131070 pages used for memmap
[    0.000000]   Normal zone: 8388480 pages, LIFO batch:31
[    0.000000] Initmem setup node 7 [mem 0x3830000000-0x402ff7ffff]
[    0.000000] On node 7 totalpages: 8388480
[    0.000000]   Normal zone: 131070 pages used for memmap
[    0.000000]   Normal zone: 8388480 pages, LIFO batch:31
[    0.000000] ACPI: PM-Timer IO Port: 0x808
[    0.000000] ACPI: Local APIC address 0xfee00000
[    0.000000] ACPI: LAPIC (acpi_id[0x00] lapic_id[0x00] enabled)
[    0.000000] ACPI: LAPIC (acpi_id[0x02] lapic_id[0x02] enabled)
[    0.000000] ACPI: LAPIC (acpi_id[0x04] lapic_id[0x08] enabled)
[    0.000000] ACPI: LAPIC (acpi_id[0x06] lapic_id[0x0a] enabled)
[    0.000000] ACPI: LAPIC (acpi_id[0x08] lapic_id[0x10] enabled)
[    0.000000] ACPI: LAPIC (acpi_id[0x0a] lapic_id[0x12] enabled)
[    0.000000] ACPI: LAPIC (acpi_id[0x0c] lapic_id[0x18] enabled)
[    0.000000] ACPI: LAPIC (acpi_id[0x0e] lapic_id[0x1a] enabled)
[    0.000000] ACPI: LAPIC (acpi_id[0x10] lapic_id[0x20] enabled)
[    0.000000] ACPI: LAPIC (acpi_id[0x12] lapic_id[0x22] enabled)
[    0.000000] ACPI: LAPIC (acpi_id[0x14] lapic_id[0x28] enabled)
[    0.000000] ACPI: LAPIC (acpi_id[0x16] lapic_id[0x2a] enabled)
[    0.000000] ACPI: LAPIC (acpi_id[0x18] lapic_id[0x30] enabled)
[    0.000000] ACPI: LAPIC (acpi_id[0x1a] lapic_id[0x32] enabled)
[    0.000000] ACPI: LAPIC (acpi_id[0x1c] lapic_id[0x38] enabled)
[    0.000000] ACPI: LAPIC (acpi_id[0x1e] lapic_id[0x3a] enabled)
[    0.000000] ACPI: LAPIC (acpi_id[0x20] lapic_id[0x40] enabled)
[    0.000000] ACPI: LAPIC (acpi_id[0x22] lapic_id[0x42] enabled)
[    0.000000] ACPI: LAPIC (acpi_id[0x24] lapic_id[0x48] enabled)
[    0.000000] ACPI: LAPIC (acpi_id[0x26] lapic_id[0x4a] enabled)
[    0.000000] ACPI: LAPIC (acpi_id[0x28] lapic_id[0x50] enabled)
[    0.000000] ACPI: LAPIC (acpi_id[0x2a] lapic_id[0x52] enabled)
[    0.000000] ACPI: LAPIC (acpi_id[0x2c] lapic_id[0x58] enabled)
[    0.000000] ACPI: LAPIC (acpi_id[0x2e] lapic_id[0x5a] enabled)
[    0.000000] ACPI: LAPIC (acpi_id[0x30] lapic_id[0x60] enabled)
[    0.000000] ACPI: LAPIC (acpi_id[0x32] lapic_id[0x62] enabled)
[    0.000000] ACPI: LAPIC (acpi_id[0x34] lapic_id[0x68] enabled)
[    0.000000] ACPI: LAPIC (acpi_id[0x36] lapic_id[0x6a] enabled)
[    0.000000] ACPI: LAPIC (acpi_id[0x38] lapic_id[0x70] enabled)
[    0.000000] ACPI: LAPIC (acpi_id[0x3a] lapic_id[0x72] enabled)
[    0.000000] ACPI: LAPIC (acpi_id[0x3c] lapic_id[0x78] enabled)
[    0.000000] ACPI: LAPIC (acpi_id[0x3e] lapic_id[0x7a] enabled)
[    0.000000] ACPI: LAPIC (acpi_id[0x01] lapic_id[0x01] enabled)
[    0.000000] ACPI: LAPIC (acpi_id[0x03] lapic_id[0x03] enabled)
[    0.000000] ACPI: LAPIC (acpi_id[0x05] lapic_id[0x09] enabled)
[    0.000000] ACPI: LAPIC (acpi_id[0x07] lapic_id[0x0b] enabled)
[    0.000000] ACPI: LAPIC (acpi_id[0x09] lapic_id[0x11] enabled)
[    0.000000] ACPI: LAPIC (acpi_id[0x0b] lapic_id[0x13] enabled)
[    0.000000] ACPI: LAPIC (acpi_id[0x0d] lapic_id[0x19] enabled)
[    0.000000] ACPI: LAPIC (acpi_id[0x0f] lapic_id[0x1b] enabled)
[    0.000000] ACPI: LAPIC (acpi_id[0x11] lapic_id[0x21] enabled)
[    0.000000] ACPI: LAPIC (acpi_id[0x13] lapic_id[0x23] enabled)
[    0.000000] ACPI: LAPIC (acpi_id[0x15] lapic_id[0x29] enabled)
[    0.000000] ACPI: LAPIC (acpi_id[0x17] lapic_id[0x2b] enabled)
[    0.000000] ACPI: LAPIC (acpi_id[0x19] lapic_id[0x31] enabled)
[    0.000000] ACPI: LAPIC (acpi_id[0x1b] lapic_id[0x33] enabled)
[    0.000000] ACPI: LAPIC (acpi_id[0x1d] lapic_id[0x39] enabled)
[    0.000000] ACPI: LAPIC (acpi_id[0x1f] lapic_id[0x3b] enabled)
[    0.000000] ACPI: LAPIC (acpi_id[0x21] lapic_id[0x41] enabled)
[    0.000000] ACPI: LAPIC (acpi_id[0x23] lapic_id[0x43] enabled)
[    0.000000] ACPI: LAPIC (acpi_id[0x25] lapic_id[0x49] enabled)
[    0.000000] ACPI: LAPIC (acpi_id[0x27] lapic_id[0x4b] enabled)
[    0.000000] ACPI: LAPIC (acpi_id[0x29] lapic_id[0x51] enabled)
[    0.000000] ACPI: LAPIC (acpi_id[0x2b] lapic_id[0x53] enabled)
[    0.000000] ACPI: LAPIC (acpi_id[0x2d] lapic_id[0x59] enabled)
[    0.000000] ACPI: LAPIC (acpi_id[0x2f] lapic_id[0x5b] enabled)
[    0.000000] ACPI: LAPIC (acpi_id[0x31] lapic_id[0x61] enabled)
[    0.000000] ACPI: LAPIC (acpi_id[0x33] lapic_id[0x63] enabled)
[    0.000000] ACPI: LAPIC (acpi_id[0x35] lapic_id[0x69] enabled)
[    0.000000] ACPI: LAPIC (acpi_id[0x37] lapic_id[0x6b] enabled)
[    0.000000] ACPI: LAPIC (acpi_id[0x39] lapic_id[0x71] enabled)
[    0.000000] ACPI: LAPIC (acpi_id[0x3b] lapic_id[0x73] enabled)
[    0.000000] ACPI: LAPIC (acpi_id[0x3d] lapic_id[0x79] enabled)
[    0.000000] ACPI: LAPIC (acpi_id[0x3f] lapic_id[0x7b] enabled)
[    0.000000] ACPI: LAPIC_NMI (acpi_id[0xff] high edge lint[0x1])
[    0.000000] ACPI: IOAPIC (id[0x80] address[0xfec00000] gsi_base[0])
[    0.000000] IOAPIC[0]: apic_id 128, version 33, address 0xfec00000, GSI 0-23
[    0.000000] ACPI: IOAPIC (id[0x81] address[0xdfaf0000] gsi_base[24])
[    0.000000] IOAPIC[1]: apic_id 129, version 33, address 0xdfaf0000, GSI 24-55
[    0.000000] ACPI: IOAPIC (id[0x82] address[0xd7ff0000] gsi_base[56])
[    0.000000] IOAPIC[2]: apic_id 130, version 33, address 0xd7ff0000, GSI 56-87
[    0.000000] ACPI: IOAPIC (id[0x83] address[0xd58f0000] gsi_base[88])
[    0.000000] IOAPIC[3]: apic_id 131, version 33, address 0xd58f0000, GSI 88-119
[    0.000000] ACPI: IOAPIC (id[0x84] address[0xd52f0000] gsi_base[120])
[    0.000000] IOAPIC[4]: apic_id 132, version 33, address 0xd52f0000, GSI 120-151
[    0.000000] ACPI: IOAPIC (id[0x85] address[0xd4cf0000] gsi_base[152])
[    0.000000] IOAPIC[5]: apic_id 133, version 33, address 0xd4cf0000, GSI 152-183
[    0.000000] ACPI: IOAPIC (id[0x86] address[0xd46f0000] gsi_base[184])
[    0.000000] IOAPIC[6]: apic_id 134, version 33, address 0xd46f0000, GSI 184-215
[    0.000000] ACPI: IOAPIC (id[0x87] address[0xd40f0000] gsi_base[216])
[    0.000000] IOAPIC[7]: apic_id 135, version 33, address 0xd40f0000, GSI 216-247
[    0.000000] ACPI: IOAPIC (id[0x88] address[0xd3af0000] gsi_base[248])
[    0.000000] IOAPIC[8]: apic_id 136, version 33, address 0xd3af0000, GSI 248-279
[    0.000000] ACPI: INT_SRC_OVR (bus 0 bus_irq 0 global_irq 2 dfl dfl)
[    0.000000] ACPI: INT_SRC_OVR (bus 0 bus_irq 9 global_irq 9 low level)
[    0.000000] ACPI: IRQ0 used by override.
[    0.000000] ACPI: IRQ9 used by override.
[    0.000000] Using ACPI (MADT) for SMP configuration information
[    0.000000] ACPI: HPET id: 0x10228201 base: 0xfed00000
[    0.000000] smpboot: Allowing 64 CPUs, 0 hotplug CPUs
[    0.000000] PM: Registered nosave memory: [mem 0x000a0000-0x000fffff]
[    0.000000] PM: Registered nosave memory: [mem 0x75db0000-0x75ffffff]
[    0.000000] PM: Registered nosave memory: [mem 0x94423000-0x94423fff]
[    0.000000] PM: Registered nosave memory: [mem 0x94453000-0x94453fff]
[    0.000000] PM: Registered nosave memory: [mem 0x94454000-0x94454fff]
[    0.000000] PM: Registered nosave memory: [mem 0x94464000-0x94464fff]
[    0.000000] PM: Registered nosave memory: [mem 0xc5de0000-0xc5e30fff]
[    0.000000] PM: Registered nosave memory: [mem 0xc62b2000-0xc673dfff]
[    0.000000] PM: Registered nosave memory: [mem 0xc7e22000-0xc8121fff]
[    0.000000] PM: Registered nosave memory: [mem 0xc8122000-0xc9145fff]
[    0.000000] PM: Registered nosave memory: [mem 0xc9148000-0xc9158fff]
[    0.000000] PM: Registered nosave memory: [mem 0xc915e000-0xc917ffff]
[    0.000000] PM: Registered nosave memory: [mem 0xc9181000-0xc927cfff]
[    0.000000] PM: Registered nosave memory: [mem 0xcad7d000-0xcadacfff]
[    0.000000] PM: Registered nosave memory: [mem 0xcadc8000-0xcae1cfff]
[    0.000000] PM: Registered nosave memory: [mem 0xcae1d000-0xcae6cfff]
[    0.000000] PM: Registered nosave memory: [mem 0xcc000000-0xcfffffff]
[    0.000000] PM: Registered nosave memory: [mem 0xd0000000-0xd38fffff]
[    0.000000] PM: Registered nosave memory: [mem 0xd3900000-0xd3a7ffff]
[    0.000000] PM: Registered nosave memory: [mem 0xd3a80000-0xd3aeffff]
[    0.000000] PM: Registered nosave memory: [mem 0xd3af0000-0xd3af0fff]
[    0.000000] PM: Registered nosave memory: [mem 0xd3af1000-0xd3efffff]
[    0.000000] PM: Registered nosave memory: [mem 0xd3f00000-0xd407ffff]
[    0.000000] PM: Registered nosave memory: [mem 0xd4080000-0xd40effff]
[    0.000000] PM: Registered nosave memory: [mem 0xd40f0000-0xd40f0fff]
[    0.000000] PM: Registered nosave memory: [mem 0xd40f1000-0xd44fffff]
[    0.000000] PM: Registered nosave memory: [mem 0xd4500000-0xd467ffff]
[    0.000000] PM: Registered nosave memory: [mem 0xd4680000-0xd46effff]
[    0.000000] PM: Registered nosave memory: [mem 0xd46f0000-0xd46f0fff]
[    0.000000] PM: Registered nosave memory: [mem 0xd46f1000-0xd4afffff]
[    0.000000] PM: Registered nosave memory: [mem 0xd4b00000-0xd4c7ffff]
[    0.000000] PM: Registered nosave memory: [mem 0xd4c80000-0xd4ceffff]
[    0.000000] PM: Registered nosave memory: [mem 0xd4cf0000-0xd4cf0fff]
[    0.000000] PM: Registered nosave memory: [mem 0xd4cf1000-0xd50fffff]
[    0.000000] PM: Registered nosave memory: [mem 0xd5100000-0xd527ffff]
[    0.000000] PM: Registered nosave memory: [mem 0xd5280000-0xd52effff]
[    0.000000] PM: Registered nosave memory: [mem 0xd52f0000-0xd52f0fff]
[    0.000000] PM: Registered nosave memory: [mem 0xd52f1000-0xd56fffff]
[    0.000000] PM: Registered nosave memory: [mem 0xd5700000-0xd587ffff]
[    0.000000] PM: Registered nosave memory: [mem 0xd5880000-0xd58effff]
[    0.000000] PM: Registered nosave memory: [mem 0xd58f0000-0xd58f0fff]
[    0.000000] PM: Registered nosave memory: [mem 0xd58f1000-0xd7dfffff]
[    0.000000] PM: Registered nosave memory: [mem 0xd7e00000-0xd7f7ffff]
[    0.000000] PM: Registered nosave memory: [mem 0xd7f80000-0xd7feffff]
[    0.000000] PM: Registered nosave memory: [mem 0xd7ff0000-0xd7ff0fff]
[    0.000000] PM: Registered nosave memory: [mem 0xd7ff1000-0xdf9fffff]
[    0.000000] PM: Registered nosave memory: [mem 0xdfa00000-0xdfa7ffff]
[    0.000000] PM: Registered nosave memory: [mem 0xdfa80000-0xdfaeffff]
[    0.000000] PM: Registered nosave memory: [mem 0xdfaf0000-0xdfaf0fff]
[    0.000000] PM: Registered nosave memory: [mem 0xdfaf1000-0xfe9fffff]
[    0.000000] PM: Registered nosave memory: [mem 0xfea00000-0xfeafffff]
[    0.000000] PM: Registered nosave memory: [mem 0xfeb00000-0xfebfffff]
[    0.000000] PM: Registered nosave memory: [mem 0xfec00000-0xfec00fff]
[    0.000000] PM: Registered nosave memory: [mem 0xfec01000-0xfec0ffff]
[    0.000000] PM: Registered nosave memory: [mem 0xfec10000-0xfec10fff]
[    0.000000] PM: Registered nosave memory: [mem 0xfec11000-0xfecfffff]
[    0.000000] PM: Registered nosave memory: [mem 0xfed00000-0xfed00fff]
[    0.000000] PM: Registered nosave memory: [mem 0xfed01000-0xfed3ffff]
[    0.000000] PM: Registered nosave memory: [mem 0xfed40000-0xfed44fff]
[    0.000000] PM: Registered nosave memory: [mem 0xfed45000-0xfed7ffff]
[    0.000000] PM: Registered nosave memory: [mem 0xfed80000-0xfed8ffff]
[    0.000000] PM: Registered nosave memory: [mem 0xfed90000-0xfedbffff]
[    0.000000] PM: Registered nosave memory: [mem 0xfedc0000-0xfedc0fff]
[    0.000000] PM: Registered nosave memory: [mem 0xfedc1000-0xfedc1fff]
[    0.000000] PM: Registered nosave memory: [mem 0xfedc2000-0xfedc5fff]
[    0.000000] PM: Registered nosave memory: [mem 0xfedc6000-0xfedc6fff]
[    0.000000] PM: Registered nosave memory: [mem 0xfedc7000-0xfedc7fff]
[    0.000000] PM: Registered nosave memory: [mem 0xfedc8000-0xfedc8fff]
[    0.000000] PM: Registered nosave memory: [mem 0xfedc9000-0xfedcafff]
[    0.000000] PM: Registered nosave memory: [mem 0xfedcb000-0xfedfffff]
[    0.000000] PM: Registered nosave memory: [mem 0xfee00000-0xfeefffff]
[    0.000000] PM: Registered nosave memory: [mem 0xfef00000-0xfeffffff]
[    0.000000] PM: Registered nosave memory: [mem 0xff000000-0xffffffff]
[    0.000000] PM: Registered nosave memory: [mem 0x82f380000-0x82fffffff]
[    0.000000] PM: Registered nosave memory: [mem 0x102ff80000-0x102fffffff]
[    0.000000] PM: Registered nosave memory: [mem 0x182ff80000-0x182fffffff]
[    0.000000] PM: Registered nosave memory: [mem 0x202ff80000-0x202fffffff]
[    0.000000] PM: Registered nosave memory: [mem 0x282ff80000-0x282fffffff]
[    0.000000] PM: Registered nosave memory: [mem 0x302ff80000-0x302fffffff]
[    0.000000] PM: Registered nosave memory: [mem 0x382ff80000-0x382fffffff]
[    0.000000] e820: [mem 0xdfaf1000-0xfe9fffff] available for PCI devices
[    0.000000] Booting paravirtualized kernel on bare hardware
[    0.000000] setup_percpu: NR_CPUS:5120 nr_cpumask_bits:64 nr_cpu_ids:64 nr_node_ids:8
[    0.000000] PERCPU: Embedded 35 pages/cpu @ffff8e58cf000000 s104920 r8192 d30248 u262144
[    0.000000] pcpu-alloc: s104920 r8192 d30248 u262144 alloc=1*2097152
[    0.000000] pcpu-alloc: [0] 00 01 02 03 32 33 34 35 [1] 04 05 06 07 36 37 38 39 
[    0.000000] pcpu-alloc: [2] 08 09 10 11 40 41 42 43 [3] 12 13 14 15 44 45 46 47 
[    0.000000] pcpu-alloc: [4] 16 17 18 19 48 49 50 51 [5] 20 21 22 23 52 53 54 55 
[    0.000000] pcpu-alloc: [6] 24 25 26 27 56 57 58 59 [7] 28 29 30 31 60 61 62 63 
[    0.000000] Built 8 zonelists in Zone order, mobility grouping on.  Total pages: 66032862
[    0.000000] Policy zone: Normal
[    0.000000] Kernel command line: BOOT_IMAGE=/boot/vmlinuz-3.10.0-862.9.1.el7.x86_64 root=UUID=62ac631c-9f7f-43ab-8c6a-a31f8cb22707 ro crashkernel=auto rhgb quiet LANG=en_US.UTF-8
[    0.000000] PID hash table entries: 4096 (order: 3, 32768 bytes)
[    0.000000] x86/fpu: xstate_offset[2]: 0240, xstate_sizes[2]: 0100
[    0.000000] xsave: enabled xstate_bv 0x7, cntxt size 0x340 using standard form
[    0.000000] Memory: 19765824k/269221376k available (7328k kernel code, 897240k absent, 4549184k reserved, 6301k data, 1832k init)
[    0.000000] SLUB: HWalign=64, Order=0-3, MinObjects=0, CPUs=64, Nodes=8
[    0.000000] Hierarchical RCU implementation.
[    0.000000] 	RCU restricting CPUs from NR_CPUS=5120 to nr_cpu_ids=64.
[    0.000000] NR_IRQS:327936 nr_irqs:5288 0
[    0.000000] Console: colour dummy device 80x25
[    0.000000] console [tty0] enabled
[    0.000000] allocated 1073741824 bytes of page_cgroup
[    0.000000] please try 'cgroup_disable=memory' option if you don't want memory cgroups
[    0.000000] Enabling automatic NUMA balancing. Configure with numa_balancing= or the kernel.numa_balancing sysctl
[    0.000000] hpet clockevent registered
[    0.000000] tsc: Fast TSC calibration using PIT
[    0.000000] tsc: Detected 2195.769 MHz processor
[    0.000067] Calibrating delay loop (skipped), value calculated using timer frequency.. 4391.53 BogoMIPS (lpj=2195769)
[    0.000071] pid_max: default: 65536 minimum: 512
[    0.001272] Security Framework initialized
[    0.001282] SELinux:  Initializing.
[    0.001304] SELinux:  Starting in permissive mode
[    0.001305] Yama: becoming mindful.
[    0.017656] Dentry cache hash table entries: 33554432 (order: 16, 268435456 bytes)
[    0.068819] Inode-cache hash table entries: 16777216 (order: 15, 134217728 bytes)
[    0.090779] Mount-cache hash table entries: 524288 (order: 10, 4194304 bytes)
[    0.091043] Mountpoint-cache hash table entries: 524288 (order: 10, 4194304 bytes)
[    0.092705] Initializing cgroup subsys memory
[    0.092738] Initializing cgroup subsys devices
[    0.092740] Initializing cgroup subsys freezer
[    0.092743] Initializing cgroup subsys net_cls
[    0.092745] Initializing cgroup subsys blkio
[    0.092747] Initializing cgroup subsys perf_event
[    0.092753] Initializing cgroup subsys hugetlb
[    0.092755] Initializing cgroup subsys pids
[    0.092756] Initializing cgroup subsys net_prio
[    0.092824] tseg: 00cc000000
[    0.092829] CPU: Physical Processor ID: 0
[    0.092830] CPU: Processor Core ID: 0
[    0.098770] mce: CPU supports 23 MCE banks
[    0.098807] LVT offset 2 assigned for vector 0xf4
[    0.098822] Last level iTLB entries: 4KB 1024, 2MB 1024, 4MB 512
[    0.098823] Last level dTLB entries: 4KB 1536, 2MB 1536, 4MB 768
[    0.098824] tlb_flushall_shift: 6
[    0.098847] Speculative Store Bypass: Mitigation: Speculative Store Bypass disabled via prctl and seccomp
[    0.098848] FEATURE SPEC_CTRL Not Present
[    0.098849] FEATURE IBPB_SUPPORT Present
[    0.098941] Spectre V2 : Mitigation: Full retpoline
[    0.099908] Freeing SMP alternatives: 24k freed
[    0.102431] ACPI: Core revision 20130517
[    0.110317] ACPI: All ACPI Tables successfully acquired
[    0.111117] ------------[ cut here ]------------
[    0.111127] WARNING: CPU: 0 PID: 0 at arch/x86/mm/ioremap.c:115 __ioremap_caller+0x179/0x340
[    0.111129] ioremap on RAM at 0xc9666018 - 0xc966601d
[    0.111130] Modules linked in:
[    0.111135] CPU: 0 PID: 0 Comm: swapper/0 Not tainted 3.10.0-862.9.1.el7.x86_64 #1
[    0.111136] Hardware name: To be filled by O.E.M. To be filled by O.E.M./To be filled by O.E.M., BIOS 5.13 08/29/2018
[    0.111138] Call Trace:
[    0.111147]  [<ffffffff9470e84e>] dump_stack+0x19/0x1b
[    0.111151]  [<ffffffff94091e18>] __warn+0xd8/0x100
[    0.111153]  [<ffffffff94091e9f>] warn_slowpath_fmt+0x5f/0x80
[    0.111156]  [<ffffffff9406fa39>] __ioremap_caller+0x179/0x340
[    0.111163]  [<ffffffff94d903fa>] ? efi_bgrt_init+0x6c/0x108
[    0.111165]  [<ffffffff9406fc17>] ioremap_nocache+0x17/0x20
[    0.111168]  [<ffffffff94d903fa>] efi_bgrt_init+0x6c/0x108
[    0.111170]  [<ffffffff94d8f6ee>] efi_late_init+0x13/0x15
[    0.111174]  [<ffffffff94d6c1b2>] start_kernel+0x437/0x467
[    0.111176]  [<ffffffff94d6bb7b>] ? repair_env_string+0x5c/0x5c
[    0.111178]  [<ffffffff94d6b120>] ? early_idt_handler_array+0x120/0x120
[    0.111180]  [<ffffffff94d6b72f>] x86_64_start_reservations+0x24/0x26
[    0.111182]  [<ffffffff94d6b885>] x86_64_start_kernel+0x154/0x177
[    0.111187]  [<ffffffff940000d5>] start_cpu+0x5/0x14
[    0.111191] ---[ end trace 698ad6e0794c4b17 ]---
[    0.111192] Ignoring BGRT: failed to map image header memory
[    0.112534] ftrace: allocating 28072 entries in 110 pages
[    1.576692] Switched APIC routing to physical flat.
[    1.580087] ..TIMER: vector=0x30 apic1=0 pin1=2 apic2=-1 pin2=-1
[    1.590091] smpboot: CPU0: AMD EPYC 7301 16-Core Processor (fam: 17, model: 01, stepping: 02)
[    1.692118] Performance Events: Fam17h core perfctr, AMD PMU driver.
[    1.692126] ... version:                0
[    1.692127] ... bit width:              48
[    1.692128] ... generic registers:      6
[    1.692129] ... value mask:             0000ffffffffffff
[    1.692130] ... max period:             00007fffffffffff
[    1.692130] ... fixed-purpose events:   0
[    1.692131] ... event mask:             000000000000003f
[    1.694574] NMI watchdog: enabled on all CPUs, permanently consumes one hw-PMU counter.
[    1.694656] smpboot: Booting Node   0, Processors  #1 #2 #3 OK
[    1.719934] smpboot: Booting Node   1, Processors  #4 #5 #6 #7 OK
[    1.752889] smpboot: Booting Node   2, Processors  #8 #9 #10 #11 OK
[    1.786129] smpboot: Booting Node   3, Processors  #12 #13 #14 #15 OK
[    1.818966] smpboot: Booting Node   4, Processors  #16 #17 #18 #19 OK
[    1.929097] smpboot: Booting Node   5, Processors  #20 #21 #22 #23 OK
[    1.962724] smpboot: Booting Node   6, Processors  #24 #25 #26 #27 OK
[    1.996007] smpboot: Booting Node   7, Processors  #28 #29 #30 #31 OK
[    2.029093] smpboot: Booting Node   0, Processors  #32 #33 #34 #35 OK
[    2.062226] smpboot: Booting Node   1, Processors  #36 #37 #38 #39 OK
[    2.095080] smpboot: Booting Node   2, Processors  #40 #41 #42 #43 OK
[    2.128219] smpboot: Booting Node   3, Processors  #44 #45 #46 #47 OK
[    2.161176] smpboot: Booting Node   4, Processors  #48 #49 #50 #51 OK
[    2.194299] smpboot: Booting Node   5, Processors  #52 #53 #54 #55 OK
[    2.227312] smpboot: Booting Node   6, Processors  #56 #57 #58 #59 OK
[    2.260294] smpboot: Booting Node   7, Processors  #60 #61 #62 #63 OK
[    2.293298] Brought up 64 CPUs
[    2.293301] smpboot: Max logical packages: 2
[    2.293309] smpboot: Total of 64 processors activated (281084.67 BogoMIPS)
[    2.438778] node 0 initialised, 6877681 pages in 133ms
[    2.455215] node 1 initialised, 7732771 pages in 150ms
[    2.455413] node 2 initialised, 7732772 pages in 150ms
[    2.455475] node 5 initialised, 7732771 pages in 150ms
[    2.455575] node 6 initialised, 7732772 pages in 150ms
[    2.455685] node 7 initialised, 7732636 pages in 150ms
[    2.455702] node 4 initialised, 7728106 pages in 150ms
[    2.455815] node 3 initialised, 7732771 pages in 150ms
[    2.456391] devtmpfs: initialized
[    2.480134] EVM: security.selinux
[    2.480137] EVM: security.ima
[    2.480138] EVM: security.capability
[    2.480275] PM: Registering ACPI NVS region [mem 0xc7e22000-0xc8121fff] (3145728 bytes)
[    2.480314] PM: Registering ACPI NVS region [mem 0xcadc8000-0xcae1cfff] (348160 bytes)
[    2.481878] atomic64 test passed for x86-64 platform with CX8 and with SSE
[    2.481882] pinctrl core: initialized pinctrl subsystem
[    2.481992] RTC time:  1:02:29, date: 08/30/18
[    2.482150] NET: Registered protocol family 16
[    2.482648] ACPI: bus type PCI registered
[    2.482651] acpiphp: ACPI Hot Plug PCI Controller Driver version: 0.5
[    2.482778] PCI: MMCONFIG for domain 0000 [bus 00-ff] at [mem 0xe0000000-0xefffffff] (base 0xe0000000)
[    2.482783] PCI: not using MMCONFIG
[    2.482784] PCI: Using configuration type 1 for base access
[    2.482786] PCI: Using configuration type 1 for extended access
[    2.494973] ACPI: Added _OSI(Module Device)
[    2.494975] ACPI: Added _OSI(Processor Device)
[    2.494977] ACPI: Added _OSI(3.0 _SCP Extensions)
[    2.494978] ACPI: Added _OSI(Processor Aggregator Device)
[    2.496289] ACPI: EC: Look up EC in DSDT
[    2.551845] ACPI: Interpreter enabled
[    2.551858] ACPI: (supports S0 S5)
[    2.551860] ACPI: Using IOAPIC for interrupt routing
[    2.552090] PCI: MMCONFIG for domain 0000 [bus 00-ff] at [mem 0xe0000000-0xefffffff] (base 0xe0000000)
[    2.552128] PCI: MMCONFIG at [mem 0xe0000000-0xefffffff] reserved in ACPI motherboard resources
[    2.552175] HEST: Table parsing has been initialized.
[    2.552179] PCI: Using host bridge windows from ACPI; if necessary, use "pci=nocrs" and report a bug
[    2.552218] ACPI: Enabled 2 GPEs in block 00 to 1F
[    2.553859] ACPI: Power Resource [P0SA] (off)
[    2.553882] ACPI: Power Resource [P3SA] (off)
[    2.555880] ACPI: Power Resource [P0SA] (off)
[    2.555904] ACPI: Power Resource [P3SA] (off)
[    2.556786] ACPI: Power Resource [P0SA] (off)
[    2.556807] ACPI: Power Resource [P3SA] (off)
[    2.557685] ACPI: Power Resource [P0SA] (off)
[    2.557708] ACPI: Power Resource [P3SA] (off)
[    2.558565] ACPI: Power Resource [P0SA] (off)
[    2.558586] ACPI: Power Resource [P3SA] (off)
[    2.559450] ACPI: Power Resource [P0SA] (off)
[    2.559473] ACPI: Power Resource [P3SA] (off)
[    2.560346] ACPI: Power Resource [P0SA] (off)
[    2.560369] ACPI: Power Resource [P3SA] (off)
[    2.561231] ACPI: Power Resource [P0SA] (off)
[    2.561253] ACPI: Power Resource [P3SA] (off)
[    2.563452] ACPI: PCI Root Bridge [PCI0] (domain 0000 [bus 00-1f])
[    2.563460] acpi PNP0A08:00: _OSC: OS supports [ExtendedConfig ASPM ClockPM Segments MSI]
[    2.563637] acpi PNP0A08:00: _OSC: OS now controls [PCIeHotplug PME AER PCIeCapability]
[    2.563875] PCI host bridge to bus 0000:00
[    2.563878] pci_bus 0000:00: root bus resource [bus 00-1f]
[    2.563881] pci_bus 0000:00: root bus resource [io  0x0000-0x02e7 window]
[    2.563883] pci_bus 0000:00: root bus resource [io  0x0300-0x03af window]
[    2.563885] pci_bus 0000:00: root bus resource [io  0x0400-0x0cf7 window]
[    2.563886] pci_bus 0000:00: root bus resource [io  0x0d00-0x0fff window]
[    2.563888] pci_bus 0000:00: root bus resource [mem 0x000c0000-0x000dffff window]
[    2.563890] pci_bus 0000:00: root bus resource [mem 0xdfb00000-0xdfffffff window]
[    2.563892] pci_bus 0000:00: root bus resource [mem 0x1cd06000000-0x1ffffffffff window]
[    2.563902] pci 0000:00:00.0: [1022:1450] type 00 class 0x060000
[    2.563984] pci 0000:00:00.2: [1022:1451] type 00 class 0x080600
[    2.564073] pci 0000:00:01.0: [1022:1452] type 00 class 0x060000
[    2.564148] pci 0000:00:02.0: [1022:1452] type 00 class 0x060000
[    2.564230] pci 0000:00:03.0: [1022:1452] type 00 class 0x060000
[    2.564305] pci 0000:00:04.0: [1022:1452] type 00 class 0x060000
[    2.564384] pci 0000:00:07.0: [1022:1452] type 00 class 0x060000
[    2.564447] pci 0000:00:07.1: [1022:1454] type 01 class 0x060400
[    2.565047] pci 0000:00:07.1: PME# supported from D0 D3hot D3cold
[    2.565092] pci 0000:00:07.1: System wakeup disabled by ACPI
[    2.565136] pci 0000:00:08.0: [1022:1452] type 00 class 0x060000
[    2.565202] pci 0000:00:08.1: [1022:1454] type 01 class 0x060400
[    2.566025] pci 0000:00:08.1: PME# supported from D0 D3hot D3cold
[    2.566139] pci 0000:00:14.0: [1022:790b] type 00 class 0x0c0500
[    2.566348] pci 0000:00:14.3: [1022:790e] type 00 class 0x060100
[    2.566560] pci 0000:00:18.0: [1022:1460] type 00 class 0x060000
[    2.566609] pci 0000:00:18.1: [1022:1461] type 00 class 0x060000
[    2.566658] pci 0000:00:18.2: [1022:1462] type 00 class 0x060000
[    2.566706] pci 0000:00:18.3: [1022:1463] type 00 class 0x060000
[    2.566754] pci 0000:00:18.4: [1022:1464] type 00 class 0x060000
[    2.566804] pci 0000:00:18.5: [1022:1465] type 00 class 0x060000
[    2.566852] pci 0000:00:18.6: [1022:1466] type 00 class 0x060000
[    2.566901] pci 0000:00:18.7: [1022:1467] type 00 class 0x060000
[    2.566953] pci 0000:00:19.0: [1022:1460] type 00 class 0x060000
[    2.567004] pci 0000:00:19.1: [1022:1461] type 00 class 0x060000
[    2.567058] pci 0000:00:19.2: [1022:1462] type 00 class 0x060000
[    2.567110] pci 0000:00:19.3: [1022:1463] type 00 class 0x060000
[    2.567161] pci 0000:00:19.4: [1022:1464] type 00 class 0x060000
[    2.567217] pci 0000:00:19.5: [1022:1465] type 00 class 0x060000
[    2.567269] pci 0000:00:19.6: [1022:1466] type 00 class 0x060000
[    2.567321] pci 0000:00:19.7: [1022:1467] type 00 class 0x060000
[    2.567372] pci 0000:00:1a.0: [1022:1460] type 00 class 0x060000
[    2.567425] pci 0000:00:1a.1: [1022:1461] type 00 class 0x060000
[    2.567480] pci 0000:00:1a.2: [1022:1462] type 00 class 0x060000
[    2.567530] pci 0000:00:1a.3: [1022:1463] type 00 class 0x060000
[    2.567580] pci 0000:00:1a.4: [1022:1464] type 00 class 0x060000
[    2.567632] pci 0000:00:1a.5: [1022:1465] type 00 class 0x060000
[    2.567684] pci 0000:00:1a.6: [1022:1466] type 00 class 0x060000
[    2.567734] pci 0000:00:1a.7: [1022:1467] type 00 class 0x060000
[    2.567787] pci 0000:00:1b.0: [1022:1460] type 00 class 0x060000
[    2.567838] pci 0000:00:1b.1: [1022:1461] type 00 class 0x060000
[    2.567889] pci 0000:00:1b.2: [1022:1462] type 00 class 0x060000
[    2.567940] pci 0000:00:1b.3: [1022:1463] type 00 class 0x060000
[    2.567991] pci 0000:00:1b.4: [1022:1464] type 00 class 0x060000
[    2.568042] pci 0000:00:1b.5: [1022:1465] type 00 class 0x060000
[    2.568093] pci 0000:00:1b.6: [1022:1466] type 00 class 0x060000
[    2.568144] pci 0000:00:1b.7: [1022:1467] type 00 class 0x060000
[    2.568201] pci 0000:00:1c.0: [1022:1460] type 00 class 0x060000
[    2.568259] pci 0000:00:1c.1: [1022:1461] type 00 class 0x060000
[    2.568316] pci 0000:00:1c.2: [1022:1462] type 00 class 0x060000
[    2.568374] pci 0000:00:1c.3: [1022:1463] type 00 class 0x060000
[    2.568434] pci 0000:00:1c.4: [1022:1464] type 00 class 0x060000
[    2.568494] pci 0000:00:1c.5: [1022:1465] type 00 class 0x060000
[    2.568552] pci 0000:00:1c.6: [1022:1466] type 00 class 0x060000
[    2.568610] pci 0000:00:1c.7: [1022:1467] type 00 class 0x060000
[    2.568668] pci 0000:00:1d.0: [1022:1460] type 00 class 0x060000
[    2.568725] pci 0000:00:1d.1: [1022:1461] type 00 class 0x060000
[    2.568784] pci 0000:00:1d.2: [1022:1462] type 00 class 0x060000
[    2.568842] pci 0000:00:1d.3: [1022:1463] type 00 class 0x060000
[    2.568899] pci 0000:00:1d.4: [1022:1464] type 00 class 0x060000
[    2.568958] pci 0000:00:1d.5: [1022:1465] type 00 class 0x060000
[    2.569015] pci 0000:00:1d.6: [1022:1466] type 00 class 0x060000
[    2.569073] pci 0000:00:1d.7: [1022:1467] type 00 class 0x060000
[    2.569131] pci 0000:00:1e.0: [1022:1460] type 00 class 0x060000
[    2.569187] pci 0000:00:1e.1: [1022:1461] type 00 class 0x060000
[    2.569245] pci 0000:00:1e.2: [1022:1462] type 00 class 0x060000
[    2.569300] pci 0000:00:1e.3: [1022:1463] type 00 class 0x060000
[    2.569355] pci 0000:00:1e.4: [1022:1464] type 00 class 0x060000
[    2.569411] pci 0000:00:1e.5: [1022:1465] type 00 class 0x060000
[    2.569467] pci 0000:00:1e.6: [1022:1466] type 00 class 0x060000
[    2.569522] pci 0000:00:1e.7: [1022:1467] type 00 class 0x060000
[    2.569579] pci 0000:00:1f.0: [1022:1460] type 00 class 0x060000
[    2.569638] pci 0000:00:1f.1: [1022:1461] type 00 class 0x060000
[    2.569695] pci 0000:00:1f.2: [1022:1462] type 00 class 0x060000
[    2.569755] pci 0000:00:1f.3: [1022:1463] type 00 class 0x060000
[    2.569812] pci 0000:00:1f.4: [1022:1464] type 00 class 0x060000
[    2.569870] pci 0000:00:1f.5: [1022:1465] type 00 class 0x060000
[    2.569927] pci 0000:00:1f.6: [1022:1466] type 00 class 0x060000
[    2.569985] pci 0000:00:1f.7: [1022:1467] type 00 class 0x060000
[    2.570119] pci 0000:01:00.0: [1022:145a] type 00 class 0x130000
[    2.570219] pci 0000:01:00.2: [1022:1456] type 00 class 0x108000
[    2.570236] pci 0000:01:00.2: reg 0x18: [mem 0xdfc00000-0xdfcfffff]
[    2.570246] pci 0000:01:00.2: reg 0x24: [mem 0xdfd00000-0xdfd01fff]
[    2.570328] pci 0000:01:00.3: [1022:145f] type 00 class 0x0c0330
[    2.570341] pci 0000:01:00.3: reg 0x10: [mem 0xdfb00000-0xdfbfffff 64bit]
[    2.570394] pci 0000:01:00.3: PME# supported from D0 D3hot D3cold
[    2.570460] pci 0000:00:07.1: PCI bridge to [bus 01]
[    2.570465] pci 0000:00:07.1:   bridge window [mem 0xdfb00000-0xdfdfffff]
[    2.571044] pci 0000:02:00.0: [1022:1455] type 00 class 0x130000
[    2.571146] pci 0000:02:00.1: [1022:1468] type 00 class 0x108000
[    2.571162] pci 0000:02:00.1: reg 0x18: [mem 0xdfe00000-0xdfefffff]
[    2.571173] pci 0000:02:00.1: reg 0x24: [mem 0xdff00000-0xdff01fff]
[    2.571273] pci 0000:00:08.1: PCI bridge to [bus 02]
[    2.571278] pci 0000:00:08.1:   bridge window [mem 0xdfe00000-0xdfffffff]
[    2.571292] pci_bus 0000:00: on NUMA node 0
[    2.571989] ACPI: PCI Root Bridge [S0D1] (domain 0000 [bus 20-3f])
[    2.571993] acpi PNP0A08:01: _OSC: OS supports [ExtendedConfig ASPM ClockPM Segments MSI]
[    2.572166] acpi PNP0A08:01: _OSC: OS now controls [PCIeHotplug PME AER PCIeCapability]
[    2.572361] PCI host bridge to bus 0000:20
[    2.572364] pci_bus 0000:20: root bus resource [bus 20-3f]
[    2.572366] pci_bus 0000:20: root bus resource [io  0x03b0-0x03df window]
[    2.572368] pci_bus 0000:20: root bus resource [io  0x1000-0x1fff window]
[    2.572369] pci_bus 0000:20: root bus resource [mem 0x000a0000-0x000bffff window]
[    2.572371] pci_bus 0000:20: root bus resource [mem 0xd8000000-0xdf9fffff window]
[    2.572373] pci_bus 0000:20: root bus resource [mem 0x19a0c000000-0x1cd05ffffff window]
[    2.572379] pci 0000:20:00.0: [1022:1450] type 00 class 0x060000
[    2.572447] pci 0000:20:00.2: [1022:1451] type 00 class 0x080600
[    2.572537] pci 0000:20:01.0: [1022:1452] type 00 class 0x060000
[    2.572600] pci 0000:20:01.1: [1022:1453] type 01 class 0x060400
[    2.572990] pci 0000:20:01.1: PME# supported from D0 D3hot D3cold
[    2.573076] pci 0000:20:02.0: [1022:1452] type 00 class 0x060000
[    2.573152] pci 0000:20:03.0: [1022:1452] type 00 class 0x060000
[    2.573231] pci 0000:20:04.0: [1022:1452] type 00 class 0x060000
[    2.573311] pci 0000:20:07.0: [1022:1452] type 00 class 0x060000
[    2.573372] pci 0000:20:07.1: [1022:1454] type 01 class 0x060400
[    2.573960] pci 0000:20:07.1: PME# supported from D0 D3hot D3cold
[    2.573998] pci 0000:20:07.1: System wakeup disabled by ACPI
[    2.574040] pci 0000:20:08.0: [1022:1452] type 00 class 0x060000
[    2.574101] pci 0000:20:08.1: [1022:1454] type 01 class 0x060400
[    2.574233] pci 0000:20:08.1: PME# supported from D0 D3hot D3cold
[    2.574923] pci 0000:21:00.0: [1a03:1150] type 01 class 0x060400
[    2.575043] pci 0000:21:00.0: supports D1 D2
[    2.575045] pci 0000:21:00.0: PME# supported from D0 D1 D2 D3hot D3cold
[    2.576227] pci 0000:20:01.1: PCI bridge to [bus 21-22]
[    2.576233] pci 0000:20:01.1:   bridge window [io  0x1000-0x1fff]
[    2.576237] pci 0000:20:01.1:   bridge window [mem 0xd8000000-0xdc0fffff]
[    2.576309] pci 0000:22:00.0: [1a03:2000] type 00 class 0x030000
[    2.576334] pci 0000:22:00.0: reg 0x10: [mem 0xd8000000-0xdbffffff]
[    2.576348] pci 0000:22:00.0: reg 0x14: [mem 0xdc000000-0xdc01ffff]
[    2.576362] pci 0000:22:00.0: reg 0x18: [io  0x1000-0x107f]
[    2.576465] pci 0000:22:00.0: supports D1 D2
[    2.576468] pci 0000:22:00.0: PME# supported from D0 D1 D2 D3hot D3cold
[    2.576563] pci 0000:21:00.0: PCI bridge to [bus 22]
[    2.576571] pci 0000:21:00.0:   bridge window [io  0x1000-0x1fff]
[    2.576575] pci 0000:21:00.0:   bridge window [mem 0xd8000000-0xdc0fffff]
[    2.576955] pci 0000:23:00.0: [1022:145a] type 00 class 0x130000
[    2.577063] pci 0000:23:00.2: [1022:1456] type 00 class 0x108000
[    2.577080] pci 0000:23:00.2: reg 0x18: [mem 0xdc300000-0xdc3fffff]
[    2.577091] pci 0000:23:00.2: reg 0x24: [mem 0xdc400000-0xdc401fff]
[    2.577179] pci 0000:23:00.3: [1022:145f] type 00 class 0x0c0330
[    2.577193] pci 0000:23:00.3: reg 0x10: [mem 0xdc200000-0xdc2fffff 64bit]
[    2.577256] pci 0000:23:00.3: PME# supported from D0 D3hot D3cold
[    2.577324] pci 0000:20:07.1: PCI bridge to [bus 23]
[    2.577329] pci 0000:20:07.1:   bridge window [mem 0xdc200000-0xdc4fffff]
[    2.577421] pci 0000:24:00.0: [1022:1455] type 00 class 0x130000
[    2.577536] pci 0000:24:00.1: [1022:1468] type 00 class 0x108000
[    2.577554] pci 0000:24:00.1: reg 0x18: [mem 0xdc500000-0xdc5fffff]
[    2.577565] pci 0000:24:00.1: reg 0x24: [mem 0xdc600000-0xdc601fff]
[    2.577668] pci 0000:20:08.1: PCI bridge to [bus 24]
[    2.577673] pci 0000:20:08.1:   bridge window [mem 0xdc500000-0xdc6fffff]
[    2.577692] pci_bus 0000:20: on NUMA node 1
[    2.577922] ACPI: PCI Root Bridge [S0D2] (domain 0000 [bus 40-5f])
[    2.577926] acpi PNP0A08:02: _OSC: OS supports [ExtendedConfig ASPM ClockPM Segments MSI]
[    2.578104] acpi PNP0A08:02: _OSC: OS now controls [PCIeHotplug PME AER PCIeCapability]
[    2.578271] PCI host bridge to bus 0000:40
[    2.578273] pci_bus 0000:40: root bus resource [bus 40-5f]
[    2.578276] pci_bus 0000:40: root bus resource [io  0x2000-0x3fff window]
[    2.578279] pci_bus 0000:40: root bus resource [mem 0xd5900000-0xd7dfffff window]
[    2.578281] pci_bus 0000:40: root bus resource [mem 0x16712000000-0x19a0bffffff window]
[    2.578287] pci 0000:40:00.0: [1022:1450] type 00 class 0x060000
[    2.578352] pci 0000:40:00.2: [1022:1451] type 00 class 0x080600
[    2.578442] pci 0000:40:01.0: [1022:1452] type 00 class 0x060000
[    2.578516] pci 0000:40:02.0: [1022:1452] type 00 class 0x060000
[    2.578591] pci 0000:40:03.0: [1022:1452] type 00 class 0x060000
[    2.578652] pci 0000:40:03.1: [1022:1453] type 01 class 0x060400
[    2.579280] pci 0000:40:03.1: PME# supported from D0 D3hot D3cold
[    2.579374] pci 0000:40:04.0: [1022:1452] type 00 class 0x060000
[    2.579454] pci 0000:40:07.0: [1022:1452] type 00 class 0x060000
[    2.579515] pci 0000:40:07.1: [1022:1454] type 01 class 0x060400
[    2.579628] pci 0000:40:07.1: PME# supported from D0 D3hot D3cold
[    2.579666] pci 0000:40:07.1: System wakeup disabled by ACPI
[    2.579709] pci 0000:40:08.0: [1022:1452] type 00 class 0x060000
[    2.579770] pci 0000:40:08.1: [1022:1454] type 01 class 0x060400
[    2.580352] pci 0000:40:08.1: PME# supported from D0 D3hot D3cold
[    2.580570] pci 0000:41:00.0: [8086:10d3] type 00 class 0x020000
[    2.580601] pci 0000:41:00.0: reg 0x10: [mem 0xd7dc0000-0xd7ddffff]
[    2.580617] pci 0000:41:00.0: reg 0x14: [mem 0xd7d00000-0xd7d7ffff]
[    2.580633] pci 0000:41:00.0: reg 0x18: [io  0x2000-0x201f]
[    2.580649] pci 0000:41:00.0: reg 0x1c: [mem 0xd7de0000-0xd7de3fff]
[    2.580692] pci 0000:41:00.0: reg 0x30: [mem 0xd7d80000-0xd7dbffff pref]
[    2.580786] pci 0000:41:00.0: PME# supported from D0 D3hot D3cold
[    2.582231] pci 0000:40:03.1: PCI bridge to [bus 41]
[    2.582237] pci 0000:40:03.1:   bridge window [io  0x2000-0x2fff]
[    2.582240] pci 0000:40:03.1:   bridge window [mem 0xd7d00000-0xd7dfffff]
[    2.582333] pci 0000:42:00.0: [1022:145a] type 00 class 0x130000
[    2.582443] pci 0000:42:00.2: [1022:1456] type 00 class 0x108000
[    2.582461] pci 0000:42:00.2: reg 0x18: [mem 0xd7b00000-0xd7bfffff]
[    2.582472] pci 0000:42:00.2: reg 0x24: [mem 0xd7c00000-0xd7c01fff]
[    2.582571] pci 0000:40:07.1: PCI bridge to [bus 42]
[    2.582576] pci 0000:40:07.1:   bridge window [mem 0xd7b00000-0xd7cfffff]
[    2.582665] pci 0000:43:00.0: [1022:1455] type 00 class 0x130000
[    2.582776] pci 0000:43:00.1: [1022:1468] type 00 class 0x108000
[    2.582793] pci 0000:43:00.1: reg 0x18: [mem 0xd7900000-0xd79fffff]
[    2.582804] pci 0000:43:00.1: reg 0x24: [mem 0xd7a00000-0xd7a01fff]
[    2.582907] pci 0000:40:08.1: PCI bridge to [bus 43]
[    2.582912] pci 0000:40:08.1:   bridge window [mem 0xd7900000-0xd7afffff]
[    2.582930] pci_bus 0000:40: on NUMA node 2
[    2.583159] ACPI: PCI Root Bridge [S0D3] (domain 0000 [bus 60-7f])
[    2.583163] acpi PNP0A08:03: _OSC: OS supports [ExtendedConfig ASPM ClockPM Segments MSI]
[    2.583347] acpi PNP0A08:03: _OSC: OS now controls [PCIeHotplug PME AER PCIeCapability]
[    2.583513] PCI host bridge to bus 0000:60
[    2.583516] pci_bus 0000:60: root bus resource [bus 60-7f]
[    2.583518] pci_bus 0000:60: root bus resource [mem 0xd5300000-0xd56fffff window]
[    2.583520] pci_bus 0000:60: root bus resource [mem 0x13418000000-0x16711ffffff window]
[    2.583526] pci 0000:60:00.0: [1022:1450] type 00 class 0x060000
[    2.583592] pci 0000:60:00.2: [1022:1451] type 00 class 0x080600
[    2.583682] pci 0000:60:01.0: [1022:1452] type 00 class 0x060000
[    2.583756] pci 0000:60:02.0: [1022:1452] type 00 class 0x060000
[    2.583831] pci 0000:60:03.0: [1022:1452] type 00 class 0x060000
[    2.583906] pci 0000:60:04.0: [1022:1452] type 00 class 0x060000
[    2.583987] pci 0000:60:07.0: [1022:1452] type 00 class 0x060000
[    2.584049] pci 0000:60:07.1: [1022:1454] type 01 class 0x060400
[    2.584407] pci 0000:60:07.1: PME# supported from D0 D3hot D3cold
[    2.584447] pci 0000:60:07.1: System wakeup disabled by ACPI
[    2.584492] pci 0000:60:08.0: [1022:1452] type 00 class 0x060000
[    2.584555] pci 0000:60:08.1: [1022:1454] type 01 class 0x060400
[    2.584668] pci 0000:60:08.1: PME# supported from D0 D3hot D3cold
[    2.584882] pci 0000:61:00.0: [1022:145a] type 00 class 0x130000
[    2.584985] pci 0000:61:00.2: [1022:1456] type 00 class 0x108000
[    2.585002] pci 0000:61:00.2: reg 0x18: [mem 0xd5500000-0xd55fffff]
[    2.585013] pci 0000:61:00.2: reg 0x24: [mem 0xd5600000-0xd5601fff]
[    2.585111] pci 0000:60:07.1: PCI bridge to [bus 61]
[    2.585116] pci 0000:60:07.1:   bridge window [mem 0xd5500000-0xd56fffff]
[    2.585417] pci 0000:62:00.0: [1022:1455] type 00 class 0x130000
[    2.585527] pci 0000:62:00.1: [1022:1468] type 00 class 0x108000
[    2.585545] pci 0000:62:00.1: reg 0x18: [mem 0xd5300000-0xd53fffff]
[    2.585557] pci 0000:62:00.1: reg 0x24: [mem 0xd5400000-0xd5401fff]
[    2.585659] pci 0000:60:08.1: PCI bridge to [bus 62]
[    2.585664] pci 0000:60:08.1:   bridge window [mem 0xd5300000-0xd54fffff]
[    2.585678] pci_bus 0000:60: on NUMA node 3
[    2.585895] ACPI: PCI Root Bridge [S1D0] (domain 0000 [bus 80-9f])
[    2.585899] acpi PNP0A08:04: _OSC: OS supports [ExtendedConfig ASPM ClockPM Segments MSI]
[    2.586071] acpi PNP0A08:04: _OSC: OS now controls [PCIeHotplug PME AER PCIeCapability]
[    2.586235] PCI host bridge to bus 0000:80
[    2.586238] pci_bus 0000:80: root bus resource [bus 80-9f]
[    2.586240] pci_bus 0000:80: root bus resource [mem 0xd4d00000-0xd50fffff window]
[    2.586242] pci_bus 0000:80: root bus resource [mem 0x1011e000000-0x13417ffffff window]
[    2.586248] pci 0000:80:00.0: [1022:1450] type 00 class 0x060000
[    2.586318] pci 0000:80:00.2: [1022:1451] type 00 class 0x080600
[    2.586417] pci 0000:80:01.0: [1022:1452] type 00 class 0x060000
[    2.586501] pci 0000:80:02.0: [1022:1452] type 00 class 0x060000
[    2.586581] pci 0000:80:03.0: [1022:1452] type 00 class 0x060000
[    2.586661] pci 0000:80:04.0: [1022:1452] type 00 class 0x060000
[    2.586747] pci 0000:80:07.0: [1022:1452] type 00 class 0x060000
[    2.586814] pci 0000:80:07.1: [1022:1454] type 01 class 0x060400
[    2.586944] pci 0000:80:07.1: PME# supported from D0 D3hot D3cold
[    2.586987] pci 0000:80:07.1: System wakeup disabled by ACPI
[    2.587031] pci 0000:80:08.0: [1022:1452] type 00 class 0x060000
[    2.587098] pci 0000:80:08.1: [1022:1454] type 01 class 0x060400
[    2.587776] pci 0000:80:08.1: PME# supported from D0 D3hot D3cold
[    2.587993] pci 0000:81:00.0: [1022:145a] type 00 class 0x130000
[    2.588114] pci 0000:81:00.2: [1022:1456] type 00 class 0x108000
[    2.588134] pci 0000:81:00.2: reg 0x18: [mem 0xd4f00000-0xd4ffffff]
[    2.588147] pci 0000:81:00.2: reg 0x24: [mem 0xd5000000-0xd5001fff]
[    2.588263] pci 0000:80:07.1: PCI bridge to [bus 81]
[    2.588269] pci 0000:80:07.1:   bridge window [mem 0xd4f00000-0xd50fffff]
[    2.588740] pci 0000:82:00.0: [1022:1455] type 00 class 0x130000
[    2.588867] pci 0000:82:00.1: [1022:1468] type 00 class 0x108000
[    2.588888] pci 0000:82:00.1: reg 0x18: [mem 0xd4d00000-0xd4dfffff]
[    2.588901] pci 0000:82:00.1: reg 0x24: [mem 0xd4e00000-0xd4e01fff]
[    2.589020] pci 0000:80:08.1: PCI bridge to [bus 82]
[    2.589026] pci 0000:80:08.1:   bridge window [mem 0xd4d00000-0xd4efffff]
[    2.589042] pci_bus 0000:80: on NUMA node 4
[    2.589266] ACPI: PCI Root Bridge [S1D1] (domain 0000 [bus a0-bf])
[    2.589270] acpi PNP0A08:05: _OSC: OS supports [ExtendedConfig ASPM ClockPM Segments MSI]
[    2.589445] acpi PNP0A08:05: _OSC: OS now controls [PCIeHotplug PME AER PCIeCapability]
[    2.589607] PCI host bridge to bus 0000:a0
[    2.589609] pci_bus 0000:a0: root bus resource [bus a0-bf]
[    2.589611] pci_bus 0000:a0: root bus resource [mem 0xd4700000-0xd4afffff window]
[    2.589613] pci_bus 0000:a0: root bus resource [mem 0xca06000000-0xfcffffffff window]
[    2.589619] pci 0000:a0:00.0: [1022:1450] type 00 class 0x060000
[    2.589691] pci 0000:a0:00.2: [1022:1451] type 00 class 0x080600
[    2.589791] pci 0000:a0:01.0: [1022:1452] type 00 class 0x060000
[    2.589873] pci 0000:a0:02.0: [1022:1452] type 00 class 0x060000
[    2.589954] pci 0000:a0:03.0: [1022:1452] type 00 class 0x060000
[    2.590040] pci 0000:a0:04.0: [1022:1452] type 00 class 0x060000
[    2.590126] pci 0000:a0:07.0: [1022:1452] type 00 class 0x060000
[    2.590193] pci 0000:a0:07.1: [1022:1454] type 01 class 0x060400
[    2.590478] pci 0000:a0:07.1: PME# supported from D0 D3hot D3cold
[    2.590522] pci 0000:a0:07.1: System wakeup disabled by ACPI
[    2.590565] pci 0000:a0:08.0: [1022:1452] type 00 class 0x060000
[    2.590635] pci 0000:a0:08.1: [1022:1454] type 01 class 0x060400
[    2.590764] pci 0000:a0:08.1: PME# supported from D0 D3hot D3cold
[    2.591430] pci 0000:a1:00.0: [1022:145a] type 00 class 0x130000
[    2.591552] pci 0000:a1:00.2: [1022:1456] type 00 class 0x108000
[    2.591572] pci 0000:a1:00.2: reg 0x18: [mem 0xd4900000-0xd49fffff]
[    2.591584] pci 0000:a1:00.2: reg 0x24: [mem 0xd4a00000-0xd4a01fff]
[    2.591694] pci 0000:a0:07.1: PCI bridge to [bus a1]
[    2.591700] pci 0000:a0:07.1:   bridge window [mem 0xd4900000-0xd4afffff]
[    2.591796] pci 0000:a2:00.0: [1022:1455] type 00 class 0x130000
[    2.591926] pci 0000:a2:00.1: [1022:1468] type 00 class 0x108000
[    2.591947] pci 0000:a2:00.1: reg 0x18: [mem 0xd4700000-0xd47fffff]
[    2.591960] pci 0000:a2:00.1: reg 0x24: [mem 0xd4800000-0xd4801fff]
[    2.592064] pci 0000:a2:00.2: [1022:7901] type 00 class 0x010601
[    2.592106] pci 0000:a2:00.2: reg 0x24: [mem 0xd4802000-0xd4802fff]
[    2.592155] pci 0000:a2:00.2: PME# supported from D3hot D3cold
[    2.592237] pci 0000:a0:08.1: PCI bridge to [bus a2]
[    2.592243] pci 0000:a0:08.1:   bridge window [mem 0xd4700000-0xd48fffff]
[    2.592259] pci_bus 0000:a0: on NUMA node 5
[    2.592488] ACPI: PCI Root Bridge [S1D2] (domain 0000 [bus c0-df])
[    2.592492] acpi PNP0A08:06: _OSC: OS supports [ExtendedConfig ASPM ClockPM Segments MSI]
[    2.592665] acpi PNP0A08:06: _OSC: OS now controls [PCIeHotplug PME AER PCIeCapability]
[    2.592831] PCI host bridge to bus 0000:c0
[    2.592833] pci_bus 0000:c0: root bus resource [bus c0-df]
[    2.592835] pci_bus 0000:c0: root bus resource [mem 0xd4100000-0xd44fffff window]
[    2.592837] pci_bus 0000:c0: root bus resource [mem 0x970c000000-0xca05ffffff window]
[    2.592843] pci 0000:c0:00.0: [1022:1450] type 00 class 0x060000
[    2.592910] pci 0000:c0:00.2: [1022:1451] type 00 class 0x080600
[    2.593004] pci 0000:c0:01.0: [1022:1452] type 00 class 0x060000
[    2.593082] pci 0000:c0:02.0: [1022:1452] type 00 class 0x060000
[    2.593161] pci 0000:c0:03.0: [1022:1452] type 00 class 0x060000
[    2.593248] pci 0000:c0:04.0: [1022:1452] type 00 class 0x060000
[    2.593331] pci 0000:c0:07.0: [1022:1452] type 00 class 0x060000
[    2.593395] pci 0000:c0:07.1: [1022:1454] type 01 class 0x060400
[    2.593522] pci 0000:c0:07.1: PME# supported from D0 D3hot D3cold
[    2.593563] pci 0000:c0:07.1: System wakeup disabled by ACPI
[    2.593607] pci 0000:c0:08.0: [1022:1452] type 00 class 0x060000
[    2.593671] pci 0000:c0:08.1: [1022:1454] type 01 class 0x060400
[    2.593793] pci 0000:c0:08.1: PME# supported from D0 D3hot D3cold
[    2.594431] pci 0000:c1:00.0: [1022:145a] type 00 class 0x130000
[    2.594543] pci 0000:c1:00.2: [1022:1456] type 00 class 0x108000
[    2.594562] pci 0000:c1:00.2: reg 0x18: [mem 0xd4300000-0xd43fffff]
[    2.594574] pci 0000:c1:00.2: reg 0x24: [mem 0xd4400000-0xd4401fff]
[    2.594678] pci 0000:c0:07.1: PCI bridge to [bus c1]
[    2.594683] pci 0000:c0:07.1:   bridge window [mem 0xd4300000-0xd44fffff]
[    2.594776] pci 0000:c2:00.0: [1022:1455] type 00 class 0x130000
[    2.594894] pci 0000:c2:00.1: [1022:1468] type 00 class 0x108000
[    2.594914] pci 0000:c2:00.1: reg 0x18: [mem 0xd4100000-0xd41fffff]
[    2.594926] pci 0000:c2:00.1: reg 0x24: [mem 0xd4200000-0xd4201fff]
[    2.595038] pci 0000:c0:08.1: PCI bridge to [bus c2]
[    2.595044] pci 0000:c0:08.1:   bridge window [mem 0xd4100000-0xd42fffff]
[    2.595058] pci_bus 0000:c0: on NUMA node 6
[    2.595283] ACPI: PCI Root Bridge [S1D3] (domain 0000 [bus e0-ff])
[    2.595287] acpi PNP0A08:07: _OSC: OS supports [ExtendedConfig ASPM ClockPM Segments MSI]
[    2.595464] acpi PNP0A08:07: _OSC: OS now controls [PCIeHotplug PME AER PCIeCapability]
[    2.595629] PCI host bridge to bus 0000:e0
[    2.595631] pci_bus 0000:e0: root bus resource [bus e0-ff]
[    2.595633] pci_bus 0000:e0: root bus resource [mem 0xd3b00000-0xd3efffff window]
[    2.595635] pci_bus 0000:e0: root bus resource [mem 0x6412000000-0x970bffffff window]
[    2.595641] pci 0000:e0:00.0: [1022:1450] type 00 class 0x060000
[    2.595712] pci 0000:e0:00.2: [1022:1451] type 00 class 0x080600
[    2.595809] pci 0000:e0:01.0: [1022:1452] type 00 class 0x060000
[    2.595888] pci 0000:e0:02.0: [1022:1452] type 00 class 0x060000
[    2.595967] pci 0000:e0:03.0: [1022:1452] type 00 class 0x060000
[    2.596046] pci 0000:e0:04.0: [1022:1452] type 00 class 0x060000
[    2.596132] pci 0000:e0:07.0: [1022:1452] type 00 class 0x060000
[    2.596197] pci 0000:e0:07.1: [1022:1454] type 01 class 0x060400
[    2.596333] pci 0000:e0:07.1: PME# supported from D0 D3hot D3cold
[    2.596377] pci 0000:e0:07.1: System wakeup disabled by ACPI
[    2.596422] pci 0000:e0:08.0: [1022:1452] type 00 class 0x060000
[    2.596491] pci 0000:e0:08.1: [1022:1454] type 01 class 0x060400
[    2.596626] pci 0000:e0:08.1: PME# supported from D0 D3hot D3cold
[    2.597242] pci 0000:e1:00.0: [1022:145a] type 00 class 0x130000
[    2.597360] pci 0000:e1:00.2: [1022:1456] type 00 class 0x108000
[    2.597380] pci 0000:e1:00.2: reg 0x18: [mem 0xd3d00000-0xd3dfffff]
[    2.597392] pci 0000:e1:00.2: reg 0x24: [mem 0xd3e00000-0xd3e01fff]
[    2.597502] pci 0000:e0:07.1: PCI bridge to [bus e1]
[    2.597508] pci 0000:e0:07.1:   bridge window [mem 0xd3d00000-0xd3efffff]
[    2.597603] pci 0000:e2:00.0: [1022:1455] type 00 class 0x130000
[    2.597728] pci 0000:e2:00.1: [1022:1468] type 00 class 0x108000
[    2.597749] pci 0000:e2:00.1: reg 0x18: [mem 0xd3b00000-0xd3bfffff]
[    2.597762] pci 0000:e2:00.1: reg 0x24: [mem 0xd3c00000-0xd3c01fff]
[    2.597878] pci 0000:e0:08.1: PCI bridge to [bus e2]
[    2.597884] pci 0000:e0:08.1:   bridge window [mem 0xd3b00000-0xd3cfffff]
[    2.597900] pci_bus 0000:e0: on NUMA node 7
[    2.598081] ACPI: PCI Interrupt Link [LNKA] (IRQs 4 5 7 10 *11 14 15)
[    2.598134] ACPI: PCI Interrupt Link [LNKB] (IRQs 4 *5 7 10 11 14 15)
[    2.598177] ACPI: PCI Interrupt Link [LNKC] (IRQs 4 *5 7 10 11 14 15)
[    2.598237] ACPI: PCI Interrupt Link [LNKD] (IRQs 4 5 7 10 11 14 15) *0
[    2.598286] ACPI: PCI Interrupt Link [LNKE] (IRQs 4 5 7 10 *11 14 15)
[    2.598328] ACPI: PCI Interrupt Link [LNKF] (IRQs 4 5 7 *10 11 14 15)
[    2.598369] ACPI: PCI Interrupt Link [LNKG] (IRQs 4 5 7 *10 11 14 15)
[    2.598410] ACPI: PCI Interrupt Link [LNKH] (IRQs 4 5 7 10 11 14 15) *0
[    2.598618] vgaarb: device added: PCI:0000:22:00.0,decodes=io+mem,owns=io+mem,locks=none
[    2.598629] vgaarb: loaded
[    2.598630] vgaarb: bridge control possible 0000:22:00.0
[    2.598759] SCSI subsystem initialized
[    2.598787] ACPI: bus type USB registered
[    2.598806] usbcore: registered new interface driver usbfs
[    2.598816] usbcore: registered new interface driver hub
[    2.599093] usbcore: registered new device driver usb
[    2.599506] EDAC MC: Ver: 3.0.0
[    2.599985] PCI: Using ACPI for IRQ routing
[    2.619277] PCI: pci_cache_line_size set to 64 bytes
[    2.619528] e820: reserve RAM buffer [mem 0x75db0000-0x77ffffff]
[    2.619531] e820: reserve RAM buffer [mem 0x94423018-0x97ffffff]
[    2.619532] e820: reserve RAM buffer [mem 0x94454018-0x97ffffff]
[    2.619533] e820: reserve RAM buffer [mem 0xc5de0000-0xc7ffffff]
[    2.619535] e820: reserve RAM buffer [mem 0xc62b2000-0xc7ffffff]
[    2.619536] e820: reserve RAM buffer [mem 0xc7e22000-0xc7ffffff]
[    2.619537] e820: reserve RAM buffer [mem 0xc9148000-0xcbffffff]
[    2.619539] e820: reserve RAM buffer [mem 0xc915e000-0xcbffffff]
[    2.619541] e820: reserve RAM buffer [mem 0xc9181000-0xcbffffff]
[    2.619542] e820: reserve RAM buffer [mem 0xcad7d000-0xcbffffff]
[    2.619543] e820: reserve RAM buffer [mem 0xcadc8000-0xcbffffff]
[    2.619545] e820: reserve RAM buffer [mem 0x82f380000-0x82fffffff]
[    2.619547] e820: reserve RAM buffer [mem 0x102ff80000-0x102fffffff]
[    2.619548] e820: reserve RAM buffer [mem 0x182ff80000-0x182fffffff]
[    2.619549] e820: reserve RAM buffer [mem 0x202ff80000-0x202fffffff]
[    2.619550] e820: reserve RAM buffer [mem 0x282ff80000-0x282fffffff]
[    2.619552] e820: reserve RAM buffer [mem 0x302ff80000-0x302fffffff]
[    2.619553] e820: reserve RAM buffer [mem 0x382ff80000-0x382fffffff]
[    2.619554] e820: reserve RAM buffer [mem 0x402ff80000-0x402fffffff]
[    2.619734] NetLabel: Initializing
[    2.619736] NetLabel:  domain hash size = 128
[    2.619737] NetLabel:  protocols = UNLABELED CIPSOv4
[    2.619754] NetLabel:  unlabeled traffic allowed by default
[    2.619797] hpet0: at MMIO 0xfed00000, IRQs 2, 8, 0
[    2.619801] hpet0: 3 comparators, 32-bit 14.318180 MHz counter
[    2.622076] Switched to clocksource hpet
[    2.627067] pnp: PnP ACPI init
[    2.627082] ACPI: bus type PNP registered
[    2.627237] system 00:00: [mem 0xe0000000-0xefffffff] has been reserved
[    2.627241] system 00:00: Plug and Play ACPI device, IDs PNP0c01 (active)
[    2.627402] pnp 00:01: Plug and Play ACPI device, IDs PNP0b00 (active)
[    2.627642] system 00:02: [io  0x04d0-0x04d1] has been reserved
[    2.627645] system 00:02: [io  0x040b] has been reserved
[    2.627647] system 00:02: [io  0x04d6] has been reserved
[    2.627649] system 00:02: [io  0x0c00-0x0c01] has been reserved
[    2.627651] system 00:02: [io  0x0c14] has been reserved
[    2.627652] system 00:02: [io  0x0c50-0x0c51] has been reserved
[    2.627656] system 00:02: [io  0x0c52] has been reserved
[    2.627658] system 00:02: [io  0x0c6c] has been reserved
[    2.627659] system 00:02: [io  0x0c6f] has been reserved
[    2.627661] system 00:02: [io  0x0cd0-0x0cd1] has been reserved
[    2.627663] system 00:02: [io  0x0cd2-0x0cd3] has been reserved
[    2.627665] system 00:02: [io  0x0cd4-0x0cd5] has been reserved
[    2.627667] system 00:02: [io  0x0cd6-0x0cd7] has been reserved
[    2.627668] system 00:02: [io  0x0cd8-0x0cdf] has been reserved
[    2.627670] system 00:02: [io  0x0800-0x089f] could not be reserved
[    2.627672] system 00:02: [io  0x0b00-0x0b0f] has been reserved
[    2.627674] system 00:02: [io  0x0b20-0x0b3f] has been reserved
[    2.627676] system 00:02: [io  0x0900-0x090f] has been reserved
[    2.627677] system 00:02: [io  0x0910-0x091f] has been reserved
[    2.627679] system 00:02: [io  0xfe00-0xfefe] has been reserved
[    2.627682] system 00:02: [mem 0xfec00000-0xfec00fff] could not be reserved
[    2.627684] system 00:02: [mem 0xfec01000-0xfec01fff] has been reserved
[    2.627686] system 00:02: [mem 0xfedc0000-0xfedc0fff] has been reserved
[    2.627688] system 00:02: [mem 0xfee00000-0xfee00fff] has been reserved
[    2.627690] system 00:02: [mem 0xfed80000-0xfed8ffff] could not be reserved
[    2.627692] system 00:02: [mem 0xfed61000-0xfed70fff] has been reserved
[    2.627694] system 00:02: [mem 0xfec10000-0xfec10fff] has been reserved
[    2.627696] system 00:02: [mem 0xff000000-0xffffffff] has been reserved
[    2.627698] system 00:02: Plug and Play ACPI device, IDs PNP0c02 (active)
[    2.627937] pnp 00:03: Plug and Play ACPI device, IDs PNP0501 (active)
[    2.628007] pnp 00:04: Plug and Play ACPI device, IDs PNP0501 (active)
[    2.628987] pnp: PnP ACPI: found 5 devices
[    2.628989] ACPI: bus type PNP unregistered
[    2.636168] pci 0000:00:07.1: PCI bridge to [bus 01]
[    2.636175] pci 0000:00:07.1:   bridge window [mem 0xdfb00000-0xdfdfffff]
[    2.636181] pci 0000:00:08.1: PCI bridge to [bus 02]
[    2.636184] pci 0000:00:08.1:   bridge window [mem 0xdfe00000-0xdfffffff]
[    2.636194] pci_bus 0000:00: resource 4 [io  0x0000-0x02e7 window]
[    2.636196] pci_bus 0000:00: resource 5 [io  0x0300-0x03af window]
[    2.636198] pci_bus 0000:00: resource 6 [io  0x0400-0x0cf7 window]
[    2.636199] pci_bus 0000:00: resource 7 [io  0x0d00-0x0fff window]
[    2.636201] pci_bus 0000:00: resource 8 [mem 0x000c0000-0x000dffff window]
[    2.636203] pci_bus 0000:00: resource 9 [mem 0xdfb00000-0xdfffffff window]
[    2.636205] pci_bus 0000:00: resource 10 [mem 0x1cd06000000-0x1ffffffffff window]
[    2.636207] pci_bus 0000:01: resource 1 [mem 0xdfb00000-0xdfdfffff]
[    2.636209] pci_bus 0000:02: resource 1 [mem 0xdfe00000-0xdfffffff]
[    2.636235] pci 0000:21:00.0: PCI bridge to [bus 22]
[    2.636238] pci 0000:21:00.0:   bridge window [io  0x1000-0x1fff]
[    2.636244] pci 0000:21:00.0:   bridge window [mem 0xd8000000-0xdc0fffff]
[    2.636255] pci 0000:20:01.1: PCI bridge to [bus 21-22]
[    2.636258] pci 0000:20:01.1:   bridge window [io  0x1000-0x1fff]
[    2.636261] pci 0000:20:01.1:   bridge window [mem 0xd8000000-0xdc0fffff]
[    2.636267] pci 0000:20:07.1: PCI bridge to [bus 23]
[    2.636271] pci 0000:20:07.1:   bridge window [mem 0xdc200000-0xdc4fffff]
[    2.636276] pci 0000:20:08.1: PCI bridge to [bus 24]
[    2.636279] pci 0000:20:08.1:   bridge window [mem 0xdc500000-0xdc6fffff]
[    2.636285] pci_bus 0000:20: resource 4 [io  0x03b0-0x03df window]
[    2.636287] pci_bus 0000:20: resource 5 [io  0x1000-0x1fff window]
[    2.636289] pci_bus 0000:20: resource 6 [mem 0x000a0000-0x000bffff window]
[    2.636290] pci_bus 0000:20: resource 7 [mem 0xd8000000-0xdf9fffff window]
[    2.636292] pci_bus 0000:20: resource 8 [mem 0x19a0c000000-0x1cd05ffffff window]
[    2.636294] pci_bus 0000:21: resource 0 [io  0x1000-0x1fff]
[    2.636296] pci_bus 0000:21: resource 1 [mem 0xd8000000-0xdc0fffff]
[    2.636297] pci_bus 0000:22: resource 0 [io  0x1000-0x1fff]
[    2.636299] pci_bus 0000:22: resource 1 [mem 0xd8000000-0xdc0fffff]
[    2.636301] pci_bus 0000:23: resource 1 [mem 0xdc200000-0xdc4fffff]
[    2.636302] pci_bus 0000:24: resource 1 [mem 0xdc500000-0xdc6fffff]
[    2.636313] pci 0000:40:03.1: bridge window [mem 0x00100000-0x000fffff 64bit pref] to [bus 41] add_size 200000 add_align 100000
[    2.636331] pci 0000:40:03.1: res[15]=[mem 0x00100000-0x000fffff 64bit pref] res_to_dev_res add_size 200000 min_align 100000
[    2.636333] pci 0000:40:03.1: res[15]=[mem 0x00100000-0x002fffff 64bit pref] res_to_dev_res add_size 200000 min_align 100000
[    2.636339] pci 0000:40:03.1: BAR 15: assigned [mem 0x16712000000-0x167121fffff 64bit pref]
[    2.636342] pci 0000:40:03.1: PCI bridge to [bus 41]
[    2.636344] pci 0000:40:03.1:   bridge window [io  0x2000-0x2fff]
[    2.636349] pci 0000:40:03.1:   bridge window [mem 0xd7d00000-0xd7dfffff]
[    2.636353] pci 0000:40:03.1:   bridge window [mem 0x16712000000-0x167121fffff 64bit pref]
[    2.636360] pci 0000:40:07.1: PCI bridge to [bus 42]
[    2.636365] pci 0000:40:07.1:   bridge window [mem 0xd7b00000-0xd7cfffff]
[    2.636374] pci 0000:40:08.1: PCI bridge to [bus 43]
[    2.636379] pci 0000:40:08.1:   bridge window [mem 0xd7900000-0xd7afffff]
[    2.636388] pci_bus 0000:40: resource 4 [io  0x2000-0x3fff window]
[    2.636390] pci_bus 0000:40: resource 5 [mem 0xd5900000-0xd7dfffff window]
[    2.636392] pci_bus 0000:40: resource 6 [mem 0x16712000000-0x19a0bffffff window]
[    2.636394] pci_bus 0000:41: resource 0 [io  0x2000-0x2fff]
[    2.636396] pci_bus 0000:41: resource 1 [mem 0xd7d00000-0xd7dfffff]
[    2.636398] pci_bus 0000:41: resource 2 [mem 0x16712000000-0x167121fffff 64bit pref]
[    2.636400] pci_bus 0000:42: resource 1 [mem 0xd7b00000-0xd7cfffff]
[    2.636402] pci_bus 0000:43: resource 1 [mem 0xd7900000-0xd7afffff]
[    2.636419] pci 0000:60:07.1: PCI bridge to [bus 61]
[    2.636425] pci 0000:60:07.1:   bridge window [mem 0xd5500000-0xd56fffff]
[    2.636433] pci 0000:60:08.1: PCI bridge to [bus 62]
[    2.636438] pci 0000:60:08.1:   bridge window [mem 0xd5300000-0xd54fffff]
[    2.636446] pci_bus 0000:60: resource 4 [mem 0xd5300000-0xd56fffff window]
[    2.636448] pci_bus 0000:60: resource 5 [mem 0x13418000000-0x16711ffffff window]
[    2.636450] pci_bus 0000:61: resource 1 [mem 0xd5500000-0xd56fffff]
[    2.636452] pci_bus 0000:62: resource 1 [mem 0xd5300000-0xd54fffff]
[    2.636471] pci 0000:80:07.1: PCI bridge to [bus 81]
[    2.636477] pci 0000:80:07.1:   bridge window [mem 0xd4f00000-0xd50fffff]
[    2.636486] pci 0000:80:08.1: PCI bridge to [bus 82]
[    2.636492] pci 0000:80:08.1:   bridge window [mem 0xd4d00000-0xd4efffff]
[    2.636501] pci_bus 0000:80: resource 4 [mem 0xd4d00000-0xd50fffff window]
[    2.636503] pci_bus 0000:80: resource 5 [mem 0x1011e000000-0x13417ffffff window]
[    2.636505] pci_bus 0000:81: resource 1 [mem 0xd4f00000-0xd50fffff]
[    2.636507] pci_bus 0000:82: resource 1 [mem 0xd4d00000-0xd4efffff]
[    2.636526] pci 0000:a0:07.1: PCI bridge to [bus a1]
[    2.636533] pci 0000:a0:07.1:   bridge window [mem 0xd4900000-0xd4afffff]
[    2.636543] pci 0000:a0:08.1: PCI bridge to [bus a2]
[    2.636548] pci 0000:a0:08.1:   bridge window [mem 0xd4700000-0xd48fffff]
[    2.636558] pci_bus 0000:a0: resource 4 [mem 0xd4700000-0xd4afffff window]
[    2.636560] pci_bus 0000:a0: resource 5 [mem 0xca06000000-0xfcffffffff window]
[    2.636562] pci_bus 0000:a1: resource 1 [mem 0xd4900000-0xd4afffff]
[    2.636564] pci_bus 0000:a2: resource 1 [mem 0xd4700000-0xd48fffff]
[    2.636575] pci 0000:c0:07.1: PCI bridge to [bus c1]
[    2.636580] pci 0000:c0:07.1:   bridge window [mem 0xd4300000-0xd44fffff]
[    2.636585] pci 0000:c0:08.1: PCI bridge to [bus c2]
[    2.636589] pci 0000:c0:08.1:   bridge window [mem 0xd4100000-0xd42fffff]
[    2.636595] pci_bus 0000:c0: resource 4 [mem 0xd4100000-0xd44fffff window]
[    2.636597] pci_bus 0000:c0: resource 5 [mem 0x970c000000-0xca05ffffff window]
[    2.636598] pci_bus 0000:c1: resource 1 [mem 0xd4300000-0xd44fffff]
[    2.636601] pci_bus 0000:c2: resource 1 [mem 0xd4100000-0xd42fffff]
[    2.636620] pci 0000:e0:07.1: PCI bridge to [bus e1]
[    2.636626] pci 0000:e0:07.1:   bridge window [mem 0xd3d00000-0xd3efffff]
[    2.636636] pci 0000:e0:08.1: PCI bridge to [bus e2]
[    2.636642] pci 0000:e0:08.1:   bridge window [mem 0xd3b00000-0xd3cfffff]
[    2.636651] pci_bus 0000:e0: resource 4 [mem 0xd3b00000-0xd3efffff window]
[    2.636653] pci_bus 0000:e0: resource 5 [mem 0x6412000000-0x970bffffff window]
[    2.636655] pci_bus 0000:e1: resource 1 [mem 0xd3d00000-0xd3efffff]
[    2.636657] pci_bus 0000:e2: resource 1 [mem 0xd3b00000-0xd3cfffff]
[    2.636749] NET: Registered protocol family 2
[    2.637480] TCP established hash table entries: 524288 (order: 10, 4194304 bytes)
[    2.638244] TCP bind hash table entries: 65536 (order: 8, 1048576 bytes)
[    2.638413] TCP: Hash tables configured (established 524288 bind 65536)
[    2.638435] TCP: reno registered
