[    0.000000] Linux version 4.17.0-amdsos-build6+ (jenkins@sos-jenkins-s0) (gcc version 7.3.0 (Ubuntu 7.3.0-16ubuntu3)) #1 SMP Fri Jul 13 15:55:15 UTC 2018
[    0.000000] Command line: BOOT_IMAGE=/boot/vmlinuz-4.17.0-amdsos-build6+ root=UUID=2cf55431-51e4-4433-909a-02e081e6587f ro crashkernel=auto rhgb net.ifnames=0 ras=cec_disable selinux=0 console=tty0 console=ttyS0,115200n8 earlyprintk
[    0.000000] x86/fpu: Supporting XSAVE feature 0x001: 'x87 floating point registers'
[    0.000000] x86/fpu: Supporting XSAVE feature 0x002: 'SSE registers'
[    0.000000] x86/fpu: Supporting XSAVE feature 0x004: 'AVX registers'
[    0.000000] x86/fpu: xstate_offset[2]:  576, xstate_sizes[2]:  256
[    0.000000] x86/fpu: Enabled xstate features 0x7, context size is 832 bytes, using 'compacted' format.
[    0.000000] e820: BIOS-provided physical RAM map:
[    0.000000] BIOS-e820: [mem 0x0000000000000000-0x000000000009ffff] usable
[    0.000000] BIOS-e820: [mem 0x00000000000a0000-0x00000000000fffff] reserved
[    0.000000] BIOS-e820: [mem 0x0000000000100000-0x0000000075daffff] usable
[    0.000000] BIOS-e820: [mem 0x0000000075db0000-0x0000000075ffffff] reserved
[    0.000000] BIOS-e820: [mem 0x0000000076000000-0x00000000c8dccfff] usable
[    0.000000] BIOS-e820: [mem 0x00000000c8dcd000-0x00000000ca23afff] reserved
[    0.000000] BIOS-e820: [mem 0x00000000ca23b000-0x00000000ca30efff] usable
[    0.000000] BIOS-e820: [mem 0x00000000ca30f000-0x00000000ca667fff] ACPI NVS
[    0.000000] BIOS-e820: [mem 0x00000000ca668000-0x00000000cae6cfff] reserved
[    0.000000] BIOS-e820: [mem 0x00000000cae6d000-0x00000000cbffffff] usable
[    0.000000] BIOS-e820: [mem 0x00000000cc000000-0x00000000cfffffff] reserved
[    0.000000] BIOS-e820: [mem 0x00000000d5100000-0x00000000d527ffff] reserved
[    0.000000] BIOS-e820: [mem 0x00000000d52f0000-0x00000000d52f0fff] reserved
[    0.000000] BIOS-e820: [mem 0x00000000d5800000-0x00000000d597ffff] reserved
[    0.000000] BIOS-e820: [mem 0x00000000d59f0000-0x00000000d59f0fff] reserved
[    0.000000] BIOS-e820: [mem 0x00000000d7e00000-0x00000000d7f7ffff] reserved
[    0.000000] BIOS-e820: [mem 0x00000000d7ff0000-0x00000000d7ff0fff] reserved
[    0.000000] BIOS-e820: [mem 0x00000000df900000-0x00000000df97ffff] reserved
[    0.000000] BIOS-e820: [mem 0x00000000df9f0000-0x00000000df9f0fff] reserved
[    0.000000] BIOS-e820: [mem 0x00000000fea00000-0x00000000feafffff] reserved
[    0.000000] BIOS-e820: [mem 0x00000000fec00000-0x00000000fec00fff] reserved
[    0.000000] BIOS-e820: [mem 0x00000000fec10000-0x00000000fec10fff] reserved
[    0.000000] BIOS-e820: [mem 0x00000000fed00000-0x00000000fed00fff] reserved
[    0.000000] BIOS-e820: [mem 0x00000000fed40000-0x00000000fed44fff] reserved
[    0.000000] BIOS-e820: [mem 0x00000000fed80000-0x00000000fed8ffff] reserved
[    0.000000] BIOS-e820: [mem 0x00000000fedc0000-0x00000000fedc0fff] reserved
[    0.000000] BIOS-e820: [mem 0x00000000fedc2000-0x00000000fedc5fff] reserved
[    0.000000] BIOS-e820: [mem 0x00000000fedc7000-0x00000000fedc7fff] reserved
[    0.000000] BIOS-e820: [mem 0x00000000fedc9000-0x00000000fedcafff] reserved
[    0.000000] BIOS-e820: [mem 0x00000000fee00000-0x00000000feefffff] reserved
[    0.000000] BIOS-e820: [mem 0x00000000ff000000-0x00000000ffffffff] reserved
[    0.000000] BIOS-e820: [mem 0x0000000100000000-0x000000082f37ffff] usable
[    0.000000] BIOS-e820: [mem 0x000000082f380000-0x000000082fffffff] reserved
[    0.000000] BIOS-e820: [mem 0x0000000830000000-0x000000102ff7ffff] usable
[    0.000000] BIOS-e820: [mem 0x000000102ff80000-0x000000102fffffff] reserved
[    0.000000] BIOS-e820: [mem 0x0000001030000000-0x000000182ff7ffff] usable
[    0.000000] BIOS-e820: [mem 0x000000182ff80000-0x000000182fffffff] reserved
[    0.000000] BIOS-e820: [mem 0x0000001830000000-0x000000202ff7ffff] usable
[    0.000000] BIOS-e820: [mem 0x000000202ff80000-0x000000202fffffff] reserved
[    0.000000] NX (Execute Disable) protection: active
[    0.000000] e820: update [mem 0x93836018-0x93866457] usable ==> usable
[    0.000000] e820: update [mem 0x93836018-0x93866457] usable ==> usable
[    0.000000] e820: update [mem 0x93825018-0x93835857] usable ==> usable
[    0.000000] e820: update [mem 0x93825018-0x93835857] usable ==> usable
[    0.000000] extended physical RAM map:
[    0.000000] reserve setup_data: [mem 0x0000000000000000-0x000000000009ffff] usable
[    0.000000] reserve setup_data: [mem 0x00000000000a0000-0x00000000000fffff] reserved
[    0.000000] reserve setup_data: [mem 0x0000000000100000-0x0000000075daffff] usable
[    0.000000] reserve setup_data: [mem 0x0000000075db0000-0x0000000075ffffff] reserved
[    0.000000] reserve setup_data: [mem 0x0000000076000000-0x0000000093825017] usable
[    0.000000] reserve setup_data: [mem 0x0000000093825018-0x0000000093835857] usable
[    0.000000] reserve setup_data: [mem 0x0000000093835858-0x0000000093836017] usable
[    0.000000] reserve setup_data: [mem 0x0000000093836018-0x0000000093866457] usable
[    0.000000] reserve setup_data: [mem 0x0000000093866458-0x00000000c8dccfff] usable
[    0.000000] reserve setup_data: [mem 0x00000000c8dcd000-0x00000000ca23afff] reserved
[    0.000000] reserve setup_data: [mem 0x00000000ca23b000-0x00000000ca30efff] usable
[    0.000000] reserve setup_data: [mem 0x00000000ca30f000-0x00000000ca667fff] ACPI NVS
[    0.000000] reserve setup_data: [mem 0x00000000ca668000-0x00000000cae6cfff] reserved
[    0.000000] reserve setup_data: [mem 0x00000000cae6d000-0x00000000cbffffff] usable
[    0.000000] reserve setup_data: [mem 0x00000000cc000000-0x00000000cfffffff] reserved
[    0.000000] reserve setup_data: [mem 0x00000000d5100000-0x00000000d527ffff] reserved
[    0.000000] reserve setup_data: [mem 0x00000000d52f0000-0x00000000d52f0fff] reserved
[    0.000000] reserve setup_data: [mem 0x00000000d5800000-0x00000000d597ffff] reserved
[    0.000000] reserve setup_data: [mem 0x00000000d59f0000-0x00000000d59f0fff] reserved
[    0.000000] reserve setup_data: [mem 0x00000000d7e00000-0x00000000d7f7ffff] reserved
[    0.000000] reserve setup_data: [mem 0x00000000d7ff0000-0x00000000d7ff0fff] reserved
[    0.000000] reserve setup_data: [mem 0x00000000df900000-0x00000000df97ffff] reserved
[    0.000000] reserve setup_data: [mem 0x00000000df9f0000-0x00000000df9f0fff] reserved
[    0.000000] reserve setup_data: [mem 0x00000000fea00000-0x00000000feafffff] reserved
[    0.000000] reserve setup_data: [mem 0x00000000fec00000-0x00000000fec00fff] reserved
[    0.000000] reserve setup_data: [mem 0x00000000fec10000-0x00000000fec10fff] reserved
[    0.000000] reserve setup_data: [mem 0x00000000fed00000-0x00000000fed00fff] reserved
[    0.000000] reserve setup_data: [mem 0x00000000fed40000-0x00000000fed44fff] reserved
[    0.000000] reserve setup_data: [mem 0x00000000fed80000-0x00000000fed8ffff] reserved
[    0.000000] reserve setup_data: [mem 0x00000000fedc0000-0x00000000fedc0fff] reserved
[    0.000000] reserve setup_data: [mem 0x00000000fedc2000-0x00000000fedc5fff] reserved
[    0.000000] reserve setup_data: [mem 0x00000000fedc7000-0x00000000fedc7fff] reserved
[    0.000000] reserve setup_data: [mem 0x00000000fedc9000-0x00000000fedcafff] reserved
[    0.000000] reserve setup_data: [mem 0x00000000fee00000-0x00000000feefffff] reserved
[    0.000000] reserve setup_data: [mem 0x00000000ff000000-0x00000000ffffffff] reserved
[    0.000000] reserve setup_data: [mem 0x0000000100000000-0x000000082f37ffff] usable
[    0.000000] reserve setup_data: [mem 0x000000082f380000-0x000000082fffffff] reserved
[    0.000000] reserve setup_data: [mem 0x0000000830000000-0x000000102ff7ffff] usable
[    0.000000] reserve setup_data: [mem 0x000000102ff80000-0x000000102fffffff] reserved
[    0.000000] reserve setup_data: [mem 0x0000001030000000-0x000000182ff7ffff] usable
[    0.000000] reserve setup_data: [mem 0x000000182ff80000-0x000000182fffffff] reserved
[    0.000000] reserve setup_data: [mem 0x0000001830000000-0x000000202ff7ffff] usable
[    0.000000] reserve setup_data: [mem 0x000000202ff80000-0x000000202fffffff] reserved
[    0.000000] efi: EFI v2.60 by American Megatrends
[    0.000000] efi:  ACPI 2.0=0xca30f000  ACPI=0xca30f000  SMBIOS=0xcacee000  SMBIOS 3.0=0xcaced000  MEMATTR=0xc5b7b018  MPS=0xfca20  ESRT=0xc6144898 
[    0.000000] SMBIOS 3.1.1 present.
[    0.000000] DMI: To be filled by O.E.M. To be filled by O.E.M./To be filled by O.E.M., BIOS 5.13 08/29/2018
[    0.000000] e820: update [mem 0x00000000-0x00000fff] usable ==> reserved
[    0.000000] e820: remove [mem 0x000a0000-0x000fffff] usable
[    0.000000] e820: last_pfn = 0x202ff80 max_arch_pfn = 0x400000000
[    0.000000] MTRR default type: uncachable
[    0.000000] MTRR fixed ranges enabled:
[    0.000000]   00000-9FFFF write-back
[    0.000000]   A0000-BFFFF write-through
[    0.000000]   C0000-FFFFF write-protect
[    0.000000] MTRR variable ranges enabled:
[    0.000000]   0 base 000000000000 mask FFFF80000000 write-back
[    0.000000]   1 base 000080000000 mask FFFFC0000000 write-back
[    0.000000]   2 base 0000C0000000 mask FFFFF0000000 write-back
[    0.000000]   3 base 0000CC000000 mask FFFFFC000000 uncachable
[    0.000000]   4 disabled
[    0.000000]   5 disabled
[    0.000000]   6 disabled
[    0.000000]   7 disabled
[    0.000000] TOM2: 0000002030000000 aka 131840M
[    0.000000] x86/PAT: Configuration [0-7]: WB  WC  UC- UC  WB  WP  UC- WT  
[    0.000000] total RAM covered: 3264M
[    0.000000] Found optimal setting for mtrr clean up
[    0.000000]  gran_size: 64K 	chunk_size: 64K 	num_reg: 4  	lose cover RAM: 0G
[    0.000000] e820: update [mem 0xcc000000-0xffffffff] usable ==> reserved
[    0.000000] e820: last_pfn = 0xcc000 max_arch_pfn = 0x400000000
[    0.000000] found SMP MP-table at [mem 0x000fd020-0x000fd02f] mapped at [        (ptrval)]
[    0.000000] esrt: Reserving ESRT space from 0x00000000c6144898 to 0x00000000c61448d0.
[    0.000000] Base memory trampoline at [        (ptrval)] 94000 size 24576
[    0.000000] Using GB pages for direct mapping
[    0.000000] BRK [0x4a24b6000, 0x4a24b6fff] PGTABLE
[    0.000000] BRK [0x4a24b7000, 0x4a24b7fff] PGTABLE
[    0.000000] BRK [0x4a24b8000, 0x4a24b8fff] PGTABLE
[    0.000000] BRK [0x4a24b9000, 0x4a24b9fff] PGTABLE
[    0.000000] BRK [0x4a24ba000, 0x4a24bafff] PGTABLE
[    0.000000] BRK [0x4a24bb000, 0x4a24bbfff] PGTABLE
[    0.000000] BRK [0x4a24bc000, 0x4a24bcfff] PGTABLE
[    0.000000] BRK [0x4a24bd000, 0x4a24bdfff] PGTABLE
[    0.000000] BRK [0x4a24be000, 0x4a24befff] PGTABLE
[    0.000000] BRK [0x4a24bf000, 0x4a24bffff] PGTABLE
[    0.000000] BRK [0x4a24c0000, 0x4a24c0fff] PGTABLE
[    0.000000] BRK [0x4a24c1000, 0x4a24c1fff] PGTABLE
[    0.000000] Secure boot disabled
[    0.000000] RAMDISK: [mem 0x3c4ea000-0x3e2f5fff]
[    0.000000] ACPI: Early table checksum verification disabled
[    0.000000] ACPI: RSDP 0x00000000CA30F000 000024 (v02 AMD   )
[    0.000000] ACPI: XSDT 0x00000000CA30F0B0 0000E4 (v01 AMD    DIESEL   03242016 AMI  00010013)
[    0.000000] ACPI: FACP 0x00000000CA31A048 000114 (v06 AMD    DIESEL   03242016 AMI  00010013)
[    0.000000] ACPI: DSDT 0x00000000CA30F230 00AE14 (v02 AMD    DIESEL   03242016 INTL 20120913)
[    0.000000] ACPI: FACS 0x00000000CA667E80 000040
[    0.000000] ACPI: APIC 0x00000000CA31A160 000182 (v04 AMD    DIESEL   03242016 AMI  00010013)
[    0.000000] ACPI: FPDT 0x00000000CA31A2E8 000044 (v01 AMD    DIESEL   03242016 AMI  00010013)
[    0.000000] ACPI: FIDT 0x00000000CA31A330 00009C (v01 AMD    DIESEL   03242016 AMI  00010013)
[    0.000000] ACPI: SSDT 0x00000000CA31A3D0 0000D2 (v02 AMD    AMD ALIB 00000002 MSFT 04000000)
[    0.000000] ACPI: SPMI 0x00000000CA31A4A8 000041 (v05 AMD    DIESEL   00000000 AMI. 00000000)
[    0.000000] ACPI: SSDT 0x00000000CA31A4F0 0001CC (v02 AMD    CPUSSDT  03242016 AMI  03242016)
[    0.000000] ACPI: MCFG 0x00000000CA31A6C0 00003C (v01 AMD    DIESEL   03242016 MSFT 00010013)
[    0.000000] ACPI: SSDT 0x00000000CA31A700 004604 (v01 AMD    AMD CPU  00000001 AMD  00000001)
[    0.000000] ACPI: SRAT 0x00000000CA31ED08 0002F8 (v03 AMD    AMD SRAT 00000001 AMD  00000001)
[    0.000000] ACPI: MSCT 0x00000000CA31F000 000064 (v01 AMD    AMD MSCT 00000000 AMD  00000001)
[    0.000000] ACPI: SLIT 0x00000000CA31F068 00003C (v01 AMD    AMD SLIT 00000001 AMD  00000001)
[    0.000000] ACPI: CRAT 0x00000000CA31F0A8 001FC0 (v01 AMD    AMD CRAT 00000001 AMD  00000001)
[    0.000000] ACPI: CDIT 0x00000000CA321068 000038 (v01 AMD    AMD CDIT 00000001 AMD  00000001)
[    0.000000] ACPI: BERT 0x00000000CA3210A0 000030 (v01 AMD    AMD BERT 00000001 AMD  00000001)
[    0.000000] ACPI: EINJ 0x00000000CA3210D0 000150 (v01 AMD    AMD EINJ 00000001 AMD  00000001)
[    0.000000] ACPI: HEST 0x00000000CA321220 000608 (v01 AMD    AMD HEST 00000001 AMD  00000001)
[    0.000000] ACPI: HPET 0x00000000CA321828 000038 (v01 AMD    DIESEL   03242016 AMI  00000005)
[    0.000000] ACPI: SSDT 0x00000000CA321860 000024 (v01 AMDFCH FCHZP    00001000 INTL 20120913)
[    0.000000] ACPI: UEFI 0x00000000CA321888 000042 (v01                 00000000      00000000)
[    0.000000] ACPI: BGRT 0x00000000CA3218D0 000038 (v01 AMD    DIESEL   03242016 AMI  00010013)
[    0.000000] ACPI: IVRS 0x00000000CA321908 0001F0 (v02 AMD    AMD IVRS 00000001 AMD  00000000)
[    0.000000] ACPI: SSDT 0x00000000CA321AF8 001630 (v01 AMD    CPMCMN   00000001 INTL 20120913)
[    0.000000] ACPI: WSMT 0x00000000CA323128 000028 (v01 AMD    DIESEL   03242016 AMI  00010013)
[    0.000000] ACPI: Local APIC address 0xfee00000
[    0.000000] SRAT: PXM 0 -> APIC 0x00 -> Node 0
[    0.000000] SRAT: PXM 0 -> APIC 0x01 -> Node 0
[    0.000000] SRAT: PXM 0 -> APIC 0x02 -> Node 0
[    0.000000] SRAT: PXM 0 -> APIC 0x03 -> Node 0
[    0.000000] SRAT: PXM 0 -> APIC 0x08 -> Node 0
[    0.000000] SRAT: PXM 0 -> APIC 0x09 -> Node 0
[    0.000000] SRAT: PXM 0 -> APIC 0x0a -> Node 0
[    0.000000] SRAT: PXM 0 -> APIC 0x0b -> Node 0
[    0.000000] SRAT: PXM 1 -> APIC 0x10 -> Node 1
[    0.000000] SRAT: PXM 1 -> APIC 0x11 -> Node 1
[    0.000000] SRAT: PXM 1 -> APIC 0x12 -> Node 1
[    0.000000] SRAT: PXM 1 -> APIC 0x13 -> Node 1
[    0.000000] SRAT: PXM 1 -> APIC 0x18 -> Node 1
[    0.000000] SRAT: PXM 1 -> APIC 0x19 -> Node 1
[    0.000000] SRAT: PXM 1 -> APIC 0x1a -> Node 1
[    0.000000] SRAT: PXM 1 -> APIC 0x1b -> Node 1
[    0.000000] SRAT: PXM 2 -> APIC 0x20 -> Node 2
[    0.000000] SRAT: PXM 2 -> APIC 0x21 -> Node 2
[    0.000000] SRAT: PXM 2 -> APIC 0x22 -> Node 2
[    0.000000] SRAT: PXM 2 -> APIC 0x23 -> Node 2
[    0.000000] SRAT: PXM 2 -> APIC 0x28 -> Node 2
[    0.000000] SRAT: PXM 2 -> APIC 0x29 -> Node 2
[    0.000000] SRAT: PXM 2 -> APIC 0x2a -> Node 2
[    0.000000] SRAT: PXM 2 -> APIC 0x2b -> Node 2
[    0.000000] SRAT: PXM 3 -> APIC 0x30 -> Node 3
[    0.000000] SRAT: PXM 3 -> APIC 0x31 -> Node 3
[    0.000000] SRAT: PXM 3 -> APIC 0x32 -> Node 3
[    0.000000] SRAT: PXM 3 -> APIC 0x33 -> Node 3
[    0.000000] SRAT: PXM 3 -> APIC 0x38 -> Node 3
[    0.000000] SRAT: PXM 3 -> APIC 0x39 -> Node 3
[    0.000000] SRAT: PXM 3 -> APIC 0x3a -> Node 3
[    0.000000] SRAT: PXM 3 -> APIC 0x3b -> Node 3
[    0.000000] ACPI: SRAT: Node 0 PXM 0 [mem 0x00000000-0xcfffffff]
[    0.000000] ACPI: SRAT: Node 0 PXM 0 [mem 0x100000000-0x82fffffff]
[    0.000000] ACPI: SRAT: Node 1 PXM 1 [mem 0x830000000-0x102fffffff]
[    0.000000] ACPI: SRAT: Node 2 PXM 2 [mem 0x1030000000-0x182fffffff]
[    0.000000] ACPI: SRAT: Node 3 PXM 3 [mem 0x1830000000-0x202fffffff]
[    0.000000] NUMA: Initialized distance table, cnt=4
[    0.000000] NUMA: Node 0 [mem 0x00000000-0xcfffffff] + [mem 0x100000000-0x82fffffff] -> [mem 0x00000000-0x82fffffff]
[    0.000000] NODE_DATA(0) allocated [mem 0x82f355000-0x82f37ffff]
[    0.000000] NODE_DATA(1) allocated [mem 0x102ff55000-0x102ff7ffff]
[    0.000000] NODE_DATA(2) allocated [mem 0x182ff55000-0x182ff7ffff]
[    0.000000] NODE_DATA(3) allocated [mem 0x202ff54000-0x202ff7efff]
[    0.000000] crashkernel: memory value expected
[    0.000000] tsc: Fast TSC calibration using PIT
[    0.000000] Zone ranges:
[    0.000000]   DMA      [mem 0x0000000000001000-0x0000000000ffffff]
[    0.000000]   DMA32    [mem 0x0000000001000000-0x00000000ffffffff]
[    0.000000]   Normal   [mem 0x0000000100000000-0x000000202ff7ffff]
[    0.000000]   Device   empty
[    0.000000] Movable zone start for each node
[    0.000000] Early memory node ranges
[    0.000000]   node   0: [mem 0x0000000000001000-0x000000000009ffff]
[    0.000000]   node   0: [mem 0x0000000000100000-0x0000000075daffff]
[    0.000000]   node   0: [mem 0x0000000076000000-0x00000000c8dccfff]
[    0.000000]   node   0: [mem 0x00000000ca23b000-0x00000000ca30efff]
[    0.000000]   node   0: [mem 0x00000000cae6d000-0x00000000cbffffff]
[    0.000000]   node   0: [mem 0x0000000100000000-0x000000082f37ffff]
[    0.000000]   node   1: [mem 0x0000000830000000-0x000000102ff7ffff]
[    0.000000]   node   2: [mem 0x0000001030000000-0x000000182ff7ffff]
[    0.000000]   node   3: [mem 0x0000001830000000-0x000000202ff7ffff]
[    0.000000] Initmem setup node 0 [mem 0x0000000000001000-0x000000082f37ffff]
[    0.000000] On node 0 totalpages: 8360195
[    0.000000]   DMA zone: 64 pages used for memmap
[    0.000000]   DMA zone: 28 pages reserved
[    0.000000]   DMA zone: 3999 pages, LIFO batch:0
[    0.000000]   DMA32 zone: 12856 pages used for memmap
[    0.000000]   DMA32 zone: 822756 pages, LIFO batch:31
[    0.000000]   Normal zone: 117710 pages used for memmap
[    0.000000]   Normal zone: 7533440 pages, LIFO batch:31
[    0.000000] Initmem setup node 1 [mem 0x0000000830000000-0x000000102ff7ffff]
[    0.000000] On node 1 totalpages: 8388480
[    0.000000]   Normal zone: 131070 pages used for memmap
[    0.000000]   Normal zone: 8388480 pages, LIFO batch:31
[    0.000000] Initmem setup node 2 [mem 0x0000001030000000-0x000000182ff7ffff]
[    0.000000] On node 2 totalpages: 8388480
[    0.000000]   Normal zone: 131070 pages used for memmap
[    0.000000]   Normal zone: 8388480 pages, LIFO batch:31
[    0.000000] Initmem setup node 3 [mem 0x0000001830000000-0x000000202ff7ffff]
[    0.000000] On node 3 totalpages: 8388480
[    0.000000]   Normal zone: 131070 pages used for memmap
[    0.000000]   Normal zone: 8388480 pages, LIFO batch:31
[    0.000000] Reserved but unavailable: 97 pages
[    0.000000] ACPI: PM-Timer IO Port: 0x808
[    0.000000] ACPI: Local APIC address 0xfee00000
[    0.000000] ACPI: LAPIC_NMI (acpi_id[0xff] high edge lint[0x1])
[    0.000000] IOAPIC[0]: apic_id 128, version 33, address 0xfec00000, GSI 0-23
[    0.000000] IOAPIC[1]: apic_id 129, version 33, address 0xdf9f0000, GSI 24-55
[    0.000000] IOAPIC[2]: apic_id 130, version 33, address 0xd7ff0000, GSI 56-87
[    0.000000] IOAPIC[3]: apic_id 131, version 33, address 0xd59f0000, GSI 88-119
[    0.000000] IOAPIC[4]: apic_id 132, version 33, address 0xd52f0000, GSI 120-151
[    0.000000] ACPI: INT_SRC_OVR (bus 0 bus_irq 0 global_irq 2 dfl dfl)
[    0.000000] ACPI: INT_SRC_OVR (bus 0 bus_irq 9 global_irq 9 low level)
[    0.000000] ACPI: IRQ0 used by override.
[    0.000000] ACPI: IRQ9 used by override.
[    0.000000] Using ACPI (MADT) for SMP configuration information
[    0.000000] ACPI: HPET id: 0x10228201 base: 0xfed00000
[    0.000000] smpboot: Allowing 32 CPUs, 0 hotplug CPUs
[    0.000000] PM: Registered nosave memory: [mem 0x00000000-0x00000fff]
[    0.000000] PM: Registered nosave memory: [mem 0x000a0000-0x000fffff]
[    0.000000] PM: Registered nosave memory: [mem 0x75db0000-0x75ffffff]
[    0.000000] PM: Registered nosave memory: [mem 0x93825000-0x93825fff]
[    0.000000] PM: Registered nosave memory: [mem 0x93835000-0x93835fff]
[    0.000000] PM: Registered nosave memory: [mem 0x93836000-0x93836fff]
[    0.000000] PM: Registered nosave memory: [mem 0x93866000-0x93866fff]
[    0.000000] PM: Registered nosave memory: [mem 0xc8dcd000-0xca23afff]
[    0.000000] PM: Registered nosave memory: [mem 0xca30f000-0xca667fff]
[    0.000000] PM: Registered nosave memory: [mem 0xca668000-0xcae6cfff]
[    0.000000] PM: Registered nosave memory: [mem 0xcc000000-0xcfffffff]
[    0.000000] PM: Registered nosave memory: [mem 0xd0000000-0xd50fffff]
[    0.000000] PM: Registered nosave memory: [mem 0xd5100000-0xd527ffff]
[    0.000000] PM: Registered nosave memory: [mem 0xd5280000-0xd52effff]
[    0.000000] PM: Registered nosave memory: [mem 0xd52f0000-0xd52f0fff]
[    0.000000] PM: Registered nosave memory: [mem 0xd52f1000-0xd57fffff]
[    0.000000] PM: Registered nosave memory: [mem 0xd5800000-0xd597ffff]
[    0.000000] PM: Registered nosave memory: [mem 0xd5980000-0xd59effff]
[    0.000000] PM: Registered nosave memory: [mem 0xd59f0000-0xd59f0fff]
[    0.000000] PM: Registered nosave memory: [mem 0xd59f1000-0xd7dfffff]
[    0.000000] PM: Registered nosave memory: [mem 0xd7e00000-0xd7f7ffff]
[    0.000000] PM: Registered nosave memory: [mem 0xd7f80000-0xd7feffff]
[    0.000000] PM: Registered nosave memory: [mem 0xd7ff0000-0xd7ff0fff]
[    0.000000] PM: Registered nosave memory: [mem 0xd7ff1000-0xdf8fffff]
[    0.000000] PM: Registered nosave memory: [mem 0xdf900000-0xdf97ffff]
[    0.000000] PM: Registered nosave memory: [mem 0xdf980000-0xdf9effff]
[    0.000000] PM: Registered nosave memory: [mem 0xdf9f0000-0xdf9f0fff]
[    0.000000] PM: Registered nosave memory: [mem 0xdf9f1000-0xfe9fffff]
[    0.000000] PM: Registered nosave memory: [mem 0xfea00000-0xfeafffff]
[    0.000000] PM: Registered nosave memory: [mem 0xfeb00000-0xfebfffff]
[    0.000000] PM: Registered nosave memory: [mem 0xfec00000-0xfec00fff]
[    0.000000] PM: Registered nosave memory: [mem 0xfec01000-0xfec0ffff]
[    0.000000] PM: Registered nosave memory: [mem 0xfec10000-0xfec10fff]
[    0.000000] PM: Registered nosave memory: [mem 0xfec11000-0xfecfffff]
[    0.000000] PM: Registered nosave memory: [mem 0xfed00000-0xfed00fff]
[    0.000000] PM: Registered nosave memory: [mem 0xfed01000-0xfed3ffff]
[    0.000000] PM: Registered nosave memory: [mem 0xfed40000-0xfed44fff]
[    0.000000] PM: Registered nosave memory: [mem 0xfed45000-0xfed7ffff]
[    0.000000] PM: Registered nosave memory: [mem 0xfed80000-0xfed8ffff]
[    0.000000] PM: Registered nosave memory: [mem 0xfed90000-0xfedbffff]
[    0.000000] PM: Registered nosave memory: [mem 0xfedc0000-0xfedc0fff]
[    0.000000] PM: Registered nosave memory: [mem 0xfedc1000-0xfedc1fff]
[    0.000000] PM: Registered nosave memory: [mem 0xfedc2000-0xfedc5fff]
[    0.000000] PM: Registered nosave memory: [mem 0xfedc6000-0xfedc6fff]
[    0.000000] PM: Registered nosave memory: [mem 0xfedc7000-0xfedc7fff]
[    0.000000] PM: Registered nosave memory: [mem 0xfedc8000-0xfedc8fff]
[    0.000000] PM: Registered nosave memory: [mem 0xfedc9000-0xfedcafff]
[    0.000000] PM: Registered nosave memory: [mem 0xfedcb000-0xfedfffff]
[    0.000000] PM: Registered nosave memory: [mem 0xfee00000-0xfeefffff]
[    0.000000] PM: Registered nosave memory: [mem 0xfef00000-0xfeffffff]
[    0.000000] PM: Registered nosave memory: [mem 0xff000000-0xffffffff]
[    0.000000] PM: Registered nosave memory: [mem 0x82f380000-0x82fffffff]
[    0.000000] PM: Registered nosave memory: [mem 0x102ff80000-0x102fffffff]
[    0.000000] PM: Registered nosave memory: [mem 0x182ff80000-0x182fffffff]
[    0.000000] e820: [mem 0xdf9f1000-0xfe9fffff] available for PCI devices
[    0.000000] Booting paravirtualized kernel on bare hardware
[    0.000000] clocksource: refined-jiffies: mask: 0xffffffff max_cycles: 0xffffffff, max_idle_ns: 1910969940391419 ns
[    0.000000] random: get_random_bytes called from start_kernel+0x94/0x4ea with crng_init=0
[    0.000000] setup_percpu: NR_CPUS:8192 nr_cpumask_bits:32 nr_cpu_ids:32 nr_node_ids:4
[    0.000000] percpu: Embedded 46 pages/cpu @        (ptrval) s151552 r8192 d28672 u262144
[    0.000000] pcpu-alloc: s151552 r8192 d28672 u262144 alloc=1*2097152
[    0.000000] pcpu-alloc: [0] 00 01 02 03 16 17 18 19 [1] 04 05 06 07 20 21 22 23 
[    0.000000] pcpu-alloc: [2] 08 09 10 11 24 25 26 27 [3] 12 13 14 15 28 29 30 31 
[    0.000000] Built 4 zonelists, mobility grouping on.  Total pages: 33001767
[    0.000000] Policy zone: Normal
[    0.000000] Kernel command line: BOOT_IMAGE=/boot/vmlinuz-4.17.0-amdsos-build6+ root=UUID=2cf55431-51e4-4433-909a-02e081e6587f ro crashkernel=auto rhgb net.ifnames=0 ras=cec_disable selinux=0 console=tty0 console=ttyS0,115200n8 earlyprintk
[    0.000000] Memory: 3672784K/134102540K available (10252K kernel code, 2242K rwdata, 3780K rodata, 2328K init, 3048K bss, 2290192K reserved, 0K cma-reserved)
[    0.000000] SLUB: HWalign=64, Order=0-3, MinObjects=0, CPUs=32, Nodes=4
[    0.000000] ftrace: allocating 35021 entries in 137 pages
[    0.000000] Hierarchical RCU implementation.
[    0.000000] 	RCU restricting CPUs from NR_CPUS=8192 to nr_cpu_ids=32.
[    0.000000] RCU: Adjusting geometry for rcu_fanout_leaf=16, nr_cpu_ids=32
[    0.000000] NR_IRQS: 524544, nr_irqs: 2856, preallocated irqs: 16
[    0.000000] 	Offload RCU callbacks from CPUs: (none).
[    0.000000] Console: colour dummy device 80x25
[    0.000000] console [tty0] enabled
[    0.000000] console [ttyS0] enabled
[    0.000000] mempolicy: Enabling automatic NUMA balancing. Configure with numa_balancing= or the kernel.numa_balancing sysctl
[    0.000000] ACPI: Core revision 20180313
[    0.000000] clocksource: hpet: mask: 0xffffffff max_cycles: 0xffffffff, max_idle_ns: 133484873504 ns
[    0.000000] hpet clockevent registered
[    0.000000] APIC: Switch to symmetric I/O mode setup
[    0.004000] Switched APIC routing to physical flat.
[    0.007000] ..TIMER: vector=0x30 apic1=0 pin1=2 apic2=-1 pin2=-1
[    0.012000] tsc: Fast TSC calibration using PIT
[    0.013000] tsc: Detected 2195.819 MHz processor
[    0.014000] clocksource: tsc-early: mask: 0xffffffffffffffff max_cycles: 0x1fa6c50dc1b, max_idle_ns: 440795211470 ns
[    0.015002] Calibrating delay loop (skipped), value calculated using timer frequency.. 4391.63 BogoMIPS (lpj=2195819)
[    0.016001] pid_max: default: 32768 minimum: 301
[    0.018045] Security Framework initialized
[    0.019002] Yama: becoming mindful.
[    0.020004] SELinux:  Disabled at boot.
[    0.030228] Dentry cache hash table entries: 8388608 (order: 14, 67108864 bytes)
[    0.035687] Inode-cache hash table entries: 4194304 (order: 13, 33554432 bytes)
[    0.037007] Mount-cache hash table entries: 131072 (order: 8, 1048576 bytes)
[    0.039010] Mountpoint-cache hash table entries: 131072 (order: 8, 1048576 bytes)
[    0.040225] CPU: Physical Processor ID: 0
[    0.041001] CPU: Processor Core ID: 0
[    0.042053] LVT offset 2 assigned for vector 0xf4
[    0.043010] Last level iTLB entries: 4KB 1024, 2MB 1024, 4MB 512
[    0.044001] Last level dTLB entries: 4KB 1536, 2MB 1536, 4MB 768, 1GB 0
[    0.045002] Spectre V2 : Mitigation: Full AMD retpoline
[    0.046000] Spectre V2 : Spectre v2 mitigation: Enabling Indirect Branch Prediction Barrier
[    0.047001] Speculative Store Bypass: Mitigation: Speculative Store Bypass disabled via prctl and seccomp
[    0.057032] Freeing SMP alternatives memory: 32K
[    0.062000] smpboot: CPU0: AMD EPYC 7301 16-Core Processor (family: 0x17, model: 0x1, stepping: 0x2)
[    0.062124] Performance Events: Fam17h core perfctr, AMD PMU driver.
[    0.063002] ... version:                0
[    0.064000] ... bit width:              48
[    0.065000] ... generic registers:      6
[    0.066001] ... value mask:             0000ffffffffffff
[    0.067001] ... max period:             00007fffffffffff
[    0.068000] ... fixed-purpose events:   0
[    0.069000] ... event mask:             000000000000003f
[    0.070038] Hierarchical SRCU implementation.
[    0.071450] MCE: In-kernel MCE decoding enabled.
[    0.073007] NMI watchdog: Enabled. Permanently consumes one hw-PMU counter.
[    0.074015] smp: Bringing up secondary CPUs ...
[    0.075091] x86: Booting SMP configuration:
[    0.076002] .... node  #0, CPUs:        #1  #2  #3
[    0.081002] .... node  #1, CPUs:    #4  #5  #6  #7
[    0.088002] .... node  #2, CPUs:    #8  #9 #10 #11
[    0.095002] .... node  #3, CPUs:   #12 #13 #14 #15
[    0.102002] .... node  #0, CPUs:   #16 #17 #18 #19
[    0.108002] .... node  #1, CPUs:   #20 #21 #22 #23
[    0.115002] .... node  #2, CPUs:   #24 #25 #26 #27
[    0.122002] .... node  #3, CPUs:   #28 #29 #30 #31
[    0.127077] smp: Brought up 4 nodes, 32 CPUs
[    0.129001] smpboot: Max logical packages: 1
[    0.130003] smpboot: Total of 32 processors activated (140532.41 BogoMIPS)
[    0.401010] node 0 initialised, 7362333 pages in 268ms
[    0.434011] node 1 initialised, 8224225 pages in 300ms
[    0.434015] node 3 initialised, 8224107 pages in 300ms
[    0.434010] node 2 initialised, 8224226 pages in 300ms
[    0.455006] devtmpfs: initialized
[    0.456052] x86/mm: Memory block size: 128MB
[    0.464807] evm: security.selinux
[    0.465001] evm: security.ima
[    0.466001] evm: security.capability
[    0.467042] PM: Registering ACPI NVS region [mem 0xca30f000-0xca667fff] (3510272 bytes)
[    0.469012] clocksource: jiffies: mask: 0xffffffff max_cycles: 0xffffffff, max_idle_ns: 1911260446275000 ns
[    0.470033] futex hash table entries: 8192 (order: 7, 524288 bytes)
[    0.472182] pinctrl core: initialized pinctrl subsystem
[    0.473065] RTC time: 18:38:21, date: 08/30/18
[    0.474144] NET: Registered protocol family 16
[    0.475090] audit: initializing netlink subsys (disabled)
[    0.476017] audit: type=2000 audit(1535654298.476:1): state=initialized audit_enabled=0 res=1
[    0.485005] cpuidle: using governor menu
[    0.490088] ACPI: bus type PCI registered
[    0.495003] acpiphp: ACPI Hot Plug PCI Controller Driver version: 0.5
[    0.502080] PCI: MMCONFIG for domain 0000 [bus 00-ff] at [mem 0xe0000000-0xefffffff] (base 0xe0000000)
[    0.512003] PCI: not using MMCONFIG
[    0.516002] PCI: Using configuration type 1 for base access
[    0.522001] PCI: Using configuration type 1 for extended access
[    0.533009] HugeTLB registered 1.00 GiB page size, pre-allocated 0 pages
[    0.540004] HugeTLB registered 2.00 MiB page size, pre-allocated 0 pages
[    0.548157] ACPI: Added _OSI(Module Device)
[    0.549002] ACPI: Added _OSI(Processor Device)
[    0.550001] ACPI: Added _OSI(3.0 _SCP Extensions)
[    0.551001] ACPI: Added _OSI(Processor Aggregator Device)
[    0.552001] ACPI: Added _OSI(Linux-Dell-Video)
[    0.560479] ACPI: 6 ACPI AML tables successfully acquired and loaded
[    0.564640] ACPI: Interpreter enabled
[    0.565012] ACPI: (supports S0 S5)
[    0.566002] ACPI: Using IOAPIC for interrupt routing
[    0.567129] PCI: MMCONFIG for domain 0000 [bus 00-ff] at [mem 0xe0000000-0xefffffff] (base 0xe0000000)
[    0.568033] PCI: MMCONFIG at [mem 0xe0000000-0xefffffff] reserved in ACPI motherboard resources
[    0.569033] HEST: Table parsing has been initialized.
[    0.570003] PCI: Using host bridge windows from ACPI; if necessary, use "pci=nocrs" and report a bug
[    0.571216] ACPI: Enabled 2 GPEs in block 00 to 1F
[    0.574091] ACPI: Power Resource [P0SA] (off)
[    0.575023] ACPI: Power Resource [P3SA] (off)
[    0.578850] ACPI: Power Resource [P0SA] (off)
[    0.579022] ACPI: Power Resource [P3SA] (off)
[    0.581463] ACPI: Power Resource [P0SA] (off)
[    0.582021] ACPI: Power Resource [P3SA] (off)
[    0.584037] ACPI: Power Resource [P0SA] (off)
[    0.585021] ACPI: Power Resource [P3SA] (off)
[    0.587586] ACPI: Power Resource [P0SA] (off)
[    0.588023] ACPI: Power Resource [P3SA] (off)
[    0.590173] ACPI: Power Resource [P0SA] (off)
[    0.591022] ACPI: Power Resource [P3SA] (off)
[    0.593763] ACPI: Power Resource [P0SA] (off)
[    0.594021] ACPI: Power Resource [P3SA] (off)
[    0.596355] ACPI: Power Resource [P0SA] (off)
[    0.597022] ACPI: Power Resource [P3SA] (off)
[    0.599930] ACPI: PCI Root Bridge [PCI0] (domain 0000 [bus 00-3f])
[    0.600005] acpi PNP0A08:00: _OSC: OS supports [ExtendedConfig ASPM ClockPM Segments MSI]
[    0.602134] acpi PNP0A08:00: _OSC: OS now controls [PCIeHotplug PME AER PCIeCapability]
[    0.603223] PCI host bridge to bus 0000:00
[    0.604003] pci_bus 0000:00: root bus resource [io  0x0000-0x02e7 window]
[    0.605002] pci_bus 0000:00: root bus resource [io  0x0300-0x03af window]
[    0.606001] pci_bus 0000:00: root bus resource [io  0x0400-0x0cf7 window]
[    0.607001] pci_bus 0000:00: root bus resource [io  0x0d00-0x1fff window]
[    0.608002] pci_bus 0000:00: root bus resource [mem 0x000c0000-0x000dffff window]
[    0.609001] pci_bus 0000:00: root bus resource [mem 0xdfa00000-0xdfffffff window]
[    0.610001] pci_bus 0000:00: root bus resource [mem 0x191cc000000-0x1ffffffffff window]
[    0.611002] pci_bus 0000:00: root bus resource [bus 00-3f]
[    0.612008] pci 0000:00:00.0: [1022:1450] type 00 class 0x060000
[    0.613036] pci 0000:00:00.2: [1022:1451] type 00 class 0x080600
[    0.613120] pci 0000:00:01.0: [1022:1452] type 00 class 0x060000
[    0.613178] pci 0000:00:01.1: [1022:1453] type 01 class 0x060400
[    0.613301] pci 0000:00:01.1: PME# supported from D0 D3hot D3cold
[    0.614082] pci 0000:00:02.0: [1022:1452] type 00 class 0x060000
[    0.614152] pci 0000:00:03.0: [1022:1452] type 00 class 0x060000
[    0.614221] pci 0000:00:04.0: [1022:1452] type 00 class 0x060000
[    0.614294] pci 0000:00:07.0: [1022:1452] type 00 class 0x060000
[    0.614350] pci 0000:00:07.1: [1022:1454] type 01 class 0x060400
[    0.615004] pci 0000:00:07.1: enabling Extended Tags
[    0.617064] pci 0000:00:07.1: PME# supported from D0 D3hot D3cold
[    0.617162] pci 0000:00:08.0: [1022:1452] type 00 class 0x060000
[    0.617219] pci 0000:00:08.1: [1022:1454] type 01 class 0x060400
[    0.617249] pci 0000:00:08.1: enabling Extended Tags
[    0.619065] pci 0000:00:08.1: PME# supported from D0 D3hot D3cold
[    0.619189] pci 0000:00:14.0: [1022:790b] type 00 class 0x0c0500
[    0.619394] pci 0000:00:14.3: [1022:790e] type 00 class 0x060100
[    0.619602] pci 0000:00:18.0: [1022:1460] type 00 class 0x060000
[    0.619647] pci 0000:00:18.1: [1022:1461] type 00 class 0x060000
[    0.619693] pci 0000:00:18.2: [1022:1462] type 00 class 0x060000
[    0.619738] pci 0000:00:18.3: [1022:1463] type 00 class 0x060000
[    0.619783] pci 0000:00:18.4: [1022:1464] type 00 class 0x060000
[    0.619827] pci 0000:00:18.5: [1022:1465] type 00 class 0x060000
[    0.619872] pci 0000:00:18.6: [1022:1466] type 00 class 0x060000
[    0.619917] pci 0000:00:18.7: [1022:1467] type 00 class 0x060000
[    0.619961] pci 0000:00:19.0: [1022:1460] type 00 class 0x060000
[    0.620049] pci 0000:00:19.1: [1022:1461] type 00 class 0x060000
[    0.620096] pci 0000:00:19.2: [1022:1462] type 00 class 0x060000
[    0.620145] pci 0000:00:19.3: [1022:1463] type 00 class 0x060000
[    0.620193] pci 0000:00:19.4: [1022:1464] type 00 class 0x060000
[    0.620240] pci 0000:00:19.5: [1022:1465] type 00 class 0x060000
[    0.620290] pci 0000:00:19.6: [1022:1466] type 00 class 0x060000
[    0.620337] pci 0000:00:19.7: [1022:1467] type 00 class 0x060000
[    0.620385] pci 0000:00:1a.0: [1022:1460] type 00 class 0x060000
[    0.620434] pci 0000:00:1a.1: [1022:1461] type 00 class 0x060000
[    0.620480] pci 0000:00:1a.2: [1022:1462] type 00 class 0x060000
[    0.620528] pci 0000:00:1a.3: [1022:1463] type 00 class 0x060000
[    0.620576] pci 0000:00:1a.4: [1022:1464] type 00 class 0x060000
[    0.620625] pci 0000:00:1a.5: [1022:1465] type 00 class 0x060000
[    0.620673] pci 0000:00:1a.6: [1022:1466] type 00 class 0x060000
[    0.620721] pci 0000:00:1a.7: [1022:1467] type 00 class 0x060000
[    0.620769] pci 0000:00:1b.0: [1022:1460] type 00 class 0x060000
[    0.620816] pci 0000:00:1b.1: [1022:1461] type 00 class 0x060000
[    0.620864] pci 0000:00:1b.2: [1022:1462] type 00 class 0x060000
[    0.620912] pci 0000:00:1b.3: [1022:1463] type 00 class 0x060000
[    0.620959] pci 0000:00:1b.4: [1022:1464] type 00 class 0x060000
[    0.621011] pci 0000:00:1b.5: [1022:1465] type 00 class 0x060000
[    0.621059] pci 0000:00:1b.6: [1022:1466] type 00 class 0x060000
[    0.621107] pci 0000:00:1b.7: [1022:1467] type 00 class 0x060000
[    0.621245] pci 0000:01:00.0: [8086:10d3] type 00 class 0x020000
[    0.621281] pci 0000:01:00.0: reg 0x10: [mem 0xdffc0000-0xdffdffff]
[    0.621296] pci 0000:01:00.0: reg 0x14: [mem 0xdff00000-0xdff7ffff]
[    0.621311] pci 0000:01:00.0: reg 0x18: [io  0x1000-0x101f]
[    0.621325] pci 0000:01:00.0: reg 0x1c: [mem 0xdffe0000-0xdffe3fff]
[    0.621366] pci 0000:01:00.0: reg 0x30: [mem 0xdff80000-0xdffbffff pref]
[    0.621458] pci 0000:01:00.0: PME# supported from D0 D3hot D3cold
[    0.621571] pci 0000:00:01.1: PCI bridge to [bus 01]
[    0.622004] pci 0000:00:01.1:   bridge window [io  0x1000-0x1fff]
[    0.622006] pci 0000:00:01.1:   bridge window [mem 0xdff00000-0xdfffffff]
[    0.622082] pci 0000:02:00.0: [1022:145a] type 00 class 0x130000
[    0.622109] pci 0000:02:00.0: enabling Extended Tags
[    0.623066] pci 0000:02:00.2: [1022:1456] type 00 class 0x108000
[    0.623081] pci 0000:02:00.2: reg 0x18: [mem 0xdfb00000-0xdfbfffff]
[    0.623090] pci 0000:02:00.2: reg 0x24: [mem 0xdfc00000-0xdfc01fff]
[    0.623096] pci 0000:02:00.2: enabling Extended Tags
[    0.624074] pci 0000:02:00.3: [1022:145f] type 00 class 0x0c0330
[    0.624088] pci 0000:02:00.3: reg 0x10: [mem 0xdfa00000-0xdfafffff 64bit]
[    0.624108] pci 0000:02:00.3: enabling Extended Tags
[    0.625030] pci 0000:02:00.3: PME# supported from D0 D3hot D3cold
[    0.625093] pci 0000:00:07.1: PCI bridge to [bus 02]
[    0.626004] pci 0000:00:07.1:   bridge window [mem 0xdfa00000-0xdfcfffff]
[    0.627069] pci 0000:03:00.0: [1022:1455] type 00 class 0x130000
[    0.627098] pci 0000:03:00.0: enabling Extended Tags
[    0.628073] pci 0000:03:00.1: [1022:1468] type 00 class 0x108000
[    0.628089] pci 0000:03:00.1: reg 0x18: [mem 0xdfd00000-0xdfdfffff]
[    0.628098] pci 0000:03:00.1: reg 0x24: [mem 0xdfe00000-0xdfe01fff]
[    0.628105] pci 0000:03:00.1: enabling Extended Tags
[    0.629095] pci 0000:00:08.1: PCI bridge to [bus 03]
[    0.630005] pci 0000:00:08.1:   bridge window [mem 0xdfd00000-0xdfefffff]
[    0.630021] pci_bus 0000:00: on NUMA node 0
[    0.630624] ACPI: PCI Root Bridge [S0D1] (domain 0000 [bus 40-7f])
[    0.631004] acpi PNP0A08:01: _OSC: OS supports [ExtendedConfig ASPM ClockPM Segments MSI]
[    0.632163] acpi PNP0A08:01: _OSC: OS now controls [PCIeHotplug PME AER PCIeCapability]
[    0.633189] PCI host bridge to bus 0000:40
[    0.634002] pci_bus 0000:40: root bus resource [io  0x03b0-0x03df window]
[    0.635001] pci_bus 0000:40: root bus resource [io  0x2000-0x2fff window]
[    0.636002] pci_bus 0000:40: root bus resource [mem 0x000a0000-0x000bffff window]
[    0.637001] pci_bus 0000:40: root bus resource [mem 0xd8000000-0xdf8fffff window]
[    0.638001] pci_bus 0000:40: root bus resource [mem 0x12398000000-0x191cbffffff window]
[    0.639001] pci_bus 0000:40: root bus resource [bus 40-7f]
[    0.640006] pci 0000:40:00.0: [1022:1450] type 00 class 0x060000
[    0.640068] pci 0000:40:00.2: [1022:1451] type 00 class 0x080600
[    0.640153] pci 0000:40:01.0: [1022:1452] type 00 class 0x060000
[    0.640211] pci 0000:40:01.1: [1022:1453] type 01 class 0x060400
[    0.640468] pci 0000:40:01.1: PME# supported from D0 D3hot D3cold
[    0.641045] pci 0000:40:02.0: [1022:1452] type 00 class 0x060000
[    0.641115] pci 0000:40:03.0: [1022:1452] type 00 class 0x060000
[    0.641188] pci 0000:40:04.0: [1022:1452] type 00 class 0x060000
[    0.641262] pci 0000:40:07.0: [1022:1452] type 00 class 0x060000
[    0.641318] pci 0000:40:07.1: [1022:1454] type 01 class 0x060400
[    0.641350] pci 0000:40:07.1: enabling Extended Tags
[    0.642102] pci 0000:40:07.1: PME# supported from D0 D3hot D3cold
[    0.643083] pci 0000:40:08.0: [1022:1452] type 00 class 0x060000
[    0.643139] pci 0000:40:08.1: [1022:1454] type 01 class 0x060400
[    0.643172] pci 0000:40:08.1: enabling Extended Tags
[    0.644236] pci 0000:40:08.1: PME# supported from D0 D3hot D3cold
[    0.645164] pci 0000:41:00.0: [1a03:1150] type 01 class 0x060400
[    0.645288] pci 0000:41:00.0: supports D1 D2
[    0.645289] pci 0000:41:00.0: PME# supported from D0 D1 D2 D3hot D3cold
[    0.648016] pci 0000:40:01.1: PCI bridge to [bus 41-42]
[    0.649004] pci 0000:40:01.1:   bridge window [io  0x2000-0x2fff]
[    0.649006] pci 0000:40:01.1:   bridge window [mem 0xd8000000-0xdc0fffff]
[    0.649065] pci 0000:42:00.0: [1a03:2000] type 00 class 0x030000
[    0.649095] pci 0000:42:00.0: reg 0x10: [mem 0xd8000000-0xdbffffff]
[    0.649108] pci 0000:42:00.0: reg 0x14: [mem 0xdc000000-0xdc01ffff]
[    0.649121] pci 0000:42:00.0: reg 0x18: [io  0x2000-0x207f]
[    0.650030] pci 0000:42:00.0: BAR 0: assigned to efifb
[    0.651045] pci 0000:42:00.0: supports D1 D2
[    0.651046] pci 0000:42:00.0: PME# supported from D0 D1 D2 D3hot D3cold
[    0.651137] pci 0000:41:00.0: PCI bridge to [bus 42]
[    0.652007] pci 0000:41:00.0:   bridge window [io  0x2000-0x2fff]
[    0.652011] pci 0000:41:00.0:   bridge window [mem 0xd8000000-0xdc0fffff]
[    0.652551] pci 0000:43:00.0: [1022:145a] type 00 class 0x130000
[    0.653023] pci 0000:43:00.0: enabling Extended Tags
[    0.654075] pci 0000:43:00.2: [1022:1456] type 00 class 0x108000
[    0.654092] pci 0000:43:00.2: reg 0x18: [mem 0xdc300000-0xdc3fffff]
[    0.654101] pci 0000:43:00.2: reg 0x24: [mem 0xdc400000-0xdc401fff]
[    0.654108] pci 0000:43:00.2: enabling Extended Tags
[    0.655079] pci 0000:43:00.3: [1022:145f] type 00 class 0x0c0330
[    0.655094] pci 0000:43:00.3: reg 0x10: [mem 0xdc200000-0xdc2fffff 64bit]
[    0.655118] pci 0000:43:00.3: enabling Extended Tags
[    0.656033] pci 0000:43:00.3: PME# supported from D0 D3hot D3cold
[    0.656102] pci 0000:40:07.1: PCI bridge to [bus 43]
[    0.657004] pci 0000:40:07.1:   bridge window [mem 0xdc200000-0xdc4fffff]
[    0.658044] pci 0000:44:00.0: [1022:1455] type 00 class 0x130000
[    0.658076] pci 0000:44:00.0: enabling Extended Tags
[    0.659079] pci 0000:44:00.1: [1022:1468] type 00 class 0x108000
[    0.659097] pci 0000:44:00.1: reg 0x18: [mem 0xdc500000-0xdc5fffff]
[    0.659106] pci 0000:44:00.1: reg 0x24: [mem 0xdc600000-0xdc601fff]
[    0.659114] pci 0000:44:00.1: enabling Extended Tags
[    0.660104] pci 0000:40:08.1: PCI bridge to [bus 44]
[    0.661004] pci 0000:40:08.1:   bridge window [mem 0xdc500000-0xdc6fffff]
[    0.661021] pci_bus 0000:40: on NUMA node 1
[    0.662198] ACPI: PCI Root Bridge [S0D2] (domain 0000 [bus 80-bf])
[    0.663004] acpi PNP0A08:02: _OSC: OS supports [ExtendedConfig ASPM ClockPM Segments MSI]
[    0.664161] acpi PNP0A08:02: _OSC: OS now controls [PCIeHotplug PME AER PCIeCapability]
[    0.665159] PCI host bridge to bus 0000:80
[    0.666002] pci_bus 0000:80: root bus resource [io  0x3000-0x3fff window]
[    0.667002] pci_bus 0000:80: root bus resource [mem 0xd5a00000-0xd7dfffff window]
[    0.668002] pci_bus 0000:80: root bus resource [mem 0x8ecc000000-0xfcffffffff window]
[    0.669001] pci_bus 0000:80: root bus resource [bus 80-bf]
[    0.670006] pci 0000:80:00.0: [1022:1450] type 00 class 0x060000
[    0.670066] pci 0000:80:00.2: [1022:1451] type 00 class 0x080600
[    0.671011] pci 0000:80:01.0: [1022:1452] type 00 class 0x060000
[    0.671080] pci 0000:80:02.0: [1022:1452] type 00 class 0x060000
[    0.671149] pci 0000:80:03.0: [1022:1452] type 00 class 0x060000
[    0.671205] pci 0000:80:03.1: [1022:1453] type 01 class 0x060400
[    0.671333] pci 0000:80:03.1: PME# supported from D0 D3hot D3cold
[    0.671423] pci 0000:80:04.0: [1022:1452] type 00 class 0x060000
[    0.671497] pci 0000:80:07.0: [1022:1452] type 00 class 0x060000
[    0.671552] pci 0000:80:07.1: [1022:1454] type 01 class 0x060400
[    0.671585] pci 0000:80:07.1: enabling Extended Tags
[    0.672087] pci 0000:80:07.1: PME# supported from D0 D3hot D3cold
[    0.672171] pci 0000:80:08.0: [1022:1452] type 00 class 0x060000
[    0.672227] pci 0000:80:08.1: [1022:1454] type 01 class 0x060400
[    0.672260] pci 0000:80:08.1: enabling Extended Tags
[    0.674068] pci 0000:80:08.1: PME# supported from D0 D3hot D3cold
[    0.674266] pci 0000:80:03.1: PCI bridge to [bus 81]
[    0.676056] pci 0000:82:00.0: [1022:145a] type 00 class 0x130000
[    0.676086] pci 0000:82:00.0: enabling Extended Tags
[    0.677073] pci 0000:82:00.2: [1022:1456] type 00 class 0x108000
[    0.677090] pci 0000:82:00.2: reg 0x18: [mem 0xd7c00000-0xd7cfffff]
[    0.677099] pci 0000:82:00.2: reg 0x24: [mem 0xd7d00000-0xd7d01fff]
[    0.677106] pci 0000:82:00.2: enabling Extended Tags
[    0.678095] pci 0000:80:07.1: PCI bridge to [bus 82]
[    0.679005] pci 0000:80:07.1:   bridge window [mem 0xd7c00000-0xd7dfffff]
[    0.679198] pci 0000:83:00.0: [1022:1455] type 00 class 0x130000
[    0.679230] pci 0000:83:00.0: enabling Extended Tags
[    0.680078] pci 0000:83:00.1: [1022:1468] type 00 class 0x108000
[    0.680095] pci 0000:83:00.1: reg 0x18: [mem 0xd7a00000-0xd7afffff]
[    0.680105] pci 0000:83:00.1: reg 0x24: [mem 0xd7b00000-0xd7b01fff]
[    0.680113] pci 0000:83:00.1: enabling Extended Tags
[    0.681102] pci 0000:80:08.1: PCI bridge to [bus 83]
[    0.682005] pci 0000:80:08.1:   bridge window [mem 0xd7a00000-0xd7bfffff]
[    0.682021] pci_bus 0000:80: on NUMA node 2
[    0.682242] ACPI: PCI Root Bridge [S0D3] (domain 0000 [bus c0-ff])
[    0.683003] acpi PNP0A08:03: _OSC: OS supports [ExtendedConfig ASPM ClockPM Segments MSI]
[    0.684161] acpi PNP0A08:03: _OSC: OS now controls [PCIeHotplug PME AER PCIeCapability]
[    0.685161] PCI host bridge to bus 0000:c0
[    0.686002] pci_bus 0000:c0: root bus resource [mem 0xd5300000-0xd57fffff window]
[    0.687001] pci_bus 0000:c0: root bus resource [mem 0x2098000000-0x8ecbffffff window]
[    0.688001] pci_bus 0000:c0: root bus resource [bus c0-ff]
[    0.689005] pci 0000:c0:00.0: [1022:1450] type 00 class 0x060000
[    0.689067] pci 0000:c0:00.2: [1022:1451] type 00 class 0x080600
[    0.689152] pci 0000:c0:01.0: [1022:1452] type 00 class 0x060000
[    0.689223] pci 0000:c0:02.0: [1022:1452] type 00 class 0x060000
[    0.689292] pci 0000:c0:03.0: [1022:1452] type 00 class 0x060000
[    0.689351] pci 0000:c0:03.1: [1022:1453] type 01 class 0x060400
[    0.690054] pci 0000:c0:03.1: PME# supported from D0 D3hot D3cold
[    0.690156] pci 0000:c0:04.0: [1022:1452] type 00 class 0x060000
[    0.690230] pci 0000:c0:07.0: [1022:1452] type 00 class 0x060000
[    0.690286] pci 0000:c0:07.1: [1022:1454] type 01 class 0x060400
[    0.690319] pci 0000:c0:07.1: enabling Extended Tags
[    0.691225] pci 0000:c0:07.1: PME# supported from D0 D3hot D3cold
[    0.691308] pci 0000:c0:08.0: [1022:1452] type 00 class 0x060000
[    0.691364] pci 0000:c0:08.1: [1022:1454] type 01 class 0x060400
[    0.691397] pci 0000:c0:08.1: enabling Extended Tags
[    0.692280] pci 0000:c0:08.1: PME# supported from D0 D3hot D3cold
[    0.692551] pci 0000:c1:00.0: [144d:a804] type 00 class 0x010802
[    0.692573] pci 0000:c1:00.0: reg 0x10: [mem 0xd5700000-0xd5703fff 64bit]
[    0.692729] pci 0000:c0:03.1: PCI bridge to [bus c1]
[    0.693006] pci 0000:c0:03.1:   bridge window [mem 0xd5700000-0xd57fffff]
[    0.693088] pci 0000:c2:00.0: [1022:145a] type 00 class 0x130000
[    0.693118] pci 0000:c2:00.0: enabling Extended Tags
[    0.694072] pci 0000:c2:00.2: [1022:1456] type 00 class 0x108000
[    0.694089] pci 0000:c2:00.2: reg 0x18: [mem 0xd5500000-0xd55fffff]
[    0.694099] pci 0000:c2:00.2: reg 0x24: [mem 0xd5600000-0xd5601fff]
[    0.694105] pci 0000:c2:00.2: enabling Extended Tags
[    0.695093] pci 0000:c0:07.1: PCI bridge to [bus c2]
[    0.696004] pci 0000:c0:07.1:   bridge window [mem 0xd5500000-0xd56fffff]
[    0.696107] pci 0000:c3:00.0: [1022:1455] type 00 class 0x130000
[    0.696139] pci 0000:c3:00.0: enabling Extended Tags
[    0.697077] pci 0000:c3:00.1: [1022:1468] type 00 class 0x108000
[    0.697095] pci 0000:c3:00.1: reg 0x18: [mem 0xd5300000-0xd53fffff]
[    0.697104] pci 0000:c3:00.1: reg 0x24: [mem 0xd5400000-0xd5401fff]
[    0.697112] pci 0000:c3:00.1: enabling Extended Tags
[    0.698103] pci 0000:c0:08.1: PCI bridge to [bus c3]
[    0.699004] pci 0000:c0:08.1:   bridge window [mem 0xd5300000-0xd54fffff]
[    0.699022] pci_bus 0000:c0: on NUMA node 3
[    0.699219] ACPI: PCI Interrupt Link [LNKA] (IRQs 4 5 7 10 *11 14 15)
[    0.700052] ACPI: PCI Interrupt Link [LNKB] (IRQs 4 5 7 10 *11 14 15)
[    0.702027] ACPI: PCI Interrupt Link [LNKC] (IRQs 4 5 7 10 11 14 15) *0
[    0.703053] ACPI: PCI Interrupt Link [LNKD] (IRQs 4 5 7 10 11 14 15) *0
[    0.704048] ACPI: PCI Interrupt Link [LNKE] (IRQs 4 5 7 *10 11 14 15)
[    0.705039] ACPI: PCI Interrupt Link [LNKF] (IRQs 4 *5 7 10 11 14 15)
[    0.706038] ACPI: PCI Interrupt Link [LNKG] (IRQs 4 5 7 *10 11 14 15)
[    0.707039] ACPI: PCI Interrupt Link [LNKH] (IRQs 4 5 7 10 11 14 15) *0
[    0.709139] pci 0000:42:00.0: vgaarb: setting as boot VGA device
[    0.710000] pci 0000:42:00.0: vgaarb: VGA device added: decodes=io+mem,owns=io+mem,locks=none
[    0.710005] pci 0000:42:00.0: vgaarb: bridge control possible
[    0.711000] vgaarb: loaded
[    0.712070] SCSI subsystem initialized
[    0.713051] libata version 3.00 loaded.
[    0.713051] ACPI: bus type USB registered
[    0.714013] usbcore: registered new interface driver usbfs
[    0.715005] usbcore: registered new interface driver hub
[    0.716091] usbcore: registered new device driver usb
[    0.717013] pps_core: LinuxPPS API ver. 1 registered
[    0.718001] pps_core: Software ver. 5.3.6 - Copyright 2005-2007 Rodolfo Giometti <giometti@linux.it>
[    0.719003] PTP clock support registered
[    0.720061] EDAC MC: Ver: 3.0.0
[    0.721195] EDAC DEBUG: edac_mc_sysfs_init: device mc created
[    0.721204] Registered efivars operations
[    0.739069] PCI: Using ACPI for IRQ routing
[    0.762224] PCI: pci_cache_line_size set to 64 bytes
[    0.762455] e820: reserve RAM buffer [mem 0x75db0000-0x77ffffff]
[    0.762456] e820: reserve RAM buffer [mem 0x93825018-0x93ffffff]
[    0.762457] e820: reserve RAM buffer [mem 0x93836018-0x93ffffff]
[    0.762457] e820: reserve RAM buffer [mem 0xc8dcd000-0xcbffffff]
[    0.762458] e820: reserve RAM buffer [mem 0xca30f000-0xcbffffff]
[    0.762459] e820: reserve RAM buffer [mem 0x82f380000-0x82fffffff]
[    0.762460] e820: reserve RAM buffer [mem 0x102ff80000-0x102fffffff]
[    0.762460] e820: reserve RAM buffer [mem 0x182ff80000-0x182fffffff]
[    0.762461] e820: reserve RAM buffer [mem 0x202ff80000-0x202fffffff]
[    0.762545] NetLabel: Initializing
[    0.767001] NetLabel:  domain hash size = 128
[    0.772001] NetLabel:  protocols = UNLABELED CIPSOv4 CALIPSO
[    0.778014] NetLabel:  unlabeled traffic allowed by default
[    0.784059] hpet0: at MMIO 0xfed00000, IRQs 2, 8, 0
[    0.790003] hpet0: 3 comparators, 32-bit 14.318180 MHz counter
[    0.798289] clocksource: Switched to clocksource tsc-early
[    0.812823] VFS: Disk quotas dquot_6.6.0
[    0.817227] VFS: Dquot-cache hash table entries: 512 (order 0, 4096 bytes)
[    0.824964] pnp: PnP ACPI init
[    0.828500] system 00:00: [mem 0xe0000000-0xefffffff] has been reserved
[    0.835891] system 00:00: Plug and Play ACPI device, IDs PNP0c01 (active)
[    0.836041] pnp 00:01: Plug and Play ACPI device, IDs PNP0b00 (active)
[    0.836255] system 00:02: [io  0x04d0-0x04d1] has been reserved
[    0.842866] system 00:02: [io  0x040b] has been reserved
[    0.848797] system 00:02: [io  0x04d6] has been reserved
[    0.854720] system 00:02: [io  0x0c00-0x0c01] has been reserved
[    0.861330] system 00:02: [io  0x0c14] has been reserved
[    0.867263] system 00:02: [io  0x0c50-0x0c51] has been reserved
[    0.873873] system 00:02: [io  0x0c52] has been reserved
[    0.879804] system 00:02: [io  0x0c6c] has been reserved
[    0.885736] system 00:02: [io  0x0c6f] has been reserved
[    0.891667] system 00:02: [io  0x0cd0-0x0cd1] has been reserved
[    0.898276] system 00:02: [io  0x0cd2-0x0cd3] has been reserved
[    0.904886] system 00:02: [io  0x0cd4-0x0cd5] has been reserved
[    0.911497] system 00:02: [io  0x0cd6-0x0cd7] has been reserved
[    0.918108] system 00:02: [io  0x0cd8-0x0cdf] has been reserved
[    0.924716] system 00:02: [io  0x0800-0x089f] has been reserved
[    0.931317] system 00:02: [io  0x0b00-0x0b0f] has been reserved
[    0.937919] system 00:02: [io  0x0b20-0x0b3f] has been reserved
[    0.944529] system 00:02: [io  0x0900-0x090f] has been reserved
[    0.951139] system 00:02: [io  0x0910-0x091f] has been reserved
[    0.957749] system 00:02: [io  0xfe00-0xfefe] has been reserved
[    0.964360] system 00:02: [mem 0xfec00000-0xfec00fff] could not be reserved
[    0.972134] system 00:02: [mem 0xfec01000-0xfec01fff] has been reserved
[    0.979521] system 00:02: [mem 0xfedc0000-0xfedc0fff] has been reserved
[    0.986906] system 00:02: [mem 0xfee00000-0xfee00fff] has been reserved
[    0.994294] system 00:02: [mem 0xfed80000-0xfed8ffff] could not be reserved
[    1.002067] system 00:02: [mem 0xfed61000-0xfed70fff] has been reserved
[    1.009454] system 00:02: [mem 0xfec10000-0xfec10fff] has been reserved
[    1.016845] system 00:02: [mem 0xff000000-0xffffffff] has been reserved
[    1.024238] system 00:02: Plug and Play ACPI device, IDs PNP0c02 (active)
[    1.024463] pnp 00:03: Plug and Play ACPI device, IDs PNP0501 (active)
[    1.024526] pnp 00:04: Plug and Play ACPI device, IDs PNP0501 (active)
[    1.025071] pnp: PnP ACPI: found 5 devices
[    1.035604] clocksource: acpi_pm: mask: 0xffffff max_cycles: 0xffffff, max_idle_ns: 2085701024 ns
[    1.045555] pci 0000:00:01.1: PCI bridge to [bus 01]
[    1.051099] pci 0000:00:01.1:   bridge window [io  0x1000-0x1fff]
[    1.057905] pci 0000:00:01.1:   bridge window [mem 0xdff00000-0xdfffffff]
[    1.065490] pci 0000:00:07.1: PCI bridge to [bus 02]
[    1.071035] pci 0000:00:07.1:   bridge window [mem 0xdfa00000-0xdfcfffff]
[    1.078622] pci 0000:00:08.1: PCI bridge to [bus 03]
[    1.084157] pci 0000:00:08.1:   bridge window [mem 0xdfd00000-0xdfefffff]
[    1.091742] pci_bus 0000:00: resource 4 [io  0x0000-0x02e7 window]
[    1.091743] pci_bus 0000:00: resource 5 [io  0x0300-0x03af window]
[    1.091744] pci_bus 0000:00: resource 6 [io  0x0400-0x0cf7 window]
[    1.091745] pci_bus 0000:00: resource 7 [io  0x0d00-0x1fff window]
[    1.091747] pci_bus 0000:00: resource 8 [mem 0x000c0000-0x000dffff window]
[    1.091748] pci_bus 0000:00: resource 9 [mem 0xdfa00000-0xdfffffff window]
[    1.091749] pci_bus 0000:00: resource 10 [mem 0x191cc000000-0x1ffffffffff window]
[    1.091750] pci_bus 0000:01: resource 0 [io  0x1000-0x1fff]
[    1.091751] pci_bus 0000:01: resource 1 [mem 0xdff00000-0xdfffffff]
[    1.091753] pci_bus 0000:02: resource 1 [mem 0xdfa00000-0xdfcfffff]
[    1.091754] pci_bus 0000:03: resource 1 [mem 0xdfd00000-0xdfefffff]
[    1.091804] pci 0000:41:00.0: PCI bridge to [bus 42]
[    1.097349] pci 0000:41:00.0:   bridge window [io  0x2000-0x2fff]
[    1.104159] pci 0000:41:00.0:   bridge window [mem 0xd8000000-0xdc0fffff]
[    1.111753] pci 0000:40:01.1: PCI bridge to [bus 41-42]
[    1.117587] pci 0000:40:01.1:   bridge window [io  0x2000-0x2fff]
[    1.124395] pci 0000:40:01.1:   bridge window [mem 0xd8000000-0xdc0fffff]
[    1.131982] pci 0000:40:07.1: PCI bridge to [bus 43]
[    1.137527] pci 0000:40:07.1:   bridge window [mem 0xdc200000-0xdc4fffff]
[    1.145113] pci 0000:40:08.1: PCI bridge to [bus 44]
[    1.150659] pci 0000:40:08.1:   bridge window [mem 0xdc500000-0xdc6fffff]
[    1.158247] pci_bus 0000:40: resource 4 [io  0x03b0-0x03df window]
[    1.158248] pci_bus 0000:40: resource 5 [io  0x2000-0x2fff window]
[    1.158249] pci_bus 0000:40: resource 6 [mem 0x000a0000-0x000bffff window]
[    1.158250] pci_bus 0000:40: resource 7 [mem 0xd8000000-0xdf8fffff window]
[    1.158252] pci_bus 0000:40: resource 8 [mem 0x12398000000-0x191cbffffff window]
[    1.158253] pci_bus 0000:41: resource 0 [io  0x2000-0x2fff]
[    1.158254] pci_bus 0000:41: resource 1 [mem 0xd8000000-0xdc0fffff]
[    1.158255] pci_bus 0000:42: resource 0 [io  0x2000-0x2fff]
[    1.158256] pci_bus 0000:42: resource 1 [mem 0xd8000000-0xdc0fffff]
[    1.158257] pci_bus 0000:43: resource 1 [mem 0xdc200000-0xdc4fffff]
[    1.158259] pci_bus 0000:44: resource 1 [mem 0xdc500000-0xdc6fffff]
[    1.158277] pci 0000:80:03.1: bridge window [io  0x1000-0x0fff] to [bus 81] add_size 1000
[    1.158280] pci 0000:80:03.1: bridge window [mem 0x00100000-0x000fffff 64bit pref] to [bus 81] add_size 200000 add_align 100000
[    1.158281] pci 0000:80:03.1: bridge window [mem 0x00100000-0x000fffff] to [bus 81] add_size 200000 add_align 100000
[    1.158299] pci 0000:80:03.1: BAR 14: assigned [mem 0xd5a00000-0xd5bfffff]
[    1.165977] pci 0000:80:03.1: BAR 15: assigned [mem 0x8ecc000000-0x8ecc1fffff 64bit pref]
[    1.175107] pci 0000:80:03.1: BAR 13: assigned [io  0x3000-0x3fff]
[    1.182007] pci 0000:80:03.1: PCI bridge to [bus 81]
[    1.187552] pci 0000:80:03.1:   bridge window [io  0x3000-0x3fff]
[    1.194358] pci 0000:80:03.1:   bridge window [mem 0xd5a00000-0xd5bfffff]
[    1.201938] pci 0000:80:03.1:   bridge window [mem 0x8ecc000000-0x8ecc1fffff 64bit pref]
[    1.210978] pci 0000:80:07.1: PCI bridge to [bus 82]
[    1.216524] pci 0000:80:07.1:   bridge window [mem 0xd7c00000-0xd7dfffff]
[    1.224111] pci 0000:80:08.1: PCI bridge to [bus 83]
[    1.229649] pci 0000:80:08.1:   bridge window [mem 0xd7a00000-0xd7bfffff]
[    1.237235] pci_bus 0000:80: resource 4 [io  0x3000-0x3fff window]
[    1.237236] pci_bus 0000:80: resource 5 [mem 0xd5a00000-0xd7dfffff window]
[    1.237237] pci_bus 0000:80: resource 6 [mem 0x8ecc000000-0xfcffffffff window]
[    1.237239] pci_bus 0000:81: resource 0 [io  0x3000-0x3fff]
[    1.237240] pci_bus 0000:81: resource 1 [mem 0xd5a00000-0xd5bfffff]
[    1.237241] pci_bus 0000:81: resource 2 [mem 0x8ecc000000-0x8ecc1fffff 64bit pref]
[    1.237242] pci_bus 0000:82: resource 1 [mem 0xd7c00000-0xd7dfffff]
[    1.237243] pci_bus 0000:83: resource 1 [mem 0xd7a00000-0xd7bfffff]
[    1.237277] pci 0000:c0:03.1: PCI bridge to [bus c1]
[    1.242822] pci 0000:c0:03.1:   bridge window [mem 0xd5700000-0xd57fffff]
[    1.250409] pci 0000:c0:07.1: PCI bridge to [bus c2]
[    1.255955] pci 0000:c0:07.1:   bridge window [mem 0xd5500000-0xd56fffff]
[    1.263539] pci 0000:c0:08.1: PCI bridge to [bus c3]
[    1.269085] pci 0000:c0:08.1:   bridge window [mem 0xd5300000-0xd54fffff]
[    1.276671] pci_bus 0000:c0: resource 4 [mem 0xd5300000-0xd57fffff window]
[    1.276673] pci_bus 0000:c0: resource 5 [mem 0x2098000000-0x8ecbffffff window]
[    1.276674] pci_bus 0000:c1: resource 1 [mem 0xd5700000-0xd57fffff]
[    1.276675] pci_bus 0000:c2: resource 1 [mem 0xd5500000-0xd56fffff]
[    1.276676] pci_bus 0000:c3: resource 1 [mem 0xd5300000-0xd54fffff]
[    1.276733] NET: Registered protocol family 2
[    1.281837] tcp_listen_portaddr_hash hash table entries: 65536 (order: 8, 1048576 bytes)
[    1.291123] TCP established hash table entries: 524288 (order: 10, 4194304 bytes)
[    1.300118] TCP bind hash table entries: 65536 (order: 8, 1048576 bytes)
[    1.307714] TCP: Hash tables configured (established 524288 bind 65536)
[    1.315190] UDP hash table entries: 65536 (order: 9, 2097152 bytes)
[    1.322484] UDP-Lite hash table entries: 65536 (order: 9, 2097152 bytes)
[    1.330283] NET: Registered protocol family 1
[    1.335406] pci 0000:42:00.0: Video device with shadowed ROM at [mem 0x000c0000-0x000dffff]
[    1.344957] PCI: CLS 64 bytes, default 64
[    1.344993] Unpacking initramfs...
[    1.778871] Freeing initrd memory: 30768K
[    1.783400] AMD-Vi: IOMMU performance counters supported
[    1.789399] AMD-Vi: IOMMU performance counters supported
[    1.795380] AMD-Vi: IOMMU performance counters supported
[    1.801349] AMD-Vi: IOMMU performance counters supported
[    1.807697] iommu: Adding device 0000:00:01.0 to group 0
[    1.813809] iommu: Adding device 0000:00:01.1 to group 1
[    1.819944] iommu: Adding device 0000:00:02.0 to group 2
[    1.826061] iommu: Adding device 0000:00:03.0 to group 3
[    1.832181] iommu: Adding device 0000:00:04.0 to group 4
[    1.838306] iommu: Adding device 0000:00:07.0 to group 5
[    1.844388] iommu: Adding device 0000:00:07.1 to group 6
[    1.850505] iommu: Adding device 0000:00:08.0 to group 7
[    1.856592] iommu: Adding device 0000:00:08.1 to group 8
[    1.862718] iommu: Adding device 0000:00:14.0 to group 9
[    1.868670] iommu: Adding device 0000:00:14.3 to group 9
[    1.874831] iommu: Adding device 0000:00:18.0 to group 10
[    1.880879] iommu: Adding device 0000:00:18.1 to group 10
[    1.886925] iommu: Adding device 0000:00:18.2 to group 10
[    1.892973] iommu: Adding device 0000:00:18.3 to group 10
[    1.899021] iommu: Adding device 0000:00:18.4 to group 10
[    1.905069] iommu: Adding device 0000:00:18.5 to group 10
[    1.911116] iommu: Adding device 0000:00:18.6 to group 10
[    1.917162] iommu: Adding device 0000:00:18.7 to group 10
[    1.923458] iommu: Adding device 0000:00:19.0 to group 11
[    1.929508] iommu: Adding device 0000:00:19.1 to group 11
[    1.935558] iommu: Adding device 0000:00:19.2 to group 11
[    1.941605] iommu: Adding device 0000:00:19.3 to group 11
[    1.947655] iommu: Adding device 0000:00:19.4 to group 11
[    1.953704] iommu: Adding device 0000:00:19.5 to group 11
[    1.959753] iommu: Adding device 0000:00:19.6 to group 11
[    1.965800] iommu: Adding device 0000:00:19.7 to group 11
[    1.972057] iommu: Adding device 0000:00:1a.0 to group 12
[    1.978106] iommu: Adding device 0000:00:1a.1 to group 12
[    1.984155] iommu: Adding device 0000:00:1a.2 to group 12
[    1.990206] iommu: Adding device 0000:00:1a.3 to group 12
[    1.996257] iommu: Adding device 0000:00:1a.4 to group 12
[    2.002306] iommu: Adding device 0000:00:1a.5 to group 12
[    2.008355] iommu: Adding device 0000:00:1a.6 to group 12
[    2.014405] iommu: Adding device 0000:00:1a.7 to group 12
[    2.020695] iommu: Adding device 0000:00:1b.0 to group 13
[    2.026746] iommu: Adding device 0000:00:1b.1 to group 13
[    2.032796] iommu: Adding device 0000:00:1b.2 to group 13
[    2.038845] iommu: Adding device 0000:00:1b.3 to group 13
[    2.044895] iommu: Adding device 0000:00:1b.4 to group 13
[    2.050946] iommu: Adding device 0000:00:1b.5 to group 13
[    2.056995] iommu: Adding device 0000:00:1b.6 to group 13
[    2.063045] iommu: Adding device 0000:00:1b.7 to group 13
[    2.069249] iommu: Adding device 0000:01:00.0 to group 14
[    2.075463] iommu: Adding device 0000:02:00.0 to group 15
[    2.081653] iommu: Adding device 0000:02:00.2 to group 16
[    2.087854] iommu: Adding device 0000:02:00.3 to group 17
[    2.094046] iommu: Adding device 0000:03:00.0 to group 18
[    2.100243] iommu: Adding device 0000:03:00.1 to group 19
[    2.106442] iommu: Adding device 0000:40:01.0 to group 20
[    2.112671] iommu: Adding device 0000:40:01.1 to group 21
[    2.118866] iommu: Adding device 0000:40:02.0 to group 22
[    2.125098] iommu: Adding device 0000:40:03.0 to group 23
[    2.131312] iommu: Adding device 0000:40:04.0 to group 24
[    2.137515] iommu: Adding device 0000:40:07.0 to group 25
[    2.143724] iommu: Adding device 0000:40:07.1 to group 26
[    2.149926] iommu: Adding device 0000:40:08.0 to group 27
[    2.156137] iommu: Adding device 0000:40:08.1 to group 28
[    2.162347] iommu: Adding device 0000:41:00.0 to group 29
[    2.168382] iommu: Adding device 0000:42:00.0 to group 29
[    2.174624] iommu: Adding device 0000:43:00.0 to group 30
[    2.180851] iommu: Adding device 0000:43:00.2 to group 31
[    2.187045] iommu: Adding device 0000:43:00.3 to group 32
[    2.193284] iommu: Adding device 0000:44:00.0 to group 33
[    2.199481] iommu: Adding device 0000:44:00.1 to group 34
[    2.205709] iommu: Adding device 0000:80:01.0 to group 35
[    2.211914] iommu: Adding device 0000:80:02.0 to group 36
[    2.218148] iommu: Adding device 0000:80:03.0 to group 37
[    2.224345] iommu: Adding device 0000:80:03.1 to group 38
[    2.230553] iommu: Adding device 0000:80:04.0 to group 39
[    2.236770] iommu: Adding device 0000:80:07.0 to group 40
[    2.242980] iommu: Adding device 0000:80:07.1 to group 41
[    2.249189] iommu: Adding device 0000:80:08.0 to group 42
[    2.255419] iommu: Adding device 0000:80:08.1 to group 43
[    2.261614] iommu: Adding device 0000:82:00.0 to group 44
[    2.267822] iommu: Adding device 0000:82:00.2 to group 45
[    2.274032] iommu: Adding device 0000:83:00.0 to group 46
[    2.280241] iommu: Adding device 0000:83:00.1 to group 47
[    2.286456] iommu: Adding device 0000:c0:01.0 to group 48
[    2.292666] iommu: Adding device 0000:c0:02.0 to group 49
[    2.298901] iommu: Adding device 0000:c0:03.0 to group 50
[    2.305101] iommu: Adding device 0000:c0:03.1 to group 51
[    2.311321] iommu: Adding device 0000:c0:04.0 to group 52
[    2.317529] iommu: Adding device 0000:c0:07.0 to group 53
[    2.323752] iommu: Adding device 0000:c0:07.1 to group 54
[    2.329952] iommu: Adding device 0000:c0:08.0 to group 55
[    2.336184] iommu: Adding device 0000:c0:08.1 to group 56
[    2.342457] iommu: Adding device 0000:c1:00.0 to group 57
[    2.348674] iommu: Adding device 0000:c2:00.0 to group 58
[    2.354935] iommu: Adding device 0000:c2:00.2 to group 59
[    2.361125] iommu: Adding device 0000:c3:00.0 to group 60
[    2.367358] iommu: Adding device 0000:c3:00.1 to group 61
[    2.373563] AMD-Vi: Found IOMMU at 0000:00:00.2 cap 0x40
[    2.379495] AMD-Vi: Extended features (0xf77ef22294ada):
[    2.385425]  PPR NX GT IA GA PC GA_vAPIC
[    2.389808] AMD-Vi: Found IOMMU at 0000:40:00.2 cap 0x40
[    2.395739] AMD-Vi: Extended features (0xf77ef22294ada):
[    2.401670]  PPR NX GT IA GA PC GA_vAPIC
[    2.406051] AMD-Vi: Found IOMMU at 0000:80:00.2 cap 0x40
[    2.411981] AMD-Vi: Extended features (0xf77ef22294ada):
[    2.417911]  PPR NX GT IA GA PC GA_vAPIC
[    2.422290] AMD-Vi: Found IOMMU at 0000:c0:00.2 cap 0x40
[    2.428220] AMD-Vi: Extended features (0xf77ef22294ada):
[    2.434151]  PPR NX GT IA GA PC GA_vAPIC
[    2.438530] AMD-Vi: Interrupt remapping enabled
[    2.443588] AMD-Vi: virtual APIC enabled
[    2.448505] AMD-Vi: Lazy IO/TLB flushing enabled
[    2.455011] amd_uncore: AMD NB counters detected
[    2.460172] amd_uncore: AMD LLC counters detected
[    2.466875] perf/amd_iommu: Detected AMD IOMMU #0 (2 banks, 4 counters/bank).
[    2.474851] perf/amd_iommu: Detected AMD IOMMU #1 (2 banks, 4 counters/bank).
[    2.482829] perf/amd_iommu: Detected AMD IOMMU #2 (2 banks, 4 counters/bank).
[    2.490801] perf/amd_iommu: Detected AMD IOMMU #3 (2 banks, 4 counters/bank).
[    2.504874] Initialise system trusted keyrings
[    2.509846] Key type blacklist registered
[    2.514428] workingset: timestamp_bits=36 max_order=25 bucket_order=0
[    2.522529] zbud: loaded
[    2.525620] pstore: using deflate compression
[    2.567455] NET: Registered protocol family 38
[    2.572422] Key type asymmetric registered
[    2.576996] Asymmetric key parser 'x509' registered
[    2.582474] Block layer SCSI generic (bsg) driver version 0.4 loaded (major 246)
[    2.590831] io scheduler noop registered
[    2.595214] io scheduler deadline registered (default)
[    2.600991] io scheduler cfq registered
[    2.605275] io scheduler mq-deadline registered (default)
[    2.611305] io scheduler kyber registered
[    2.616744] atomic64_test: passed for x86-64 platform with CX8 and with SSE
[    2.632056] pcieport 0000:00:01.1: AER enabled with IRQ 30
[    2.638194] pcieport 0000:00:07.1: AER enabled with IRQ 31
[    2.644335] pcieport 0000:00:08.1: AER enabled with IRQ 33
[    2.650475] pcieport 0000:40:01.1: AER enabled with IRQ 34
[    2.656623] pcieport 0000:40:07.1: AER enabled with IRQ 35
[    2.662767] pcieport 0000:40:08.1: AER enabled with IRQ 37
[    2.668927] pcieport 0000:80:03.1: AER enabled with IRQ 38
[    2.675069] pcieport 0000:80:07.1: AER enabled with IRQ 40
[    2.681222] pcieport 0000:80:08.1: AER enabled with IRQ 42
[    2.687380] pcieport 0000:c0:03.1: AER enabled with IRQ 43
[    2.693532] pcieport 0000:c0:07.1: AER enabled with IRQ 45
[    2.699683] pcieport 0000:c0:08.1: AER enabled with IRQ 47
[    2.705821] pcieport 0000:00:01.1: Signaling PME with IRQ 30
[    2.712149] pcieport 0000:00:07.1: Signaling PME with IRQ 31
[    2.718486] pcieport 0000:00:08.1: Signaling PME with IRQ 33
[    2.724835] pcieport 0000:40:01.1: Signaling PME with IRQ 34
[    2.731164] pcieport 0000:40:07.1: Signaling PME with IRQ 35
[    2.737505] pcieport 0000:40:08.1: Signaling PME with IRQ 37
[    2.743840] pcieport 0000:80:03.1: Signaling PME with IRQ 38
[    2.750161] pcieport 0000:80:07.1: Signaling PME with IRQ 40
[    2.756501] pcieport 0000:80:08.1: Signaling PME with IRQ 42
[    2.762842] pcieport 0000:c0:03.1: Signaling PME with IRQ 43
[    2.769176] pcieport 0000:c0:07.1: Signaling PME with IRQ 45
[    2.775515] pcieport 0000:c0:08.1: Signaling PME with IRQ 47
[    2.781858] pciehp 0000:80:03.1:pcie004: Slot #3 AttnBtn+ PwrCtrl+ MRL- AttnInd+ PwrInd+ HotPlug+ Surprise+ Interlock+ NoCompl- LLActRep+
[    2.795694] efifb: probing for efifb
[    2.799689] efifb: framebuffer at 0xd8000000, using 1876k, total 1875k
[    2.806980] efifb: mode is 800x600x32, linelength=3200, pages=1
[    2.813590] efifb: scrolling: redraw
[    2.817583] efifb: Truecolor: size=8:8:8:8, shift=24:16:8:0
[    2.834382] Console: switching to colour frame buffer device 100x37
[    2.851633] fb0: EFI VGA frame buffer device
[    2.856650] input: Power Button as /devices/LNXSYSTM:00/LNXSYBUS:00/PNP0C0C:00/input/input0
[    2.866234] ACPI: Power Button [PWRB]
[    2.870457] input: Power Button as /devices/LNXSYSTM:00/LNXPWRBN:00/input/input1
[    2.878954] ACPI: Power Button [PWRF]
[    2.883212] Monitor-Mwait will be used to enter C-1 state
[    2.886820] GHES: APEI firmware first mode is enabled by APEI bit.
[    2.893973] Serial: 8250/16550 driver, 4 ports, IRQ sharing enabled
[    2.926329] 00:03: ttyS1 at I/O 0x2f8 (irq = 3, base_baud = 115200) is a 16550A
[    2.960067] 00:04: ttyS0 at I/O 0x3f8 (irq = 4, base_baud = 115200) is a 16550A
[    2.975210] Non-volatile memory driver v1.3
[    2.983566] Linux agpgart interface v0.103
[    2.996506] rdac: device handler registered
[    3.005038] hp_sw: device handler registered
[    3.013907] emc: device handler registered
[    3.022483] alua: device handler registered
[    3.031497] nvme nvme0: pci function 0000:c1:00.0
[    3.040984] libphy: Fixed MDIO Bus: probed
[    3.049788] ehci_hcd: USB 2.0 'Enhanced' Host Controller (EHCI) Driver
[    3.061712] ehci-pci: EHCI PCI platform driver
[    3.071117] ohci_hcd: USB 1.1 'Open' Host Controller (OHCI) Driver
[    3.082631] ohci-pci: OHCI PCI platform driver
[    3.092472] uhci_hcd: USB Universal Host Controller Interface driver
[    3.104563] xhci_hcd 0000:02:00.3: xHCI Host Controller
[    3.115425] xhci_hcd 0000:02:00.3: new USB bus registered, assigned bus number 1
[    3.128763] xhci_hcd 0000:02:00.3: hcc params 0x0270f665 hci version 0x100 quirks 0x00000410
[    3.143429] usb usb1: New USB device found, idVendor=1d6b, idProduct=0002, bcdDevice= 4.17
[    3.157910] usb usb1: New USB device strings: Mfr=3, Product=2, SerialNumber=1
[    3.171009] usb usb1: Product: xHCI Host Controller
[    3.181419] usb usb1: Manufacturer: Linux 4.17.0-amdsos-build6+ xhci-hcd
[    3.193944] usb usb1: SerialNumber: 0000:02:00.3
[    3.204192] hub 1-0:1.0: USB hub found
[    3.213313] hub 1-0:1.0: 2 ports detected
[    3.222930] xhci_hcd 0000:02:00.3: xHCI Host Controller
[    3.233595] xhci_hcd 0000:02:00.3: new USB bus registered, assigned bus number 2
[    3.246609] xhci_hcd 0000:02:00.3: Host supports USB 3.0  SuperSpeed
[    3.258358] usb usb2: We don't know the algorithms for LPM for this host, disabling LPM.
[    3.272149] usb usb2: New USB device found, idVendor=1d6b, idProduct=0003, bcdDevice= 4.17
[    3.286152] usb usb2: New USB device strings: Mfr=3, Product=2, SerialNumber=1
[    3.298954] usb usb2: Product: xHCI Host Controller
[    3.309038] usb usb2: Manufacturer: Linux 4.17.0-amdsos-build6+ xhci-hcd
[    3.321336] usb usb2: SerialNumber: 0000:02:00.3
[    3.331288] hub 2-0:1.0: USB hub found
[    3.340445] hub 2-0:1.0: 2 ports detected
[    3.349893] xhci_hcd 0000:43:00.3: xHCI Host Controller
[    3.360538] xhci_hcd 0000:43:00.3: new USB bus registered, assigned bus number 3
[    3.367871]  nvme0n1: p1 p2 p3
[    3.373735] xhci_hcd 0000:43:00.3: hcc params 0x0270f665 hci version 0x100 quirks 0x00000410
[    3.396531] usb usb3: New USB device found, idVendor=1d6b, idProduct=0002, bcdDevice= 4.17
[    3.410905] usb usb3: New USB device strings: Mfr=3, Product=2, SerialNumber=1
[    3.424075] usb usb3: Product: xHCI Host Controller
[    3.434547] usb usb3: Manufacturer: Linux 4.17.0-amdsos-build6+ xhci-hcd
[    3.447124] usb usb3: SerialNumber: 0000:43:00.3
[    3.457407] hub 3-0:1.0: USB hub found
[    3.466563] hub 3-0:1.0: 2 ports detected
[    3.476004] xhci_hcd 0000:43:00.3: xHCI Host Controller
[    3.486808] xhci_hcd 0000:43:00.3: new USB bus registered, assigned bus number 4
[    3.500019] xhci_hcd 0000:43:00.3: Host supports USB 3.0  SuperSpeed
[    3.512192] usb usb4: We don't know the algorithms for LPM for this host, disabling LPM.
[    3.526166] usb usb4: New USB device found, idVendor=1d6b, idProduct=0003, bcdDevice= 4.17
[    3.540350] usb usb4: New USB device strings: Mfr=3, Product=2, SerialNumber=1
[    3.551032] tsc: Refined TSC clocksource calibration: 2195.874 MHz
[    3.553360] usb usb4: Product: xHCI Host Controller
[    3.565254] clocksource: tsc: mask: 0xffffffffffffffff max_cycles: 0x1fa6f9655b2, max_idle_ns: 440795314254 ns
[    3.575642] usb usb4: Manufacturer: Linux 4.17.0-amdsos-build6+ xhci-hcd
[    3.610125] usb usb4: SerialNumber: 0000:43:00.3
[    3.620637] clocksource: Switched to clocksource tsc
[    3.620722] hub 4-0:1.0: USB hub found
[    3.640799] hub 4-0:1.0: 2 ports detected
[    3.650560] usbcore: registered new interface driver usbserial_generic
[    3.662975] usbserial: USB Serial support registered for generic
[    3.674808] i8042: PNP: No PS/2 controller found.
[    3.685257] mousedev: PS/2 mouse device common for all mice
[    3.696712] rtc_cmos 00:01: RTC can wake from S4
[    3.707332] rtc_cmos 00:01: registered as rtc0
[    3.717612] rtc_cmos 00:01: alarms up to one month, y3k, 114 bytes nvram, hpet irqs
[    3.731639] EFI Variables Facility v0.08 2004-May-17
[    3.761384] hidraw: raw HID events driver (C) Jiri Kosina
[    3.772585] usbcore: registered new interface driver usbhid
[    3.783823] usbhid: USB HID core driver
[    3.793374] drop_monitor: Initializing network drop monitor service
[    3.805445] Initializing XFRM netlink socket
[    3.815282] NET: Registered protocol family 10
[    3.825468] Segment Routing with IPv6
[    3.834467] NET: Registered protocol family 17
[    3.841029] usb 3-2: new high-speed USB device number 2 using xhci_hcd
[    3.844446] mpls_gso: MPLS GSO support
[    3.866254] mce: CPU supports 23 MCE banks
[    3.878194] microcode: CPU0: patch_level=0x08001227
[    3.888644] microcode: CPU1: patch_level=0x08001227
[    3.898830] microcode: CPU2: patch_level=0x08001227
[    3.908893] microcode: CPU3: patch_level=0x08001227
[    3.918785] microcode: CPU4: patch_level=0x08001227
[    3.928539] microcode: CPU5: patch_level=0x08001227
[    3.938292] microcode: CPU6: patch_level=0x08001227
[    3.947777] microcode: CPU7: patch_level=0x08001227
[    3.956903] microcode: CPU8: patch_level=0x08001227
[    3.965915] microcode: CPU9: patch_level=0x08001227
[    3.974819] microcode: CPU10: patch_level=0x08001227
[    3.983797] microcode: CPU11: patch_level=0x08001227
[    3.992761] microcode: CPU12: patch_level=0x08001227
[    3.993087] usb 3-2: New USB device found, idVendor=0b1f, idProduct=03e8, bcdDevice= 0.00
[    4.001561] microcode: CPU13: patch_level=0x08001227
[    4.014276] usb 3-2: New USB device strings: Mfr=0, Product=0, SerialNumber=0
[    4.023393] microcode: CPU14: patch_level=0x08001227
[    4.043832] microcode: CPU15: patch_level=0x08001227
[    4.052792] microcode: CPU16: patch_level=0x08001227
[    4.061934] microcode: CPU17: patch_level=0x08001227
[    4.070575] microcode: CPU18: patch_level=0x08001227
[    4.079124] microcode: CPU19: patch_level=0x08001227
[    4.087550] microcode: CPU20: patch_level=0x08001227
[    4.095868] microcode: CPU21: patch_level=0x08001227
[    4.095987] hub 3-2:1.0: USB hub found
[    4.104140] microcode: CPU22: patch_level=0x08001227
[    4.110964] hub 3-2:1.0: 5 ports detected
[    4.119115] microcode: CPU23: patch_level=0x08001227
[    4.134357] microcode: CPU24: patch_level=0x08001227
[    4.142408] microcode: CPU25: patch_level=0x08001227
[    4.150315] microcode: CPU26: patch_level=0x08001227
[    4.158140] microcode: CPU27: patch_level=0x08001227
[    4.165876] microcode: CPU28: patch_level=0x08001227
[    4.173618] microcode: CPU29: patch_level=0x08001227
[    4.181371] microcode: CPU30: patch_level=0x08001227
[    4.189136] microcode: CPU31: patch_level=0x08001227
[    4.196905] microcode: Microcode Update Driver: v2.2.
[    4.196926] sched_clock: Marking stable (4196900884, 0)->(5319450929, -1122550045)
[    4.217407] registered taskstats version 1
[    4.224569] Loading compiled-in X.509 certificates
[    4.234047] Loaded X.509 cert 'Build time autogenerated kernel key: 00f0a0767554135d6054990ccdbde1196d824e31'
[    4.251206] zswap: loaded using pool lzo/zbud
[    4.261752] Key type big_key registered
[    4.270607] Key type trusted registered
[    4.279350] Key type encrypted registered
[    4.286752] ima: No TPM chip found, activating TPM-bypass! (rc=-19)
[    4.296717] ima: Allocated hash algorithm: sha1
[    4.304654] evm: HMAC attrs: 0x1
[    4.311575]   Magic number: 14:757:646
[    4.319156] rtc_cmos 00:01: setting system clock to 2018-08-30 18:38:26 UTC (1535654306)
[    4.399027] usb 3-2.2: new low-speed USB device number 3 using xhci_hcd
[    4.493105] usb 3-2.2: New USB device found, idVendor=0b1f, idProduct=03e9, bcdDevice= 1.00
[    4.506126] usb 3-2.2: New USB device strings: Mfr=0, Product=0, SerialNumber=0
[    4.604789] input: HID 0b1f:03e9 as /devices/pci0000:40/0000:40:07.1/0000:43:00.3/usb3/3-2/3-2.2/3-2.2:1.0/0003:0B1F:03E9.0001/input/input2
[    4.678144] hid-generic 0003:0B1F:03E9.0001: input,hidraw0: USB HID v1.00 Keyboard [HID 0b1f:03e9] on usb-0000:43:00.3-2.2/input0
[    4.704133] input: HID 0b1f:03e9 as /devices/pci0000:40/0000:40:07.1/0000:43:00.3/usb3/3-2/3-2.2/3-2.2:1.1/0003:0B1F:03E9.0002/input/input3
[    4.727794] hid-generic 0003:0B1F:03E9.0002: input,hidraw1: USB HID v1.00 Mouse [HID 0b1f:03e9] on usb-0000:43:00.3-2.2/input1
[    4.957300] Freeing unused kernel memory: 2328K
[    4.973025] Write protecting the kernel read-only data: 16384k
[    4.987113] Freeing unused kernel memory: 2012K
[    4.998626] Freeing unused kernel memory: 316K
[    5.009160] rodata_test: all tests were successful
[    5.060789] random: systemd: uninitialized urandom read (16 bytes read)
[    5.074284] random: systemd: uninitialized urandom read (16 bytes read)
[    5.108410] systemd[1]: systemd 219 running in system mode. (+PAM +AUDIT +SELINUX +IMA -APPARMOR +SMACK +SYSVINIT +UTMP +LIBCRYPTSETUP +GCRYPT +GNUTLS +ACL +XZ +LZ4 -SECCOMP +BLKID +ELFUTILS +KMOD +IDN)
[    5.159873] systemd[1]: Detected architecture x86-64.
[    5.171195] systemd[1]: Running in initial RAM disk.
[    5.194073] systemd[1]: Set hostname to <localhost.localdomain>.
[    5.226346] random: systemd: uninitialized urandom read (16 bytes read)
[    5.251025] systemd[1]: Reached target Local File Systems.
[    5.263341] systemd[1]: Starting Local File Systems.
[    5.280056] systemd[1]: Reached target Timers.
[    5.290808] systemd[1]: Starting Timers.
[    5.307058] systemd[1]: Reached target Swap.
[    5.317551] systemd[1]: Starting Swap.
[    5.594079] e1000e: Intel(R) PRO/1000 Network Driver - 3.2.6-k
[    5.607187] e1000e: Copyright(c) 1999 - 2015 Intel Corporation.
[    5.607477] e1000e 0000:01:00.0: Interrupt Throttling Rate (ints/sec) set to dynamic conservative mode
[    5.649612] random: fast init done
[    5.664159] [drm] Using P2A bridge for configuration
[    5.664237] [drm] AST 2500 detected
[    5.664373] [drm] Analog VGA only
[    5.664687] [drm] dram MCLK=800 Mhz type=7 bus_width=16 size=04000000
[    5.664767] [TTM] Zone  kernel: Available graphics memory: 65987658 kiB
[    5.664768] [TTM] Zone   dma32: Available graphics memory: 2097152 kiB
[    5.664769] [TTM] Initializing pool allocator
[    5.664774] [TTM] Initializing DMA pool allocator
[    5.673152] checking generic (d8000000 1d5000) vs hw (d8000000 4000000)
[    5.691436] e1000e 0000:01:00.0 0000:01:00.0 (uninitialized): registered PHC clock
[    5.692526] fb: switching to astdrmfb from EFI VGA
[    5.756968] e1000e 0000:01:00.0 eth0: (PCI Express:2.5GT/s:Width x1) 00:1b:21:be:6a:dc
[    5.802029] e1000e 0000:01:00.0 eth0: Intel(R) PRO/1000 Network Connection
[    5.802090] e1000e 0000:01:00.0 eth0: MAC: 3, PHY: 8, PBA No: E46981-005
[    5.838228] Console: switching to colour dummy device 80x25
[    5.844772] fbcon: astdrmfb (fb0) is primary device
[    5.865176] Console: switching to colour frame buffer device 128x48
[    5.876745] SGI XFS with ACLs, security attributes, no debug enabled
[    5.879167] XFS (nvme0n1p3): Mounting V5 Filesystem
[    5.900632] XFS (nvme0n1p3): Ending clean mount
[    5.902456] ast 0000:42:00.0: fb0: astdrmfb frame buffer device
[    5.943017] [drm] Initialized ast 0.1.0 20120228 for 0000:42:00.0 on minor 0
[    6.147423] systemd-journald[382]: Received SIGTERM from PID 1 (systemd).
[    6.159085] systemd: 20 output lines suppressed due to ratelimiting
[    6.186227] systemd[1]: Inserted module 'ip_tables'
[    6.292255] systemd-journald[685]: Received request to flush runtime journal from PID 1
[    6.361738] acpi_cpufreq: overriding BIOS provided _PSD data
[    6.387809] ipmi message handler version 39.2
[    6.439163] ipmi device interface
[    6.443637] shpchp: Standard Hot Plug PCI Controller Driver version: 0.4
[    6.453193] piix4_smbus 0000:00:14.0: SMBus Host Controller at 0xb00, revision 0
[    6.461558] piix4_smbus 0000:00:14.0: Using register 0x02 for SMBus port selection
[    6.470912] IPMI System Interface driver.
[    6.471341] input: PC Speaker as /devices/platform/pcspkr/input/input4
[    6.483219] ipmi_si dmi-ipmi-si.0: ipmi_platform: probing via SMBIOS
[    6.490390] ipmi_si: SMBIOS: io 0xca2 regsize 1 spacing 1 irq 0
[    6.497079] ipmi_si: Adding SMBIOS-specified kcs state machine
[    6.503805] ipmi_si IPI0001:00: ipmi_platform: probing via ACPI
[    6.510552] ipmi_si IPI0001:00: [io  0x0ca2] regsize 1 spacing 1 irq 0
[    6.518592] ipmi_si dmi-ipmi-si.0: Removing SMBIOS-specified kcs state machine in favor of ACPI
[    6.519181] Adding 2097148k swap on /dev/nvme0n1p2.  Priority:-2 extents:1 across:2097148k SSFS
[    6.541921] ccp 0000:02:00.2: enabling device (0000 -> 0002)
[    6.550454] sp5100_tco: SP5100/SB800 TCO WatchDog Timer Driver
[    6.550495] ccp 0000:02:00.2: ccp enabled
[    6.552024] ipmi_si: Adding ACPI-specified kcs state machine
[    6.552208] ipmi_si: Trying ACPI-specified kcs state machine at i/o address 0xca2, slave address 0x20, irq 0
[    6.558702] sp5100-tco sp5100-tco: Using 0xfed80b00 for watchdog MMIO address
[    6.564392] ccp 0000:02:00.2: psp enabled
[    6.571920] sp5100-tco sp5100-tco: Watchdog hardware is disabled
[    6.584071] ccp 0000:02:00.2: enabled
[    6.588834] ipmi_si IPI0001:00: Found new BMC (man_id: 0x00b009, prod_id: 0xfefe, dev_id: 0x22)
[    6.607384] ipmi_si IPI0001:00: IPMI kcs interface initialized
[    6.611645] ccp 0000:03:00.1: enabling device (0000 -> 0002)
[    6.638588] ccp 0000:03:00.1: ccp enabled
[    6.638589] ccp 0000:03:00.1: enabled
[    6.638699] cryptd: max_cpu_qlen set to 1000
[    6.638705] ccp 0000:43:00.2: enabling device (0000 -> 0002)
[    6.639864] ccp 0000:43:00.2: ccp enabled
[    6.639918] ccp 0000:43:00.2: psp enabled
[    6.639921] ccp 0000:43:00.2: enabled
[    6.640527] ccp 0000:44:00.1: enabling device (0000 -> 0002)
[    6.642407] ccp 0000:44:00.1: ccp enabled
[    6.642408] ccp 0000:44:00.1: enabled
[    6.642497] ccp 0000:82:00.2: enabling device (0000 -> 0002)
[    6.643370] ccp 0000:82:00.2: ccp enabled
[    6.643390] ccp 0000:82:00.2: psp enabled
[    6.643391] ccp 0000:82:00.2: enabled
[    6.643482] ccp 0000:83:00.1: enabling device (0000 -> 0002)
[    6.643594] IPMI SSIF Interface driver
[    6.645237] AVX2 version of gcm_enc/dec engaged.
[    6.645238] AES CTR mode by8 optimization enabled
[    6.645434] ccp 0000:83:00.1: ccp enabled
[    6.645436] ccp 0000:83:00.1: enabled
[    6.645497] ccp 0000:c2:00.2: enabling device (0000 -> 0002)
[    6.645999] ccp 0000:c2:00.2: ccp enabled
[    6.646026] ccp 0000:c2:00.2: psp enabled
[    6.646028] ccp 0000:c2:00.2: enabled
[    6.646074] ccp 0000:c3:00.1: enabling device (0000 -> 0002)
[    6.646546] ccp 0000:c3:00.1: ccp enabled
[    6.646547] ccp 0000:c3:00.1: enabled
[    6.655533] ccp 0000:02:00.2: Direct firmware load for amd/sev.fw failed with error -2
[    6.676423] alg: No test for pcbc(aes) (pcbc-aes-aesni)
[    6.680312] ccp 0000:02:00.2: SEV API:0.17 build:1
[    6.897670] kvm: Nested Virtualization enabled
[    6.904111] kvm: Nested Paging enabled
[    6.908953] SVM: Virtual VMLOAD VMSAVE supported
[    6.914738] SVM: Virtual GIF supported
[    6.924213] EDAC amd64: Node 0: DRAM ECC enabled.
[    6.925100] FAT-fs (nvme0n1p1): Volume was not properly unmounted. Some data may be corrupt. Please run fsck.
[    6.930114] EDAC amd64: F17h detected (node 0).
[    6.948280] EDAC DEBUG: reserve_mc_sibling_devs: F0: 0000:00:18.0
[    6.948282] EDAC DEBUG: reserve_mc_sibling_devs: F3: 0000:00:18.3
[    6.948283] EDAC DEBUG: reserve_mc_sibling_devs: F6: 0000:00:18.6
[    6.948284] EDAC DEBUG: read_mc_regs:   TOP_MEM:  0x00000000d0000000
[    6.948285] EDAC DEBUG: read_mc_regs:   TOP_MEM2: 0x0000002030000000
[    6.948299] EDAC DEBUG: read_dct_base_mask:   DCSB0[0]=0x00000001 reg: 0x50000
[    6.948302] EDAC DEBUG: read_dct_base_mask:   DCSB1[0]=0x00000001 reg: 0x150000
[    6.948304] EDAC DEBUG: read_dct_base_mask:   DCSB0[1]=0x00000000 reg: 0x50004
[    6.948306] EDAC DEBUG: read_dct_base_mask:   DCSB1[1]=0x00000000 reg: 0x150004
[    6.948307] EDAC DEBUG: read_dct_base_mask:   DCSB0[2]=0x00000000 reg: 0x50008
[    6.948309] EDAC DEBUG: read_dct_base_mask:   DCSB1[2]=0x00000000 reg: 0x150008
[    6.948311] EDAC DEBUG: read_dct_base_mask:   DCSB0[3]=0x00000000 reg: 0x5000c
[    6.948313] EDAC DEBUG: read_dct_base_mask:   DCSB1[3]=0x00000000 reg: 0x15000c
[    6.948314] EDAC DEBUG: read_dct_base_mask:   DCSB0[4]=0x00000000 reg: 0x50010
[    6.948316] EDAC DEBUG: read_dct_base_mask:   DCSB1[4]=0x00000000 reg: 0x150010
[    6.948318] EDAC DEBUG: read_dct_base_mask:   DCSB0[5]=0x00000000 reg: 0x50014
[    6.948319] EDAC DEBUG: read_dct_base_mask:   DCSB1[5]=0x00000000 reg: 0x150014
[    6.948322] EDAC DEBUG: read_dct_base_mask:   DCSB0[6]=0x00000000 reg: 0x50018
[    6.948324] EDAC DEBUG: read_dct_base_mask:   DCSB1[6]=0x00000000 reg: 0x150018
[    6.948325] EDAC DEBUG: read_dct_base_mask:   DCSB0[7]=0x00000000 reg: 0x5001c
[    6.948327] EDAC DEBUG: read_dct_base_mask:   DCSB1[7]=0x00000000 reg: 0x15001c
[    6.948329] EDAC DEBUG: read_dct_base_mask:     DCSM0[0]=0x03fffffe reg: 0x50020
[    6.948331] EDAC DEBUG: read_dct_base_mask:     DCSM1[0]=0x03fffffe reg: 0x150020
[    6.948333] EDAC DEBUG: read_dct_base_mask:     DCSM0[1]=0x00000000 reg: 0x50024
[    6.948334] EDAC DEBUG: read_dct_base_mask:     DCSM1[1]=0x00000000 reg: 0x150024
[    6.948336] EDAC DEBUG: read_dct_base_mask:     DCSM0[2]=0x00000000 reg: 0x50028
[    6.948338] EDAC DEBUG: read_dct_base_mask:     DCSM1[2]=0x00000000 reg: 0x150028
[    6.948339] EDAC DEBUG: read_dct_base_mask:     DCSM0[3]=0x00000000 reg: 0x5002c
[    6.948341] EDAC DEBUG: read_dct_base_mask:     DCSM1[3]=0x00000000 reg: 0x15002c
[    6.948342] EDAC DEBUG: read_mc_regs:   DIMM type: Registered-DDR4
[    6.948343] EDAC DEBUG: __dump_misc_regs_df: UMC0 DIMM cfg: 0x52
[    6.948343] EDAC DEBUG: __dump_misc_regs_df: UMC0 UMC cfg: 0x80001200
[    6.948344] EDAC DEBUG: __dump_misc_regs_df: UMC0 SDP ctrl: 0xb0408083
[    6.948345] EDAC DEBUG: __dump_misc_regs_df: UMC0 ECC ctrl: 0x4f1
[    6.948346] EDAC DEBUG: __dump_misc_regs_df: UMC0 ECC bad symbol: 0x0
[    6.948348] EDAC DEBUG: __dump_misc_regs_df: UMC0 UMC cap: 0xfe28
[    6.948349] EDAC DEBUG: __dump_misc_regs_df: UMC0 UMC cap high: 0xc0000028
[    6.948349] EDAC DEBUG: __dump_misc_regs_df: UMC0 ECC capable: yes, ChipKill ECC capable: yes
[    6.948350] EDAC DEBUG: __dump_misc_regs_df: UMC0 All DIMMs support ECC: yes
[    6.948351] EDAC DEBUG: __dump_misc_regs_df: UMC0 x4 DIMMs present: yes
[    6.948351] EDAC DEBUG: __dump_misc_regs_df: UMC0 x16 DIMMs present: no
[    6.948351] EDAC MC: UMC0 chip selects:
[    6.948352] EDAC DEBUG: f17_base_addr_to_cs_size: BaseAddr: 0x1, AddrMask: 0x3fffffe
[    6.948353] EDAC amd64: MC: 0: 16384MB 1:     0MB
[    6.954289] EDAC amd64: MC: 2:     0MB 3:     0MB
[    6.960196] EDAC amd64: MC: 4:     0MB 5:     0MB
[    6.965943] EDAC amd64: MC: 6:     0MB 7:     0MB
[    6.971665] EDAC DEBUG: __dump_misc_regs_df: UMC1 DIMM cfg: 0x52
[    6.971666] EDAC DEBUG: __dump_misc_regs_df: UMC1 UMC cfg: 0x80001200
[    6.971666] EDAC DEBUG: __dump_misc_regs_df: UMC1 SDP ctrl: 0xb0408083
[    6.971667] EDAC DEBUG: __dump_misc_regs_df: UMC1 ECC ctrl: 0x4f1
[    6.971684] EDAC DEBUG: __dump_misc_regs_df: UMC1 ECC bad symbol: 0x0
[    6.971686] EDAC DEBUG: __dump_misc_regs_df: UMC1 UMC cap: 0xfe28
[    6.971687] EDAC DEBUG: __dump_misc_regs_df: UMC1 UMC cap high: 0xc0000028
[    6.971688] EDAC DEBUG: __dump_misc_regs_df: UMC1 ECC capable: yes, ChipKill ECC capable: yes
[    6.971688] EDAC DEBUG: __dump_misc_regs_df: UMC1 All DIMMs support ECC: yes
[    6.971689] EDAC DEBUG: __dump_misc_regs_df: UMC1 x4 DIMMs present: yes
[    6.971689] EDAC DEBUG: __dump_misc_regs_df: UMC1 x16 DIMMs present: no
[    6.971690] EDAC MC: UMC1 chip selects:
[    6.971690] EDAC DEBUG: f17_base_addr_to_cs_size: BaseAddr: 0x1, AddrMask: 0x3fffffe
[    6.971691] EDAC amd64: MC: 0: 16384MB 1:     0MB
[    6.977934] EDAC amd64: MC: 2:     0MB 3:     0MB
[    6.984127] EDAC amd64: MC: 4:     0MB 5:     0MB
[    6.990296] EDAC amd64: MC: 6:     0MB 7:     0MB
[    6.996415] EDAC DEBUG: __dump_misc_regs_df: F0x104 (DRAM Hole Address): 0xd0000001, base: 0xd0000000
[    6.996417] EDAC DEBUG: dump_misc_regs:   DramHoleValid: yes
[    6.996418] EDAC amd64: using x8 syndromes.
[    7.001926] EDAC amd64: MCT channel count: 2
[    7.007532] EDAC DEBUG: edac_mc_alloc: allocating 1992 bytes for mci data (16 ranks, 16 csrows/channels)
[    7.007611] EDAC DEBUG: init_csrows: MC node: 0, csrow: 0
[    7.007614] EDAC DEBUG: f17_base_addr_to_cs_size: BaseAddr: 0x1, AddrMask: 0x3fffffe
[    7.007616] EDAC DEBUG: get_csrow_nr_pages: csrow: 0, channel: 0, DBAM idx: 0
[    7.007617] EDAC DEBUG: get_csrow_nr_pages: nr_pages/channel: 4194304
[    7.007619] EDAC DEBUG: f17_base_addr_to_cs_size: BaseAddr: 0x1, AddrMask: 0x3fffffe
[    7.007621] EDAC DEBUG: get_csrow_nr_pages: csrow: 0, channel: 1, DBAM idx: 0
[    7.007623] EDAC DEBUG: get_csrow_nr_pages: nr_pages/channel: 4194304
[    7.007624] EDAC DEBUG: init_csrows: Total csrow0 pages: 8388608
[    7.007625] EDAC DEBUG: edac_mc_add_mc_with_groups: 
[    7.007629] EDAC DEBUG: edac_create_sysfs_mci_device: creating bus mc0
[    7.007668] EDAC DEBUG: edac_create_sysfs_mci_device: creating device mc0
[    7.007719] EDAC DEBUG: edac_create_sysfs_mci_device: creating dimm0, located at csrow 0 channel 0 
[    7.007759] EDAC DEBUG: edac_create_dimm_object: creating rank/dimm device rank0
[    7.007760] EDAC DEBUG: edac_create_sysfs_mci_device: creating dimm1, located at csrow 0 channel 1 
[    7.007797] EDAC DEBUG: edac_create_dimm_object: creating rank/dimm device rank1
[    7.007801] EDAC DEBUG: edac_create_csrow_object: creating (virtual) csrow node csrow0
[    7.007863] EDAC MC0: Giving out device to module amd64_edac controller F17h: DEV 0000:00:18.3 (INTERRUPT)
[    7.019584] EDAC amd64: Node 1: DRAM ECC enabled.
[    7.025791] EDAC amd64: F17h detected (node 1).
[    7.031766] EDAC DEBUG: reserve_mc_sibling_devs: F0: 0000:00:19.0
[    7.031768] EDAC DEBUG: reserve_mc_sibling_devs: F3: 0000:00:19.3
[    7.031770] EDAC DEBUG: reserve_mc_sibling_devs: F6: 0000:00:19.6
[    7.031772] EDAC DEBUG: read_mc_regs:   TOP_MEM:  0x00000000d0000000
[    7.031773] EDAC DEBUG: read_mc_regs:   TOP_MEM2: 0x0000002030000000
[    7.031794] EDAC DEBUG: read_dct_base_mask:   DCSB0[0]=0x00000001 reg: 0x50000
[    7.031798] EDAC DEBUG: read_dct_base_mask:   DCSB1[0]=0x00000001 reg: 0x150000
[    7.031801] EDAC DEBUG: read_dct_base_mask:   DCSB0[1]=0x00000000 reg: 0x50004
[    7.031804] EDAC DEBUG: read_dct_base_mask:   DCSB1[1]=0x00000000 reg: 0x150004
[    7.031807] EDAC DEBUG: read_dct_base_mask:   DCSB0[2]=0x00000000 reg: 0x50008
[    7.031810] EDAC DEBUG: read_dct_base_mask:   DCSB1[2]=0x00000000 reg: 0x150008
[    7.031813] EDAC DEBUG: read_dct_base_mask:   DCSB0[3]=0x00000000 reg: 0x5000c
[    7.031816] EDAC DEBUG: read_dct_base_mask:   DCSB1[3]=0x00000000 reg: 0x15000c
[    7.031819] EDAC DEBUG: read_dct_base_mask:   DCSB0[4]=0x00000000 reg: 0x50010
[    7.031822] EDAC DEBUG: read_dct_base_mask:   DCSB1[4]=0x00000000 reg: 0x150010
[    7.031825] EDAC DEBUG: read_dct_base_mask:   DCSB0[5]=0x00000000 reg: 0x50014
[    7.031828] EDAC DEBUG: read_dct_base_mask:   DCSB1[5]=0x00000000 reg: 0x150014
[    7.031831] EDAC DEBUG: read_dct_base_mask:   DCSB0[6]=0x00000000 reg: 0x50018
[    7.031834] EDAC DEBUG: read_dct_base_mask:   DCSB1[6]=0x00000000 reg: 0x150018
[    7.031837] EDAC DEBUG: read_dct_base_mask:   DCSB0[7]=0x00000000 reg: 0x5001c
[    7.031839] EDAC DEBUG: read_dct_base_mask:   DCSB1[7]=0x00000000 reg: 0x15001c
[    7.031843] EDAC DEBUG: read_dct_base_mask:     DCSM0[0]=0x03fffffe reg: 0x50020
[    7.031846] EDAC DEBUG: read_dct_base_mask:     DCSM1[0]=0x03fffffe reg: 0x150020
[    7.031849] EDAC DEBUG: read_dct_base_mask:     DCSM0[1]=0x00000000 reg: 0x50024
[    7.031852] EDAC DEBUG: read_dct_base_mask:     DCSM1[1]=0x00000000 reg: 0x150024
[    7.031855] EDAC DEBUG: read_dct_base_mask:     DCSM0[2]=0x00000000 reg: 0x50028
[    7.031858] EDAC DEBUG: read_dct_base_mask:     DCSM1[2]=0x00000000 reg: 0x150028
[    7.031861] EDAC DEBUG: read_dct_base_mask:     DCSM0[3]=0x00000000 reg: 0x5002c
[    7.031864] EDAC DEBUG: read_dct_base_mask:     DCSM1[3]=0x00000000 reg: 0x15002c
[    7.031865] EDAC DEBUG: read_mc_regs:   DIMM type: Registered-DDR4
[    7.031867] EDAC DEBUG: __dump_misc_regs_df: UMC0 DIMM cfg: 0x52
[    7.031868] EDAC DEBUG: __dump_misc_regs_df: UMC0 UMC cfg: 0x80001200
[    7.031869] EDAC DEBUG: __dump_misc_regs_df: UMC0 SDP ctrl: 0xb0408083
[    7.031871] EDAC DEBUG: __dump_misc_regs_df: UMC0 ECC ctrl: 0x4f1
[    7.031874] EDAC DEBUG: __dump_misc_regs_df: UMC0 ECC bad symbol: 0x0
[    7.031876] EDAC DEBUG: __dump_misc_regs_df: UMC0 UMC cap: 0xfe28
[    7.031878] EDAC DEBUG: __dump_misc_regs_df: UMC0 UMC cap high: 0xc0000028
[    7.031879] EDAC DEBUG: __dump_misc_regs_df: UMC0 ECC capable: yes, ChipKill ECC capable: yes
[    7.031881] EDAC DEBUG: __dump_misc_regs_df: UMC0 All DIMMs support ECC: yes
[    7.031882] EDAC DEBUG: __dump_misc_regs_df: UMC0 x4 DIMMs present: yes
[    7.031883] EDAC DEBUG: __dump_misc_regs_df: UMC0 x16 DIMMs present: no
[    7.031884] EDAC MC: UMC0 chip selects:
[    7.031885] EDAC DEBUG: f17_base_addr_to_cs_size: BaseAddr: 0x1, AddrMask: 0x3fffffe
[    7.031887] EDAC amd64: MC: 0: 16384MB 1:     0MB
[    7.037540] EDAC amd64: MC: 2:     0MB 3:     0MB
[    7.043189] EDAC amd64: MC: 4:     0MB 5:     0MB
[    7.048837] EDAC amd64: MC: 6:     0MB 7:     0MB
[    7.054481] EDAC DEBUG: __dump_misc_regs_df: UMC1 DIMM cfg: 0x52
[    7.054482] EDAC DEBUG: __dump_misc_regs_df: UMC1 UMC cfg: 0x80001200
[    7.054483] EDAC DEBUG: __dump_misc_regs_df: UMC1 SDP ctrl: 0xb0408083
[    7.054483] EDAC DEBUG: __dump_misc_regs_df: UMC1 ECC ctrl: 0x4f1
[    7.054499] EDAC DEBUG: __dump_misc_regs_df: UMC1 ECC bad symbol: 0x0
[    7.054502] EDAC DEBUG: __dump_misc_regs_df: UMC1 UMC cap: 0xfe28
[    7.054503] EDAC DEBUG: __dump_misc_regs_df: UMC1 UMC cap high: 0xc0000028
[    7.054509] EDAC DEBUG: __dump_misc_regs_df: UMC1 ECC capable: yes, ChipKill ECC capable: yes
[    7.054510] EDAC DEBUG: __dump_misc_regs_df: UMC1 All DIMMs support ECC: yes
[    7.054511] EDAC DEBUG: __dump_misc_regs_df: UMC1 x4 DIMMs present: yes
[    7.054513] EDAC DEBUG: __dump_misc_regs_df: UMC1 x16 DIMMs present: no
[    7.054513] EDAC MC: UMC1 chip selects:
[    7.054514] EDAC DEBUG: f17_base_addr_to_cs_size: BaseAddr: 0x1, AddrMask: 0x3fffffe
[    7.054515] EDAC amd64: MC: 0: 16384MB 1:     0MB
[    7.060637] EDAC amd64: MC: 2:     0MB 3:     0MB
[    7.066748] EDAC amd64: MC: 4:     0MB 5:     0MB
[    7.072845] EDAC amd64: MC: 6:     0MB 7:     0MB
[    7.078921] EDAC DEBUG: __dump_misc_regs_df: F0x104 (DRAM Hole Address): 0xd0000001, base: 0xd0000000
[    7.078923] EDAC DEBUG: dump_misc_regs:   DramHoleValid: yes
[    7.078924] EDAC amd64: using x8 syndromes.
[    7.084428] EDAC amd64: MCT channel count: 2
[    7.090050] EDAC DEBUG: edac_mc_alloc: allocating 1992 bytes for mci data (16 ranks, 16 csrows/channels)
[    7.090102] EDAC DEBUG: init_csrows: MC node: 1, csrow: 0
[    7.090105] EDAC DEBUG: f17_base_addr_to_cs_size: BaseAddr: 0x1, AddrMask: 0x3fffffe
[    7.090107] EDAC DEBUG: get_csrow_nr_pages: csrow: 0, channel: 0, DBAM idx: 0
[    7.090108] EDAC DEBUG: get_csrow_nr_pages: nr_pages/channel: 4194304
[    7.090110] EDAC DEBUG: f17_base_addr_to_cs_size: BaseAddr: 0x1, AddrMask: 0x3fffffe
[    7.090111] EDAC DEBUG: get_csrow_nr_pages: csrow: 0, channel: 1, DBAM idx: 0
[    7.090112] EDAC DEBUG: get_csrow_nr_pages: nr_pages/channel: 4194304
[    7.090114] EDAC DEBUG: init_csrows: Total csrow0 pages: 8388608
[    7.090115] EDAC DEBUG: edac_mc_add_mc_with_groups: 
[    7.090118] EDAC DEBUG: edac_create_sysfs_mci_device: creating bus mc1
[    7.090147] EDAC DEBUG: edac_create_sysfs_mci_device: creating device mc1
[    7.090198] EDAC DEBUG: edac_create_sysfs_mci_device: creating dimm0, located at csrow 0 channel 0 
[    7.090236] EDAC DEBUG: edac_create_dimm_object: creating rank/dimm device rank0
[    7.090238] EDAC DEBUG: edac_create_sysfs_mci_device: creating dimm1, located at csrow 0 channel 1 
[    7.090274] EDAC DEBUG: edac_create_dimm_object: creating rank/dimm device rank1
[    7.090281] EDAC DEBUG: edac_create_csrow_object: creating (virtual) csrow node csrow0
[    7.090333] EDAC MC1: Giving out device to module amd64_edac controller F17h: DEV 0000:00:19.3 (INTERRUPT)
[    7.102063] EDAC amd64: Node 2: DRAM ECC enabled.
[    7.108249] EDAC amd64: F17h detected (node 2).
[    7.113736] EDAC DEBUG: reserve_mc_sibling_devs: F0: 0000:00:1a.0
[    7.113737] EDAC DEBUG: reserve_mc_sibling_devs: F3: 0000:00:1a.3
[    7.113737] EDAC DEBUG: reserve_mc_sibling_devs: F6: 0000:00:1a.6
[    7.113738] EDAC DEBUG: read_mc_regs:   TOP_MEM:  0x00000000d0000000
[    7.113739] EDAC DEBUG: read_mc_regs:   TOP_MEM2: 0x0000002030000000
[    7.113752] EDAC DEBUG: read_dct_base_mask:   DCSB0[0]=0x00000001 reg: 0x50000
[    7.113754] EDAC DEBUG: read_dct_base_mask:   DCSB1[0]=0x00000001 reg: 0x150000
[    7.113756] EDAC DEBUG: read_dct_base_mask:   DCSB0[1]=0x00000000 reg: 0x50004
[    7.113758] EDAC DEBUG: read_dct_base_mask:   DCSB1[1]=0x00000000 reg: 0x150004
[    7.113759] EDAC DEBUG: read_dct_base_mask:   DCSB0[2]=0x00000000 reg: 0x50008
[    7.113761] EDAC DEBUG: read_dct_base_mask:   DCSB1[2]=0x00000000 reg: 0x150008
[    7.113766] EDAC DEBUG: read_dct_base_mask:   DCSB0[3]=0x00000000 reg: 0x5000c
[    7.113768] EDAC DEBUG: read_dct_base_mask:   DCSB1[3]=0x00000000 reg: 0x15000c
