[    0.000000] Linux version 4.17.0-amdsos-build6+ (jenkins@sos-jenkins-s0) (gcc version 7.3.0 (Ubuntu 7.3.0-16ubuntu3)) #1 SMP Fri Jul 13 15:55:15 UTC 2018
[    0.000000] Command line: BOOT_IMAGE=/boot/vmlinuz-4.17.0-amdsos-build6+ root=UUID=2cf55431-51e4-4433-909a-02e081e6587f ro crashkernel=auto rhgb net.ifnames=0 ras=cec_disable selinux=0 console=tty0 console=ttyS0,115200n8 earlyprintk
[    0.000000] x86/fpu: Supporting XSAVE feature 0x001: 'x87 floating point registers'
[    0.000000] x86/fpu: Supporting XSAVE feature 0x002: 'SSE registers'
[    0.000000] x86/fpu: Supporting XSAVE feature 0x004: 'AVX registers'
[    0.000000] x86/fpu: xstate_offset[2]:  576, xstate_sizes[2]:  256
[    0.000000] x86/fpu: Enabled xstate features 0x7, context size is 832 bytes, using 'compacted' format.
[    0.000000] e820: BIOS-provided physical RAM map:
[    0.000000] BIOS-e820: [mem 0x0000000000000000-0x000000000009ffff] usable
[    0.000000] BIOS-e820: [mem 0x00000000000a0000-0x00000000000fffff] reserved
[    0.000000] BIOS-e820: [mem 0x0000000000100000-0x0000000075daffff] usable
[    0.000000] BIOS-e820: [mem 0x0000000075db0000-0x0000000075ffffff] reserved
[    0.000000] BIOS-e820: [mem 0x0000000076000000-0x00000000c8dccfff] usable
[    0.000000] BIOS-e820: [mem 0x00000000c8dcd000-0x00000000ca23afff] reserved
[    0.000000] BIOS-e820: [mem 0x00000000ca23b000-0x00000000ca30efff] usable
[    0.000000] BIOS-e820: [mem 0x00000000ca30f000-0x00000000ca667fff] ACPI NVS
[    0.000000] BIOS-e820: [mem 0x00000000ca668000-0x00000000cae6cfff] reserved
[    0.000000] BIOS-e820: [mem 0x00000000cae6d000-0x00000000cbffffff] usable
[    0.000000] BIOS-e820: [mem 0x00000000cc000000-0x00000000cfffffff] reserved
[    0.000000] BIOS-e820: [mem 0x00000000d5100000-0x00000000d527ffff] reserved
[    0.000000] BIOS-e820: [mem 0x00000000d52f0000-0x00000000d52f0fff] reserved
[    0.000000] BIOS-e820: [mem 0x00000000d5800000-0x00000000d597ffff] reserved
[    0.000000] BIOS-e820: [mem 0x00000000d59f0000-0x00000000d59f0fff] reserved
[    0.000000] BIOS-e820: [mem 0x00000000d7e00000-0x00000000d7f7ffff] reserved
[    0.000000] BIOS-e820: [mem 0x00000000d7ff0000-0x00000000d7ff0fff] reserved
[    0.000000] BIOS-e820: [mem 0x00000000df900000-0x00000000df97ffff] reserved
[    0.000000] BIOS-e820: [mem 0x00000000df9f0000-0x00000000df9f0fff] reserved
[    0.000000] BIOS-e820: [mem 0x00000000fea00000-0x00000000feafffff] reserved
[    0.000000] BIOS-e820: [mem 0x00000000fec00000-0x00000000fec00fff] reserved
[    0.000000] BIOS-e820: [mem 0x00000000fec10000-0x00000000fec10fff] reserved
[    0.000000] BIOS-e820: [mem 0x00000000fed00000-0x00000000fed00fff] reserved
[    0.000000] BIOS-e820: [mem 0x00000000fed40000-0x00000000fed44fff] reserved
[    0.000000] BIOS-e820: [mem 0x00000000fed80000-0x00000000fed8ffff] reserved
[    0.000000] BIOS-e820: [mem 0x00000000fedc0000-0x00000000fedc0fff] reserved
[    0.000000] BIOS-e820: [mem 0x00000000fedc2000-0x00000000fedc5fff] reserved
[    0.000000] BIOS-e820: [mem 0x00000000fedc7000-0x00000000fedc7fff] reserved
[    0.000000] BIOS-e820: [mem 0x00000000fedc9000-0x00000000fedcafff] reserved
[    0.000000] BIOS-e820: [mem 0x00000000fee00000-0x00000000feefffff] reserved
[    0.000000] BIOS-e820: [mem 0x00000000ff000000-0x00000000ffffffff] reserved
[    0.000000] BIOS-e820: [mem 0x0000000100000000-0x000000082f37ffff] usable
[    0.000000] BIOS-e820: [mem 0x000000082f380000-0x000000082fffffff] reserved
[    0.000000] BIOS-e820: [mem 0x0000000830000000-0x000000102ff7ffff] usable
[    0.000000] BIOS-e820: [mem 0x000000102ff80000-0x000000102fffffff] reserved
[    0.000000] BIOS-e820: [mem 0x0000001030000000-0x000000182ff7ffff] usable
[    0.000000] BIOS-e820: [mem 0x000000182ff80000-0x000000182fffffff] reserved
[    0.000000] BIOS-e820: [mem 0x0000001830000000-0x000000202ff7ffff] usable
[    0.000000] BIOS-e820: [mem 0x000000202ff80000-0x000000202fffffff] reserved
[    0.000000] NX (Execute Disable) protection: active
[    0.000000] e820: update [mem 0x93836018-0x93866457] usable ==> usable
[    0.000000] e820: update [mem 0x93836018-0x93866457] usable ==> usable
[    0.000000] e820: update [mem 0x93825018-0x93835857] usable ==> usable
[    0.000000] e820: update [mem 0x93825018-0x93835857] usable ==> usable
[    0.000000] extended physical RAM map:
[    0.000000] reserve setup_data: [mem 0x0000000000000000-0x000000000009ffff] usable
[    0.000000] reserve setup_data: [mem 0x00000000000a0000-0x00000000000fffff] reserved
[    0.000000] reserve setup_data: [mem 0x0000000000100000-0x0000000075daffff] usable
[    0.000000] reserve setup_data: [mem 0x0000000075db0000-0x0000000075ffffff] reserved
[    0.000000] reserve setup_data: [mem 0x0000000076000000-0x0000000093825017] usable
[    0.000000] reserve setup_data: [mem 0x0000000093825018-0x0000000093835857] usable
[    0.000000] reserve setup_data: [mem 0x0000000093835858-0x0000000093836017] usable
[    0.000000] reserve setup_data: [mem 0x0000000093836018-0x0000000093866457] usable
[    0.000000] reserve setup_data: [mem 0x0000000093866458-0x00000000c8dccfff] usable
[    0.000000] reserve setup_data: [mem 0x00000000c8dcd000-0x00000000ca23afff] reserved
[    0.000000] reserve setup_data: [mem 0x00000000ca23b000-0x00000000ca30efff] usable
[    0.000000] reserve setup_data: [mem 0x00000000ca30f000-0x00000000ca667fff] ACPI NVS
[    0.000000] reserve setup_data: [mem 0x00000000ca668000-0x00000000cae6cfff] reserved
[    0.000000] reserve setup_data: [mem 0x00000000cae6d000-0x00000000cbffffff] usable
[    0.000000] reserve setup_data: [mem 0x00000000cc000000-0x00000000cfffffff] reserved
[    0.000000] reserve setup_data: [mem 0x00000000d5100000-0x00000000d527ffff] reserved
[    0.000000] reserve setup_data: [mem 0x00000000d52f0000-0x00000000d52f0fff] reserved
[    0.000000] reserve setup_data: [mem 0x00000000d5800000-0x00000000d597ffff] reserved
[    0.000000] reserve setup_data: [mem 0x00000000d59f0000-0x00000000d59f0fff] reserved
[    0.000000] reserve setup_data: [mem 0x00000000d7e00000-0x00000000d7f7ffff] reserved
[    0.000000] reserve setup_data: [mem 0x00000000d7ff0000-0x00000000d7ff0fff] reserved
[    0.000000] reserve setup_data: [mem 0x00000000df900000-0x00000000df97ffff] reserved
[    0.000000] reserve setup_data: [mem 0x00000000df9f0000-0x00000000df9f0fff] reserved
[    0.000000] reserve setup_data: [mem 0x00000000fea00000-0x00000000feafffff] reserved
[    0.000000] reserve setup_data: [mem 0x00000000fec00000-0x00000000fec00fff] reserved
[    0.000000] reserve setup_data: [mem 0x00000000fec10000-0x00000000fec10fff] reserved
[    0.000000] reserve setup_data: [mem 0x00000000fed00000-0x00000000fed00fff] reserved
[    0.000000] reserve setup_data: [mem 0x00000000fed40000-0x00000000fed44fff] reserved
[    0.000000] reserve setup_data: [mem 0x00000000fed80000-0x00000000fed8ffff] reserved
[    0.000000] reserve setup_data: [mem 0x00000000fedc0000-0x00000000fedc0fff] reserved
[    0.000000] reserve setup_data: [mem 0x00000000fedc2000-0x00000000fedc5fff] reserved
[    0.000000] reserve setup_data: [mem 0x00000000fedc7000-0x00000000fedc7fff] reserved
[    0.000000] reserve setup_data: [mem 0x00000000fedc9000-0x00000000fedcafff] reserved
[    0.000000] reserve setup_data: [mem 0x00000000fee00000-0x00000000feefffff] reserved
[    0.000000] reserve setup_data: [mem 0x00000000ff000000-0x00000000ffffffff] reserved
[    0.000000] reserve setup_data: [mem 0x0000000100000000-0x000000082f37ffff] usable
[    0.000000] reserve setup_data: [mem 0x000000082f380000-0x000000082fffffff] reserved
[    0.000000] reserve setup_data: [mem 0x0000000830000000-0x000000102ff7ffff] usable
[    0.000000] reserve setup_data: [mem 0x000000102ff80000-0x000000102fffffff] reserved
[    0.000000] reserve setup_data: [mem 0x0000001030000000-0x000000182ff7ffff] usable
[    0.000000] reserve setup_data: [mem 0x000000182ff80000-0x000000182fffffff] reserved
[    0.000000] reserve setup_data: [mem 0x0000001830000000-0x000000202ff7ffff] usable
[    0.000000] reserve setup_data: [mem 0x000000202ff80000-0x000000202fffffff] reserved
[    0.000000] efi: EFI v2.60 by American Megatrends
[    0.000000] efi:  ACPI 2.0=0xca30f000  ACPI=0xca30f000  SMBIOS=0xcacee000  SMBIOS 3.0=0xcaced000  MEMATTR=0xc5b7a018  MPS=0xfca20  ESRT=0xc6143898 
[    0.000000] SMBIOS 3.1.1 present.
[    0.000000] DMI: To be filled by O.E.M. To be filled by O.E.M./To be filled by O.E.M., BIOS 5.13 08/29/2018
[    0.000000] e820: update [mem 0x00000000-0x00000fff] usable ==> reserved
[    0.000000] e820: remove [mem 0x000a0000-0x000fffff] usable
[    0.000000] e820: last_pfn = 0x202ff80 max_arch_pfn = 0x400000000
[    0.000000] MTRR default type: uncachable
[    0.000000] MTRR fixed ranges enabled:
[    0.000000]   00000-9FFFF write-back
[    0.000000]   A0000-BFFFF write-through
[    0.000000]   C0000-FFFFF write-protect
[    0.000000] MTRR variable ranges enabled:
[    0.000000]   0 base 000000000000 mask FFFF80000000 write-back
[    0.000000]   1 base 000080000000 mask FFFFC0000000 write-back
[    0.000000]   2 base 0000C0000000 mask FFFFF0000000 write-back
[    0.000000]   3 base 0000CC000000 mask FFFFFC000000 uncachable
[    0.000000]   4 disabled
[    0.000000]   5 disabled
[    0.000000]   6 disabled
[    0.000000]   7 disabled
[    0.000000] TOM2: 0000002030000000 aka 131840M
[    0.000000] x86/PAT: Configuration [0-7]: WB  WC  UC- UC  WB  WP  UC- WT  
[    0.000000] total RAM covered: 3264M
[    0.000000] Found optimal setting for mtrr clean up
[    0.000000]  gran_size: 64K 	chunk_size: 64K 	num_reg: 4  	lose cover RAM: 0G
[    0.000000] e820: update [mem 0xcc000000-0xffffffff] usable ==> reserved
[    0.000000] e820: last_pfn = 0xcc000 max_arch_pfn = 0x400000000
[    0.000000] found SMP MP-table at [mem 0x000fd020-0x000fd02f] mapped at [        (ptrval)]
[    0.000000] esrt: Reserving ESRT space from 0x00000000c6143898 to 0x00000000c61438d0.
[    0.000000] Base memory trampoline at [        (ptrval)] 94000 size 24576
[    0.000000] Using GB pages for direct mapping
[    0.000000] BRK [0x100b6b6000, 0x100b6b6fff] PGTABLE
[    0.000000] BRK [0x100b6b7000, 0x100b6b7fff] PGTABLE
[    0.000000] BRK [0x100b6b8000, 0x100b6b8fff] PGTABLE
[    0.000000] BRK [0x100b6b9000, 0x100b6b9fff] PGTABLE
[    0.000000] BRK [0x100b6ba000, 0x100b6bafff] PGTABLE
[    0.000000] BRK [0x100b6bb000, 0x100b6bbfff] PGTABLE
[    0.000000] BRK [0x100b6bc000, 0x100b6bcfff] PGTABLE
[    0.000000] BRK [0x100b6bd000, 0x100b6bdfff] PGTABLE
[    0.000000] BRK [0x100b6be000, 0x100b6befff] PGTABLE
[    0.000000] BRK [0x100b6bf000, 0x100b6bffff] PGTABLE
[    0.000000] BRK [0x100b6c0000, 0x100b6c0fff] PGTABLE
[    0.000000] BRK [0x100b6c1000, 0x100b6c1fff] PGTABLE
[    0.000000] Secure boot disabled
[    0.000000] RAMDISK: [mem 0x3c4ea000-0x3e2f5fff]
[    0.000000] ACPI: Early table checksum verification disabled
[    0.000000] ACPI: RSDP 0x00000000CA30F000 000024 (v02 AMD   )
[    0.000000] ACPI: XSDT 0x00000000CA30F0B0 0000E4 (v01 AMD    DIESEL   03242016 AMI  00010013)
[    0.000000] ACPI: FACP 0x00000000CA31A048 000114 (v06 AMD    DIESEL   03242016 AMI  00010013)
[    0.000000] ACPI: DSDT 0x00000000CA30F230 00AE14 (v02 AMD    DIESEL   03242016 INTL 20120913)
[    0.000000] ACPI: FACS 0x00000000CA667E80 000040
[    0.000000] ACPI: APIC 0x00000000CA31A160 000182 (v04 AMD    DIESEL   03242016 AMI  00010013)
[    0.000000] ACPI: FPDT 0x00000000CA31A2E8 000044 (v01 AMD    DIESEL   03242016 AMI  00010013)
[    0.000000] ACPI: FIDT 0x00000000CA31A330 00009C (v01 AMD    DIESEL   03242016 AMI  00010013)
[    0.000000] ACPI: SSDT 0x00000000CA31A3D0 0000D2 (v02 AMD    AMD ALIB 00000002 MSFT 04000000)
[    0.000000] ACPI: SPMI 0x00000000CA31A4A8 000041 (v05 AMD    DIESEL   00000000 AMI. 00000000)
[    0.000000] ACPI: SSDT 0x00000000CA31A4F0 0001CC (v02 AMD    CPUSSDT  03242016 AMI  03242016)
[    0.000000] ACPI: MCFG 0x00000000CA31A6C0 00003C (v01 AMD    DIESEL   03242016 MSFT 00010013)
[    0.000000] ACPI: SSDT 0x00000000CA31A700 004604 (v01 AMD    AMD CPU  00000001 AMD  00000001)
[    0.000000] ACPI: SRAT 0x00000000CA31ED08 000398 (v03 AMD    AMD SRAT 00000001 AMD  00000001)
[    0.000000] ACPI: MSCT 0x00000000CA31F0A0 000064 (v01 AMD    AMD MSCT 00000000 AMD  00000001)
[    0.000000] ACPI: SLIT 0x00000000CA31F108 00003C (v01 AMD    AMD SLIT 00000001 AMD  00000001)
[    0.000000] ACPI: CRAT 0x00000000CA31F148 002060 (v01 AMD    AMD CRAT 00000001 AMD  00000001)
[    0.000000] ACPI: CDIT 0x00000000CA3211A8 000038 (v01 AMD    AMD CDIT 00000001 AMD  00000001)
[    0.000000] ACPI: BERT 0x00000000CA3211E0 000030 (v01 AMD    AMD BERT 00000001 AMD  00000001)
[    0.000000] ACPI: EINJ 0x00000000CA321210 000150 (v01 AMD    AMD EINJ 00000001 AMD  00000001)
[    0.000000] ACPI: HEST 0x00000000CA321360 000608 (v01 AMD    AMD HEST 00000001 AMD  00000001)
[    0.000000] ACPI: HPET 0x00000000CA321968 000038 (v01 AMD    DIESEL   03242016 AMI  00000005)
[    0.000000] ACPI: SSDT 0x00000000CA3219A0 000024 (v01 AMDFCH FCHZP    00001000 INTL 20120913)
[    0.000000] ACPI: UEFI 0x00000000CA3219C8 000042 (v01                 00000000      00000000)
[    0.000000] ACPI: BGRT 0x00000000CA321A10 000038 (v01 AMD    DIESEL   03242016 AMI  00010013)
[    0.000000] ACPI: IVRS 0x00000000CA321A48 0001F0 (v02 AMD    AMD IVRS 00000001 AMD  00000000)
[    0.000000] ACPI: SSDT 0x00000000CA321C38 001630 (v01 AMD    CPMCMN   00000001 INTL 20120913)
[    0.000000] ACPI: WSMT 0x00000000CA323268 000028 (v01 AMD    DIESEL   03242016 AMI  00010013)
[    0.000000] ACPI: Local APIC address 0xfee00000
[    0.000000] SRAT: PXM 0 -> APIC 0x00 -> Node 0
[    0.000000] SRAT: PXM 0 -> APIC 0x01 -> Node 0
[    0.000000] SRAT: PXM 0 -> APIC 0x02 -> Node 0
[    0.000000] SRAT: PXM 0 -> APIC 0x03 -> Node 0
[    0.000000] SRAT: PXM 0 -> APIC 0x08 -> Node 0
[    0.000000] SRAT: PXM 0 -> APIC 0x09 -> Node 0
[    0.000000] SRAT: PXM 0 -> APIC 0x0a -> Node 0
[    0.000000] SRAT: PXM 0 -> APIC 0x0b -> Node 0
[    0.000000] SRAT: PXM 1 -> APIC 0x10 -> Node 1
[    0.000000] SRAT: PXM 1 -> APIC 0x11 -> Node 1
[    0.000000] SRAT: PXM 1 -> APIC 0x12 -> Node 1
[    0.000000] SRAT: PXM 1 -> APIC 0x13 -> Node 1
[    0.000000] SRAT: PXM 1 -> APIC 0x18 -> Node 1
[    0.000000] SRAT: PXM 1 -> APIC 0x19 -> Node 1
[    0.000000] SRAT: PXM 1 -> APIC 0x1a -> Node 1
[    0.000000] SRAT: PXM 1 -> APIC 0x1b -> Node 1
[    0.000000] SRAT: PXM 2 -> APIC 0x20 -> Node 2
[    0.000000] SRAT: PXM 2 -> APIC 0x21 -> Node 2
[    0.000000] SRAT: PXM 2 -> APIC 0x22 -> Node 2
[    0.000000] SRAT: PXM 2 -> APIC 0x23 -> Node 2
[    0.000000] SRAT: PXM 2 -> APIC 0x28 -> Node 2
[    0.000000] SRAT: PXM 2 -> APIC 0x29 -> Node 2
[    0.000000] SRAT: PXM 2 -> APIC 0x2a -> Node 2
[    0.000000] SRAT: PXM 2 -> APIC 0x2b -> Node 2
[    0.000000] SRAT: PXM 3 -> APIC 0x30 -> Node 3
[    0.000000] SRAT: PXM 3 -> APIC 0x31 -> Node 3
[    0.000000] SRAT: PXM 3 -> APIC 0x32 -> Node 3
[    0.000000] SRAT: PXM 3 -> APIC 0x33 -> Node 3
[    0.000000] SRAT: PXM 3 -> APIC 0x38 -> Node 3
[    0.000000] SRAT: PXM 3 -> APIC 0x39 -> Node 3
[    0.000000] SRAT: PXM 3 -> APIC 0x3a -> Node 3
[    0.000000] SRAT: PXM 3 -> APIC 0x3b -> Node 3
[    0.000000] ACPI: SRAT: Node 0 PXM 0 [mem 0x00000000-0xcfffffff]
[    0.000000] ACPI: SRAT: Node 0 PXM 0 [mem 0x100000000-0x42fffffff]
[    0.000000] ACPI: SRAT: Node 0 PXM 0 [mem 0x430000000-0x82fffffff]
[    0.000000] ACPI: SRAT: Node 1 PXM 1 [mem 0x830000000-0xc2fffffff]
[    0.000000] ACPI: SRAT: Node 1 PXM 1 [mem 0xc30000000-0x102fffffff]
[    0.000000] ACPI: SRAT: Node 2 PXM 2 [mem 0x1030000000-0x142fffffff]
[    0.000000] ACPI: SRAT: Node 2 PXM 2 [mem 0x1430000000-0x182fffffff]
[    0.000000] ACPI: SRAT: Node 3 PXM 3 [mem 0x1830000000-0x1c2fffffff]
[    0.000000] ACPI: SRAT: Node 3 PXM 3 [mem 0x1c30000000-0x202fffffff]
[    0.000000] NUMA: Initialized distance table, cnt=4
[    0.000000] NUMA: Node 0 [mem 0x00000000-0xcfffffff] + [mem 0x100000000-0x42fffffff] -> [mem 0x00000000-0x42fffffff]
[    0.000000] NUMA: Node 0 [mem 0x00000000-0x42fffffff] + [mem 0x430000000-0x82fffffff] -> [mem 0x00000000-0x82fffffff]
[    0.000000] NUMA: Node 1 [mem 0x830000000-0xc2fffffff] + [mem 0xc30000000-0x102fffffff] -> [mem 0x830000000-0x102fffffff]
[    0.000000] NUMA: Node 2 [mem 0x1030000000-0x142fffffff] + [mem 0x1430000000-0x182fffffff] -> [mem 0x1030000000-0x182fffffff]
[    0.000000] NUMA: Node 3 [mem 0x1830000000-0x1c2fffffff] + [mem 0x1c30000000-0x202ff7ffff] -> [mem 0x1830000000-0x202ff7ffff]
[    0.000000] NODE_DATA(0) allocated [mem 0x82f355000-0x82f37ffff]
[    0.000000] NODE_DATA(1) allocated [mem 0x102ff55000-0x102ff7ffff]
[    0.000000] NODE_DATA(2) allocated [mem 0x182ff55000-0x182ff7ffff]
[    0.000000] NODE_DATA(3) allocated [mem 0x202ff54000-0x202ff7efff]
[    0.000000] crashkernel: memory value expected
[    0.000000] tsc: Fast TSC calibration using PIT
[    0.000000] Zone ranges:
[    0.000000]   DMA      [mem 0x0000000000001000-0x0000000000ffffff]
[    0.000000]   DMA32    [mem 0x0000000001000000-0x00000000ffffffff]
[    0.000000]   Normal   [mem 0x0000000100000000-0x000000202ff7ffff]
[    0.000000]   Device   empty
[    0.000000] Movable zone start for each node
[    0.000000] Early memory node ranges
[    0.000000]   node   0: [mem 0x0000000000001000-0x000000000009ffff]
[    0.000000]   node   0: [mem 0x0000000000100000-0x0000000075daffff]
[    0.000000]   node   0: [mem 0x0000000076000000-0x00000000c8dccfff]
[    0.000000]   node   0: [mem 0x00000000ca23b000-0x00000000ca30efff]
[    0.000000]   node   0: [mem 0x00000000cae6d000-0x00000000cbffffff]
[    0.000000]   node   0: [mem 0x0000000100000000-0x000000082f37ffff]
[    0.000000]   node   1: [mem 0x0000000830000000-0x000000102ff7ffff]
[    0.000000]   node   2: [mem 0x0000001030000000-0x000000182ff7ffff]
[    0.000000]   node   3: [mem 0x0000001830000000-0x000000202ff7ffff]
[    0.000000] Initmem setup node 0 [mem 0x0000000000001000-0x000000082f37ffff]
[    0.000000] On node 0 totalpages: 8360195
[    0.000000]   DMA zone: 64 pages used for memmap
[    0.000000]   DMA zone: 28 pages reserved
[    0.000000]   DMA zone: 3999 pages, LIFO batch:0
[    0.000000]   DMA32 zone: 12856 pages used for memmap
[    0.000000]   DMA32 zone: 822756 pages, LIFO batch:31
[    0.000000]   Normal zone: 117710 pages used for memmap
[    0.000000]   Normal zone: 7533440 pages, LIFO batch:31
[    0.000000] Initmem setup node 1 [mem 0x0000000830000000-0x000000102ff7ffff]
[    0.000000] On node 1 totalpages: 8388480
[    0.000000]   Normal zone: 131070 pages used for memmap
[    0.000000]   Normal zone: 8388480 pages, LIFO batch:31
[    0.000000] Initmem setup node 2 [mem 0x0000001030000000-0x000000182ff7ffff]
[    0.000000] On node 2 totalpages: 8388480
[    0.000000]   Normal zone: 131070 pages used for memmap
[    0.000000]   Normal zone: 8388480 pages, LIFO batch:31
[    0.000000] Initmem setup node 3 [mem 0x0000001830000000-0x000000202ff7ffff]
[    0.000000] On node 3 totalpages: 8388480
[    0.000000]   Normal zone: 131070 pages used for memmap
[    0.000000]   Normal zone: 8388480 pages, LIFO batch:31
[    0.000000] Reserved but unavailable: 97 pages
[    0.000000] ACPI: PM-Timer IO Port: 0x808
[    0.000000] ACPI: Local APIC address 0xfee00000
[    0.000000] ACPI: LAPIC_NMI (acpi_id[0xff] high edge lint[0x1])
[    0.000000] IOAPIC[0]: apic_id 128, version 33, address 0xfec00000, GSI 0-23
[    0.000000] IOAPIC[1]: apic_id 129, version 33, address 0xdf9f0000, GSI 24-55
[    0.000000] IOAPIC[2]: apic_id 130, version 33, address 0xd7ff0000, GSI 56-87
[    0.000000] IOAPIC[3]: apic_id 131, version 33, address 0xd59f0000, GSI 88-119
[    0.000000] IOAPIC[4]: apic_id 132, version 33, address 0xd52f0000, GSI 120-151
[    0.000000] ACPI: INT_SRC_OVR (bus 0 bus_irq 0 global_irq 2 dfl dfl)
[    0.000000] ACPI: INT_SRC_OVR (bus 0 bus_irq 9 global_irq 9 low level)
[    0.000000] ACPI: IRQ0 used by override.
[    0.000000] ACPI: IRQ9 used by override.
[    0.000000] Using ACPI (MADT) for SMP configuration information
[    0.000000] ACPI: HPET id: 0x10228201 base: 0xfed00000
[    0.000000] smpboot: Allowing 32 CPUs, 0 hotplug CPUs
[    0.000000] PM: Registered nosave memory: [mem 0x00000000-0x00000fff]
[    0.000000] PM: Registered nosave memory: [mem 0x000a0000-0x000fffff]
[    0.000000] PM: Registered nosave memory: [mem 0x75db0000-0x75ffffff]
[    0.000000] PM: Registered nosave memory: [mem 0x93825000-0x93825fff]
[    0.000000] PM: Registered nosave memory: [mem 0x93835000-0x93835fff]
[    0.000000] PM: Registered nosave memory: [mem 0x93836000-0x93836fff]
[    0.000000] PM: Registered nosave memory: [mem 0x93866000-0x93866fff]
[    0.000000] PM: Registered nosave memory: [mem 0xc8dcd000-0xca23afff]
[    0.000000] PM: Registered nosave memory: [mem 0xca30f000-0xca667fff]
[    0.000000] PM: Registered nosave memory: [mem 0xca668000-0xcae6cfff]
[    0.000000] PM: Registered nosave memory: [mem 0xcc000000-0xcfffffff]
[    0.000000] PM: Registered nosave memory: [mem 0xd0000000-0xd50fffff]
[    0.000000] PM: Registered nosave memory: [mem 0xd5100000-0xd527ffff]
[    0.000000] PM: Registered nosave memory: [mem 0xd5280000-0xd52effff]
[    0.000000] PM: Registered nosave memory: [mem 0xd52f0000-0xd52f0fff]
[    0.000000] PM: Registered nosave memory: [mem 0xd52f1000-0xd57fffff]
[    0.000000] PM: Registered nosave memory: [mem 0xd5800000-0xd597ffff]
[    0.000000] PM: Registered nosave memory: [mem 0xd5980000-0xd59effff]
[    0.000000] PM: Registered nosave memory: [mem 0xd59f0000-0xd59f0fff]
[    0.000000] PM: Registered nosave memory: [mem 0xd59f1000-0xd7dfffff]
[    0.000000] PM: Registered nosave memory: [mem 0xd7e00000-0xd7f7ffff]
[    0.000000] PM: Registered nosave memory: [mem 0xd7f80000-0xd7feffff]
[    0.000000] PM: Registered nosave memory: [mem 0xd7ff0000-0xd7ff0fff]
[    0.000000] PM: Registered nosave memory: [mem 0xd7ff1000-0xdf8fffff]
[    0.000000] PM: Registered nosave memory: [mem 0xdf900000-0xdf97ffff]
[    0.000000] PM: Registered nosave memory: [mem 0xdf980000-0xdf9effff]
[    0.000000] PM: Registered nosave memory: [mem 0xdf9f0000-0xdf9f0fff]
[    0.000000] PM: Registered nosave memory: [mem 0xdf9f1000-0xfe9fffff]
[    0.000000] PM: Registered nosave memory: [mem 0xfea00000-0xfeafffff]
[    0.000000] PM: Registered nosave memory: [mem 0xfeb00000-0xfebfffff]
[    0.000000] PM: Registered nosave memory: [mem 0xfec00000-0xfec00fff]
[    0.000000] PM: Registered nosave memory: [mem 0xfec01000-0xfec0ffff]
[    0.000000] PM: Registered nosave memory: [mem 0xfec10000-0xfec10fff]
[    0.000000] PM: Registered nosave memory: [mem 0xfec11000-0xfecfffff]
[    0.000000] PM: Registered nosave memory: [mem 0xfed00000-0xfed00fff]
[    0.000000] PM: Registered nosave memory: [mem 0xfed01000-0xfed3ffff]
[    0.000000] PM: Registered nosave memory: [mem 0xfed40000-0xfed44fff]
[    0.000000] PM: Registered nosave memory: [mem 0xfed45000-0xfed7ffff]
[    0.000000] PM: Registered nosave memory: [mem 0xfed80000-0xfed8ffff]
[    0.000000] PM: Registered nosave memory: [mem 0xfed90000-0xfedbffff]
[    0.000000] PM: Registered nosave memory: [mem 0xfedc0000-0xfedc0fff]
[    0.000000] PM: Registered nosave memory: [mem 0xfedc1000-0xfedc1fff]
[    0.000000] PM: Registered nosave memory: [mem 0xfedc2000-0xfedc5fff]
[    0.000000] PM: Registered nosave memory: [mem 0xfedc6000-0xfedc6fff]
[    0.000000] PM: Registered nosave memory: [mem 0xfedc7000-0xfedc7fff]
[    0.000000] PM: Registered nosave memory: [mem 0xfedc8000-0xfedc8fff]
[    0.000000] PM: Registered nosave memory: [mem 0xfedc9000-0xfedcafff]
[    0.000000] PM: Registered nosave memory: [mem 0xfedcb000-0xfedfffff]
[    0.000000] PM: Registered nosave memory: [mem 0xfee00000-0xfeefffff]
[    0.000000] PM: Registered nosave memory: [mem 0xfef00000-0xfeffffff]
[    0.000000] PM: Registered nosave memory: [mem 0xff000000-0xffffffff]
[    0.000000] PM: Registered nosave memory: [mem 0x82f380000-0x82fffffff]
[    0.000000] PM: Registered nosave memory: [mem 0x102ff80000-0x102fffffff]
[    0.000000] PM: Registered nosave memory: [mem 0x182ff80000-0x182fffffff]
[    0.000000] e820: [mem 0xdf9f1000-0xfe9fffff] available for PCI devices
[    0.000000] Booting paravirtualized kernel on bare hardware
[    0.000000] clocksource: refined-jiffies: mask: 0xffffffff max_cycles: 0xffffffff, max_idle_ns: 1910969940391419 ns
[    0.000000] random: get_random_bytes called from start_kernel+0x94/0x4ea with crng_init=0
[    0.000000] setup_percpu: NR_CPUS:8192 nr_cpumask_bits:32 nr_cpu_ids:32 nr_node_ids:4
[    0.000000] percpu: Embedded 46 pages/cpu @        (ptrval) s151552 r8192 d28672 u262144
[    0.000000] pcpu-alloc: s151552 r8192 d28672 u262144 alloc=1*2097152
[    0.000000] pcpu-alloc: [0] 00 01 02 03 16 17 18 19 [1] 04 05 06 07 20 21 22 23 
[    0.000000] pcpu-alloc: [2] 08 09 10 11 24 25 26 27 [3] 12 13 14 15 28 29 30 31 
[    0.000000] Built 4 zonelists, mobility grouping on.  Total pages: 33001767
[    0.000000] Policy zone: Normal
[    0.000000] Kernel command line: BOOT_IMAGE=/boot/vmlinuz-4.17.0-amdsos-build6+ root=UUID=2cf55431-51e4-4433-909a-02e081e6587f ro crashkernel=auto rhgb net.ifnames=0 ras=cec_disable selinux=0 console=tty0 console=ttyS0,115200n8 earlyprintk
[    0.000000] Memory: 3672780K/134102540K available (10252K kernel code, 2242K rwdata, 3780K rodata, 2328K init, 3048K bss, 2290196K reserved, 0K cma-reserved)
[    0.000000] SLUB: HWalign=64, Order=0-3, MinObjects=0, CPUs=32, Nodes=4
[    0.000000] ftrace: allocating 35021 entries in 137 pages
[    0.000000] Hierarchical RCU implementation.
[    0.000000] 	RCU restricting CPUs from NR_CPUS=8192 to nr_cpu_ids=32.
[    0.000000] RCU: Adjusting geometry for rcu_fanout_leaf=16, nr_cpu_ids=32
[    0.000000] NR_IRQS: 524544, nr_irqs: 2856, preallocated irqs: 16
[    0.000000] 	Offload RCU callbacks from CPUs: (none).
[    0.000000] Console: colour dummy device 80x25
[    0.000000] console [tty0] enabled
[    0.000000] console [ttyS0] enabled
[    0.000000] mempolicy: Enabling automatic NUMA balancing. Configure with numa_balancing= or the kernel.numa_balancing sysctl
[    0.000000] ACPI: Core revision 20180313
[    0.000000] clocksource: hpet: mask: 0xffffffff max_cycles: 0xffffffff, max_idle_ns: 133484873504 ns
[    0.000000] hpet clockevent registered
[    0.000000] APIC: Switch to symmetric I/O mode setup
[    0.003000] Switched APIC routing to physical flat.
[    0.005000] ..TIMER: vector=0x30 apic1=0 pin1=2 apic2=-1 pin2=-1
[    0.010000] tsc: Fast TSC calibration using PIT
[    0.011000] tsc: Detected 2195.819 MHz processor
[    0.012000] clocksource: tsc-early: mask: 0xffffffffffffffff max_cycles: 0x1fa6c50dc1b, max_idle_ns: 440795211470 ns
[    0.013003] Calibrating delay loop (skipped), value calculated using timer frequency.. 4391.63 BogoMIPS (lpj=2195819)
[    0.014001] pid_max: default: 32768 minimum: 301
[    0.016045] Security Framework initialized
[    0.017001] Yama: becoming mindful.
[    0.018005] SELinux:  Disabled at boot.
[    0.029144] Dentry cache hash table entries: 8388608 (order: 14, 67108864 bytes)
[    0.035095] Inode-cache hash table entries: 4194304 (order: 13, 33554432 bytes)
[    0.036167] Mount-cache hash table entries: 131072 (order: 8, 1048576 bytes)
[    0.037150] Mountpoint-cache hash table entries: 131072 (order: 8, 1048576 bytes)
[    0.039060] CPU: Physical Processor ID: 0
[    0.040001] CPU: Processor Core ID: 0
[    0.041055] LVT offset 2 assigned for vector 0xf4
[    0.042011] Last level iTLB entries: 4KB 1024, 2MB 1024, 4MB 512
[    0.043001] Last level dTLB entries: 4KB 1536, 2MB 1536, 4MB 768, 1GB 0
[    0.044002] Spectre V2 : Mitigation: Full AMD retpoline
[    0.045000] Spectre V2 : Spectre v2 mitigation: Enabling Indirect Branch Prediction Barrier
[    0.046001] Speculative Store Bypass: Mitigation: Speculative Store Bypass disabled via prctl and seccomp
[    0.047107] Freeing SMP alternatives memory: 32K
[    0.052000] smpboot: CPU0: AMD EPYC 7301 16-Core Processor (family: 0x17, model: 0x1, stepping: 0x2)
[    0.052131] Performance Events: Fam17h core perfctr, AMD PMU driver.
[    0.053002] ... version:                0
[    0.054000] ... bit width:              48
[    0.055000] ... generic registers:      6
[    0.056001] ... value mask:             0000ffffffffffff
[    0.057001] ... max period:             00007fffffffffff
[    0.058000] ... fixed-purpose events:   0
[    0.059000] ... event mask:             000000000000003f
[    0.060042] Hierarchical SRCU implementation.
[    0.061520] MCE: In-kernel MCE decoding enabled.
[    0.063103] NMI watchdog: Enabled. Permanently consumes one hw-PMU counter.
[    0.064018] smp: Bringing up secondary CPUs ...
[    0.066047] x86: Booting SMP configuration:
[    0.067002] .... node  #0, CPUs:        #1  #2  #3
[    0.072003] .... node  #1, CPUs:    #4  #5  #6  #7
[    0.078002] .... node  #2, CPUs:    #8  #9 #10 #11
[    0.085002] .... node  #3, CPUs:   #12 #13 #14 #15
[    0.092002] .... node  #0, CPUs:   #16 #17 #18 #19
[    0.098002] .... node  #1, CPUs:   #20 #21 #22 #23
[    0.104002] .... node  #2, CPUs:   #24 #25 #26 #27
[    0.110002] .... node  #3, CPUs:   #28 #29 #30 #31
[    0.115078] smp: Brought up 4 nodes, 32 CPUs
[    0.117001] smpboot: Max logical packages: 1
[    0.118003] smpboot: Total of 32 processors activated (140532.41 BogoMIPS)
[    0.398012] node 0 initialised, 7369183 pages in 277ms
[    0.433011] node 1 initialised, 8217375 pages in 312ms
[    0.434010] node 3 initialised, 8224107 pages in 312ms
[    0.434014] node 2 initialised, 8224226 pages in 312ms
[    0.454275] devtmpfs: initialized
[    0.455058] x86/mm: Memory block size: 128MB
[    0.464071] evm: security.selinux
[    0.465001] evm: security.ima
[    0.466001] evm: security.capability
[    0.467044] PM: Registering ACPI NVS region [mem 0xca30f000-0xca667fff] (3510272 bytes)
[    0.468164] clocksource: jiffies: mask: 0xffffffff max_cycles: 0xffffffff, max_idle_ns: 1911260446275000 ns
[    0.469039] futex hash table entries: 8192 (order: 7, 524288 bytes)
[    0.470266] pinctrl core: initialized pinctrl subsystem
[    0.471070] RTC time: 18:30:25, date: 08/30/18
[    0.472148] NET: Registered protocol family 16
[    0.473095] audit: initializing netlink subsys (disabled)
[    0.474016] audit: type=2000 audit(1535653821.474:1): state=initialized audit_enabled=0 res=1
[    0.484005] cpuidle: using governor menu
[    0.488095] ACPI: bus type PCI registered
[    0.493004] acpiphp: ACPI Hot Plug PCI Controller Driver version: 0.5
[    0.500082] PCI: MMCONFIG for domain 0000 [bus 00-ff] at [mem 0xe0000000-0xefffffff] (base 0xe0000000)
[    0.511004] PCI: not using MMCONFIG
[    0.515002] PCI: Using configuration type 1 for base access
[    0.521000] PCI: Using configuration type 1 for extended access
[    0.531046] HugeTLB registered 1.00 GiB page size, pre-allocated 0 pages
[    0.538003] HugeTLB registered 2.00 MiB page size, pre-allocated 0 pages
[    0.546169] ACPI: Added _OSI(Module Device)
[    0.551010] ACPI: Added _OSI(Processor Device)
[    0.556001] ACPI: Added _OSI(3.0 _SCP Extensions)
[    0.561001] ACPI: Added _OSI(Processor Aggregator Device)
[    0.567002] ACPI: Added _OSI(Linux-Dell-Video)
[    0.579696] ACPI: 6 ACPI AML tables successfully acquired and loaded
[    0.589641] ACPI: Interpreter enabled
[    0.594014] ACPI: (supports S0 S5)
[    0.597001] ACPI: Using IOAPIC for interrupt routing
[    0.603129] PCI: MMCONFIG for domain 0000 [bus 00-ff] at [mem 0xe0000000-0xefffffff] (base 0xe0000000)
[    0.613034] PCI: MMCONFIG at [mem 0xe0000000-0xefffffff] reserved in ACPI motherboard resources
[    0.623036] HEST: Table parsing has been initialized.
[    0.629004] PCI: Using host bridge windows from ACPI; if necessary, use "pci=nocrs" and report a bug
[    0.639218] ACPI: Enabled 2 GPEs in block 00 to 1F
[    0.646276] ACPI: Power Resource [P0SA] (off)
[    0.651023] ACPI: Power Resource [P3SA] (off)
[    0.658020] ACPI: Power Resource [P0SA] (off)
[    0.662024] ACPI: Power Resource [P3SA] (off)
[    0.668622] ACPI: Power Resource [P0SA] (off)
[    0.673021] ACPI: Power Resource [P3SA] (off)
[    0.679186] ACPI: Power Resource [P0SA] (off)
[    0.684023] ACPI: Power Resource [P3SA] (off)
[    0.689736] ACPI: Power Resource [P0SA] (off)
[    0.694024] ACPI: Power Resource [P3SA] (off)
[    0.700319] ACPI: Power Resource [P0SA] (off)
[    0.705022] ACPI: Power Resource [P3SA] (off)
[    0.710838] ACPI: Power Resource [P0SA] (off)
[    0.715021] ACPI: Power Resource [P3SA] (off)
[    0.721487] ACPI: Power Resource [P0SA] (off)
[    0.726022] ACPI: Power Resource [P3SA] (off)
[    0.733066] ACPI: PCI Root Bridge [PCI0] (domain 0000 [bus 00-3f])
[    0.740006] acpi PNP0A08:00: _OSC: OS supports [ExtendedConfig ASPM ClockPM Segments MSI]
[    0.749168] acpi PNP0A08:00: _OSC: OS now controls [PCIeHotplug PME AER PCIeCapability]
[    0.758226] PCI host bridge to bus 0000:00
[    0.763003] pci_bus 0000:00: root bus resource [io  0x0000-0x02e7 window]
[    0.770002] pci_bus 0000:00: root bus resource [io  0x0300-0x03af window]
[    0.778002] pci_bus 0000:00: root bus resource [io  0x0400-0x0cf7 window]
[    0.785002] pci_bus 0000:00: root bus resource [io  0x0d00-0x1fff window]
[    0.793003] pci_bus 0000:00: root bus resource [mem 0x000c0000-0x000dffff window]
[    0.801002] pci_bus 0000:00: root bus resource [mem 0xdfa00000-0xdfffffff window]
[    0.810002] pci_bus 0000:00: root bus resource [mem 0x191cc000000-0x1ffffffffff window]
[    0.819002] pci_bus 0000:00: root bus resource [bus 00-3f]
[    0.825010] pci 0000:00:00.0: [1022:1450] type 00 class 0x060000
[    0.825085] pci 0000:00:00.2: [1022:1451] type 00 class 0x080600
[    0.825168] pci 0000:00:01.0: [1022:1452] type 00 class 0x060000
[    0.825226] pci 0000:00:01.1: [1022:1453] type 01 class 0x060400
[    0.825351] pci 0000:00:01.1: PME# supported from D0 D3hot D3cold
[    0.826057] pci 0000:00:02.0: [1022:1452] type 00 class 0x060000
[    0.826126] pci 0000:00:03.0: [1022:1452] type 00 class 0x060000
[    0.826196] pci 0000:00:04.0: [1022:1452] type 00 class 0x060000
[    0.826270] pci 0000:00:07.0: [1022:1452] type 00 class 0x060000
[    0.826326] pci 0000:00:07.1: [1022:1454] type 01 class 0x060400
[    0.827004] pci 0000:00:07.1: enabling Extended Tags
[    0.833065] pci 0000:00:07.1: PME# supported from D0 D3hot D3cold
[    0.833151] pci 0000:00:08.0: [1022:1452] type 00 class 0x060000
[    0.833206] pci 0000:00:08.1: [1022:1454] type 01 class 0x060400
[    0.833237] pci 0000:00:08.1: enabling Extended Tags
[    0.839066] pci 0000:00:08.1: PME# supported from D0 D3hot D3cold
[    0.839188] pci 0000:00:14.0: [1022:790b] type 00 class 0x0c0500
[    0.839394] pci 0000:00:14.3: [1022:790e] type 00 class 0x060100
[    0.839605] pci 0000:00:18.0: [1022:1460] type 00 class 0x060000
[    0.839649] pci 0000:00:18.1: [1022:1461] type 00 class 0x060000
[    0.839692] pci 0000:00:18.2: [1022:1462] type 00 class 0x060000
[    0.839738] pci 0000:00:18.3: [1022:1463] type 00 class 0x060000
[    0.839784] pci 0000:00:18.4: [1022:1464] type 00 class 0x060000
[    0.840038] pci 0000:00:18.5: [1022:1465] type 00 class 0x060000
[    0.840083] pci 0000:00:18.6: [1022:1466] type 00 class 0x060000
[    0.840127] pci 0000:00:18.7: [1022:1467] type 00 class 0x060000
[    0.840172] pci 0000:00:19.0: [1022:1460] type 00 class 0x060000
[    0.840221] pci 0000:00:19.1: [1022:1461] type 00 class 0x060000
[    0.840268] pci 0000:00:19.2: [1022:1462] type 00 class 0x060000
[    0.840318] pci 0000:00:19.3: [1022:1463] type 00 class 0x060000
[    0.840365] pci 0000:00:19.4: [1022:1464] type 00 class 0x060000
[    0.840413] pci 0000:00:19.5: [1022:1465] type 00 class 0x060000
[    0.840461] pci 0000:00:19.6: [1022:1466] type 00 class 0x060000
[    0.840508] pci 0000:00:19.7: [1022:1467] type 00 class 0x060000
[    0.840556] pci 0000:00:1a.0: [1022:1460] type 00 class 0x060000
[    0.840603] pci 0000:00:1a.1: [1022:1461] type 00 class 0x060000
[    0.840650] pci 0000:00:1a.2: [1022:1462] type 00 class 0x060000
[    0.840699] pci 0000:00:1a.3: [1022:1463] type 00 class 0x060000
[    0.840747] pci 0000:00:1a.4: [1022:1464] type 00 class 0x060000
[    0.840794] pci 0000:00:1a.5: [1022:1465] type 00 class 0x060000
[    0.840842] pci 0000:00:1a.6: [1022:1466] type 00 class 0x060000
[    0.840890] pci 0000:00:1a.7: [1022:1467] type 00 class 0x060000
[    0.840938] pci 0000:00:1b.0: [1022:1460] type 00 class 0x060000
[    0.840986] pci 0000:00:1b.1: [1022:1461] type 00 class 0x060000
[    0.841036] pci 0000:00:1b.2: [1022:1462] type 00 class 0x060000
[    0.841085] pci 0000:00:1b.3: [1022:1463] type 00 class 0x060000
[    0.841134] pci 0000:00:1b.4: [1022:1464] type 00 class 0x060000
[    0.841182] pci 0000:00:1b.5: [1022:1465] type 00 class 0x060000
[    0.841233] pci 0000:00:1b.6: [1022:1466] type 00 class 0x060000
[    0.841280] pci 0000:00:1b.7: [1022:1467] type 00 class 0x060000
[    0.841416] pci 0000:01:00.0: [8086:10d3] type 00 class 0x020000
[    0.841453] pci 0000:01:00.0: reg 0x10: [mem 0xdffc0000-0xdffdffff]
[    0.841468] pci 0000:01:00.0: reg 0x14: [mem 0xdff00000-0xdff7ffff]
[    0.841483] pci 0000:01:00.0: reg 0x18: [io  0x1000-0x101f]
[    0.841497] pci 0000:01:00.0: reg 0x1c: [mem 0xdffe0000-0xdffe3fff]
[    0.841538] pci 0000:01:00.0: reg 0x30: [mem 0xdff80000-0xdffbffff pref]
[    0.841630] pci 0000:01:00.0: PME# supported from D0 D3hot D3cold
[    0.841745] pci 0000:00:01.1: PCI bridge to [bus 01]
[    0.847004] pci 0000:00:01.1:   bridge window [io  0x1000-0x1fff]
[    0.847007] pci 0000:00:01.1:   bridge window [mem 0xdff00000-0xdfffffff]
[    0.847082] pci 0000:02:00.0: [1022:145a] type 00 class 0x130000
[    0.847109] pci 0000:02:00.0: enabling Extended Tags
[    0.853006] pci 0000:02:00.2: [1022:1456] type 00 class 0x108000
[    0.853022] pci 0000:02:00.2: reg 0x18: [mem 0xdfb00000-0xdfbfffff]
[    0.853030] pci 0000:02:00.2: reg 0x24: [mem 0xdfc00000-0xdfc01fff]
[    0.853037] pci 0000:02:00.2: enabling Extended Tags
[    0.858076] pci 0000:02:00.3: [1022:145f] type 00 class 0x0c0330
[    0.858090] pci 0000:02:00.3: reg 0x10: [mem 0xdfa00000-0xdfafffff 64bit]
[    0.858111] pci 0000:02:00.3: enabling Extended Tags
[    0.864030] pci 0000:02:00.3: PME# supported from D0 D3hot D3cold
[    0.864096] pci 0000:00:07.1: PCI bridge to [bus 02]
[    0.869005] pci 0000:00:07.1:   bridge window [mem 0xdfa00000-0xdfcfffff]
[    0.870068] pci 0000:03:00.0: [1022:1455] type 00 class 0x130000
[    0.870097] pci 0000:03:00.0: enabling Extended Tags
[    0.875073] pci 0000:03:00.1: [1022:1468] type 00 class 0x108000
[    0.875089] pci 0000:03:00.1: reg 0x18: [mem 0xdfd00000-0xdfdfffff]
[    0.875098] pci 0000:03:00.1: reg 0x24: [mem 0xdfe00000-0xdfe01fff]
[    0.876004] pci 0000:03:00.1: enabling Extended Tags
[    0.881094] pci 0000:00:08.1: PCI bridge to [bus 03]
[    0.887005] pci 0000:00:08.1:   bridge window [mem 0xdfd00000-0xdfefffff]
[    0.887021] pci_bus 0000:00: on NUMA node 0
[    0.887628] ACPI: PCI Root Bridge [S0D1] (domain 0000 [bus 40-7f])
[    0.894004] acpi PNP0A08:01: _OSC: OS supports [ExtendedConfig ASPM ClockPM Segments MSI]
[    0.904004] acpi PNP0A08:01: _OSC: OS now controls [PCIeHotplug PME AER PCIeCapability]
[    0.913130] PCI host bridge to bus 0000:40
[    0.917002] pci_bus 0000:40: root bus resource [io  0x03b0-0x03df window]
[    0.925003] pci_bus 0000:40: root bus resource [io  0x2000-0x2fff window]
[    0.932002] pci_bus 0000:40: root bus resource [mem 0x000a0000-0x000bffff window]
[    0.941002] pci_bus 0000:40: root bus resource [mem 0xd8000000-0xdf8fffff window]
[    0.949002] pci_bus 0000:40: root bus resource [mem 0x12398000000-0x191cbffffff window]
[    0.958002] pci_bus 0000:40: root bus resource [bus 40-7f]
[    0.964006] pci 0000:40:00.0: [1022:1450] type 00 class 0x060000
[    0.964068] pci 0000:40:00.2: [1022:1451] type 00 class 0x080600
[    0.964153] pci 0000:40:01.0: [1022:1452] type 00 class 0x060000
[    0.964210] pci 0000:40:01.1: [1022:1453] type 01 class 0x060400
[    0.965092] pci 0000:40:01.1: PME# supported from D0 D3hot D3cold
[    0.965183] pci 0000:40:02.0: [1022:1452] type 00 class 0x060000
[    0.965254] pci 0000:40:03.0: [1022:1452] type 00 class 0x060000
[    0.965324] pci 0000:40:04.0: [1022:1452] type 00 class 0x060000
[    0.965398] pci 0000:40:07.0: [1022:1452] type 00 class 0x060000
[    0.965454] pci 0000:40:07.1: [1022:1454] type 01 class 0x060400
[    0.965486] pci 0000:40:07.1: enabling Extended Tags
[    0.971089] pci 0000:40:07.1: PME# supported from D0 D3hot D3cold
[    0.971173] pci 0000:40:08.0: [1022:1452] type 00 class 0x060000
[    0.971229] pci 0000:40:08.1: [1022:1454] type 01 class 0x060400
[    0.971275] pci 0000:40:08.1: enabling Extended Tags
[    0.977068] pci 0000:40:08.1: PME# supported from D0 D3hot D3cold
[    0.977281] pci 0000:41:00.0: [1a03:1150] type 01 class 0x060400
[    0.977405] pci 0000:41:00.0: supports D1 D2
[    0.977406] pci 0000:41:00.0: PME# supported from D0 D1 D2 D3hot D3cold
[    0.980021] pci 0000:40:01.1: PCI bridge to [bus 41-42]
[    0.985006] pci 0000:40:01.1:   bridge window [io  0x2000-0x2fff]
[    0.985009] pci 0000:40:01.1:   bridge window [mem 0xd8000000-0xdc0fffff]
[    0.985075] pci 0000:42:00.0: [1a03:2000] type 00 class 0x030000
[    0.985105] pci 0000:42:00.0: reg 0x10: [mem 0xd8000000-0xdbffffff]
[    0.985119] pci 0000:42:00.0: reg 0x14: [mem 0xdc000000-0xdc01ffff]
[    0.985132] pci 0000:42:00.0: reg 0x18: [io  0x2000-0x207f]
[    0.986056] pci 0000:42:00.0: BAR 0: assigned to efifb
[    0.991046] pci 0000:42:00.0: supports D1 D2
[    0.991048] pci 0000:42:00.0: PME# supported from D0 D1 D2 D3hot D3cold
[    0.991143] pci 0000:41:00.0: PCI bridge to [bus 42]
[    0.997008] pci 0000:41:00.0:   bridge window [io  0x2000-0x2fff]
[    0.997012] pci 0000:41:00.0:   bridge window [mem 0xd8000000-0xdc0fffff]
[    0.997106] pci 0000:43:00.0: [1022:145a] type 00 class 0x130000
[    0.997137] pci 0000:43:00.0: enabling Extended Tags
[    1.003074] pci 0000:43:00.2: [1022:1456] type 00 class 0x108000
[    1.003091] pci 0000:43:00.2: reg 0x18: [mem 0xdc300000-0xdc3fffff]
[    1.003101] pci 0000:43:00.2: reg 0x24: [mem 0xdc400000-0xdc401fff]
[    1.003108] pci 0000:43:00.2: enabling Extended Tags
[    1.008082] pci 0000:43:00.3: [1022:145f] type 00 class 0x0c0330
[    1.008097] pci 0000:43:00.3: reg 0x10: [mem 0xdc200000-0xdc2fffff 64bit]
[    1.008120] pci 0000:43:00.3: enabling Extended Tags
[    1.014034] pci 0000:43:00.3: PME# supported from D0 D3hot D3cold
[    1.014103] pci 0000:40:07.1: PCI bridge to [bus 43]
[    1.020008] pci 0000:40:07.1:   bridge window [mem 0xdc200000-0xdc4fffff]
[    1.020103] pci 0000:44:00.0: [1022:1455] type 00 class 0x130000
[    1.020136] pci 0000:44:00.0: enabling Extended Tags
[    1.025078] pci 0000:44:00.1: [1022:1468] type 00 class 0x108000
[    1.025096] pci 0000:44:00.1: reg 0x18: [mem 0xdc500000-0xdc5fffff]
[    1.025107] pci 0000:44:00.1: reg 0x24: [mem 0xdc600000-0xdc601fff]
[    1.025114] pci 0000:44:00.1: enabling Extended Tags
[    1.031105] pci 0000:40:08.1: PCI bridge to [bus 44]
[    1.037005] pci 0000:40:08.1:   bridge window [mem 0xdc500000-0xdc6fffff]
[    1.037021] pci_bus 0000:40: on NUMA node 1
[    1.037281] ACPI: PCI Root Bridge [S0D2] (domain 0000 [bus 80-bf])
[    1.044004] acpi PNP0A08:02: _OSC: OS supports [ExtendedConfig ASPM ClockPM Segments MSI]
[    1.053166] acpi PNP0A08:02: _OSC: OS now controls [PCIeHotplug PME AER PCIeCapability]
[    1.062163] PCI host bridge to bus 0000:80
[    1.067003] pci_bus 0000:80: root bus resource [io  0x3000-0x3fff window]
[    1.074002] pci_bus 0000:80: root bus resource [mem 0xd5a00000-0xd7dfffff window]
[    1.083002] pci_bus 0000:80: root bus resource [mem 0x8ecc000000-0xfcffffffff window]
[    1.091001] pci_bus 0000:80: root bus resource [bus 80-bf]
[    1.098006] pci 0000:80:00.0: [1022:1450] type 00 class 0x060000
[    1.098069] pci 0000:80:00.2: [1022:1451] type 00 class 0x080600
[    1.098155] pci 0000:80:01.0: [1022:1452] type 00 class 0x060000
[    1.098225] pci 0000:80:02.0: [1022:1452] type 00 class 0x060000
[    1.098296] pci 0000:80:03.0: [1022:1452] type 00 class 0x060000
[    1.098352] pci 0000:80:03.1: [1022:1453] type 01 class 0x060400
[    1.098481] pci 0000:80:03.1: PME# supported from D0 D3hot D3cold
[    1.098570] pci 0000:80:04.0: [1022:1452] type 00 class 0x060000
[    1.098644] pci 0000:80:07.0: [1022:1452] type 00 class 0x060000
[    1.098700] pci 0000:80:07.1: [1022:1454] type 01 class 0x060400
[    1.098732] pci 0000:80:07.1: enabling Extended Tags
[    1.104089] pci 0000:80:07.1: PME# supported from D0 D3hot D3cold
[    1.104174] pci 0000:80:08.0: [1022:1452] type 00 class 0x060000
[    1.104233] pci 0000:80:08.1: [1022:1454] type 01 class 0x060400
[    1.104266] pci 0000:80:08.1: enabling Extended Tags
[    1.110203] pci 0000:80:08.1: PME# supported from D0 D3hot D3cold
[    1.110401] pci 0000:80:03.1: PCI bridge to [bus 81]
[    1.116272] pci 0000:82:00.0: [1022:145a] type 00 class 0x130000
[    1.116302] pci 0000:82:00.0: enabling Extended Tags
[    1.121071] pci 0000:82:00.2: [1022:1456] type 00 class 0x108000
[    1.121088] pci 0000:82:00.2: reg 0x18: [mem 0xd7c00000-0xd7cfffff]
[    1.121097] pci 0000:82:00.2: reg 0x24: [mem 0xd7d00000-0xd7d01fff]
[    1.122004] pci 0000:82:00.2: enabling Extended Tags
[    1.127096] pci 0000:80:07.1: PCI bridge to [bus 82]
[    1.133005] pci 0000:80:07.1:   bridge window [mem 0xd7c00000-0xd7dfffff]
[    1.133196] pci 0000:83:00.0: [1022:1455] type 00 class 0x130000
[    1.133229] pci 0000:83:00.0: enabling Extended Tags
[    1.139025] pci 0000:83:00.1: [1022:1468] type 00 class 0x108000
[    1.139043] pci 0000:83:00.1: reg 0x18: [mem 0xd7a00000-0xd7afffff]
[    1.139053] pci 0000:83:00.1: reg 0x24: [mem 0xd7b00000-0xd7b01fff]
[    1.139061] pci 0000:83:00.1: enabling Extended Tags
[    1.144102] pci 0000:80:08.1: PCI bridge to [bus 83]
[    1.150005] pci 0000:80:08.1:   bridge window [mem 0xd7a00000-0xd7bfffff]
[    1.150021] pci_bus 0000:80: on NUMA node 2
[    1.150246] ACPI: PCI Root Bridge [S0D3] (domain 0000 [bus c0-ff])
[    1.157003] acpi PNP0A08:03: _OSC: OS supports [ExtendedConfig ASPM ClockPM Segments MSI]
[    1.166163] acpi PNP0A08:03: _OSC: OS now controls [PCIeHotplug PME AER PCIeCapability]
[    1.175159] PCI host bridge to bus 0000:c0
[    1.180002] pci_bus 0000:c0: root bus resource [mem 0xd5300000-0xd57fffff window]
[    1.188002] pci_bus 0000:c0: root bus resource [mem 0x2098000000-0x8ecbffffff window]
[    1.197002] pci_bus 0000:c0: root bus resource [bus c0-ff]
[    1.203006] pci 0000:c0:00.0: [1022:1450] type 00 class 0x060000
[    1.203068] pci 0000:c0:00.2: [1022:1451] type 00 class 0x080600
[    1.203152] pci 0000:c0:01.0: [1022:1452] type 00 class 0x060000
[    1.203221] pci 0000:c0:02.0: [1022:1452] type 00 class 0x060000
[    1.203291] pci 0000:c0:03.0: [1022:1452] type 00 class 0x060000
[    1.203350] pci 0000:c0:03.1: [1022:1453] type 01 class 0x060400
[    1.204525] pci 0000:c0:03.1: PME# supported from D0 D3hot D3cold
[    1.204626] pci 0000:c0:04.0: [1022:1452] type 00 class 0x060000
[    1.204701] pci 0000:c0:07.0: [1022:1452] type 00 class 0x060000
[    1.204757] pci 0000:c0:07.1: [1022:1454] type 01 class 0x060400
[    1.204789] pci 0000:c0:07.1: enabling Extended Tags
[    1.210235] pci 0000:c0:07.1: PME# supported from D0 D3hot D3cold
[    1.210319] pci 0000:c0:08.0: [1022:1452] type 00 class 0x060000
[    1.210375] pci 0000:c0:08.1: [1022:1454] type 01 class 0x060400
[    1.210408] pci 0000:c0:08.1: enabling Extended Tags
[    1.216283] pci 0000:c0:08.1: PME# supported from D0 D3hot D3cold
[    1.216551] pci 0000:c1:00.0: [144d:a804] type 00 class 0x010802
[    1.216573] pci 0000:c1:00.0: reg 0x10: [mem 0xd5700000-0xd5703fff 64bit]
[    1.217020] pci 0000:c0:03.1: PCI bridge to [bus c1]
[    1.222006] pci 0000:c0:03.1:   bridge window [mem 0xd5700000-0xd57fffff]
[    1.222087] pci 0000:c2:00.0: [1022:145a] type 00 class 0x130000
[    1.222118] pci 0000:c2:00.0: enabling Extended Tags
[    1.228073] pci 0000:c2:00.2: [1022:1456] type 00 class 0x108000
[    1.228089] pci 0000:c2:00.2: reg 0x18: [mem 0xd5500000-0xd55fffff]
[    1.228099] pci 0000:c2:00.2: reg 0x24: [mem 0xd5600000-0xd5601fff]
[    1.228106] pci 0000:c2:00.2: enabling Extended Tags
[    1.233094] pci 0000:c0:07.1: PCI bridge to [bus c2]
[    1.239006] pci 0000:c0:07.1:   bridge window [mem 0xd5500000-0xd56fffff]
[    1.239122] pci 0000:c3:00.0: [1022:1455] type 00 class 0x130000
[    1.239155] pci 0000:c3:00.0: enabling Extended Tags
[    1.245077] pci 0000:c3:00.1: [1022:1468] type 00 class 0x108000
[    1.245095] pci 0000:c3:00.1: reg 0x18: [mem 0xd5300000-0xd53fffff]
[    1.245105] pci 0000:c3:00.1: reg 0x24: [mem 0xd5400000-0xd5401fff]
[    1.245112] pci 0000:c3:00.1: enabling Extended Tags
[    1.250102] pci 0000:c0:08.1: PCI bridge to [bus c3]
[    1.256005] pci 0000:c0:08.1:   bridge window [mem 0xd5300000-0xd54fffff]
[    1.256023] pci_bus 0000:c0: on NUMA node 3
[    1.256219] ACPI: PCI Interrupt Link [LNKA] (IRQs 4 5 7 10 *11 14 15)
[    1.263049] ACPI: PCI Interrupt Link [LNKB] (IRQs 4 5 7 10 *11 14 15)
[    1.271042] ACPI: PCI Interrupt Link [LNKC] (IRQs 4 5 7 10 11 14 15) *0
[    1.278053] ACPI: PCI Interrupt Link [LNKD] (IRQs 4 5 7 10 11 14 15) *0
[    1.286047] ACPI: PCI Interrupt Link [LNKE] (IRQs 4 5 7 *10 11 14 15)
[    1.293040] ACPI: PCI Interrupt Link [LNKF] (IRQs 4 *5 7 10 11 14 15)
[    1.300038] ACPI: PCI Interrupt Link [LNKG] (IRQs 4 5 7 *10 11 14 15)
[    1.307039] ACPI: PCI Interrupt Link [LNKH] (IRQs 4 5 7 10 11 14 15) *0
[    1.315156] pci 0000:42:00.0: vgaarb: setting as boot VGA device
[    1.316000] pci 0000:42:00.0: vgaarb: VGA device added: decodes=io+mem,owns=io+mem,locks=none
[    1.331006] pci 0000:42:00.0: vgaarb: bridge control possible
[    1.338001] vgaarb: loaded
[    1.341060] SCSI subsystem initialized
[    1.345050] libata version 3.00 loaded.
[    1.345050] ACPI: bus type USB registered
[    1.349016] usbcore: registered new interface driver usbfs
[    1.356007] usbcore: registered new interface driver hub
[    1.362005] usbcore: registered new device driver usb
[    1.367015] pps_core: LinuxPPS API ver. 1 registered
[    1.373001] pps_core: Software ver. 5.3.6 - Copyright 2005-2007 Rodolfo Giometti <giometti@linux.it>
[    1.383004] PTP clock support registered
[    1.387057] EDAC MC: Ver: 3.0.0
[    1.391195] EDAC DEBUG: edac_mc_sysfs_init: device mc created
[    1.391204] Registered efivars operations
[    1.411019] PCI: Using ACPI for IRQ routing
[    1.434775] PCI: pci_cache_line_size set to 64 bytes
[    1.435009] e820: reserve RAM buffer [mem 0x75db0000-0x77ffffff]
[    1.435010] e820: reserve RAM buffer [mem 0x93825018-0x93ffffff]
[    1.435011] e820: reserve RAM buffer [mem 0x93836018-0x93ffffff]
[    1.435011] e820: reserve RAM buffer [mem 0xc8dcd000-0xcbffffff]
[    1.435012] e820: reserve RAM buffer [mem 0xca30f000-0xcbffffff]
[    1.435013] e820: reserve RAM buffer [mem 0x82f380000-0x82fffffff]
[    1.435014] e820: reserve RAM buffer [mem 0x102ff80000-0x102fffffff]
[    1.435014] e820: reserve RAM buffer [mem 0x182ff80000-0x182fffffff]
[    1.435015] e820: reserve RAM buffer [mem 0x202ff80000-0x202fffffff]
[    1.435103] NetLabel: Initializing
[    1.438001] NetLabel:  domain hash size = 128
[    1.443001] NetLabel:  protocols = UNLABELED CIPSOv4 CALIPSO
[    1.450014] NetLabel:  unlabeled traffic allowed by default
[    1.456069] hpet0: at MMIO 0xfed00000, IRQs 2, 8, 0
[    1.461003] hpet0: 3 comparators, 32-bit 14.318180 MHz counter
[    1.470090] clocksource: Switched to clocksource tsc-early
[    1.485023] VFS: Disk quotas dquot_6.6.0
[    1.489428] VFS: Dquot-cache hash table entries: 512 (order 0, 4096 bytes)
[    1.497178] pnp: PnP ACPI init
[    1.500721] system 00:00: [mem 0xe0000000-0xefffffff] has been reserved
[    1.508112] system 00:00: Plug and Play ACPI device, IDs PNP0c01 (active)
[    1.508257] pnp 00:01: Plug and Play ACPI device, IDs PNP0b00 (active)
[    1.508464] system 00:02: [io  0x04d0-0x04d1] has been reserved
[    1.515077] system 00:02: [io  0x040b] has been reserved
[    1.521011] system 00:02: [io  0x04d6] has been reserved
[    1.526944] system 00:02: [io  0x0c00-0x0c01] has been reserved
[    1.533554] system 00:02: [io  0x0c14] has been reserved
[    1.539485] system 00:02: [io  0x0c50-0x0c51] has been reserved
[    1.546095] system 00:02: [io  0x0c52] has been reserved
[    1.552028] system 00:02: [io  0x0c6c] has been reserved
[    1.557959] system 00:02: [io  0x0c6f] has been reserved
[    1.563891] system 00:02: [io  0x0cd0-0x0cd1] has been reserved
[    1.570501] system 00:02: [io  0x0cd2-0x0cd3] has been reserved
[    1.577112] system 00:02: [io  0x0cd4-0x0cd5] has been reserved
[    1.583723] system 00:02: [io  0x0cd6-0x0cd7] has been reserved
[    1.590332] system 00:02: [io  0x0cd8-0x0cdf] has been reserved
[    1.596941] system 00:02: [io  0x0800-0x089f] has been reserved
[    1.603545] system 00:02: [io  0x0b00-0x0b0f] has been reserved
[    1.610155] system 00:02: [io  0x0b20-0x0b3f] has been reserved
[    1.616764] system 00:02: [io  0x0900-0x090f] has been reserved
[    1.623373] system 00:02: [io  0x0910-0x091f] has been reserved
[    1.629984] system 00:02: [io  0xfe00-0xfefe] has been reserved
[    1.636595] system 00:02: [mem 0xfec00000-0xfec00fff] could not be reserved
[    1.644369] system 00:02: [mem 0xfec01000-0xfec01fff] has been reserved
[    1.651756] system 00:02: [mem 0xfedc0000-0xfedc0fff] has been reserved
[    1.659142] system 00:02: [mem 0xfee00000-0xfee00fff] has been reserved
[    1.666528] system 00:02: [mem 0xfed80000-0xfed8ffff] could not be reserved
[    1.674301] system 00:02: [mem 0xfed61000-0xfed70fff] has been reserved
[    1.681686] system 00:02: [mem 0xfec10000-0xfec10fff] has been reserved
[    1.689063] system 00:02: [mem 0xff000000-0xffffffff] has been reserved
[    1.696450] system 00:02: Plug and Play ACPI device, IDs PNP0c02 (active)
[    1.696659] pnp 00:03: Plug and Play ACPI device, IDs PNP0501 (active)
[    1.696711] pnp 00:04: Plug and Play ACPI device, IDs PNP0501 (active)
[    1.697230] pnp: PnP ACPI: found 5 devices
[    1.707855] clocksource: acpi_pm: mask: 0xffffff max_cycles: 0xffffff, max_idle_ns: 2085701024 ns
[    1.717813] pci 0000:00:01.1: PCI bridge to [bus 01]
[    1.723349] pci 0000:00:01.1:   bridge window [io  0x1000-0x1fff]
[    1.730156] pci 0000:00:01.1:   bridge window [mem 0xdff00000-0xdfffffff]
[    1.737743] pci 0000:00:07.1: PCI bridge to [bus 02]
[    1.743287] pci 0000:00:07.1:   bridge window [mem 0xdfa00000-0xdfcfffff]
[    1.750870] pci 0000:00:08.1: PCI bridge to [bus 03]
[    1.756415] pci 0000:00:08.1:   bridge window [mem 0xdfd00000-0xdfefffff]
[    1.764004] pci_bus 0000:00: resource 4 [io  0x0000-0x02e7 window]
[    1.764005] pci_bus 0000:00: resource 5 [io  0x0300-0x03af window]
[    1.764007] pci_bus 0000:00: resource 6 [io  0x0400-0x0cf7 window]
[    1.764008] pci_bus 0000:00: resource 7 [io  0x0d00-0x1fff window]
[    1.764009] pci_bus 0000:00: resource 8 [mem 0x000c0000-0x000dffff window]
[    1.764011] pci_bus 0000:00: resource 9 [mem 0xdfa00000-0xdfffffff window]
[    1.764012] pci_bus 0000:00: resource 10 [mem 0x191cc000000-0x1ffffffffff window]
[    1.764014] pci_bus 0000:01: resource 0 [io  0x1000-0x1fff]
[    1.764015] pci_bus 0000:01: resource 1 [mem 0xdff00000-0xdfffffff]
[    1.764016] pci_bus 0000:02: resource 1 [mem 0xdfa00000-0xdfcfffff]
[    1.764017] pci_bus 0000:03: resource 1 [mem 0xdfd00000-0xdfefffff]
[    1.764068] pci 0000:41:00.0: PCI bridge to [bus 42]
[    1.769614] pci 0000:41:00.0:   bridge window [io  0x2000-0x2fff]
[    1.776424] pci 0000:41:00.0:   bridge window [mem 0xd8000000-0xdc0fffff]
[    1.784017] pci 0000:40:01.1: PCI bridge to [bus 41-42]
[    1.789852] pci 0000:40:01.1:   bridge window [io  0x2000-0x2fff]
[    1.796659] pci 0000:40:01.1:   bridge window [mem 0xd8000000-0xdc0fffff]
[    1.804246] pci 0000:40:07.1: PCI bridge to [bus 43]
[    1.809783] pci 0000:40:07.1:   bridge window [mem 0xdc200000-0xdc4fffff]
[    1.817368] pci 0000:40:08.1: PCI bridge to [bus 44]
[    1.822914] pci 0000:40:08.1:   bridge window [mem 0xdc500000-0xdc6fffff]
[    1.830501] pci_bus 0000:40: resource 4 [io  0x03b0-0x03df window]
[    1.830503] pci_bus 0000:40: resource 5 [io  0x2000-0x2fff window]
[    1.830504] pci_bus 0000:40: resource 6 [mem 0x000a0000-0x000bffff window]
[    1.830505] pci_bus 0000:40: resource 7 [mem 0xd8000000-0xdf8fffff window]
[    1.830506] pci_bus 0000:40: resource 8 [mem 0x12398000000-0x191cbffffff window]
[    1.830508] pci_bus 0000:41: resource 0 [io  0x2000-0x2fff]
[    1.830509] pci_bus 0000:41: resource 1 [mem 0xd8000000-0xdc0fffff]
[    1.830510] pci_bus 0000:42: resource 0 [io  0x2000-0x2fff]
[    1.830511] pci_bus 0000:42: resource 1 [mem 0xd8000000-0xdc0fffff]
[    1.830512] pci_bus 0000:43: resource 1 [mem 0xdc200000-0xdc4fffff]
[    1.830514] pci_bus 0000:44: resource 1 [mem 0xdc500000-0xdc6fffff]
[    1.830533] pci 0000:80:03.1: bridge window [io  0x1000-0x0fff] to [bus 81] add_size 1000
[    1.830535] pci 0000:80:03.1: bridge window [mem 0x00100000-0x000fffff 64bit pref] to [bus 81] add_size 200000 add_align 100000
[    1.830537] pci 0000:80:03.1: bridge window [mem 0x00100000-0x000fffff] to [bus 81] add_size 200000 add_align 100000
[    1.830555] pci 0000:80:03.1: BAR 14: assigned [mem 0xd5a00000-0xd5bfffff]
[    1.838234] pci 0000:80:03.1: BAR 15: assigned [mem 0x8ecc000000-0x8ecc1fffff 64bit pref]
[    1.847366] pci 0000:80:03.1: BAR 13: assigned [io  0x3000-0x3fff]
[    1.854267] pci 0000:80:03.1: PCI bridge to [bus 81]
[    1.859810] pci 0000:80:03.1:   bridge window [io  0x3000-0x3fff]
[    1.866616] pci 0000:80:03.1:   bridge window [mem 0xd5a00000-0xd5bfffff]
[    1.874198] pci 0000:80:03.1:   bridge window [mem 0x8ecc000000-0x8ecc1fffff 64bit pref]
[    1.883237] pci 0000:80:07.1: PCI bridge to [bus 82]
[    1.888784] pci 0000:80:07.1:   bridge window [mem 0xd7c00000-0xd7dfffff]
[    1.896371] pci 0000:80:08.1: PCI bridge to [bus 83]
[    1.901919] pci 0000:80:08.1:   bridge window [mem 0xd7a00000-0xd7bfffff]
[    1.909504] pci_bus 0000:80: resource 4 [io  0x3000-0x3fff window]
[    1.909505] pci_bus 0000:80: resource 5 [mem 0xd5a00000-0xd7dfffff window]
[    1.909506] pci_bus 0000:80: resource 6 [mem 0x8ecc000000-0xfcffffffff window]
[    1.909508] pci_bus 0000:81: resource 0 [io  0x3000-0x3fff]
[    1.909509] pci_bus 0000:81: resource 1 [mem 0xd5a00000-0xd5bfffff]
[    1.909510] pci_bus 0000:81: resource 2 [mem 0x8ecc000000-0x8ecc1fffff 64bit pref]
[    1.909511] pci_bus 0000:82: resource 1 [mem 0xd7c00000-0xd7dfffff]
[    1.909512] pci_bus 0000:83: resource 1 [mem 0xd7a00000-0xd7bfffff]
[    1.909537] pci 0000:c0:03.1: PCI bridge to [bus c1]
[    1.915084] pci 0000:c0:03.1:   bridge window [mem 0xd5700000-0xd57fffff]
[    1.922672] pci 0000:c0:07.1: PCI bridge to [bus c2]
[    1.928219] pci 0000:c0:07.1:   bridge window [mem 0xd5500000-0xd56fffff]
[    1.935802] pci 0000:c0:08.1: PCI bridge to [bus c3]
[    1.941346] pci 0000:c0:08.1:   bridge window [mem 0xd5300000-0xd54fffff]
[    1.948931] pci_bus 0000:c0: resource 4 [mem 0xd5300000-0xd57fffff window]
[    1.948932] pci_bus 0000:c0: resource 5 [mem 0x2098000000-0x8ecbffffff window]
[    1.948934] pci_bus 0000:c1: resource 1 [mem 0xd5700000-0xd57fffff]
[    1.948935] pci_bus 0000:c2: resource 1 [mem 0xd5500000-0xd56fffff]
[    1.948936] pci_bus 0000:c3: resource 1 [mem 0xd5300000-0xd54fffff]
[    1.948994] NET: Registered protocol family 2
[    1.954130] tcp_listen_portaddr_hash hash table entries: 65536 (order: 8, 1048576 bytes)
[    1.963400] TCP established hash table entries: 524288 (order: 10, 4194304 bytes)
[    1.972387] TCP bind hash table entries: 65536 (order: 8, 1048576 bytes)
[    1.979976] TCP: Hash tables configured (established 524288 bind 65536)
[    1.987459] UDP hash table entries: 65536 (order: 9, 2097152 bytes)
[    1.994773] UDP-Lite hash table entries: 65536 (order: 9, 2097152 bytes)
[    2.002570] NET: Registered protocol family 1
[    2.007710] pci 0000:42:00.0: Video device with shadowed ROM at [mem 0x000c0000-0x000dffff]
[    2.017270] PCI: CLS 64 bytes, default 64
[    2.017316] Unpacking initramfs...
[    2.450062] Freeing initrd memory: 30768K
[    2.454595] AMD-Vi: IOMMU performance counters supported
[    2.460602] AMD-Vi: IOMMU performance counters supported
[    2.466574] AMD-Vi: IOMMU performance counters supported
[    2.472537] AMD-Vi: IOMMU performance counters supported
[    2.478870] iommu: Adding device 0000:00:01.0 to group 0
[    2.484981] iommu: Adding device 0000:00:01.1 to group 1
[    2.491142] iommu: Adding device 0000:00:02.0 to group 2
[    2.497241] iommu: Adding device 0000:00:03.0 to group 3
[    2.503360] iommu: Adding device 0000:00:04.0 to group 4
[    2.509474] iommu: Adding device 0000:00:07.0 to group 5
[    2.515573] iommu: Adding device 0000:00:07.1 to group 6
[    2.521709] iommu: Adding device 0000:00:08.0 to group 7
[    2.527804] iommu: Adding device 0000:00:08.1 to group 8
[    2.533953] iommu: Adding device 0000:00:14.0 to group 9
[    2.539908] iommu: Adding device 0000:00:14.3 to group 9
[    2.546079] iommu: Adding device 0000:00:18.0 to group 10
[    2.552128] iommu: Adding device 0000:00:18.1 to group 10
[    2.558174] iommu: Adding device 0000:00:18.2 to group 10
[    2.564222] iommu: Adding device 0000:00:18.3 to group 10
[    2.570270] iommu: Adding device 0000:00:18.4 to group 10
[    2.576317] iommu: Adding device 0000:00:18.5 to group 10
[    2.582365] iommu: Adding device 0000:00:18.6 to group 10
[    2.588412] iommu: Adding device 0000:00:18.7 to group 10
[    2.594717] iommu: Adding device 0000:00:19.0 to group 11
[    2.600768] iommu: Adding device 0000:00:19.1 to group 11
[    2.606817] iommu: Adding device 0000:00:19.2 to group 11
[    2.612866] iommu: Adding device 0000:00:19.3 to group 11
[    2.618915] iommu: Adding device 0000:00:19.4 to group 11
[    2.624965] iommu: Adding device 0000:00:19.5 to group 11
[    2.631016] iommu: Adding device 0000:00:19.6 to group 11
[    2.637067] iommu: Adding device 0000:00:19.7 to group 11
[    2.643338] iommu: Adding device 0000:00:1a.0 to group 12
[    2.649387] iommu: Adding device 0000:00:1a.1 to group 12
[    2.655436] iommu: Adding device 0000:00:1a.2 to group 12
[    2.661484] iommu: Adding device 0000:00:1a.3 to group 12
[    2.667534] iommu: Adding device 0000:00:1a.4 to group 12
[    2.673585] iommu: Adding device 0000:00:1a.5 to group 12
[    2.679636] iommu: Adding device 0000:00:1a.6 to group 12
[    2.685687] iommu: Adding device 0000:00:1a.7 to group 12
[    2.691978] iommu: Adding device 0000:00:1b.0 to group 13
[    2.698029] iommu: Adding device 0000:00:1b.1 to group 13
[    2.704078] iommu: Adding device 0000:00:1b.2 to group 13
[    2.710128] iommu: Adding device 0000:00:1b.3 to group 13
[    2.716178] iommu: Adding device 0000:00:1b.4 to group 13
[    2.722228] iommu: Adding device 0000:00:1b.5 to group 13
[    2.728279] iommu: Adding device 0000:00:1b.6 to group 13
[    2.734328] iommu: Adding device 0000:00:1b.7 to group 13
[    2.740546] iommu: Adding device 0000:01:00.0 to group 14
[    2.746752] iommu: Adding device 0000:02:00.0 to group 15
[    2.752961] iommu: Adding device 0000:02:00.2 to group 16
[    2.759184] iommu: Adding device 0000:02:00.3 to group 17
[    2.765380] iommu: Adding device 0000:03:00.0 to group 18
[    2.771596] iommu: Adding device 0000:03:00.1 to group 19
[    2.777815] iommu: Adding device 0000:40:01.0 to group 20
[    2.784047] iommu: Adding device 0000:40:01.1 to group 21
[    2.790259] iommu: Adding device 0000:40:02.0 to group 22
[    2.796497] iommu: Adding device 0000:40:03.0 to group 23
[    2.802733] iommu: Adding device 0000:40:04.0 to group 24
[    2.808949] iommu: Adding device 0000:40:07.0 to group 25
[    2.815187] iommu: Adding device 0000:40:07.1 to group 26
[    2.821396] iommu: Adding device 0000:40:08.0 to group 27
[    2.827616] iommu: Adding device 0000:40:08.1 to group 28
[    2.833819] iommu: Adding device 0000:41:00.0 to group 29
[    2.839863] iommu: Adding device 0000:42:00.0 to group 29
[    2.846134] iommu: Adding device 0000:43:00.0 to group 30
[    2.852371] iommu: Adding device 0000:43:00.2 to group 31
[    2.858577] iommu: Adding device 0000:43:00.3 to group 32
[    2.864824] iommu: Adding device 0000:44:00.0 to group 33
[    2.871053] iommu: Adding device 0000:44:00.1 to group 34
[    2.877291] iommu: Adding device 0000:80:01.0 to group 35
[    2.883508] iommu: Adding device 0000:80:02.0 to group 36
[    2.889740] iommu: Adding device 0000:80:03.0 to group 37
[    2.895946] iommu: Adding device 0000:80:03.1 to group 38
[    2.902183] iommu: Adding device 0000:80:04.0 to group 39
[    2.908393] iommu: Adding device 0000:80:07.0 to group 40
[    2.914638] iommu: Adding device 0000:80:07.1 to group 41
[    2.920843] iommu: Adding device 0000:80:08.0 to group 42
[    2.927078] iommu: Adding device 0000:80:08.1 to group 43
[    2.933290] iommu: Adding device 0000:82:00.0 to group 44
[    2.939520] iommu: Adding device 0000:82:00.2 to group 45
[    2.945753] iommu: Adding device 0000:83:00.0 to group 46
[    2.951965] iommu: Adding device 0000:83:00.1 to group 47
[    2.958200] iommu: Adding device 0000:c0:01.0 to group 48
[    2.964410] iommu: Adding device 0000:c0:02.0 to group 49
[    2.970656] iommu: Adding device 0000:c0:03.0 to group 50
[    2.976855] iommu: Adding device 0000:c0:03.1 to group 51
[    2.983083] iommu: Adding device 0000:c0:04.0 to group 52
[    2.989297] iommu: Adding device 0000:c0:07.0 to group 53
[    2.995536] iommu: Adding device 0000:c0:07.1 to group 54
[    3.001743] iommu: Adding device 0000:c0:08.0 to group 55
[    3.007981] iommu: Adding device 0000:c0:08.1 to group 56
[    3.014261] iommu: Adding device 0000:c1:00.0 to group 57
[    3.020490] iommu: Adding device 0000:c2:00.0 to group 58
[    3.026740] iommu: Adding device 0000:c2:00.2 to group 59
[    3.032953] iommu: Adding device 0000:c3:00.0 to group 60
[    3.039212] iommu: Adding device 0000:c3:00.1 to group 61
[    3.045395] AMD-Vi: Found IOMMU at 0000:00:00.2 cap 0x40
[    3.051329] AMD-Vi: Extended features (0xf77ef22294ada):
[    3.057262]  PPR NX GT IA GA PC GA_vAPIC
[    3.061644] AMD-Vi: Found IOMMU at 0000:40:00.2 cap 0x40
[    3.067574] AMD-Vi: Extended features (0xf77ef22294ada):
[    3.073495]  PPR NX GT IA GA PC GA_vAPIC
[    3.077874] AMD-Vi: Found IOMMU at 0000:80:00.2 cap 0x40
[    3.083805] AMD-Vi: Extended features (0xf77ef22294ada):
[    3.089726]  PPR NX GT IA GA PC GA_vAPIC
[    3.094106] AMD-Vi: Found IOMMU at 0000:c0:00.2 cap 0x40
[    3.100037] AMD-Vi: Extended features (0xf77ef22294ada):
[    3.105967]  PPR NX GT IA GA PC GA_vAPIC
[    3.110347] AMD-Vi: Interrupt remapping enabled
[    3.115404] AMD-Vi: virtual APIC enabled
[    3.120312] AMD-Vi: Lazy IO/TLB flushing enabled
[    3.126804] amd_uncore: AMD NB counters detected
[    3.131966] amd_uncore: AMD LLC counters detected
[    3.138505] perf/amd_iommu: Detected AMD IOMMU #0 (2 banks, 4 counters/bank).
[    3.146480] perf/amd_iommu: Detected AMD IOMMU #1 (2 banks, 4 counters/bank).
[    3.154456] perf/amd_iommu: Detected AMD IOMMU #2 (2 banks, 4 counters/bank).
[    3.162426] perf/amd_iommu: Detected AMD IOMMU #3 (2 banks, 4 counters/bank).
[    3.177541] Initialise system trusted keyrings
[    3.182513] Key type blacklist registered
[    3.187122] workingset: timestamp_bits=36 max_order=25 bucket_order=0
[    3.195221] zbud: loaded
[    3.198315] pstore: using deflate compression
[    3.240325] NET: Registered protocol family 38
[    3.245295] Key type asymmetric registered
[    3.249862] Asymmetric key parser 'x509' registered
[    3.255342] Block layer SCSI generic (bsg) driver version 0.4 loaded (major 246)
[    3.263691] io scheduler noop registered
[    3.268077] io scheduler deadline registered (default)
[    3.273856] io scheduler cfq registered
[    3.278131] io scheduler mq-deadline registered (default)
[    3.284161] io scheduler kyber registered
[    3.289427] atomic64_test: passed for x86-64 platform with CX8 and with SSE
[    3.302569] pcieport 0000:00:01.1: AER enabled with IRQ 30
[    3.308717] pcieport 0000:00:07.1: AER enabled with IRQ 31
[    3.314859] pcieport 0000:00:08.1: AER enabled with IRQ 33
[    3.321006] pcieport 0000:40:01.1: AER enabled with IRQ 34
[    3.327155] pcieport 0000:40:07.1: AER enabled with IRQ 35
[    3.333308] pcieport 0000:40:08.1: AER enabled with IRQ 37
[    3.339466] pcieport 0000:80:03.1: AER enabled with IRQ 38
[    3.345619] pcieport 0000:80:07.1: AER enabled with IRQ 40
[    3.351773] pcieport 0000:80:08.1: AER enabled with IRQ 42
[    3.357931] pcieport 0000:c0:03.1: AER enabled with IRQ 43
[    3.364076] pcieport 0000:c0:07.1: AER enabled with IRQ 45
[    3.370220] pcieport 0000:c0:08.1: AER enabled with IRQ 47
[    3.376360] pcieport 0000:00:01.1: Signaling PME with IRQ 30
[    3.382688] pcieport 0000:00:07.1: Signaling PME with IRQ 31
[    3.389029] pcieport 0000:00:08.1: Signaling PME with IRQ 33
[    3.395368] pcieport 0000:40:01.1: Signaling PME with IRQ 34
[    3.401698] pcieport 0000:40:07.1: Signaling PME with IRQ 35
[    3.408035] pcieport 0000:40:08.1: Signaling PME with IRQ 37
[    3.414374] pcieport 0000:80:03.1: Signaling PME with IRQ 38
[    3.420708] pcieport 0000:80:07.1: Signaling PME with IRQ 40
[    3.427049] pcieport 0000:80:08.1: Signaling PME with IRQ 42
[    3.433390] pcieport 0000:c0:03.1: Signaling PME with IRQ 43
[    3.439725] pcieport 0000:c0:07.1: Signaling PME with IRQ 45
[    3.446062] pcieport 0000:c0:08.1: Signaling PME with IRQ 47
[    3.452407] pciehp 0000:80:03.1:pcie004: Slot #3 AttnBtn+ PwrCtrl+ MRL- AttnInd+ PwrInd+ HotPlug+ Surprise+ Interlock+ NoCompl- LLActRep+
[    3.466248] efifb: probing for efifb
[    3.470253] efifb: framebuffer at 0xd8000000, using 1876k, total 1875k
[    3.477544] efifb: mode is 800x600x32, linelength=3200, pages=1
[    3.484155] efifb: scrolling: redraw
[    3.488149] efifb: Truecolor: size=8:8:8:8, shift=24:16:8:0
[    3.504759] Console: switching to colour frame buffer device 100x37
[    3.522211] fb0: EFI VGA frame buffer device
[    3.527231] input: Power Button as /devices/LNXSYSTM:00/LNXSYBUS:00/PNP0C0C:00/input/input0
[    3.536816] ACPI: Power Button [PWRB]
[    3.541037] input: Power Button as /devices/LNXSYSTM:00/LNXPWRBN:00/input/input1
[    3.549536] ACPI: Power Button [PWRF]
[    3.553800] Monitor-Mwait will be used to enter C-1 state
[    3.557368] GHES: APEI firmware first mode is enabled by APEI bit.
[    3.564532] Serial: 8250/16550 driver, 4 ports, IRQ sharing enabled
[    3.596884] 00:03: ttyS1 at I/O 0x2f8 (irq = 3, base_baud = 115200) is a 16550A
[    3.630630] 00:04: ttyS0 at I/O 0x3f8 (irq = 4, base_baud = 115200) is a 16550A
[    3.646023] Non-volatile memory driver v1.3
[    3.654380] Linux agpgart interface v0.103
[    3.666677] rdac: device handler registered
[    3.675214] hp_sw: device handler registered
[    3.683993] emc: device handler registered
[    3.692608] alua: device handler registered
[    3.701669] nvme nvme0: pci function 0000:c1:00.0
[    3.711356] libphy: Fixed MDIO Bus: probed
[    3.720168] ehci_hcd: USB 2.0 'Enhanced' Host Controller (EHCI) Driver
[    3.731838] ehci-pci: EHCI PCI platform driver
[    3.741246] ohci_hcd: USB 1.1 'Open' Host Controller (OHCI) Driver
[    3.752763] ohci-pci: OHCI PCI platform driver
[    3.762414] uhci_hcd: USB Universal Host Controller Interface driver
[    3.774502] xhci_hcd 0000:02:00.3: xHCI Host Controller
[    3.785609] xhci_hcd 0000:02:00.3: new USB bus registered, assigned bus number 1
[    3.798953] xhci_hcd 0000:02:00.3: hcc params 0x0270f665 hci version 0x100 quirks 0x00000410
[    3.813612] usb usb1: New USB device found, idVendor=1d6b, idProduct=0002, bcdDevice= 4.17
[    3.827889] usb usb1: New USB device strings: Mfr=3, Product=2, SerialNumber=1
[    3.841171] usb usb1: Product: xHCI Host Controller
[    3.851592] usb usb1: Manufacturer: Linux 4.17.0-amdsos-build6+ xhci-hcd
[    3.864119] usb usb1: SerialNumber: 0000:02:00.3
[    3.874379] hub 1-0:1.0: USB hub found
[    3.883486] hub 1-0:1.0: 2 ports detected
[    3.892901] xhci_hcd 0000:02:00.3: xHCI Host Controller
[    3.903609] xhci_hcd 0000:02:00.3: new USB bus registered, assigned bus number 2
[    3.916754] xhci_hcd 0000:02:00.3: Host supports USB 3.0  SuperSpeed
[    3.928507] usb usb2: We don't know the algorithms for LPM for this host, disabling LPM.
[    3.942291] usb usb2: New USB device found, idVendor=1d6b, idProduct=0003, bcdDevice= 4.17
[    3.956296] usb usb2: New USB device strings: Mfr=3, Product=2, SerialNumber=1
[    3.969087] usb usb2: Product: xHCI Host Controller
[    3.979168] usb usb2: Manufacturer: Linux 4.17.0-amdsos-build6+ xhci-hcd
[    3.991455] usb usb2: SerialNumber: 0000:02:00.3
[    4.001401] hub 2-0:1.0: USB hub found
[    4.010279] hub 2-0:1.0: 2 ports detected
[    4.019719] xhci_hcd 0000:43:00.3: xHCI Host Controller
[    4.030355] xhci_hcd 0000:43:00.3: new USB bus registered, assigned bus number 3
[    4.037720]  nvme0n1: p1 p2 p3
[    4.043724] xhci_hcd 0000:43:00.3: hcc params 0x0270f665 hci version 0x100 quirks 0x00000410
[    4.066511] usb usb3: New USB device found, idVendor=1d6b, idProduct=0002, bcdDevice= 4.17
[    4.080873] usb usb3: New USB device strings: Mfr=3, Product=2, SerialNumber=1
[    4.094025] usb usb3: Product: xHCI Host Controller
[    4.104494] usb usb3: Manufacturer: Linux 4.17.0-amdsos-build6+ xhci-hcd
[    4.117069] usb usb3: SerialNumber: 0000:43:00.3
[    4.127553] hub 3-0:1.0: USB hub found
[    4.136685] hub 3-0:1.0: 2 ports detected
[    4.146120] xhci_hcd 0000:43:00.3: xHCI Host Controller
[    4.156920] xhci_hcd 0000:43:00.3: new USB bus registered, assigned bus number 4
[    4.170305] xhci_hcd 0000:43:00.3: Host supports USB 3.0  SuperSpeed
[    4.182210] usb usb4: We don't know the algorithms for LPM for this host, disabling LPM.
[    4.191034] tsc: Refined TSC clocksource calibration: 2195.868 MHz
[    4.196169] usb usb4: New USB device found, idVendor=1d6b, idProduct=0003, bcdDevice= 4.17
[    4.207989] clocksource: tsc: mask: 0xffffffffffffffff max_cycles: 0x1fa6f386904, max_idle_ns: 440795233662 ns
[    4.222234] usb usb4: New USB device strings: Mfr=3, Product=2, SerialNumber=1
[    4.257297] usb usb4: Product: xHCI Host Controller
[    4.268101] usb usb4: Manufacturer: Linux 4.17.0-amdsos-build6+ xhci-hcd
[    4.281022] usb usb4: SerialNumber: 0000:43:00.3
[    4.291608] clocksource: Switched to clocksource tsc
[    4.291689] hub 4-0:1.0: USB hub found
[    4.312010] hub 4-0:1.0: 2 ports detected
[    4.321708] usbcore: registered new interface driver usbserial_generic
[    4.334356] usbserial: USB Serial support registered for generic
[    4.346239] i8042: PNP: No PS/2 controller found.
[    4.356684] mousedev: PS/2 mouse device common for all mice
[    4.368195] rtc_cmos 00:01: RTC can wake from S4
[    4.379068] rtc_cmos 00:01: registered as rtc0
[    4.389218] rtc_cmos 00:01: alarms up to one month, y3k, 114 bytes nvram, hpet irqs
[    4.403538] EFI Variables Facility v0.08 2004-May-17
[    4.432948] hidraw: raw HID events driver (C) Jiri Kosina
[    4.444196] usbcore: registered new interface driver usbhid
[    4.455706] usbhid: USB HID core driver
[    4.465128] drop_monitor: Initializing network drop monitor service
[    4.477256] Initializing XFRM netlink socket
[    4.487134] NET: Registered protocol family 10
[    4.497470] Segment Routing with IPv6
[    4.506524] NET: Registered protocol family 17
[    4.513028] usb 3-2: new high-speed USB device number 2 using xhci_hcd
[    4.516507] mpls_gso: MPLS GSO support
[    4.538402] mce: CPU supports 23 MCE banks
[    4.550374] microcode: CPU0: patch_level=0x08001227
[    4.560799] microcode: CPU1: patch_level=0x08001227
[    4.571232] microcode: CPU2: patch_level=0x08001227
[    4.581289] microcode: CPU3: patch_level=0x08001227
[    4.591105] microcode: CPU4: patch_level=0x08001227
[    4.600697] microcode: CPU5: patch_level=0x08001227
[    4.610106] microcode: CPU6: patch_level=0x08001227
[    4.619378] microcode: CPU7: patch_level=0x08001227
[    4.628768] microcode: CPU8: patch_level=0x08001227
[    4.637787] microcode: CPU9: patch_level=0x08001227
[    4.646699] microcode: CPU10: patch_level=0x08001227
[    4.655690] microcode: CPU11: patch_level=0x08001227
[    4.656109] usb 3-2: New USB device found, idVendor=0b1f, idProduct=03e8, bcdDevice= 0.00
[    4.664630] microcode: CPU12: patch_level=0x08001227
[    4.677340] usb 3-2: New USB device strings: Mfr=0, Product=0, SerialNumber=0
[    4.686382] microcode: CPU13: patch_level=0x08001227
[    4.707068] microcode: CPU14: patch_level=0x08001227
[    4.716276] microcode: CPU15: patch_level=0x08001227
[    4.725237] microcode: CPU16: patch_level=0x08001227
[    4.734051] microcode: CPU17: patch_level=0x08001227
[    4.742797] microcode: CPU18: patch_level=0x08001227
[    4.751400] microcode: CPU19: patch_level=0x08001227
[    4.758536] hub 3-2:1.0: USB hub found
[    4.759810] microcode: CPU20: patch_level=0x08001227
[    4.775309] hub 3-2:1.0: 5 ports detected
[    4.775314] microcode: CPU21: patch_level=0x08001227
[    4.790895] microcode: CPU22: patch_level=0x08001227
[    4.799159] microcode: CPU23: patch_level=0x08001227
[    4.807338] microcode: CPU24: patch_level=0x08001227
[    4.815378] microcode: CPU25: patch_level=0x08001227
[    4.823269] microcode: CPU26: patch_level=0x08001227
[    4.831077] microcode: CPU27: patch_level=0x08001227
[    4.838799] microcode: CPU28: patch_level=0x08001227
[    4.846518] microcode: CPU29: patch_level=0x08001227
[    4.854236] microcode: CPU30: patch_level=0x08001227
[    4.861964] microcode: CPU31: patch_level=0x08001227
[    4.869720] microcode: Microcode Update Driver: v2.2.
[    4.869743] sched_clock: Marking stable (4869713638, 0)->(5321972862, -452259224)
[    4.890073] registered taskstats version 1
[    4.897201] Loading compiled-in X.509 certificates
[    4.906590] Loaded X.509 cert 'Build time autogenerated kernel key: 00f0a0767554135d6054990ccdbde1196d824e31'
[    4.923677] zswap: loaded using pool lzo/zbud
[    4.934221] Key type big_key registered
[    4.943055] Key type trusted registered
[    4.951659] Key type encrypted registered
[    4.958880] ima: No TPM chip found, activating TPM-bypass! (rc=-19)
[    4.968661] ima: Allocated hash algorithm: sha1
[    4.976813] evm: HMAC attrs: 0x1
[    4.983728]   Magic number: 14:654:545
[    4.991286] rtc_cmos 00:01: setting system clock to 2018-08-30 18:30:29 UTC (1535653829)
[    5.006874] Freeing unused kernel memory: 2328K
[    5.021037] Write protecting the kernel read-only data: 16384k
[    5.032028] Freeing unused kernel memory: 2012K
[    5.041550] Freeing unused kernel memory: 316K
[    5.049950] rodata_test: all tests were successful
[    5.055030] usb 3-2.2: new low-speed USB device number 3 using xhci_hcd
[    5.105671] random: systemd: uninitialized urandom read (16 bytes read)
[    5.117056] random: systemd: uninitialized urandom read (16 bytes read)
[    5.149353] systemd[1]: systemd 219 running in system mode. (+PAM +AUDIT +SELINUX +IMA -APPARMOR +SMACK +SYSVINIT +UTMP +LIBCRYPTSETUP +GCRYPT +GNUTLS +ACL +XZ +LZ4 -SECCOMP +BLKID +ELFUTILS +KMOD +IDN)
[    5.157127] usb 3-2.2: New USB device found, idVendor=0b1f, idProduct=03e9, bcdDevice= 1.00
[    5.196042] usb 3-2.2: New USB device strings: Mfr=0, Product=0, SerialNumber=0
[    5.210544] systemd[1]: Detected architecture x86-64.
[    5.221047] systemd[1]: Running in initial RAM disk.
[    5.244075] systemd[1]: Set hostname to <localhost.localdomain>.
[    5.276276] random: systemd: uninitialized urandom read (16 bytes read)
[    5.300024] systemd[1]: Created slice Root Slice.
[    5.306886] input: HID 0b1f:03e9 as /devices/pci0000:40/0000:40:07.1/0000:43:00.3/usb3/3-2/3-2.2/3-2.2:1.0/0003:0B1F:03E9.0001/input/input2
[    5.310367] systemd[1]: Starting Root Slice.
[    5.352056] systemd[1]: Listening on udev Kernel Socket.
[    5.363031] systemd[1]: Starting udev Kernel Socket.
[    5.379060] systemd[1]: Reached target Timers.
[    5.387185] hid-generic 0003:0B1F:03E9.0001: input,hidraw0: USB HID v1.00 Keyboard [HID 0b1f:03e9] on usb-0000:43:00.3-2.2/input0
[    5.389179] systemd[1]: Starting Timers.
[    5.417160] input: HID 0b1f:03e9 as /devices/pci0000:40/0000:40:07.1/0000:43:00.3/usb3/3-2/3-2.2/3-2.2:1.1/0003:0B1F:03E9.0002/input/input3
[    5.447820] hid-generic 0003:0B1F:03E9.0002: input,hidraw1: USB HID v1.00 Mouse [HID 0b1f:03e9] on usb-0000:43:00.3-2.2/input1
[    5.706577] e1000e: Intel(R) PRO/1000 Network Driver - 3.2.6-k
[    5.719177] e1000e: Copyright(c) 1999 - 2015 Intel Corporation.
[    5.719477] e1000e 0000:01:00.0: Interrupt Throttling Rate (ints/sec) set to dynamic conservative mode
[    5.787447] [drm] Using P2A bridge for configuration
[    5.799581] [drm] AST 2500 detected
[    5.804425] e1000e 0000:01:00.0 0000:01:00.0 (uninitialized): registered PHC clock
[    5.810223] [drm] Analog VGA only
[    5.835785] [drm] dram MCLK=800 Mhz type=7 bus_width=16 size=04000000
[    5.850161] [TTM] Zone  kernel: Available graphics memory: 65987658 kiB
[    5.864452] [TTM] Zone   dma32: Available graphics memory: 2097152 kiB
[    5.878535] [TTM] Initializing pool allocator
[    5.884536] e1000e 0000:01:00.0 eth0: (PCI Express:2.5GT/s:Width x1) 00:1b:21:be:6a:dc
[    5.890114] [TTM] Initializing DMA pool allocator
[    5.893229] SGI XFS with ACLs, security attributes, no debug enabled
[    5.905962] e1000e 0000:01:00.0 eth0: Intel(R) PRO/1000 Network Connection
[    5.905975] e1000e 0000:01:00.0 eth0: MAC: 3, PHY: 8, PBA No: E46981-005
[    5.921558] checking generic (d8000000 1d5000) vs hw (d8000000 4000000)
[    5.935346] XFS (nvme0n1p3): Mounting V5 Filesystem
[    5.946536] fb: switching to astdrmfb from EFI VGA
[    5.962845] random: fast init done
[    5.995186] Console: switching to colour dummy device 80x25
[    6.001529] fbcon: astdrmfb (fb0) is primary device
[    6.019843] XFS (nvme0n1p3): Ending clean mount
[    6.021751] Console: switching to colour frame buffer device 128x48
[    6.056823] ast 0000:42:00.0: fb0: astdrmfb frame buffer device
[    6.083032] [drm] Initialized ast 0.1.0 20120228 for 0000:42:00.0 on minor 0
[    6.294165] systemd-journald[384]: Received SIGTERM from PID 1 (systemd).
[    6.305421] systemd: 20 output lines suppressed due to ratelimiting
[    6.334290] systemd[1]: Inserted module 'ip_tables'
[    6.444827] systemd-journald[682]: Received request to flush runtime journal from PID 1
[    6.512808] acpi_cpufreq: overriding BIOS provided _PSD data
[    6.533950] ipmi message handler version 39.2
[    6.572293] ipmi device interface
[    6.579988] IPMI System Interface driver.
[    6.584583] ipmi_si dmi-ipmi-si.0: ipmi_platform: probing via SMBIOS
[    6.591768] ipmi_si: SMBIOS: io 0xca2 regsize 1 spacing 1 irq 0
[    6.591783] ipmi_si: Adding SMBIOS-specified kcs state machine
[    6.605037] ipmi_si IPI0001:00: ipmi_platform: probing via ACPI
[    6.611708] ipmi_si IPI0001:00: [io  0x0ca2] regsize 1 spacing 1 irq 0
[    6.619043] ipmi_si dmi-ipmi-si.0: Removing SMBIOS-specified kcs state machine in favor of ACPI
[    6.629359] shpchp: Standard Hot Plug PCI Controller Driver version: 0.4
[    6.639366] input: PC Speaker as /devices/platform/pcspkr/input/input4
[    6.639522] piix4_smbus 0000:00:14.0: SMBus Host Controller at 0xb00, revision 0
[    6.655103] piix4_smbus 0000:00:14.0: Using register 0x02 for SMBus port selection
[    6.667904] cryptd: max_cpu_qlen set to 1000
[    6.668023] sp5100_tco: SP5100/SB800 TCO WatchDog Timer Driver
[    6.668116] ccp 0000:02:00.2: enabling device (0000 -> 0002)
[    6.668640] ipmi_si: Adding ACPI-specified kcs state machine
[    6.668943] ipmi_si: Trying ACPI-specified kcs state machine at i/o address 0xca2, slave address 0x20, irq 0
[    6.671504] ccp 0000:02:00.2: ccp enabled
[    6.671664] ccp 0000:02:00.2: psp enabled
[    6.671666] ccp 0000:02:00.2: enabled
[    6.671725] ccp 0000:03:00.1: enabling device (0000 -> 0002)
[    6.677130] ccp 0000:03:00.1: ccp enabled
[    6.681224] sp5100-tco sp5100-tco: Using 0xfed80b00 for watchdog MMIO address
[    6.688663] ccp 0000:03:00.1: enabled
[    6.688758] ccp 0000:43:00.2: enabling device (0000 -> 0002)
[    6.696084] sp5100-tco sp5100-tco: Watchdog hardware is disabled
[    6.710239] ccp 0000:43:00.2: ccp enabled
[    6.710811] ipmi_si IPI0001:00: Found new BMC (man_id: 0x00b009, prod_id: 0xfefe, dev_id: 0x22)
[    6.726876] ipmi_si IPI0001:00: IPMI kcs interface initialized
[    6.732935] ccp 0000:43:00.2: psp enabled
[    6.798770] ccp 0000:43:00.2: enabled
[    6.798916] ccp 0000:44:00.1: enabling device (0000 -> 0002)
[    6.813157] ccp 0000:44:00.1: ccp enabled
[    6.813159] ccp 0000:44:00.1: enabled
[    6.813266] ccp 0000:82:00.2: enabling device (0000 -> 0002)
[    6.814088] ccp 0000:82:00.2: ccp enabled
[    6.814123] ccp 0000:82:00.2: psp enabled
[    6.814125] ccp 0000:82:00.2: enabled
[    6.814217] ccp 0000:83:00.1: enabling device (0000 -> 0002)
[    6.815695] ccp 0000:83:00.1: ccp enabled
[    6.815700] ccp 0000:83:00.1: enabled
[    6.815779] ccp 0000:c2:00.2: enabling device (0000 -> 0002)
[    6.816561] ccp 0000:c2:00.2: ccp enabled
[    6.816593] ccp 0000:c2:00.2: psp enabled
[    6.816595] ccp 0000:c2:00.2: enabled
[    6.816659] ccp 0000:c3:00.1: enabling device (0000 -> 0002)
[    6.817433] ccp 0000:c3:00.1: ccp enabled
[    6.817436] ccp 0000:c3:00.1: enabled
[    6.817760] IPMI SSIF Interface driver
[    6.822401] AVX2 version of gcm_enc/dec engaged.
[    6.822402] AES CTR mode by8 optimization enabled
[    6.827642] ccp 0000:02:00.2: Direct firmware load for amd/sev.fw failed with error -2
[    6.849168] alg: No test for pcbc(aes) (pcbc-aes-aesni)
[    6.852761] ccp 0000:02:00.2: SEV API:0.17 build:1
[    7.018364] kvm: Nested Virtualization enabled
[    7.024668] kvm: Nested Paging enabled
[    7.029388] SVM: Virtual VMLOAD VMSAVE supported
[    7.029389] SVM: Virtual GIF supported
[    7.044182] EDAC amd64: Node 0: DRAM ECC enabled.
[    7.045565] Adding 2097148k swap on /dev/nvme0n1p2.  Priority:-2 extents:1 across:2097148k SSFS
[    7.050477] EDAC amd64: F17h detected (node 0).
[    7.067981] EDAC DEBUG: reserve_mc_sibling_devs: F0: 0000:00:18.0
[    7.067984] EDAC DEBUG: reserve_mc_sibling_devs: F3: 0000:00:18.3
[    7.067986] EDAC DEBUG: reserve_mc_sibling_devs: F6: 0000:00:18.6
[    7.067988] EDAC DEBUG: read_mc_regs:   TOP_MEM:  0x00000000d0000000
[    7.067991] EDAC DEBUG: read_mc_regs:   TOP_MEM2: 0x0000002030000000
[    7.068027] EDAC DEBUG: read_dct_base_mask:   DCSB0[0]=0x00000001 reg: 0x50000
[    7.068040] EDAC DEBUG: read_dct_base_mask:   DCSB1[0]=0x00000001 reg: 0x150000
[    7.068044] EDAC DEBUG: read_dct_base_mask:   DCSB0[1]=0x00000000 reg: 0x50004
[    7.068047] EDAC DEBUG: read_dct_base_mask:   DCSB1[1]=0x00000000 reg: 0x150004
[    7.068050] EDAC DEBUG: read_dct_base_mask:   DCSB0[2]=0x00000000 reg: 0x50008
[    7.068053] EDAC DEBUG: read_dct_base_mask:   DCSB1[2]=0x00000000 reg: 0x150008
[    7.068057] EDAC DEBUG: read_dct_base_mask:   DCSB0[3]=0x00000000 reg: 0x5000c
[    7.068082] EDAC DEBUG: read_dct_base_mask:   DCSB1[3]=0x00000000 reg: 0x15000c
[    7.068090] EDAC DEBUG: read_dct_base_mask:   DCSB0[4]=0x00000000 reg: 0x50010
[    7.068093] EDAC DEBUG: read_dct_base_mask:   DCSB1[4]=0x00000000 reg: 0x150010
[    7.068097] EDAC DEBUG: read_dct_base_mask:   DCSB0[5]=0x00000000 reg: 0x50014
[    7.068100] EDAC DEBUG: read_dct_base_mask:   DCSB1[5]=0x00000000 reg: 0x150014
[    7.068103] EDAC DEBUG: read_dct_base_mask:   DCSB0[6]=0x00000000 reg: 0x50018
[    7.068121] EDAC DEBUG: read_dct_base_mask:   DCSB1[6]=0x00000000 reg: 0x150018
[    7.068141] EDAC DEBUG: read_dct_base_mask:   DCSB0[7]=0x00000000 reg: 0x5001c
[    7.068144] EDAC DEBUG: read_dct_base_mask:   DCSB1[7]=0x00000000 reg: 0x15001c
[    7.068148] EDAC DEBUG: read_dct_base_mask:     DCSM0[0]=0x03fffffe reg: 0x50020
[    7.068152] EDAC DEBUG: read_dct_base_mask:     DCSM1[0]=0x03fffffe reg: 0x150020
[    7.068155] EDAC DEBUG: read_dct_base_mask:     DCSM0[1]=0x00000000 reg: 0x50024
[    7.068158] EDAC DEBUG: read_dct_base_mask:     DCSM1[1]=0x00000000 reg: 0x150024
[    7.068163] EDAC DEBUG: read_dct_base_mask:     DCSM0[2]=0x00000000 reg: 0x50028
[    7.068166] EDAC DEBUG: read_dct_base_mask:     DCSM1[2]=0x00000000 reg: 0x150028
[    7.068188] EDAC DEBUG: read_dct_base_mask:     DCSM0[3]=0x00000000 reg: 0x5002c
[    7.068207] EDAC DEBUG: read_dct_base_mask:     DCSM1[3]=0x00000000 reg: 0x15002c
[    7.068210] EDAC DEBUG: read_mc_regs:   DIMM type: Registered-DDR4
[    7.068212] EDAC DEBUG: __dump_misc_regs_df: UMC0 DIMM cfg: 0x52
[    7.068214] EDAC DEBUG: __dump_misc_regs_df: UMC0 UMC cfg: 0x80001200
[    7.068216] EDAC DEBUG: __dump_misc_regs_df: UMC0 SDP ctrl: 0xb0408083
[    7.068218] EDAC DEBUG: __dump_misc_regs_df: UMC0 ECC ctrl: 0x4f1
[    7.068236] EDAC DEBUG: __dump_misc_regs_df: UMC0 ECC bad symbol: 0x0
[    7.068256] EDAC DEBUG: __dump_misc_regs_df: UMC0 UMC cap: 0xfe28
[    7.068257] EDAC DEBUG: __dump_misc_regs_df: UMC0 UMC cap high: 0xc0000028
[    7.068259] EDAC DEBUG: __dump_misc_regs_df: UMC0 ECC capable: yes, ChipKill ECC capable: yes
[    7.068261] EDAC DEBUG: __dump_misc_regs_df: UMC0 All DIMMs support ECC: yes
[    7.068262] EDAC DEBUG: __dump_misc_regs_df: UMC0 x4 DIMMs present: yes
[    7.068264] EDAC DEBUG: __dump_misc_regs_df: UMC0 x16 DIMMs present: no
[    7.068265] EDAC MC: UMC0 chip selects:
[    7.068268] EDAC DEBUG: f17_base_addr_to_cs_size: BaseAddr: 0x1, AddrMask: 0x3fffffe
[    7.068270] EDAC amd64: MC: 0: 16384MB 1:     0MB
[    7.074552] EDAC amd64: MC: 2:     0MB 3:     0MB
[    7.080979] EDAC amd64: MC: 4:     0MB 5:     0MB
[    7.087394] EDAC amd64: MC: 6:     0MB 7:     0MB
[    7.093760] EDAC DEBUG: __dump_misc_regs_df: UMC1 DIMM cfg: 0x52
[    7.093761] EDAC DEBUG: __dump_misc_regs_df: UMC1 UMC cfg: 0x80001200
[    7.093763] EDAC DEBUG: __dump_misc_regs_df: UMC1 SDP ctrl: 0xb0408083
[    7.093764] EDAC DEBUG: __dump_misc_regs_df: UMC1 ECC ctrl: 0x4f1
[    7.093842] EDAC DEBUG: __dump_misc_regs_df: UMC1 ECC bad symbol: 0x0
[    7.093849] EDAC DEBUG: __dump_misc_regs_df: UMC1 UMC cap: 0xfe28
[    7.093852] EDAC DEBUG: __dump_misc_regs_df: UMC1 UMC cap high: 0xc0000028
[    7.093854] EDAC DEBUG: __dump_misc_regs_df: UMC1 ECC capable: yes, ChipKill ECC capable: yes
[    7.093855] EDAC DEBUG: __dump_misc_regs_df: UMC1 All DIMMs support ECC: yes
[    7.093857] EDAC DEBUG: __dump_misc_regs_df: UMC1 x4 DIMMs present: yes
[    7.093858] EDAC DEBUG: __dump_misc_regs_df: UMC1 x16 DIMMs present: no
[    7.093859] EDAC MC: UMC1 chip selects:
[    7.093862] EDAC DEBUG: f17_base_addr_to_cs_size: BaseAddr: 0x1, AddrMask: 0x3fffffe
[    7.093864] EDAC amd64: MC: 0: 16384MB 1:     0MB
[    7.100400] EDAC amd64: MC: 2:     0MB 3:     0MB
[    7.106719] EDAC amd64: MC: 4:     0MB 5:     0MB
[    7.112995] EDAC amd64: MC: 6:     0MB 7:     0MB
[    7.119243] EDAC DEBUG: __dump_misc_regs_df: F0x104 (DRAM Hole Address): 0xd0000001, base: 0xd0000000
[    7.119245] EDAC DEBUG: dump_misc_regs:   DramHoleValid: yes
[    7.119251] EDAC amd64: using x8 syndromes.
[    7.124910] EDAC amd64: MCT channel count: 2
[    7.130622] EDAC DEBUG: edac_mc_alloc: allocating 1992 bytes for mci data (16 ranks, 16 csrows/channels)
[    7.130691] EDAC DEBUG: init_csrows: MC node: 0, csrow: 0
[    7.130694] EDAC DEBUG: f17_base_addr_to_cs_size: BaseAddr: 0x1, AddrMask: 0x3fffffe
[    7.130696] EDAC DEBUG: get_csrow_nr_pages: csrow: 0, channel: 0, DBAM idx: 0
[    7.130698] EDAC DEBUG: get_csrow_nr_pages: nr_pages/channel: 4194304
[    7.130700] EDAC DEBUG: f17_base_addr_to_cs_size: BaseAddr: 0x1, AddrMask: 0x3fffffe
[    7.130701] EDAC DEBUG: get_csrow_nr_pages: csrow: 0, channel: 1, DBAM idx: 0
[    7.130703] EDAC DEBUG: get_csrow_nr_pages: nr_pages/channel: 4194304
[    7.130704] EDAC DEBUG: init_csrows: Total csrow0 pages: 8388608
[    7.130707] EDAC DEBUG: edac_mc_add_mc_with_groups: 
[    7.130710] EDAC DEBUG: edac_create_sysfs_mci_device: creating bus mc0
[    7.130755] EDAC DEBUG: edac_create_sysfs_mci_device: creating device mc0
[    7.130814] EDAC DEBUG: edac_create_sysfs_mci_device: creating dimm0, located at csrow 0 channel 0 
[    7.130848] EDAC DEBUG: edac_create_dimm_object: creating rank/dimm device rank0
[    7.130850] EDAC DEBUG: edac_create_sysfs_mci_device: creating dimm1, located at csrow 0 channel 1 
[    7.130884] EDAC DEBUG: edac_create_dimm_object: creating rank/dimm device rank1
[    7.130887] EDAC DEBUG: edac_create_csrow_object: creating (virtual) csrow node csrow0
[    7.130963] EDAC MC0: Giving out device to module amd64_edac controller F17h: DEV 0000:00:18.3 (INTERRUPT)
[    7.142791] EDAC amd64: Node 1: DRAM ECC enabled.
[    7.149059] EDAC amd64: F17h detected (node 1).
[    7.155118] EDAC DEBUG: reserve_mc_sibling_devs: F0: 0000:00:19.0
[    7.155120] EDAC DEBUG: reserve_mc_sibling_devs: F3: 0000:00:19.3
[    7.155121] EDAC DEBUG: reserve_mc_sibling_devs: F6: 0000:00:19.6
[    7.155123] EDAC DEBUG: read_mc_regs:   TOP_MEM:  0x00000000d0000000
[    7.155125] EDAC DEBUG: read_mc_regs:   TOP_MEM2: 0x0000002030000000
[    7.155146] EDAC DEBUG: read_dct_base_mask:   DCSB0[0]=0x00000001 reg: 0x50000
[    7.155149] EDAC DEBUG: read_dct_base_mask:   DCSB1[0]=0x00000001 reg: 0x150000
[    7.155152] EDAC DEBUG: read_dct_base_mask:   DCSB0[1]=0x00000000 reg: 0x50004
[    7.155156] EDAC DEBUG: read_dct_base_mask:   DCSB1[1]=0x00000000 reg: 0x150004
[    7.155159] EDAC DEBUG: read_dct_base_mask:   DCSB0[2]=0x00000000 reg: 0x50008
[    7.155162] EDAC DEBUG: read_dct_base_mask:   DCSB1[2]=0x00000000 reg: 0x150008
[    7.155165] EDAC DEBUG: read_dct_base_mask:   DCSB0[3]=0x00000000 reg: 0x5000c
[    7.155168] EDAC DEBUG: read_dct_base_mask:   DCSB1[3]=0x00000000 reg: 0x15000c
[    7.155171] EDAC DEBUG: read_dct_base_mask:   DCSB0[4]=0x00000000 reg: 0x50010
[    7.155174] EDAC DEBUG: read_dct_base_mask:   DCSB1[4]=0x00000000 reg: 0x150010
[    7.155177] EDAC DEBUG: read_dct_base_mask:   DCSB0[5]=0x00000000 reg: 0x50014
[    7.155179] EDAC DEBUG: read_dct_base_mask:   DCSB1[5]=0x00000000 reg: 0x150014
[    7.155182] EDAC DEBUG: read_dct_base_mask:   DCSB0[6]=0x00000000 reg: 0x50018
[    7.155185] EDAC DEBUG: read_dct_base_mask:   DCSB1[6]=0x00000000 reg: 0x150018
[    7.155188] EDAC DEBUG: read_dct_base_mask:   DCSB0[7]=0x00000000 reg: 0x5001c
[    7.155191] EDAC DEBUG: read_dct_base_mask:   DCSB1[7]=0x00000000 reg: 0x15001c
[    7.155195] EDAC DEBUG: read_dct_base_mask:     DCSM0[0]=0x03fffffe reg: 0x50020
[    7.155198] EDAC DEBUG: read_dct_base_mask:     DCSM1[0]=0x03fffffe reg: 0x150020
[    7.155201] EDAC DEBUG: read_dct_base_mask:     DCSM0[1]=0x00000000 reg: 0x50024
[    7.155204] EDAC DEBUG: read_dct_base_mask:     DCSM1[1]=0x00000000 reg: 0x150024
[    7.155207] EDAC DEBUG: read_dct_base_mask:     DCSM0[2]=0x00000000 reg: 0x50028
[    7.155210] EDAC DEBUG: read_dct_base_mask:     DCSM1[2]=0x00000000 reg: 0x150028
[    7.155213] EDAC DEBUG: read_dct_base_mask:     DCSM0[3]=0x00000000 reg: 0x5002c
[    7.155216] EDAC DEBUG: read_dct_base_mask:     DCSM1[3]=0x00000000 reg: 0x15002c
[    7.155217] EDAC DEBUG: read_mc_regs:   DIMM type: Registered-DDR4
[    7.155219] EDAC DEBUG: __dump_misc_regs_df: UMC0 DIMM cfg: 0x52
[    7.155220] EDAC DEBUG: __dump_misc_regs_df: UMC0 UMC cfg: 0x80001200
[    7.155221] EDAC DEBUG: __dump_misc_regs_df: UMC0 SDP ctrl: 0xb0408083
[    7.155223] EDAC DEBUG: __dump_misc_regs_df: UMC0 ECC ctrl: 0x4f1
[    7.155226] EDAC DEBUG: __dump_misc_regs_df: UMC0 ECC bad symbol: 0x0
[    7.155228] EDAC DEBUG: __dump_misc_regs_df: UMC0 UMC cap: 0xfe28
[    7.155230] EDAC DEBUG: __dump_misc_regs_df: UMC0 UMC cap high: 0xc0000028
[    7.155232] EDAC DEBUG: __dump_misc_regs_df: UMC0 ECC capable: yes, ChipKill ECC capable: yes
[    7.155233] EDAC DEBUG: __dump_misc_regs_df: UMC0 All DIMMs support ECC: yes
[    7.155235] EDAC DEBUG: __dump_misc_regs_df: UMC0 x4 DIMMs present: yes
[    7.155236] EDAC DEBUG: __dump_misc_regs_df: UMC0 x16 DIMMs present: no
[    7.155237] EDAC MC: UMC0 chip selects:
[    7.155238] EDAC DEBUG: f17_base_addr_to_cs_size: BaseAddr: 0x1, AddrMask: 0x3fffffe
[    7.155245] EDAC amd64: MC: 0: 16384MB 1:     0MB
[    7.160959] EDAC amd64: MC: 2:     0MB 3:     0MB
[    7.166627] EDAC amd64: MC: 4:     0MB 5:     0MB
[    7.172316] EDAC amd64: MC: 6:     0MB 7:     0MB
[    7.178024] EDAC DEBUG: __dump_misc_regs_df: UMC1 DIMM cfg: 0x52
[    7.178025] EDAC DEBUG: __dump_misc_regs_df: UMC1 UMC cfg: 0x80001200
[    7.178026] EDAC DEBUG: __dump_misc_regs_df: UMC1 SDP ctrl: 0xb0408083
[    7.178026] EDAC DEBUG: __dump_misc_regs_df: UMC1 ECC ctrl: 0x4f1
[    7.178048] EDAC DEBUG: __dump_misc_regs_df: UMC1 ECC bad symbol: 0x0
[    7.178051] EDAC DEBUG: __dump_misc_regs_df: UMC1 UMC cap: 0xfe28
[    7.178052] EDAC DEBUG: __dump_misc_regs_df: UMC1 UMC cap high: 0xc0000028
[    7.178053] EDAC DEBUG: __dump_misc_regs_df: UMC1 ECC capable: yes, ChipKill ECC capable: yes
[    7.178054] EDAC DEBUG: __dump_misc_regs_df: UMC1 All DIMMs support ECC: yes
[    7.178055] EDAC DEBUG: __dump_misc_regs_df: UMC1 x4 DIMMs present: yes
[    7.178055] EDAC DEBUG: __dump_misc_regs_df: UMC1 x16 DIMMs present: no
[    7.178056] EDAC MC: UMC1 chip selects:
[    7.178057] EDAC DEBUG: f17_base_addr_to_cs_size: BaseAddr: 0x1, AddrMask: 0x3fffffe
[    7.178058] EDAC amd64: MC: 0: 16384MB 1:     0MB
[    7.183728] EDAC amd64: MC: 2:     0MB 3:     0MB
[    7.189383] EDAC amd64: MC: 4:     0MB 5:     0MB
[    7.195030] EDAC amd64: MC: 6:     0MB 7:     0MB
[    7.200693] EDAC DEBUG: __dump_misc_regs_df: F0x104 (DRAM Hole Address): 0xd0000001, base: 0xd0000000
[    7.200694] EDAC DEBUG: dump_misc_regs:   DramHoleValid: yes
[    7.200694] EDAC amd64: using x8 syndromes.
[    7.205744] EDAC amd64: MCT channel count: 2
[    7.210894] EDAC DEBUG: edac_mc_alloc: allocating 1992 bytes for mci data (16 ranks, 16 csrows/channels)
[    7.210927] EDAC DEBUG: init_csrows: MC node: 1, csrow: 0
[    7.210928] EDAC DEBUG: f17_base_addr_to_cs_size: BaseAddr: 0x1, AddrMask: 0x3fffffe
[    7.210929] EDAC DEBUG: get_csrow_nr_pages: csrow: 0, channel: 0, DBAM idx: 0
[    7.210930] EDAC DEBUG: get_csrow_nr_pages: nr_pages/channel: 4194304
[    7.210931] EDAC DEBUG: f17_base_addr_to_cs_size: BaseAddr: 0x1, AddrMask: 0x3fffffe
[    7.210932] EDAC DEBUG: get_csrow_nr_pages: csrow: 0, channel: 1, DBAM idx: 0
[    7.210932] EDAC DEBUG: get_csrow_nr_pages: nr_pages/channel: 4194304
[    7.210933] EDAC DEBUG: init_csrows: Total csrow0 pages: 8388608
[    7.210933] EDAC DEBUG: edac_mc_add_mc_with_groups: 
[    7.210935] EDAC DEBUG: edac_create_sysfs_mci_device: creating bus mc1
[    7.210950] EDAC DEBUG: edac_create_sysfs_mci_device: creating device mc1
[    7.210969] EDAC DEBUG: edac_create_sysfs_mci_device: creating dimm0, located at csrow 0 channel 0 
[    7.210980] EDAC DEBUG: edac_create_dimm_object: creating rank/dimm device rank0
[    7.210981] EDAC DEBUG: edac_create_sysfs_mci_device: creating dimm1, located at csrow 0 channel 1 
[    7.211011] EDAC DEBUG: edac_create_dimm_object: creating rank/dimm device rank1
[    7.211012] EDAC DEBUG: edac_create_csrow_object: creating (virtual) csrow node csrow0
[    7.211031] EDAC MC1: Giving out device to module amd64_edac controller F17h: DEV 0000:00:19.3 (INTERRUPT)
[    7.222235] EDAC amd64: Node 2: DRAM ECC enabled.
[    7.228151] EDAC amd64: F17h detected (node 2).
[    7.233886] EDAC DEBUG: reserve_mc_sibling_devs: F0: 0000:00:1a.0
[    7.233887] EDAC DEBUG: reserve_mc_sibling_devs: F3: 0000:00:1a.3
[    7.233888] EDAC DEBUG: reserve_mc_sibling_devs: F6: 0000:00:1a.6
[    7.233889] EDAC DEBUG: read_mc_regs:   TOP_MEM:  0x00000000d0000000
