[    0.000000] Linux version 4.17.0-amdsos-build6+ (jenkins@sos-jenkins-s0) (gcc version 7.3.0 (Ubuntu 7.3.0-16ubuntu3)) #1 SMP Fri Jul 13 15:55:15 UTC 2018
[    0.000000] Command line: BOOT_IMAGE=/boot/vmlinuz-4.17.0-amdsos-build6+ root=UUID=2cf55431-51e4-4433-909a-02e081e6587f ro crashkernel=auto rhgb net.ifnames=0 ras=cec_disable selinux=0 console=tty0 console=ttyS0,115200n8 earlyprintk
[    0.000000] x86/fpu: Supporting XSAVE feature 0x001: 'x87 floating point registers'
[    0.000000] x86/fpu: Supporting XSAVE feature 0x002: 'SSE registers'
[    0.000000] x86/fpu: Supporting XSAVE feature 0x004: 'AVX registers'
[    0.000000] x86/fpu: xstate_offset[2]:  576, xstate_sizes[2]:  256
[    0.000000] x86/fpu: Enabled xstate features 0x7, context size is 832 bytes, using 'compacted' format.
[    0.000000] e820: BIOS-provided physical RAM map:
[    0.000000] BIOS-e820: [mem 0x0000000000000000-0x000000000009ffff] usable
[    0.000000] BIOS-e820: [mem 0x00000000000a0000-0x00000000000fffff] reserved
[    0.000000] BIOS-e820: [mem 0x0000000000100000-0x0000000075daffff] usable
[    0.000000] BIOS-e820: [mem 0x0000000075db0000-0x0000000075ffffff] reserved
[    0.000000] BIOS-e820: [mem 0x0000000076000000-0x00000000c8de4fff] usable
[    0.000000] BIOS-e820: [mem 0x00000000c8de5000-0x00000000ca252fff] reserved
[    0.000000] BIOS-e820: [mem 0x00000000ca253000-0x00000000ca326fff] usable
[    0.000000] BIOS-e820: [mem 0x00000000ca327000-0x00000000ca67ffff] ACPI NVS
[    0.000000] BIOS-e820: [mem 0x00000000ca680000-0x00000000cae6cfff] reserved
[    0.000000] BIOS-e820: [mem 0x00000000cae6d000-0x00000000cbffffff] usable
[    0.000000] BIOS-e820: [mem 0x00000000cc000000-0x00000000cfffffff] reserved
[    0.000000] BIOS-e820: [mem 0x00000000d5100000-0x00000000d527ffff] reserved
[    0.000000] BIOS-e820: [mem 0x00000000d52f0000-0x00000000d52f0fff] reserved
[    0.000000] BIOS-e820: [mem 0x00000000d5800000-0x00000000d597ffff] reserved
[    0.000000] BIOS-e820: [mem 0x00000000d59f0000-0x00000000d59f0fff] reserved
[    0.000000] BIOS-e820: [mem 0x00000000d7e00000-0x00000000d7f7ffff] reserved
[    0.000000] BIOS-e820: [mem 0x00000000d7ff0000-0x00000000d7ff0fff] reserved
[    0.000000] BIOS-e820: [mem 0x00000000df900000-0x00000000df97ffff] reserved
[    0.000000] BIOS-e820: [mem 0x00000000df9f0000-0x00000000df9f0fff] reserved
[    0.000000] BIOS-e820: [mem 0x00000000fea00000-0x00000000feafffff] reserved
[    0.000000] BIOS-e820: [mem 0x00000000fec00000-0x00000000fec00fff] reserved
[    0.000000] BIOS-e820: [mem 0x00000000fec10000-0x00000000fec10fff] reserved
[    0.000000] BIOS-e820: [mem 0x00000000fed00000-0x00000000fed00fff] reserved
[    0.000000] BIOS-e820: [mem 0x00000000fed40000-0x00000000fed44fff] reserved
[    0.000000] BIOS-e820: [mem 0x00000000fed80000-0x00000000fed8ffff] reserved
[    0.000000] BIOS-e820: [mem 0x00000000fedc0000-0x00000000fedc0fff] reserved
[    0.000000] BIOS-e820: [mem 0x00000000fedc2000-0x00000000fedc5fff] reserved
[    0.000000] BIOS-e820: [mem 0x00000000fedc7000-0x00000000fedc7fff] reserved
[    0.000000] BIOS-e820: [mem 0x00000000fedc9000-0x00000000fedcafff] reserved
[    0.000000] BIOS-e820: [mem 0x00000000fee00000-0x00000000feefffff] reserved
[    0.000000] BIOS-e820: [mem 0x00000000ff000000-0x00000000ffffffff] reserved
[    0.000000] BIOS-e820: [mem 0x0000000100000000-0x000000082f37ffff] usable
[    0.000000] BIOS-e820: [mem 0x000000082f380000-0x000000082fffffff] reserved
[    0.000000] BIOS-e820: [mem 0x0000000830000000-0x000000102ff7ffff] usable
[    0.000000] BIOS-e820: [mem 0x000000102ff80000-0x000000102fffffff] reserved
[    0.000000] BIOS-e820: [mem 0x0000001030000000-0x000000182ff7ffff] usable
[    0.000000] BIOS-e820: [mem 0x000000182ff80000-0x000000182fffffff] reserved
[    0.000000] BIOS-e820: [mem 0x0000001830000000-0x000000202ff7ffff] usable
[    0.000000] BIOS-e820: [mem 0x000000202ff80000-0x000000202fffffff] reserved
[    0.000000] NX (Execute Disable) protection: active
[    0.000000] e820: update [mem 0x93848018-0x93878457] usable ==> usable
[    0.000000] e820: update [mem 0x93848018-0x93878457] usable ==> usable
[    0.000000] e820: update [mem 0x93837018-0x93847857] usable ==> usable
[    0.000000] e820: update [mem 0x93837018-0x93847857] usable ==> usable
[    0.000000] extended physical RAM map:
[    0.000000] reserve setup_data: [mem 0x0000000000000000-0x000000000009ffff] usable
[    0.000000] reserve setup_data: [mem 0x00000000000a0000-0x00000000000fffff] reserved
[    0.000000] reserve setup_data: [mem 0x0000000000100000-0x0000000075daffff] usable
[    0.000000] reserve setup_data: [mem 0x0000000075db0000-0x0000000075ffffff] reserved
[    0.000000] reserve setup_data: [mem 0x0000000076000000-0x0000000093837017] usable
[    0.000000] reserve setup_data: [mem 0x0000000093837018-0x0000000093847857] usable
[    0.000000] reserve setup_data: [mem 0x0000000093847858-0x0000000093848017] usable
[    0.000000] reserve setup_data: [mem 0x0000000093848018-0x0000000093878457] usable
[    0.000000] reserve setup_data: [mem 0x0000000093878458-0x00000000c8de4fff] usable
[    0.000000] reserve setup_data: [mem 0x00000000c8de5000-0x00000000ca252fff] reserved
[    0.000000] reserve setup_data: [mem 0x00000000ca253000-0x00000000ca326fff] usable
[    0.000000] reserve setup_data: [mem 0x00000000ca327000-0x00000000ca67ffff] ACPI NVS
[    0.000000] reserve setup_data: [mem 0x00000000ca680000-0x00000000cae6cfff] reserved
[    0.000000] reserve setup_data: [mem 0x00000000cae6d000-0x00000000cbffffff] usable
[    0.000000] reserve setup_data: [mem 0x00000000cc000000-0x00000000cfffffff] reserved
[    0.000000] reserve setup_data: [mem 0x00000000d5100000-0x00000000d527ffff] reserved
[    0.000000] reserve setup_data: [mem 0x00000000d52f0000-0x00000000d52f0fff] reserved
[    0.000000] reserve setup_data: [mem 0x00000000d5800000-0x00000000d597ffff] reserved
[    0.000000] reserve setup_data: [mem 0x00000000d59f0000-0x00000000d59f0fff] reserved
[    0.000000] reserve setup_data: [mem 0x00000000d7e00000-0x00000000d7f7ffff] reserved
[    0.000000] reserve setup_data: [mem 0x00000000d7ff0000-0x00000000d7ff0fff] reserved
[    0.000000] reserve setup_data: [mem 0x00000000df900000-0x00000000df97ffff] reserved
[    0.000000] reserve setup_data: [mem 0x00000000df9f0000-0x00000000df9f0fff] reserved
[    0.000000] reserve setup_data: [mem 0x00000000fea00000-0x00000000feafffff] reserved
[    0.000000] reserve setup_data: [mem 0x00000000fec00000-0x00000000fec00fff] reserved
[    0.000000] reserve setup_data: [mem 0x00000000fec10000-0x00000000fec10fff] reserved
[    0.000000] reserve setup_data: [mem 0x00000000fed00000-0x00000000fed00fff] reserved
[    0.000000] reserve setup_data: [mem 0x00000000fed40000-0x00000000fed44fff] reserved
[    0.000000] reserve setup_data: [mem 0x00000000fed80000-0x00000000fed8ffff] reserved
[    0.000000] reserve setup_data: [mem 0x00000000fedc0000-0x00000000fedc0fff] reserved
[    0.000000] reserve setup_data: [mem 0x00000000fedc2000-0x00000000fedc5fff] reserved
[    0.000000] reserve setup_data: [mem 0x00000000fedc7000-0x00000000fedc7fff] reserved
[    0.000000] reserve setup_data: [mem 0x00000000fedc9000-0x00000000fedcafff] reserved
[    0.000000] reserve setup_data: [mem 0x00000000fee00000-0x00000000feefffff] reserved
[    0.000000] reserve setup_data: [mem 0x00000000ff000000-0x00000000ffffffff] reserved
[    0.000000] reserve setup_data: [mem 0x0000000100000000-0x000000082f37ffff] usable
[    0.000000] reserve setup_data: [mem 0x000000082f380000-0x000000082fffffff] reserved
[    0.000000] reserve setup_data: [mem 0x0000000830000000-0x000000102ff7ffff] usable
[    0.000000] reserve setup_data: [mem 0x000000102ff80000-0x000000102fffffff] reserved
[    0.000000] reserve setup_data: [mem 0x0000001030000000-0x000000182ff7ffff] usable
[    0.000000] reserve setup_data: [mem 0x000000182ff80000-0x000000182fffffff] reserved
[    0.000000] reserve setup_data: [mem 0x0000001830000000-0x000000202ff7ffff] usable
[    0.000000] reserve setup_data: [mem 0x000000202ff80000-0x000000202fffffff] reserved
[    0.000000] efi: EFI v2.60 by American Megatrends
[    0.000000] efi:  ACPI 2.0=0xca327000  ACPI=0xca327000  SMBIOS=0xcacee000  SMBIOS 3.0=0xcaced000  MEMATTR=0xc5b92018  MPS=0xfca20  ESRT=0xc615b898 
[    0.000000] SMBIOS 3.1.1 present.
[    0.000000] DMI: To be filled by O.E.M. To be filled by O.E.M./To be filled by O.E.M., BIOS 5.13 08/29/2018
[    0.000000] e820: update [mem 0x00000000-0x00000fff] usable ==> reserved
[    0.000000] e820: remove [mem 0x000a0000-0x000fffff] usable
[    0.000000] e820: last_pfn = 0x202ff80 max_arch_pfn = 0x400000000
[    0.000000] MTRR default type: uncachable
[    0.000000] MTRR fixed ranges enabled:
[    0.000000]   00000-9FFFF write-back
[    0.000000]   A0000-BFFFF write-through
[    0.000000]   C0000-FFFFF write-protect
[    0.000000] MTRR variable ranges enabled:
[    0.000000]   0 base 000000000000 mask FFFF80000000 write-back
[    0.000000]   1 base 000080000000 mask FFFFC0000000 write-back
[    0.000000]   2 base 0000C0000000 mask FFFFF0000000 write-back
[    0.000000]   3 base 0000CC000000 mask FFFFFC000000 uncachable
[    0.000000]   4 disabled
[    0.000000]   5 disabled
[    0.000000]   6 disabled
[    0.000000]   7 disabled
[    0.000000] TOM2: 0000002030000000 aka 131840M
[    0.000000] x86/PAT: Configuration [0-7]: WB  WC  UC- UC  WB  WP  UC- WT  
[    0.000000] total RAM covered: 3264M
[    0.000000] Found optimal setting for mtrr clean up
[    0.000000]  gran_size: 64K 	chunk_size: 64K 	num_reg: 4  	lose cover RAM: 0G
[    0.000000] e820: update [mem 0xcc000000-0xffffffff] usable ==> reserved
[    0.000000] e820: last_pfn = 0xcc000 max_arch_pfn = 0x400000000
[    0.000000] found SMP MP-table at [mem 0x000fd020-0x000fd02f] mapped at [        (ptrval)]
[    0.000000] esrt: Reserving ESRT space from 0x00000000c615b898 to 0x00000000c615b8d0.
[    0.000000] Base memory trampoline at [        (ptrval)] 94000 size 24576
[    0.000000] Using GB pages for direct mapping
[    0.000000] BRK [0x35eeb6000, 0x35eeb6fff] PGTABLE
[    0.000000] BRK [0x35eeb7000, 0x35eeb7fff] PGTABLE
[    0.000000] BRK [0x35eeb8000, 0x35eeb8fff] PGTABLE
[    0.000000] BRK [0x35eeb9000, 0x35eeb9fff] PGTABLE
[    0.000000] BRK [0x35eeba000, 0x35eebafff] PGTABLE
[    0.000000] BRK [0x35eebb000, 0x35eebbfff] PGTABLE
[    0.000000] BRK [0x35eebc000, 0x35eebcfff] PGTABLE
[    0.000000] BRK [0x35eebd000, 0x35eebdfff] PGTABLE
[    0.000000] BRK [0x35eebe000, 0x35eebefff] PGTABLE
[    0.000000] BRK [0x35eebf000, 0x35eebffff] PGTABLE
[    0.000000] BRK [0x35eec0000, 0x35eec0fff] PGTABLE
[    0.000000] BRK [0x35eec1000, 0x35eec1fff] PGTABLE
[    0.000000] Secure boot disabled
[    0.000000] RAMDISK: [mem 0x3c4ea000-0x3e2f5fff]
[    0.000000] ACPI: Early table checksum verification disabled
[    0.000000] ACPI: RSDP 0x00000000CA327000 000024 (v02 AMD   )
[    0.000000] ACPI: XSDT 0x00000000CA3270B0 0000E4 (v01 AMD    DIESEL   03242016 AMI  00010013)
[    0.000000] ACPI: FACP 0x00000000CA332048 000114 (v06 AMD    DIESEL   03242016 AMI  00010013)
[    0.000000] ACPI: DSDT 0x00000000CA327230 00AE14 (v02 AMD    DIESEL   03242016 INTL 20120913)
[    0.000000] ACPI: FACS 0x00000000CA67FE80 000040
[    0.000000] ACPI: APIC 0x00000000CA332160 000182 (v04 AMD    DIESEL   03242016 AMI  00010013)
[    0.000000] ACPI: FPDT 0x00000000CA3322E8 000044 (v01 AMD    DIESEL   03242016 AMI  00010013)
[    0.000000] ACPI: FIDT 0x00000000CA332330 00009C (v01 AMD    DIESEL   03242016 AMI  00010013)
[    0.000000] ACPI: SSDT 0x00000000CA3323D0 0000D2 (v02 AMD    AMD ALIB 00000002 MSFT 04000000)
[    0.000000] ACPI: SPMI 0x00000000CA3324A8 000041 (v05 AMD    DIESEL   00000000 AMI. 00000000)
[    0.000000] ACPI: SSDT 0x00000000CA3324F0 0001CC (v02 AMD    CPUSSDT  03242016 AMI  03242016)
[    0.000000] ACPI: MCFG 0x00000000CA3326C0 00003C (v01 AMD    DIESEL   03242016 MSFT 00010013)
[    0.000000] ACPI: SSDT 0x00000000CA332700 004604 (v01 AMD    AMD CPU  00000001 AMD  00000001)
[    0.000000] ACPI: SRAT 0x00000000CA336D08 000398 (v03 AMD    AMD SRAT 00000001 AMD  00000001)
[    0.000000] ACPI: MSCT 0x00000000CA3370A0 000064 (v01 AMD    AMD MSCT 00000000 AMD  00000001)
[    0.000000] ACPI: SLIT 0x00000000CA337108 00003C (v01 AMD    AMD SLIT 00000001 AMD  00000001)
[    0.000000] ACPI: CRAT 0x00000000CA337148 002060 (v01 AMD    AMD CRAT 00000001 AMD  00000001)
[    0.000000] ACPI: CDIT 0x00000000CA3391A8 000038 (v01 AMD    AMD CDIT 00000001 AMD  00000001)
[    0.000000] ACPI: BERT 0x00000000CA3391E0 000030 (v01 AMD    AMD BERT 00000001 AMD  00000001)
[    0.000000] ACPI: EINJ 0x00000000CA339210 000150 (v01 AMD    AMD EINJ 00000001 AMD  00000001)
[    0.000000] ACPI: HEST 0x00000000CA339360 000608 (v01 AMD    AMD HEST 00000001 AMD  00000001)
[    0.000000] ACPI: HPET 0x00000000CA339968 000038 (v01 AMD    DIESEL   03242016 AMI  00000005)
[    0.000000] ACPI: SSDT 0x00000000CA3399A0 000024 (v01 AMDFCH FCHZP    00001000 INTL 20120913)
[    0.000000] ACPI: UEFI 0x00000000CA3399C8 000042 (v01                 00000000      00000000)
[    0.000000] ACPI: BGRT 0x00000000CA339A10 000038 (v01 AMD    DIESEL   03242016 AMI  00010013)
[    0.000000] ACPI: IVRS 0x00000000CA339A48 0001F0 (v02 AMD    AMD IVRS 00000001 AMD  00000000)
[    0.000000] ACPI: SSDT 0x00000000CA339C38 001630 (v01 AMD    CPMCMN   00000001 INTL 20120913)
[    0.000000] ACPI: WSMT 0x00000000CA33B268 000028 (v01 AMD    DIESEL   03242016 AMI  00010013)
[    0.000000] ACPI: Local APIC address 0xfee00000
[    0.000000] SRAT: PXM 0 -> APIC 0x00 -> Node 0
[    0.000000] SRAT: PXM 0 -> APIC 0x01 -> Node 0
[    0.000000] SRAT: PXM 0 -> APIC 0x02 -> Node 0
[    0.000000] SRAT: PXM 0 -> APIC 0x03 -> Node 0
[    0.000000] SRAT: PXM 0 -> APIC 0x08 -> Node 0
[    0.000000] SRAT: PXM 0 -> APIC 0x09 -> Node 0
[    0.000000] SRAT: PXM 0 -> APIC 0x0a -> Node 0
[    0.000000] SRAT: PXM 0 -> APIC 0x0b -> Node 0
[    0.000000] SRAT: PXM 1 -> APIC 0x10 -> Node 1
[    0.000000] SRAT: PXM 1 -> APIC 0x11 -> Node 1
[    0.000000] SRAT: PXM 1 -> APIC 0x12 -> Node 1
[    0.000000] SRAT: PXM 1 -> APIC 0x13 -> Node 1
[    0.000000] SRAT: PXM 1 -> APIC 0x18 -> Node 1
[    0.000000] SRAT: PXM 1 -> APIC 0x19 -> Node 1
[    0.000000] SRAT: PXM 1 -> APIC 0x1a -> Node 1
[    0.000000] SRAT: PXM 1 -> APIC 0x1b -> Node 1
[    0.000000] SRAT: PXM 2 -> APIC 0x20 -> Node 2
[    0.000000] SRAT: PXM 2 -> APIC 0x21 -> Node 2
[    0.000000] SRAT: PXM 2 -> APIC 0x22 -> Node 2
[    0.000000] SRAT: PXM 2 -> APIC 0x23 -> Node 2
[    0.000000] SRAT: PXM 2 -> APIC 0x28 -> Node 2
[    0.000000] SRAT: PXM 2 -> APIC 0x29 -> Node 2
[    0.000000] SRAT: PXM 2 -> APIC 0x2a -> Node 2
[    0.000000] SRAT: PXM 2 -> APIC 0x2b -> Node 2
[    0.000000] SRAT: PXM 3 -> APIC 0x30 -> Node 3
[    0.000000] SRAT: PXM 3 -> APIC 0x31 -> Node 3
[    0.000000] SRAT: PXM 3 -> APIC 0x32 -> Node 3
[    0.000000] SRAT: PXM 3 -> APIC 0x33 -> Node 3
[    0.000000] SRAT: PXM 3 -> APIC 0x38 -> Node 3
[    0.000000] SRAT: PXM 3 -> APIC 0x39 -> Node 3
[    0.000000] SRAT: PXM 3 -> APIC 0x3a -> Node 3
[    0.000000] SRAT: PXM 3 -> APIC 0x3b -> Node 3
[    0.000000] ACPI: SRAT: Node 0 PXM 0 [mem 0x00000000-0xcfffffff]
[    0.000000] ACPI: SRAT: Node 0 PXM 0 [mem 0x100000000-0x42fffffff]
[    0.000000] ACPI: SRAT: Node 0 PXM 0 [mem 0x430000000-0x82fffffff]
[    0.000000] ACPI: SRAT: Node 1 PXM 1 [mem 0x830000000-0xc2fffffff]
[    0.000000] ACPI: SRAT: Node 1 PXM 1 [mem 0xc30000000-0x102fffffff]
[    0.000000] ACPI: SRAT: Node 2 PXM 2 [mem 0x1030000000-0x142fffffff]
[    0.000000] ACPI: SRAT: Node 2 PXM 2 [mem 0x1430000000-0x182fffffff]
[    0.000000] ACPI: SRAT: Node 3 PXM 3 [mem 0x1830000000-0x1c2fffffff]
[    0.000000] ACPI: SRAT: Node 3 PXM 3 [mem 0x1c30000000-0x202fffffff]
[    0.000000] NUMA: Initialized distance table, cnt=4
[    0.000000] NUMA: Node 0 [mem 0x00000000-0xcfffffff] + [mem 0x100000000-0x42fffffff] -> [mem 0x00000000-0x42fffffff]
[    0.000000] NUMA: Node 0 [mem 0x00000000-0x42fffffff] + [mem 0x430000000-0x82fffffff] -> [mem 0x00000000-0x82fffffff]
[    0.000000] NUMA: Node 1 [mem 0x830000000-0xc2fffffff] + [mem 0xc30000000-0x102fffffff] -> [mem 0x830000000-0x102fffffff]
[    0.000000] NUMA: Node 2 [mem 0x1030000000-0x142fffffff] + [mem 0x1430000000-0x182fffffff] -> [mem 0x1030000000-0x182fffffff]
[    0.000000] NUMA: Node 3 [mem 0x1830000000-0x1c2fffffff] + [mem 0x1c30000000-0x202ff7ffff] -> [mem 0x1830000000-0x202ff7ffff]
[    0.000000] NODE_DATA(0) allocated [mem 0x82f355000-0x82f37ffff]
[    0.000000] NODE_DATA(1) allocated [mem 0x102ff55000-0x102ff7ffff]
[    0.000000] NODE_DATA(2) allocated [mem 0x182ff55000-0x182ff7ffff]
[    0.000000] NODE_DATA(3) allocated [mem 0x202ff54000-0x202ff7efff]
[    0.000000] crashkernel: memory value expected
[    0.000000] tsc: Fast TSC calibration using PIT
[    0.000000] Zone ranges:
[    0.000000]   DMA      [mem 0x0000000000001000-0x0000000000ffffff]
[    0.000000]   DMA32    [mem 0x0000000001000000-0x00000000ffffffff]
[    0.000000]   Normal   [mem 0x0000000100000000-0x000000202ff7ffff]
[    0.000000]   Device   empty
[    0.000000] Movable zone start for each node
[    0.000000] Early memory node ranges
[    0.000000]   node   0: [mem 0x0000000000001000-0x000000000009ffff]
[    0.000000]   node   0: [mem 0x0000000000100000-0x0000000075daffff]
[    0.000000]   node   0: [mem 0x0000000076000000-0x00000000c8de4fff]
[    0.000000]   node   0: [mem 0x00000000ca253000-0x00000000ca326fff]
[    0.000000]   node   0: [mem 0x00000000cae6d000-0x00000000cbffffff]
[    0.000000]   node   0: [mem 0x0000000100000000-0x000000082f37ffff]
[    0.000000]   node   1: [mem 0x0000000830000000-0x000000102ff7ffff]
[    0.000000]   node   2: [mem 0x0000001030000000-0x000000182ff7ffff]
[    0.000000]   node   3: [mem 0x0000001830000000-0x000000202ff7ffff]
[    0.000000] Initmem setup node 0 [mem 0x0000000000001000-0x000000082f37ffff]
[    0.000000] On node 0 totalpages: 8360219
[    0.000000]   DMA zone: 64 pages used for memmap
[    0.000000]   DMA zone: 28 pages reserved
[    0.000000]   DMA zone: 3999 pages, LIFO batch:0
[    0.000000]   DMA32 zone: 12856 pages used for memmap
[    0.000000]   DMA32 zone: 822780 pages, LIFO batch:31
[    0.000000]   Normal zone: 117710 pages used for memmap
[    0.000000]   Normal zone: 7533440 pages, LIFO batch:31
[    0.000000] Initmem setup node 1 [mem 0x0000000830000000-0x000000102ff7ffff]
[    0.000000] On node 1 totalpages: 8388480
[    0.000000]   Normal zone: 131070 pages used for memmap
[    0.000000]   Normal zone: 8388480 pages, LIFO batch:31
[    0.000000] Initmem setup node 2 [mem 0x0000001030000000-0x000000182ff7ffff]
[    0.000000] On node 2 totalpages: 8388480
[    0.000000]   Normal zone: 131070 pages used for memmap
[    0.000000]   Normal zone: 8388480 pages, LIFO batch:31
[    0.000000] Initmem setup node 3 [mem 0x0000001830000000-0x000000202ff7ffff]
[    0.000000] On node 3 totalpages: 8388480
[    0.000000]   Normal zone: 131070 pages used for memmap
[    0.000000]   Normal zone: 8388480 pages, LIFO batch:31
[    0.000000] Reserved but unavailable: 97 pages
[    0.000000] ACPI: PM-Timer IO Port: 0x808
[    0.000000] ACPI: Local APIC address 0xfee00000
[    0.000000] ACPI: LAPIC_NMI (acpi_id[0xff] high edge lint[0x1])
[    0.000000] IOAPIC[0]: apic_id 128, version 33, address 0xfec00000, GSI 0-23
[    0.000000] IOAPIC[1]: apic_id 129, version 33, address 0xdf9f0000, GSI 24-55
[    0.000000] IOAPIC[2]: apic_id 130, version 33, address 0xd7ff0000, GSI 56-87
[    0.000000] IOAPIC[3]: apic_id 131, version 33, address 0xd59f0000, GSI 88-119
[    0.000000] IOAPIC[4]: apic_id 132, version 33, address 0xd52f0000, GSI 120-151
[    0.000000] ACPI: INT_SRC_OVR (bus 0 bus_irq 0 global_irq 2 dfl dfl)
[    0.000000] ACPI: INT_SRC_OVR (bus 0 bus_irq 9 global_irq 9 low level)
[    0.000000] ACPI: IRQ0 used by override.
[    0.000000] ACPI: IRQ9 used by override.
[    0.000000] Using ACPI (MADT) for SMP configuration information
[    0.000000] ACPI: HPET id: 0x10228201 base: 0xfed00000
[    0.000000] smpboot: Allowing 32 CPUs, 0 hotplug CPUs
[    0.000000] PM: Registered nosave memory: [mem 0x00000000-0x00000fff]
[    0.000000] PM: Registered nosave memory: [mem 0x000a0000-0x000fffff]
[    0.000000] PM: Registered nosave memory: [mem 0x75db0000-0x75ffffff]
[    0.000000] PM: Registered nosave memory: [mem 0x93837000-0x93837fff]
[    0.000000] PM: Registered nosave memory: [mem 0x93847000-0x93847fff]
[    0.000000] PM: Registered nosave memory: [mem 0x93848000-0x93848fff]
[    0.000000] PM: Registered nosave memory: [mem 0x93878000-0x93878fff]
[    0.000000] PM: Registered nosave memory: [mem 0xc8de5000-0xca252fff]
[    0.000000] PM: Registered nosave memory: [mem 0xca327000-0xca67ffff]
[    0.000000] PM: Registered nosave memory: [mem 0xca680000-0xcae6cfff]
[    0.000000] PM: Registered nosave memory: [mem 0xcc000000-0xcfffffff]
[    0.000000] PM: Registered nosave memory: [mem 0xd0000000-0xd50fffff]
[    0.000000] PM: Registered nosave memory: [mem 0xd5100000-0xd527ffff]
[    0.000000] PM: Registered nosave memory: [mem 0xd5280000-0xd52effff]
[    0.000000] PM: Registered nosave memory: [mem 0xd52f0000-0xd52f0fff]
[    0.000000] PM: Registered nosave memory: [mem 0xd52f1000-0xd57fffff]
[    0.000000] PM: Registered nosave memory: [mem 0xd5800000-0xd597ffff]
[    0.000000] PM: Registered nosave memory: [mem 0xd5980000-0xd59effff]
[    0.000000] PM: Registered nosave memory: [mem 0xd59f0000-0xd59f0fff]
[    0.000000] PM: Registered nosave memory: [mem 0xd59f1000-0xd7dfffff]
[    0.000000] PM: Registered nosave memory: [mem 0xd7e00000-0xd7f7ffff]
[    0.000000] PM: Registered nosave memory: [mem 0xd7f80000-0xd7feffff]
[    0.000000] PM: Registered nosave memory: [mem 0xd7ff0000-0xd7ff0fff]
[    0.000000] PM: Registered nosave memory: [mem 0xd7ff1000-0xdf8fffff]
[    0.000000] PM: Registered nosave memory: [mem 0xdf900000-0xdf97ffff]
[    0.000000] PM: Registered nosave memory: [mem 0xdf980000-0xdf9effff]
[    0.000000] PM: Registered nosave memory: [mem 0xdf9f0000-0xdf9f0fff]
[    0.000000] PM: Registered nosave memory: [mem 0xdf9f1000-0xfe9fffff]
[    0.000000] PM: Registered nosave memory: [mem 0xfea00000-0xfeafffff]
[    0.000000] PM: Registered nosave memory: [mem 0xfeb00000-0xfebfffff]
[    0.000000] PM: Registered nosave memory: [mem 0xfec00000-0xfec00fff]
[    0.000000] PM: Registered nosave memory: [mem 0xfec01000-0xfec0ffff]
[    0.000000] PM: Registered nosave memory: [mem 0xfec10000-0xfec10fff]
[    0.000000] PM: Registered nosave memory: [mem 0xfec11000-0xfecfffff]
[    0.000000] PM: Registered nosave memory: [mem 0xfed00000-0xfed00fff]
[    0.000000] PM: Registered nosave memory: [mem 0xfed01000-0xfed3ffff]
[    0.000000] PM: Registered nosave memory: [mem 0xfed40000-0xfed44fff]
[    0.000000] PM: Registered nosave memory: [mem 0xfed45000-0xfed7ffff]
[    0.000000] PM: Registered nosave memory: [mem 0xfed80000-0xfed8ffff]
[    0.000000] PM: Registered nosave memory: [mem 0xfed90000-0xfedbffff]
[    0.000000] PM: Registered nosave memory: [mem 0xfedc0000-0xfedc0fff]
[    0.000000] PM: Registered nosave memory: [mem 0xfedc1000-0xfedc1fff]
[    0.000000] PM: Registered nosave memory: [mem 0xfedc2000-0xfedc5fff]
[    0.000000] PM: Registered nosave memory: [mem 0xfedc6000-0xfedc6fff]
[    0.000000] PM: Registered nosave memory: [mem 0xfedc7000-0xfedc7fff]
[    0.000000] PM: Registered nosave memory: [mem 0xfedc8000-0xfedc8fff]
[    0.000000] PM: Registered nosave memory: [mem 0xfedc9000-0xfedcafff]
[    0.000000] PM: Registered nosave memory: [mem 0xfedcb000-0xfedfffff]
[    0.000000] PM: Registered nosave memory: [mem 0xfee00000-0xfeefffff]
[    0.000000] PM: Registered nosave memory: [mem 0xfef00000-0xfeffffff]
[    0.000000] PM: Registered nosave memory: [mem 0xff000000-0xffffffff]
[    0.000000] PM: Registered nosave memory: [mem 0x82f380000-0x82fffffff]
[    0.000000] PM: Registered nosave memory: [mem 0x102ff80000-0x102fffffff]
[    0.000000] PM: Registered nosave memory: [mem 0x182ff80000-0x182fffffff]
[    0.000000] e820: [mem 0xdf9f1000-0xfe9fffff] available for PCI devices
[    0.000000] Booting paravirtualized kernel on bare hardware
[    0.000000] clocksource: refined-jiffies: mask: 0xffffffff max_cycles: 0xffffffff, max_idle_ns: 1910969940391419 ns
[    0.000000] random: get_random_bytes called from start_kernel+0x94/0x4ea with crng_init=0
[    0.000000] setup_percpu: NR_CPUS:8192 nr_cpumask_bits:32 nr_cpu_ids:32 nr_node_ids:4
[    0.000000] percpu: Embedded 46 pages/cpu @        (ptrval) s151552 r8192 d28672 u262144
[    0.000000] pcpu-alloc: s151552 r8192 d28672 u262144 alloc=1*2097152
[    0.000000] pcpu-alloc: [0] 00 01 02 03 16 17 18 19 [1] 04 05 06 07 20 21 22 23 
[    0.000000] pcpu-alloc: [2] 08 09 10 11 24 25 26 27 [3] 12 13 14 15 28 29 30 31 
[    0.000000] Built 4 zonelists, mobility grouping on.  Total pages: 33001791
[    0.000000] Policy zone: Normal
[    0.000000] Kernel command line: BOOT_IMAGE=/boot/vmlinuz-4.17.0-amdsos-build6+ root=UUID=2cf55431-51e4-4433-909a-02e081e6587f ro crashkernel=auto rhgb net.ifnames=0 ras=cec_disable selinux=0 console=tty0 console=ttyS0,115200n8 earlyprintk
[    0.000000] Memory: 3672876K/134102636K available (10252K kernel code, 2242K rwdata, 3780K rodata, 2328K init, 3048K bss, 2290196K reserved, 0K cma-reserved)
[    0.000000] SLUB: HWalign=64, Order=0-3, MinObjects=0, CPUs=32, Nodes=4
[    0.000000] ftrace: allocating 35021 entries in 137 pages
[    0.000000] Hierarchical RCU implementation.
[    0.000000] 	RCU restricting CPUs from NR_CPUS=8192 to nr_cpu_ids=32.
[    0.000000] RCU: Adjusting geometry for rcu_fanout_leaf=16, nr_cpu_ids=32
[    0.000000] NR_IRQS: 524544, nr_irqs: 2856, preallocated irqs: 16
[    0.000000] 	Offload RCU callbacks from CPUs: (none).
[    0.000000] Console: colour dummy device 80x25
[    0.000000] console [tty0] enabled
[    0.000000] console [ttyS0] enabled
[    0.000000] mempolicy: Enabling automatic NUMA balancing. Configure with numa_balancing= or the kernel.numa_balancing sysctl
[    0.000000] ACPI: Core revision 20180313
[    0.000000] clocksource: hpet: mask: 0xffffffff max_cycles: 0xffffffff, max_idle_ns: 133484873504 ns
[    0.000000] hpet clockevent registered
[    0.000000] APIC: Switch to symmetric I/O mode setup
[    0.004000] Switched APIC routing to physical flat.
[    0.007000] ..TIMER: vector=0x30 apic1=0 pin1=2 apic2=-1 pin2=-1
[    0.012000] tsc: Fast TSC calibration using PIT
[    0.013000] tsc: Detected 2195.857 MHz processor
[    0.014000] clocksource: tsc-early: mask: 0xffffffffffffffff max_cycles: 0x1fa6e90214e, max_idle_ns: 440795267533 ns
[    0.015002] Calibrating delay loop (skipped), value calculated using timer frequency.. 4391.71 BogoMIPS (lpj=2195857)
[    0.016001] pid_max: default: 32768 minimum: 301
[    0.018843] Security Framework initialized
[    0.019002] Yama: becoming mindful.
[    0.020003] SELinux:  Disabled at boot.
[    0.030905] Dentry cache hash table entries: 8388608 (order: 14, 67108864 bytes)
[    0.035819] Inode-cache hash table entries: 4194304 (order: 13, 33554432 bytes)
[    0.037153] Mount-cache hash table entries: 131072 (order: 8, 1048576 bytes)
[    0.038151] Mountpoint-cache hash table entries: 131072 (order: 8, 1048576 bytes)
[    0.039230] CPU: Physical Processor ID: 0
[    0.040001] CPU: Processor Core ID: 0
[    0.041054] LVT offset 2 assigned for vector 0xf4
[    0.042011] Last level iTLB entries: 4KB 1024, 2MB 1024, 4MB 512
[    0.043001] Last level dTLB entries: 4KB 1536, 2MB 1536, 4MB 768, 1GB 0
[    0.044002] Spectre V2 : Mitigation: Full AMD retpoline
[    0.045000] Spectre V2 : Spectre v2 mitigation: Enabling Indirect Branch Prediction Barrier
[    0.046001] Speculative Store Bypass: Mitigation: Speculative Store Bypass disabled via prctl and seccomp
[    0.056198] Freeing SMP alternatives memory: 32K
[    0.061000] smpboot: CPU0: AMD EPYC 7301 16-Core Processor (family: 0x17, model: 0x1, stepping: 0x2)
[    0.061128] Performance Events: Fam17h core perfctr, AMD PMU driver.
[    0.062002] ... version:                0
[    0.063000] ... bit width:              48
[    0.064000] ... generic registers:      6
[    0.065001] ... value mask:             0000ffffffffffff
[    0.066001] ... max period:             00007fffffffffff
[    0.067000] ... fixed-purpose events:   0
[    0.068000] ... event mask:             000000000000003f
[    0.069041] Hierarchical SRCU implementation.
[    0.070448] MCE: In-kernel MCE decoding enabled.
[    0.072011] NMI watchdog: Enabled. Permanently consumes one hw-PMU counter.
[    0.073016] smp: Bringing up secondary CPUs ...
[    0.074096] x86: Booting SMP configuration:
[    0.075001] .... node  #0, CPUs:        #1  #2  #3
[    0.080002] .... node  #1, CPUs:    #4  #5  #6  #7
[    0.087002] .... node  #2, CPUs:    #8  #9 #10 #11
[    0.094002] .... node  #3, CPUs:   #12 #13 #14 #15
[    0.100002] .... node  #0, CPUs:   #16 #17 #18 #19
[    0.106002] .... node  #1, CPUs:   #20 #21 #22 #23
[    0.112002] .... node  #2, CPUs:   #24 #25 #26 #27
[    0.118002] .... node  #3, CPUs:   #28 #29 #30 #31
[    0.123055] smp: Brought up 4 nodes, 32 CPUs
[    0.125001] smpboot: Max logical packages: 1
[    0.126003] smpboot: Total of 32 processors activated (140534.84 BogoMIPS)
[    0.406008] node 0 initialised, 7362333 pages in 277ms
[    0.442008] node 3 initialised, 8224107 pages in 313ms
[    0.442008] node 1 initialised, 8224225 pages in 313ms
[    0.442015] node 2 initialised, 8224226 pages in 313ms
[    0.462788] devtmpfs: initialized
[    0.463052] x86/mm: Memory block size: 128MB
[    0.471620] evm: security.selinux
[    0.472001] evm: security.ima
[    0.473001] evm: security.capability
[    0.474043] PM: Registering ACPI NVS region [mem 0xca327000-0xca67ffff] (3510272 bytes)
[    0.475169] clocksource: jiffies: mask: 0xffffffff max_cycles: 0xffffffff, max_idle_ns: 1911260446275000 ns
[    0.476035] futex hash table entries: 8192 (order: 7, 524288 bytes)
[    0.478010] pinctrl core: initialized pinctrl subsystem
[    0.479066] RTC time: 18:24:09, date: 08/30/18
[    0.481017] NET: Registered protocol family 16
[    0.483074] audit: initializing netlink subsys (disabled)
[    0.484017] audit: type=2000 audit(1535653446.484:1): state=initialized audit_enabled=0 res=1
[    0.493005] cpuidle: using governor menu
[    0.498089] ACPI: bus type PCI registered
[    0.503003] acpiphp: ACPI Hot Plug PCI Controller Driver version: 0.5
[    0.510078] PCI: MMCONFIG for domain 0000 [bus 00-ff] at [mem 0xe0000000-0xefffffff] (base 0xe0000000)
[    0.520004] PCI: not using MMCONFIG
[    0.524002] PCI: Using configuration type 1 for base access
[    0.530001] PCI: Using configuration type 1 for extended access
[    0.540048] HugeTLB registered 1.00 GiB page size, pre-allocated 0 pages
[    0.548005] HugeTLB registered 2.00 MiB page size, pre-allocated 0 pages
[    0.556157] ACPI: Added _OSI(Module Device)
[    0.557002] ACPI: Added _OSI(Processor Device)
[    0.558001] ACPI: Added _OSI(3.0 _SCP Extensions)
[    0.559001] ACPI: Added _OSI(Processor Aggregator Device)
[    0.560002] ACPI: Added _OSI(Linux-Dell-Video)
[    0.568348] ACPI: 6 ACPI AML tables successfully acquired and loaded
[    0.573621] ACPI: Interpreter enabled
[    0.574012] ACPI: (supports S0 S5)
[    0.575002] ACPI: Using IOAPIC for interrupt routing
[    0.576129] PCI: MMCONFIG for domain 0000 [bus 00-ff] at [mem 0xe0000000-0xefffffff] (base 0xe0000000)
[    0.577032] PCI: MMCONFIG at [mem 0xe0000000-0xefffffff] reserved in ACPI motherboard resources
[    0.578033] HEST: Table parsing has been initialized.
[    0.580002] PCI: Using host bridge windows from ACPI; if necessary, use "pci=nocrs" and report a bug
[    0.581215] ACPI: Enabled 2 GPEs in block 00 to 1F
[    0.583936] ACPI: Power Resource [P0SA] (off)
[    0.584023] ACPI: Power Resource [P3SA] (off)
[    0.587693] ACPI: Power Resource [P0SA] (off)
[    0.588022] ACPI: Power Resource [P3SA] (off)
[    0.590294] ACPI: Power Resource [P0SA] (off)
[    0.591021] ACPI: Power Resource [P3SA] (off)
[    0.592814] ACPI: Power Resource [P0SA] (off)
[    0.593021] ACPI: Power Resource [P3SA] (off)
[    0.595393] ACPI: Power Resource [P0SA] (off)
[    0.596023] ACPI: Power Resource [P3SA] (off)
[    0.597831] ACPI: Power Resource [P0SA] (off)
[    0.598021] ACPI: Power Resource [P3SA] (off)
[    0.600563] ACPI: Power Resource [P0SA] (off)
[    0.601021] ACPI: Power Resource [P3SA] (off)
[    0.603156] ACPI: Power Resource [P0SA] (off)
[    0.604022] ACPI: Power Resource [P3SA] (off)
[    0.607733] ACPI: PCI Root Bridge [PCI0] (domain 0000 [bus 00-3f])
[    0.608005] acpi PNP0A08:00: _OSC: OS supports [ExtendedConfig ASPM ClockPM Segments MSI]
[    0.609167] acpi PNP0A08:00: _OSC: OS now controls [PCIeHotplug PME AER PCIeCapability]
[    0.611103] PCI host bridge to bus 0000:00
[    0.612003] pci_bus 0000:00: root bus resource [io  0x0000-0x02e7 window]
[    0.613002] pci_bus 0000:00: root bus resource [io  0x0300-0x03af window]
[    0.614001] pci_bus 0000:00: root bus resource [io  0x0400-0x0cf7 window]
[    0.615001] pci_bus 0000:00: root bus resource [io  0x0d00-0x1fff window]
[    0.616002] pci_bus 0000:00: root bus resource [mem 0x000c0000-0x000dffff window]
[    0.617002] pci_bus 0000:00: root bus resource [mem 0xdfa00000-0xdfffffff window]
[    0.618001] pci_bus 0000:00: root bus resource [mem 0x191cc000000-0x1ffffffffff window]
[    0.619001] pci_bus 0000:00: root bus resource [bus 00-3f]
[    0.620007] pci 0000:00:00.0: [1022:1450] type 00 class 0x060000
[    0.620077] pci 0000:00:00.2: [1022:1451] type 00 class 0x080600
[    0.620161] pci 0000:00:01.0: [1022:1452] type 00 class 0x060000
[    0.620219] pci 0000:00:01.1: [1022:1453] type 01 class 0x060400
[    0.621133] pci 0000:00:01.1: PME# supported from D0 D3hot D3cold
[    0.621224] pci 0000:00:02.0: [1022:1452] type 00 class 0x060000
[    0.621294] pci 0000:00:03.0: [1022:1452] type 00 class 0x060000
[    0.621364] pci 0000:00:04.0: [1022:1452] type 00 class 0x060000
[    0.621438] pci 0000:00:07.0: [1022:1452] type 00 class 0x060000
[    0.621493] pci 0000:00:07.1: [1022:1454] type 01 class 0x060400
[    0.621884] pci 0000:00:07.1: enabling Extended Tags
[    0.622520] pci 0000:00:07.1: PME# supported from D0 D3hot D3cold
[    0.623042] pci 0000:00:08.0: [1022:1452] type 00 class 0x060000
[    0.623100] pci 0000:00:08.1: [1022:1454] type 01 class 0x060400
[    0.623131] pci 0000:00:08.1: enabling Extended Tags
[    0.624290] pci 0000:00:08.1: PME# supported from D0 D3hot D3cold
[    0.625088] pci 0000:00:14.0: [1022:790b] type 00 class 0x0c0500
[    0.625293] pci 0000:00:14.3: [1022:790e] type 00 class 0x060100
[    0.625501] pci 0000:00:18.0: [1022:1460] type 00 class 0x060000
[    0.625550] pci 0000:00:18.1: [1022:1461] type 00 class 0x060000
[    0.625597] pci 0000:00:18.2: [1022:1462] type 00 class 0x060000
[    0.625641] pci 0000:00:18.3: [1022:1463] type 00 class 0x060000
[    0.625686] pci 0000:00:18.4: [1022:1464] type 00 class 0x060000
[    0.625730] pci 0000:00:18.5: [1022:1465] type 00 class 0x060000
[    0.625774] pci 0000:00:18.6: [1022:1466] type 00 class 0x060000
[    0.625817] pci 0000:00:18.7: [1022:1467] type 00 class 0x060000
[    0.625861] pci 0000:00:19.0: [1022:1460] type 00 class 0x060000
[    0.625912] pci 0000:00:19.1: [1022:1461] type 00 class 0x060000
[    0.625958] pci 0000:00:19.2: [1022:1462] type 00 class 0x060000
[    0.626014] pci 0000:00:19.3: [1022:1463] type 00 class 0x060000
[    0.626062] pci 0000:00:19.4: [1022:1464] type 00 class 0x060000
[    0.626110] pci 0000:00:19.5: [1022:1465] type 00 class 0x060000
[    0.626159] pci 0000:00:19.6: [1022:1466] type 00 class 0x060000
[    0.626207] pci 0000:00:19.7: [1022:1467] type 00 class 0x060000
[    0.626254] pci 0000:00:1a.0: [1022:1460] type 00 class 0x060000
[    0.626302] pci 0000:00:1a.1: [1022:1461] type 00 class 0x060000
[    0.626350] pci 0000:00:1a.2: [1022:1462] type 00 class 0x060000
[    0.626397] pci 0000:00:1a.3: [1022:1463] type 00 class 0x060000
[    0.626444] pci 0000:00:1a.4: [1022:1464] type 00 class 0x060000
[    0.626493] pci 0000:00:1a.5: [1022:1465] type 00 class 0x060000
[    0.626542] pci 0000:00:1a.6: [1022:1466] type 00 class 0x060000
[    0.626590] pci 0000:00:1a.7: [1022:1467] type 00 class 0x060000
[    0.626639] pci 0000:00:1b.0: [1022:1460] type 00 class 0x060000
[    0.626687] pci 0000:00:1b.1: [1022:1461] type 00 class 0x060000
[    0.626734] pci 0000:00:1b.2: [1022:1462] type 00 class 0x060000
[    0.626781] pci 0000:00:1b.3: [1022:1463] type 00 class 0x060000
[    0.626830] pci 0000:00:1b.4: [1022:1464] type 00 class 0x060000
[    0.626879] pci 0000:00:1b.5: [1022:1465] type 00 class 0x060000
[    0.626927] pci 0000:00:1b.6: [1022:1466] type 00 class 0x060000
[    0.626976] pci 0000:00:1b.7: [1022:1467] type 00 class 0x060000
[    0.627122] pci 0000:01:00.0: [8086:10d3] type 00 class 0x020000
[    0.627159] pci 0000:01:00.0: reg 0x10: [mem 0xdffc0000-0xdffdffff]
[    0.627174] pci 0000:01:00.0: reg 0x14: [mem 0xdff00000-0xdff7ffff]
[    0.627188] pci 0000:01:00.0: reg 0x18: [io  0x1000-0x101f]
[    0.627203] pci 0000:01:00.0: reg 0x1c: [mem 0xdffe0000-0xdffe3fff]
[    0.627244] pci 0000:01:00.0: reg 0x30: [mem 0xdff80000-0xdffbffff pref]
[    0.627336] pci 0000:01:00.0: PME# supported from D0 D3hot D3cold
[    0.627450] pci 0000:00:01.1: PCI bridge to [bus 01]
[    0.628004] pci 0000:00:01.1:   bridge window [io  0x1000-0x1fff]
[    0.629001] pci 0000:00:01.1:   bridge window [mem 0xdff00000-0xdfffffff]
[    0.629076] pci 0000:02:00.0: [1022:145a] type 00 class 0x130000
[    0.629104] pci 0000:02:00.0: enabling Extended Tags
[    0.630069] pci 0000:02:00.2: [1022:1456] type 00 class 0x108000
[    0.630085] pci 0000:02:00.2: reg 0x18: [mem 0xdfb00000-0xdfbfffff]
[    0.630093] pci 0000:02:00.2: reg 0x24: [mem 0xdfc00000-0xdfc01fff]
[    0.630099] pci 0000:02:00.2: enabling Extended Tags
[    0.631074] pci 0000:02:00.3: [1022:145f] type 00 class 0x0c0330
[    0.631087] pci 0000:02:00.3: reg 0x10: [mem 0xdfa00000-0xdfafffff 64bit]
[    0.631108] pci 0000:02:00.3: enabling Extended Tags
[    0.632030] pci 0000:02:00.3: PME# supported from D0 D3hot D3cold
[    0.633036] pci 0000:00:07.1: PCI bridge to [bus 02]
[    0.634004] pci 0000:00:07.1:   bridge window [mem 0xdfa00000-0xdfcfffff]
[    0.635020] pci 0000:03:00.0: [1022:1455] type 00 class 0x130000
[    0.635048] pci 0000:03:00.0: enabling Extended Tags
[    0.636073] pci 0000:03:00.1: [1022:1468] type 00 class 0x108000
[    0.636090] pci 0000:03:00.1: reg 0x18: [mem 0xdfd00000-0xdfdfffff]
[    0.636099] pci 0000:03:00.1: reg 0x24: [mem 0xdfe00000-0xdfe01fff]
[    0.636105] pci 0000:03:00.1: enabling Extended Tags
[    0.637095] pci 0000:00:08.1: PCI bridge to [bus 03]
[    0.638004] pci 0000:00:08.1:   bridge window [mem 0xdfd00000-0xdfefffff]
[    0.638020] pci_bus 0000:00: on NUMA node 0
[    0.639505] ACPI: PCI Root Bridge [S0D1] (domain 0000 [bus 40-7f])
[    0.640005] acpi PNP0A08:01: _OSC: OS supports [ExtendedConfig ASPM ClockPM Segments MSI]
[    0.641163] acpi PNP0A08:01: _OSC: OS now controls [PCIeHotplug PME AER PCIeCapability]
[    0.642187] PCI host bridge to bus 0000:40
[    0.643002] pci_bus 0000:40: root bus resource [io  0x03b0-0x03df window]
[    0.644002] pci_bus 0000:40: root bus resource [io  0x2000-0x2fff window]
[    0.645001] pci_bus 0000:40: root bus resource [mem 0x000a0000-0x000bffff window]
[    0.646001] pci_bus 0000:40: root bus resource [mem 0xd8000000-0xdf8fffff window]
[    0.647001] pci_bus 0000:40: root bus resource [mem 0x12398000000-0x191cbffffff window]
[    0.648001] pci_bus 0000:40: root bus resource [bus 40-7f]
[    0.649005] pci 0000:40:00.0: [1022:1450] type 00 class 0x060000
[    0.649068] pci 0000:40:00.2: [1022:1451] type 00 class 0x080600
[    0.649153] pci 0000:40:01.0: [1022:1452] type 00 class 0x060000
[    0.649210] pci 0000:40:01.1: [1022:1453] type 01 class 0x060400
[    0.649339] pci 0000:40:01.1: PME# supported from D0 D3hot D3cold
[    0.649429] pci 0000:40:02.0: [1022:1452] type 00 class 0x060000
[    0.649498] pci 0000:40:03.0: [1022:1452] type 00 class 0x060000
[    0.649572] pci 0000:40:04.0: [1022:1452] type 00 class 0x060000
[    0.649645] pci 0000:40:07.0: [1022:1452] type 00 class 0x060000
[    0.650036] pci 0000:40:07.1: [1022:1454] type 01 class 0x060400
[    0.650255] pci 0000:40:07.1: enabling Extended Tags
[    0.652068] pci 0000:40:07.1: PME# supported from D0 D3hot D3cold
[    0.652151] pci 0000:40:08.0: [1022:1452] type 00 class 0x060000
[    0.652208] pci 0000:40:08.1: [1022:1454] type 01 class 0x060400
[    0.652241] pci 0000:40:08.1: enabling Extended Tags
[    0.653293] pci 0000:40:08.1: PME# supported from D0 D3hot D3cold
[    0.653504] pci 0000:41:00.0: [1a03:1150] type 01 class 0x060400
[    0.653628] pci 0000:41:00.0: supports D1 D2
[    0.653630] pci 0000:41:00.0: PME# supported from D0 D1 D2 D3hot D3cold
[    0.656017] pci 0000:40:01.1: PCI bridge to [bus 41-42]
[    0.657004] pci 0000:40:01.1:   bridge window [io  0x2000-0x2fff]
[    0.657006] pci 0000:40:01.1:   bridge window [mem 0xd8000000-0xdc0fffff]
[    0.657065] pci 0000:42:00.0: [1a03:2000] type 00 class 0x030000
[    0.657095] pci 0000:42:00.0: reg 0x10: [mem 0xd8000000-0xdbffffff]
[    0.657108] pci 0000:42:00.0: reg 0x14: [mem 0xdc000000-0xdc01ffff]
[    0.657121] pci 0000:42:00.0: reg 0x18: [io  0x2000-0x207f]
[    0.658030] pci 0000:42:00.0: BAR 0: assigned to efifb
[    0.659045] pci 0000:42:00.0: supports D1 D2
[    0.659046] pci 0000:42:00.0: PME# supported from D0 D1 D2 D3hot D3cold
[    0.659137] pci 0000:41:00.0: PCI bridge to [bus 42]
[    0.660007] pci 0000:41:00.0:   bridge window [io  0x2000-0x2fff]
[    0.660011] pci 0000:41:00.0:   bridge window [mem 0xd8000000-0xdc0fffff]
[    0.660112] pci 0000:43:00.0: [1022:145a] type 00 class 0x130000
[    0.660142] pci 0000:43:00.0: enabling Extended Tags
[    0.661073] pci 0000:43:00.2: [1022:1456] type 00 class 0x108000
[    0.661090] pci 0000:43:00.2: reg 0x18: [mem 0xdc300000-0xdc3fffff]
[    0.661099] pci 0000:43:00.2: reg 0x24: [mem 0xdc400000-0xdc401fff]
[    0.661106] pci 0000:43:00.2: enabling Extended Tags
[    0.662079] pci 0000:43:00.3: [1022:145f] type 00 class 0x0c0330
[    0.662094] pci 0000:43:00.3: reg 0x10: [mem 0xdc200000-0xdc2fffff 64bit]
[    0.662117] pci 0000:43:00.3: enabling Extended Tags
[    0.663033] pci 0000:43:00.3: PME# supported from D0 D3hot D3cold
[    0.663103] pci 0000:40:07.1: PCI bridge to [bus 43]
[    0.664004] pci 0000:40:07.1:   bridge window [mem 0xdc200000-0xdc4fffff]
[    0.664308] pci 0000:44:00.0: [1022:1455] type 00 class 0x130000
[    0.664340] pci 0000:44:00.0: enabling Extended Tags
[    0.666049] pci 0000:44:00.1: [1022:1468] type 00 class 0x108000
[    0.666067] pci 0000:44:00.1: reg 0x18: [mem 0xdc500000-0xdc5fffff]
[    0.666077] pci 0000:44:00.1: reg 0x24: [mem 0xdc600000-0xdc601fff]
[    0.666084] pci 0000:44:00.1: enabling Extended Tags
[    0.667102] pci 0000:40:08.1: PCI bridge to [bus 44]
[    0.668005] pci 0000:40:08.1:   bridge window [mem 0xdc500000-0xdc6fffff]
[    0.668022] pci_bus 0000:40: on NUMA node 1
[    0.668276] ACPI: PCI Root Bridge [S0D2] (domain 0000 [bus 80-bf])
[    0.669003] acpi PNP0A08:02: _OSC: OS supports [ExtendedConfig ASPM ClockPM Segments MSI]
[    0.670163] acpi PNP0A08:02: _OSC: OS now controls [PCIeHotplug PME AER PCIeCapability]
[    0.671160] PCI host bridge to bus 0000:80
[    0.672002] pci_bus 0000:80: root bus resource [io  0x3000-0x3fff window]
[    0.673002] pci_bus 0000:80: root bus resource [mem 0xd5a00000-0xd7dfffff window]
[    0.674002] pci_bus 0000:80: root bus resource [mem 0x8ecc000000-0xfcffffffff window]
[    0.675001] pci_bus 0000:80: root bus resource [bus 80-bf]
[    0.676006] pci 0000:80:00.0: [1022:1450] type 00 class 0x060000
[    0.676068] pci 0000:80:00.2: [1022:1451] type 00 class 0x080600
[    0.676152] pci 0000:80:01.0: [1022:1452] type 00 class 0x060000
[    0.676221] pci 0000:80:02.0: [1022:1452] type 00 class 0x060000
[    0.676290] pci 0000:80:03.0: [1022:1452] type 00 class 0x060000
[    0.676348] pci 0000:80:03.1: [1022:1453] type 01 class 0x060400
[    0.677085] pci 0000:80:03.1: PME# supported from D0 D3hot D3cold
[    0.677175] pci 0000:80:04.0: [1022:1452] type 00 class 0x060000
[    0.677249] pci 0000:80:07.0: [1022:1452] type 00 class 0x060000
[    0.677304] pci 0000:80:07.1: [1022:1454] type 01 class 0x060400
[    0.677336] pci 0000:80:07.1: enabling Extended Tags
[    0.679067] pci 0000:80:07.1: PME# supported from D0 D3hot D3cold
[    0.679150] pci 0000:80:08.0: [1022:1452] type 00 class 0x060000
[    0.679206] pci 0000:80:08.1: [1022:1454] type 01 class 0x060400
[    0.679238] pci 0000:80:08.1: enabling Extended Tags
[    0.681068] pci 0000:80:08.1: PME# supported from D0 D3hot D3cold
[    0.681274] pci 0000:80:03.1: PCI bridge to [bus 81]
[    0.683055] pci 0000:82:00.0: [1022:145a] type 00 class 0x130000
[    0.683086] pci 0000:82:00.0: enabling Extended Tags
[    0.684072] pci 0000:82:00.2: [1022:1456] type 00 class 0x108000
[    0.684088] pci 0000:82:00.2: reg 0x18: [mem 0xd7c00000-0xd7cfffff]
[    0.684097] pci 0000:82:00.2: reg 0x24: [mem 0xd7d00000-0xd7d01fff]
[    0.684104] pci 0000:82:00.2: enabling Extended Tags
[    0.685095] pci 0000:80:07.1: PCI bridge to [bus 82]
[    0.686005] pci 0000:80:07.1:   bridge window [mem 0xd7c00000-0xd7dfffff]
[    0.687068] pci 0000:83:00.0: [1022:1455] type 00 class 0x130000
[    0.687100] pci 0000:83:00.0: enabling Extended Tags
[    0.688079] pci 0000:83:00.1: [1022:1468] type 00 class 0x108000
[    0.688097] pci 0000:83:00.1: reg 0x18: [mem 0xd7a00000-0xd7afffff]
[    0.688107] pci 0000:83:00.1: reg 0x24: [mem 0xd7b00000-0xd7b01fff]
[    0.688114] pci 0000:83:00.1: enabling Extended Tags
[    0.689101] pci 0000:80:08.1: PCI bridge to [bus 83]
[    0.690005] pci 0000:80:08.1:   bridge window [mem 0xd7a00000-0xd7bfffff]
[    0.690021] pci_bus 0000:80: on NUMA node 2
[    0.690242] ACPI: PCI Root Bridge [S0D3] (domain 0000 [bus c0-ff])
[    0.691003] acpi PNP0A08:03: _OSC: OS supports [ExtendedConfig ASPM ClockPM Segments MSI]
[    0.692164] acpi PNP0A08:03: _OSC: OS now controls [PCIeHotplug PME AER PCIeCapability]
[    0.693162] PCI host bridge to bus 0000:c0
[    0.694002] pci_bus 0000:c0: root bus resource [mem 0xd5300000-0xd57fffff window]
[    0.695001] pci_bus 0000:c0: root bus resource [mem 0x2098000000-0x8ecbffffff window]
[    0.696002] pci_bus 0000:c0: root bus resource [bus c0-ff]
[    0.697005] pci 0000:c0:00.0: [1022:1450] type 00 class 0x060000
[    0.697067] pci 0000:c0:00.2: [1022:1451] type 00 class 0x080600
[    0.697151] pci 0000:c0:01.0: [1022:1452] type 00 class 0x060000
[    0.697222] pci 0000:c0:02.0: [1022:1452] type 00 class 0x060000
[    0.697291] pci 0000:c0:03.0: [1022:1452] type 00 class 0x060000
[    0.697348] pci 0000:c0:03.1: [1022:1453] type 01 class 0x060400
[    0.698054] pci 0000:c0:03.1: PME# supported from D0 D3hot D3cold
[    0.698155] pci 0000:c0:04.0: [1022:1452] type 00 class 0x060000
[    0.698230] pci 0000:c0:07.0: [1022:1452] type 00 class 0x060000
[    0.698285] pci 0000:c0:07.1: [1022:1454] type 01 class 0x060400
[    0.698318] pci 0000:c0:07.1: enabling Extended Tags
[    0.699230] pci 0000:c0:07.1: PME# supported from D0 D3hot D3cold
[    0.699313] pci 0000:c0:08.0: [1022:1452] type 00 class 0x060000
[    0.699370] pci 0000:c0:08.1: [1022:1454] type 01 class 0x060400
[    0.699403] pci 0000:c0:08.1: enabling Extended Tags
[    0.700293] pci 0000:c0:08.1: PME# supported from D0 D3hot D3cold
[    0.700566] pci 0000:c1:00.0: [144d:a804] type 00 class 0x010802
[    0.700588] pci 0000:c1:00.0: reg 0x10: [mem 0xd5700000-0xd5703fff 64bit]
[    0.700743] pci 0000:c0:03.1: PCI bridge to [bus c1]
[    0.701006] pci 0000:c0:03.1:   bridge window [mem 0xd5700000-0xd57fffff]
[    0.701087] pci 0000:c2:00.0: [1022:145a] type 00 class 0x130000
[    0.701118] pci 0000:c2:00.0: enabling Extended Tags
[    0.703061] pci 0000:c2:00.2: [1022:1456] type 00 class 0x108000
[    0.703077] pci 0000:c2:00.2: reg 0x18: [mem 0xd5500000-0xd55fffff]
[    0.703087] pci 0000:c2:00.2: reg 0x24: [mem 0xd5600000-0xd5601fff]
[    0.703093] pci 0000:c2:00.2: enabling Extended Tags
[    0.704094] pci 0000:c0:07.1: PCI bridge to [bus c2]
[    0.705005] pci 0000:c0:07.1:   bridge window [mem 0xd5500000-0xd56fffff]
[    0.705102] pci 0000:c3:00.0: [1022:1455] type 00 class 0x130000
[    0.705134] pci 0000:c3:00.0: enabling Extended Tags
[    0.707027] pci 0000:c3:00.1: [1022:1468] type 00 class 0x108000
[    0.707045] pci 0000:c3:00.1: reg 0x18: [mem 0xd5300000-0xd53fffff]
[    0.707054] pci 0000:c3:00.1: reg 0x24: [mem 0xd5400000-0xd5401fff]
[    0.707062] pci 0000:c3:00.1: enabling Extended Tags
[    0.708103] pci 0000:c0:08.1: PCI bridge to [bus c3]
[    0.709005] pci 0000:c0:08.1:   bridge window [mem 0xd5300000-0xd54fffff]
[    0.709023] pci_bus 0000:c0: on NUMA node 3
[    0.709220] ACPI: PCI Interrupt Link [LNKA] (IRQs 4 5 7 10 *11 14 15)
[    0.710051] ACPI: PCI Interrupt Link [LNKB] (IRQs 4 5 7 10 *11 14 15)
[    0.711041] ACPI: PCI Interrupt Link [LNKC] (IRQs 4 5 7 10 11 14 15) *0
[    0.712052] ACPI: PCI Interrupt Link [LNKD] (IRQs 4 5 7 10 11 14 15) *0
[    0.713047] ACPI: PCI Interrupt Link [LNKE] (IRQs 4 5 7 *10 11 14 15)
[    0.714039] ACPI: PCI Interrupt Link [LNKF] (IRQs 4 *5 7 10 11 14 15)
[    0.715038] ACPI: PCI Interrupt Link [LNKG] (IRQs 4 5 7 *10 11 14 15)
[    0.716040] ACPI: PCI Interrupt Link [LNKH] (IRQs 4 5 7 10 11 14 15) *0
[    0.718065] pci 0000:42:00.0: vgaarb: setting as boot VGA device
[    0.719000] pci 0000:42:00.0: vgaarb: VGA device added: decodes=io+mem,owns=io+mem,locks=none
[    0.719005] pci 0000:42:00.0: vgaarb: bridge control possible
[    0.720001] vgaarb: loaded
[    0.721071] SCSI subsystem initialized
[    0.722052] libata version 3.00 loaded.
[    0.722052] ACPI: bus type USB registered
[    0.723014] usbcore: registered new interface driver usbfs
[    0.724006] usbcore: registered new interface driver hub
[    0.725087] usbcore: registered new device driver usb
[    0.726013] pps_core: LinuxPPS API ver. 1 registered
[    0.727001] pps_core: Software ver. 5.3.6 - Copyright 2005-2007 Rodolfo Giometti <giometti@linux.it>
[    0.728003] PTP clock support registered
[    0.729059] EDAC MC: Ver: 3.0.0
[    0.730193] EDAC DEBUG: edac_mc_sysfs_init: device mc created
[    0.730202] Registered efivars operations
[    0.748458] PCI: Using ACPI for IRQ routing
[    0.771369] PCI: pci_cache_line_size set to 64 bytes
[    0.771598] e820: reserve RAM buffer [mem 0x75db0000-0x77ffffff]
[    0.771600] e820: reserve RAM buffer [mem 0x93837018-0x93ffffff]
[    0.771600] e820: reserve RAM buffer [mem 0x93848018-0x93ffffff]
[    0.771601] e820: reserve RAM buffer [mem 0xc8de5000-0xcbffffff]
[    0.771602] e820: reserve RAM buffer [mem 0xca327000-0xcbffffff]
[    0.771602] e820: reserve RAM buffer [mem 0x82f380000-0x82fffffff]
[    0.771603] e820: reserve RAM buffer [mem 0x102ff80000-0x102fffffff]
[    0.771604] e820: reserve RAM buffer [mem 0x182ff80000-0x182fffffff]
[    0.771605] e820: reserve RAM buffer [mem 0x202ff80000-0x202fffffff]
[    0.772000] NetLabel: Initializing
[    0.776001] NetLabel:  domain hash size = 128
[    0.781001] NetLabel:  protocols = UNLABELED CIPSOv4 CALIPSO
[    0.787013] NetLabel:  unlabeled traffic allowed by default
[    0.793061] hpet0: at MMIO 0xfed00000, IRQs 2, 8, 0
[    0.799002] hpet0: 3 comparators, 32-bit 14.318180 MHz counter
[    0.807046] clocksource: Switched to clocksource tsc-early
[    0.821872] VFS: Disk quotas dquot_6.6.0
[    0.826275] VFS: Dquot-cache hash table entries: 512 (order 0, 4096 bytes)
[    0.834015] pnp: PnP ACPI init
[    0.837546] system 00:00: [mem 0xe0000000-0xefffffff] has been reserved
[    0.844938] system 00:00: Plug and Play ACPI device, IDs PNP0c01 (active)
[    0.845088] pnp 00:01: Plug and Play ACPI device, IDs PNP0b00 (active)
[    0.845298] system 00:02: [io  0x04d0-0x04d1] has been reserved
[    0.851909] system 00:02: [io  0x040b] has been reserved
[    0.857843] system 00:02: [io  0x04d6] has been reserved
[    0.863775] system 00:02: [io  0x0c00-0x0c01] has been reserved
[    0.870385] system 00:02: [io  0x0c14] has been reserved
[    0.876318] system 00:02: [io  0x0c50-0x0c51] has been reserved
[    0.882927] system 00:02: [io  0x0c52] has been reserved
[    0.888858] system 00:02: [io  0x0c6c] has been reserved
[    0.894789] system 00:02: [io  0x0c6f] has been reserved
[    0.900711] system 00:02: [io  0x0cd0-0x0cd1] has been reserved
[    0.907321] system 00:02: [io  0x0cd2-0x0cd3] has been reserved
[    0.913932] system 00:02: [io  0x0cd4-0x0cd5] has been reserved
[    0.920543] system 00:02: [io  0x0cd6-0x0cd7] has been reserved
[    0.927153] system 00:02: [io  0x0cd8-0x0cdf] has been reserved
[    0.933762] system 00:02: [io  0x0800-0x089f] has been reserved
[    0.940363] system 00:02: [io  0x0b00-0x0b0f] has been reserved
[    0.946972] system 00:02: [io  0x0b20-0x0b3f] has been reserved
[    0.953572] system 00:02: [io  0x0900-0x090f] has been reserved
[    0.960175] system 00:02: [io  0x0910-0x091f] has been reserved
[    0.966785] system 00:02: [io  0xfe00-0xfefe] has been reserved
[    0.973396] system 00:02: [mem 0xfec00000-0xfec00fff] could not be reserved
[    0.981170] system 00:02: [mem 0xfec01000-0xfec01fff] has been reserved
[    0.988556] system 00:02: [mem 0xfedc0000-0xfedc0fff] has been reserved
[    0.995941] system 00:02: [mem 0xfee00000-0xfee00fff] has been reserved
[    1.003319] system 00:02: [mem 0xfed80000-0xfed8ffff] could not be reserved
[    1.011095] system 00:02: [mem 0xfed61000-0xfed70fff] has been reserved
[    1.018481] system 00:02: [mem 0xfec10000-0xfec10fff] has been reserved
[    1.025867] system 00:02: [mem 0xff000000-0xffffffff] has been reserved
[    1.033255] system 00:02: Plug and Play ACPI device, IDs PNP0c02 (active)
[    1.033465] pnp 00:03: Plug and Play ACPI device, IDs PNP0501 (active)
[    1.033521] pnp 00:04: Plug and Play ACPI device, IDs PNP0501 (active)
[    1.034039] pnp: PnP ACPI: found 5 devices
[    1.044540] clocksource: acpi_pm: mask: 0xffffff max_cycles: 0xffffff, max_idle_ns: 2085701024 ns
[    1.054481] pci 0000:00:01.1: PCI bridge to [bus 01]
[    1.060021] pci 0000:00:01.1:   bridge window [io  0x1000-0x1fff]
[    1.066831] pci 0000:00:01.1:   bridge window [mem 0xdff00000-0xdfffffff]
[    1.074422] pci 0000:00:07.1: PCI bridge to [bus 02]
[    1.079968] pci 0000:00:07.1:   bridge window [mem 0xdfa00000-0xdfcfffff]
[    1.087555] pci 0000:00:08.1: PCI bridge to [bus 03]
[    1.093100] pci 0000:00:08.1:   bridge window [mem 0xdfd00000-0xdfefffff]
[    1.100688] pci_bus 0000:00: resource 4 [io  0x0000-0x02e7 window]
[    1.100690] pci_bus 0000:00: resource 5 [io  0x0300-0x03af window]
[    1.100692] pci_bus 0000:00: resource 6 [io  0x0400-0x0cf7 window]
[    1.100693] pci_bus 0000:00: resource 7 [io  0x0d00-0x1fff window]
[    1.100694] pci_bus 0000:00: resource 8 [mem 0x000c0000-0x000dffff window]
[    1.100695] pci_bus 0000:00: resource 9 [mem 0xdfa00000-0xdfffffff window]
[    1.100697] pci_bus 0000:00: resource 10 [mem 0x191cc000000-0x1ffffffffff window]
[    1.100698] pci_bus 0000:01: resource 0 [io  0x1000-0x1fff]
[    1.100699] pci_bus 0000:01: resource 1 [mem 0xdff00000-0xdfffffff]
[    1.100701] pci_bus 0000:02: resource 1 [mem 0xdfa00000-0xdfcfffff]
[    1.100702] pci_bus 0000:03: resource 1 [mem 0xdfd00000-0xdfefffff]
[    1.100752] pci 0000:41:00.0: PCI bridge to [bus 42]
[    1.106300] pci 0000:41:00.0:   bridge window [io  0x2000-0x2fff]
[    1.113113] pci 0000:41:00.0:   bridge window [mem 0xd8000000-0xdc0fffff]
[    1.120709] pci 0000:40:01.1: PCI bridge to [bus 41-42]
[    1.126538] pci 0000:40:01.1:   bridge window [io  0x2000-0x2fff]
[    1.133347] pci 0000:40:01.1:   bridge window [mem 0xd8000000-0xdc0fffff]
[    1.140936] pci 0000:40:07.1: PCI bridge to [bus 43]
[    1.146485] pci 0000:40:07.1:   bridge window [mem 0xdc200000-0xdc4fffff]
[    1.154070] pci 0000:40:08.1: PCI bridge to [bus 44]
[    1.159616] pci 0000:40:08.1:   bridge window [mem 0xdc500000-0xdc6fffff]
[    1.167202] pci_bus 0000:40: resource 4 [io  0x03b0-0x03df window]
[    1.167203] pci_bus 0000:40: resource 5 [io  0x2000-0x2fff window]
[    1.167204] pci_bus 0000:40: resource 6 [mem 0x000a0000-0x000bffff window]
[    1.167205] pci_bus 0000:40: resource 7 [mem 0xd8000000-0xdf8fffff window]
[    1.167207] pci_bus 0000:40: resource 8 [mem 0x12398000000-0x191cbffffff window]
[    1.167208] pci_bus 0000:41: resource 0 [io  0x2000-0x2fff]
[    1.167209] pci_bus 0000:41: resource 1 [mem 0xd8000000-0xdc0fffff]
[    1.167210] pci_bus 0000:42: resource 0 [io  0x2000-0x2fff]
[    1.167211] pci_bus 0000:42: resource 1 [mem 0xd8000000-0xdc0fffff]
[    1.167212] pci_bus 0000:43: resource 1 [mem 0xdc200000-0xdc4fffff]
[    1.167214] pci_bus 0000:44: resource 1 [mem 0xdc500000-0xdc6fffff]
[    1.167233] pci 0000:80:03.1: bridge window [io  0x1000-0x0fff] to [bus 81] add_size 1000
[    1.167235] pci 0000:80:03.1: bridge window [mem 0x00100000-0x000fffff 64bit pref] to [bus 81] add_size 200000 add_align 100000
[    1.167237] pci 0000:80:03.1: bridge window [mem 0x00100000-0x000fffff] to [bus 81] add_size 200000 add_align 100000
[    1.167254] pci 0000:80:03.1: BAR 14: assigned [mem 0xd5a00000-0xd5bfffff]
[    1.174934] pci 0000:80:03.1: BAR 15: assigned [mem 0x8ecc000000-0x8ecc1fffff 64bit pref]
[    1.184065] pci 0000:80:03.1: BAR 13: assigned [io  0x3000-0x3fff]
[    1.190967] pci 0000:80:03.1: PCI bridge to [bus 81]
[    1.196511] pci 0000:80:03.1:   bridge window [io  0x3000-0x3fff]
[    1.203318] pci 0000:80:03.1:   bridge window [mem 0xd5a00000-0xd5bfffff]
[    1.210899] pci 0000:80:03.1:   bridge window [mem 0x8ecc000000-0x8ecc1fffff 64bit pref]
[    1.219939] pci 0000:80:07.1: PCI bridge to [bus 82]
[    1.225485] pci 0000:80:07.1:   bridge window [mem 0xd7c00000-0xd7dfffff]
[    1.233067] pci 0000:80:08.1: PCI bridge to [bus 83]
[    1.238614] pci 0000:80:08.1:   bridge window [mem 0xd7a00000-0xd7bfffff]
[    1.246200] pci_bus 0000:80: resource 4 [io  0x3000-0x3fff window]
[    1.246201] pci_bus 0000:80: resource 5 [mem 0xd5a00000-0xd7dfffff window]
[    1.246203] pci_bus 0000:80: resource 6 [mem 0x8ecc000000-0xfcffffffff window]
[    1.246204] pci_bus 0000:81: resource 0 [io  0x3000-0x3fff]
[    1.246205] pci_bus 0000:81: resource 1 [mem 0xd5a00000-0xd5bfffff]
[    1.246206] pci_bus 0000:81: resource 2 [mem 0x8ecc000000-0x8ecc1fffff 64bit pref]
[    1.246207] pci_bus 0000:82: resource 1 [mem 0xd7c00000-0xd7dfffff]
[    1.246209] pci_bus 0000:83: resource 1 [mem 0xd7a00000-0xd7bfffff]
[    1.246242] pci 0000:c0:03.1: PCI bridge to [bus c1]
[    1.251790] pci 0000:c0:03.1:   bridge window [mem 0xd5700000-0xd57fffff]
[    1.259375] pci 0000:c0:07.1: PCI bridge to [bus c2]
[    1.264920] pci 0000:c0:07.1:   bridge window [mem 0xd5500000-0xd56fffff]
[    1.272505] pci 0000:c0:08.1: PCI bridge to [bus c3]
[    1.278051] pci 0000:c0:08.1:   bridge window [mem 0xd5300000-0xd54fffff]
[    1.285633] pci_bus 0000:c0: resource 4 [mem 0xd5300000-0xd57fffff window]
[    1.285635] pci_bus 0000:c0: resource 5 [mem 0x2098000000-0x8ecbffffff window]
[    1.285636] pci_bus 0000:c1: resource 1 [mem 0xd5700000-0xd57fffff]
[    1.285637] pci_bus 0000:c2: resource 1 [mem 0xd5500000-0xd56fffff]
[    1.285638] pci_bus 0000:c3: resource 1 [mem 0xd5300000-0xd54fffff]
[    1.285695] NET: Registered protocol family 2
[    1.290803] tcp_listen_portaddr_hash hash table entries: 65536 (order: 8, 1048576 bytes)
[    1.300092] TCP established hash table entries: 524288 (order: 10, 4194304 bytes)
[    1.309079] TCP bind hash table entries: 65536 (order: 8, 1048576 bytes)
[    1.316677] TCP: Hash tables configured (established 524288 bind 65536)
[    1.324162] UDP hash table entries: 65536 (order: 9, 2097152 bytes)
[    1.331466] UDP-Lite hash table entries: 65536 (order: 9, 2097152 bytes)
[    1.339266] NET: Registered protocol family 1
[    1.344381] pci 0000:42:00.0: Video device with shadowed ROM at [mem 0x000c0000-0x000dffff]
[    1.353958] PCI: CLS 64 bytes, default 64
[    1.353995] Unpacking initramfs...
[    1.786750] Freeing initrd memory: 30768K
[    1.791277] AMD-Vi: IOMMU performance counters supported
[    1.797271] AMD-Vi: IOMMU performance counters supported
[    1.803254] AMD-Vi: IOMMU performance counters supported
[    1.809227] AMD-Vi: IOMMU performance counters supported
[    1.815561] iommu: Adding device 0000:00:01.0 to group 0
[    1.821652] iommu: Adding device 0000:00:01.1 to group 1
[    1.827792] iommu: Adding device 0000:00:02.0 to group 2
[    1.833888] iommu: Adding device 0000:00:03.0 to group 3
[    1.840010] iommu: Adding device 0000:00:04.0 to group 4
[    1.846124] iommu: Adding device 0000:00:07.0 to group 5
[    1.852226] iommu: Adding device 0000:00:07.1 to group 6
[    1.858348] iommu: Adding device 0000:00:08.0 to group 7
[    1.864463] iommu: Adding device 0000:00:08.1 to group 8
[    1.870593] iommu: Adding device 0000:00:14.0 to group 9
[    1.876544] iommu: Adding device 0000:00:14.3 to group 9
[    1.882728] iommu: Adding device 0000:00:18.0 to group 10
[    1.888777] iommu: Adding device 0000:00:18.1 to group 10
[    1.894826] iommu: Adding device 0000:00:18.2 to group 10
[    1.900875] iommu: Adding device 0000:00:18.3 to group 10
[    1.906923] iommu: Adding device 0000:00:18.4 to group 10
[    1.912973] iommu: Adding device 0000:00:18.5 to group 10
[    1.919021] iommu: Adding device 0000:00:18.6 to group 10
[    1.925068] iommu: Adding device 0000:00:18.7 to group 10
[    1.931360] iommu: Adding device 0000:00:19.0 to group 11
[    1.937410] iommu: Adding device 0000:00:19.1 to group 11
[    1.943457] iommu: Adding device 0000:00:19.2 to group 11
[    1.949505] iommu: Adding device 0000:00:19.3 to group 11
[    1.955554] iommu: Adding device 0000:00:19.4 to group 11
[    1.961602] iommu: Adding device 0000:00:19.5 to group 11
[    1.967651] iommu: Adding device 0000:00:19.6 to group 11
[    1.973700] iommu: Adding device 0000:00:19.7 to group 11
[    1.979986] iommu: Adding device 0000:00:1a.0 to group 12
[    1.986039] iommu: Adding device 0000:00:1a.1 to group 12
[    1.992088] iommu: Adding device 0000:00:1a.2 to group 12
[    1.998136] iommu: Adding device 0000:00:1a.3 to group 12
[    2.004184] iommu: Adding device 0000:00:1a.4 to group 12
[    2.010233] iommu: Adding device 0000:00:1a.5 to group 12
[    2.016285] iommu: Adding device 0000:00:1a.6 to group 12
[    2.022334] iommu: Adding device 0000:00:1a.7 to group 12
[    2.028625] iommu: Adding device 0000:00:1b.0 to group 13
[    2.034678] iommu: Adding device 0000:00:1b.1 to group 13
[    2.040727] iommu: Adding device 0000:00:1b.2 to group 13
[    2.046776] iommu: Adding device 0000:00:1b.3 to group 13
[    2.052827] iommu: Adding device 0000:00:1b.4 to group 13
[    2.058878] iommu: Adding device 0000:00:1b.5 to group 13
[    2.064929] iommu: Adding device 0000:00:1b.6 to group 13
[    2.070980] iommu: Adding device 0000:00:1b.7 to group 13
[    2.077194] iommu: Adding device 0000:01:00.0 to group 14
[    2.083410] iommu: Adding device 0000:02:00.0 to group 15
[    2.089616] iommu: Adding device 0000:02:00.2 to group 16
[    2.095830] iommu: Adding device 0000:02:00.3 to group 17
[    2.102039] iommu: Adding device 0000:03:00.0 to group 18
[    2.108250] iommu: Adding device 0000:03:00.1 to group 19
[    2.114465] iommu: Adding device 0000:40:01.0 to group 20
[    2.120706] iommu: Adding device 0000:40:01.1 to group 21
[    2.126911] iommu: Adding device 0000:40:02.0 to group 22
[    2.133146] iommu: Adding device 0000:40:03.0 to group 23
[    2.139363] iommu: Adding device 0000:40:04.0 to group 24
[    2.145575] iommu: Adding device 0000:40:07.0 to group 25
[    2.151810] iommu: Adding device 0000:40:07.1 to group 26
[    2.158022] iommu: Adding device 0000:40:08.0 to group 27
[    2.164257] iommu: Adding device 0000:40:08.1 to group 28
[    2.170461] iommu: Adding device 0000:41:00.0 to group 29
[    2.176506] iommu: Adding device 0000:42:00.0 to group 29
[    2.182743] iommu: Adding device 0000:43:00.0 to group 30
[    2.188972] iommu: Adding device 0000:43:00.2 to group 31
[    2.195179] iommu: Adding device 0000:43:00.3 to group 32
[    2.201397] iommu: Adding device 0000:44:00.0 to group 33
[    2.207610] iommu: Adding device 0000:44:00.1 to group 34
[    2.213836] iommu: Adding device 0000:80:01.0 to group 35
[    2.220039] iommu: Adding device 0000:80:02.0 to group 36
[    2.226265] iommu: Adding device 0000:80:03.0 to group 37
[    2.232470] iommu: Adding device 0000:80:03.1 to group 38
[    2.238690] iommu: Adding device 0000:80:04.0 to group 39
[    2.244901] iommu: Adding device 0000:80:07.0 to group 40
[    2.251138] iommu: Adding device 0000:80:07.1 to group 41
[    2.257351] iommu: Adding device 0000:80:08.0 to group 42
[    2.263586] iommu: Adding device 0000:80:08.1 to group 43
[    2.269809] iommu: Adding device 0000:82:00.0 to group 44
[    2.276026] iommu: Adding device 0000:82:00.2 to group 45
[    2.282268] iommu: Adding device 0000:83:00.0 to group 46
[    2.288492] iommu: Adding device 0000:83:00.1 to group 47
[    2.294729] iommu: Adding device 0000:c0:01.0 to group 48
[    2.300941] iommu: Adding device 0000:c0:02.0 to group 49
[    2.307177] iommu: Adding device 0000:c0:03.0 to group 50
[    2.313399] iommu: Adding device 0000:c0:03.1 to group 51
[    2.319627] iommu: Adding device 0000:c0:04.0 to group 52
[    2.325835] iommu: Adding device 0000:c0:07.0 to group 53
[    2.332063] iommu: Adding device 0000:c0:07.1 to group 54
[    2.338295] iommu: Adding device 0000:c0:08.0 to group 55
[    2.344516] iommu: Adding device 0000:c0:08.1 to group 56
[    2.350802] iommu: Adding device 0000:c1:00.0 to group 57
[    2.357029] iommu: Adding device 0000:c2:00.0 to group 58
[    2.363292] iommu: Adding device 0000:c2:00.2 to group 59
[    2.369508] iommu: Adding device 0000:c3:00.0 to group 60
[    2.375760] iommu: Adding device 0000:c3:00.1 to group 61
[    2.381938] AMD-Vi: Found IOMMU at 0000:00:00.2 cap 0x40
[    2.387870] AMD-Vi: Extended features (0xf77ef22294ada):
[    2.393801]  PPR NX GT IA GA PC GA_vAPIC
[    2.398183] AMD-Vi: Found IOMMU at 0000:40:00.2 cap 0x40
[    2.404113] AMD-Vi: Extended features (0xf77ef22294ada):
[    2.410043]  PPR NX GT IA GA PC GA_vAPIC
[    2.414424] AMD-Vi: Found IOMMU at 0000:80:00.2 cap 0x40
[    2.420346] AMD-Vi: Extended features (0xf77ef22294ada):
[    2.426275]  PPR NX GT IA GA PC GA_vAPIC
[    2.430660] AMD-Vi: Found IOMMU at 0000:c0:00.2 cap 0x40
[    2.436591] AMD-Vi: Extended features (0xf77ef22294ada):
[    2.442522]  PPR NX GT IA GA PC GA_vAPIC
[    2.446903] AMD-Vi: Interrupt remapping enabled
[    2.451961] AMD-Vi: virtual APIC enabled
[    2.456804] AMD-Vi: Lazy IO/TLB flushing enabled
[    2.463296] amd_uncore: AMD NB counters detected
[    2.468457] amd_uncore: AMD LLC counters detected
[    2.475193] perf/amd_iommu: Detected AMD IOMMU #0 (2 banks, 4 counters/bank).
[    2.483168] perf/amd_iommu: Detected AMD IOMMU #1 (2 banks, 4 counters/bank).
[    2.491137] perf/amd_iommu: Detected AMD IOMMU #2 (2 banks, 4 counters/bank).
[    2.499110] perf/amd_iommu: Detected AMD IOMMU #3 (2 banks, 4 counters/bank).
[    2.513485] Initialise system trusted keyrings
[    2.518461] Key type blacklist registered
[    2.523041] workingset: timestamp_bits=36 max_order=25 bucket_order=0
[    2.531127] zbud: loaded
[    2.534214] pstore: using deflate compression
[    2.576153] NET: Registered protocol family 38
[    2.581120] Key type asymmetric registered
[    2.585696] Asymmetric key parser 'x509' registered
[    2.591181] Block layer SCSI generic (bsg) driver version 0.4 loaded (major 246)
[    2.599532] io scheduler noop registered
[    2.603913] io scheduler deadline registered (default)
[    2.609695] io scheduler cfq registered
[    2.613978] io scheduler mq-deadline registered (default)
[    2.620008] io scheduler kyber registered
[    2.625382] atomic64_test: passed for x86-64 platform with CX8 and with SSE
[    2.638692] pcieport 0000:00:01.1: AER enabled with IRQ 30
[    2.644829] pcieport 0000:00:07.1: AER enabled with IRQ 31
[    2.650970] pcieport 0000:00:08.1: AER enabled with IRQ 33
[    2.657124] pcieport 0000:40:01.1: AER enabled with IRQ 34
[    2.663276] pcieport 0000:40:07.1: AER enabled with IRQ 35
[    2.669427] pcieport 0000:40:08.1: AER enabled with IRQ 37
[    2.675582] pcieport 0000:80:03.1: AER enabled with IRQ 38
[    2.681736] pcieport 0000:80:07.1: AER enabled with IRQ 40
[    2.687887] pcieport 0000:80:08.1: AER enabled with IRQ 42
[    2.694042] pcieport 0000:c0:03.1: AER enabled with IRQ 43
[    2.700196] pcieport 0000:c0:07.1: AER enabled with IRQ 45
[    2.706347] pcieport 0000:c0:08.1: AER enabled with IRQ 47
[    2.712484] pcieport 0000:00:01.1: Signaling PME with IRQ 30
[    2.718811] pcieport 0000:00:07.1: Signaling PME with IRQ 31
[    2.725148] pcieport 0000:00:08.1: Signaling PME with IRQ 33
[    2.731487] pcieport 0000:40:01.1: Signaling PME with IRQ 34
[    2.737818] pcieport 0000:40:07.1: Signaling PME with IRQ 35
[    2.744160] pcieport 0000:40:08.1: Signaling PME with IRQ 37
[    2.750500] pcieport 0000:80:03.1: Signaling PME with IRQ 38
[    2.756832] pcieport 0000:80:07.1: Signaling PME with IRQ 40
[    2.763174] pcieport 0000:80:08.1: Signaling PME with IRQ 42
[    2.769512] pcieport 0000:c0:03.1: Signaling PME with IRQ 43
[    2.775844] pcieport 0000:c0:07.1: Signaling PME with IRQ 45
[    2.782181] pcieport 0000:c0:08.1: Signaling PME with IRQ 47
[    2.788529] pciehp 0000:80:03.1:pcie004: Slot #3 AttnBtn+ PwrCtrl+ MRL- AttnInd+ PwrInd+ HotPlug+ Surprise+ Interlock+ NoCompl- LLActRep+
[    2.802368] efifb: probing for efifb
[    2.806372] efifb: framebuffer at 0xd8000000, using 1876k, total 1875k
[    2.813662] efifb: mode is 800x600x32, linelength=3200, pages=1
[    2.820272] efifb: scrolling: redraw
[    2.824265] efifb: Truecolor: size=8:8:8:8, shift=24:16:8:0
[    2.841064] Console: switching to colour frame buffer device 100x37
[    2.858316] fb0: EFI VGA frame buffer device
[    2.863334] input: Power Button as /devices/LNXSYSTM:00/LNXSYBUS:00/PNP0C0C:00/input/input0
[    2.872912] ACPI: Power Button [PWRB]
[    2.877134] input: Power Button as /devices/LNXSYSTM:00/LNXPWRBN:00/input/input1
[    2.885631] ACPI: Power Button [PWRF]
[    2.889867] Monitor-Mwait will be used to enter C-1 state
[    2.893400] GHES: APEI firmware first mode is enabled by APEI bit.
[    2.900554] Serial: 8250/16550 driver, 4 ports, IRQ sharing enabled
[    2.932910] 00:03: ttyS1 at I/O 0x2f8 (irq = 3, base_baud = 115200) is a 16550A
[    2.966655] 00:04: ttyS0 at I/O 0x3f8 (irq = 4, base_baud = 115200) is a 16550A
[    2.981802] Non-volatile memory driver v1.3
[    2.990158] Linux agpgart interface v0.103
[    3.002871] rdac: device handler registered
[    3.011356] hp_sw: device handler registered
[    3.019959] emc: device handler registered
[    3.028541] alua: device handler registered
[    3.037659] nvme nvme0: pci function 0000:c1:00.0
[    3.047152] libphy: Fixed MDIO Bus: probed
[    3.055957] ehci_hcd: USB 2.0 'Enhanced' Host Controller (EHCI) Driver
[    3.067624] ehci-pci: EHCI PCI platform driver
[    3.077039] ohci_hcd: USB 1.1 'Open' Host Controller (OHCI) Driver
[    3.088558] ohci-pci: OHCI PCI platform driver
[    3.098206] uhci_hcd: USB Universal Host Controller Interface driver
[    3.110271] xhci_hcd 0000:02:00.3: xHCI Host Controller
[    3.121119] xhci_hcd 0000:02:00.3: new USB bus registered, assigned bus number 1
[    3.134466] xhci_hcd 0000:02:00.3: hcc params 0x0270f665 hci version 0x100 quirks 0x00000410
[    3.149130] usb usb1: New USB device found, idVendor=1d6b, idProduct=0002, bcdDevice= 4.17
[    3.163455] usb usb1: New USB device strings: Mfr=3, Product=2, SerialNumber=1
[    3.176560] usb usb1: Product: xHCI Host Controller
[    3.187159] usb usb1: Manufacturer: Linux 4.17.0-amdsos-build6+ xhci-hcd
[    3.199697] usb usb1: SerialNumber: 0000:02:00.3
[    3.209960] hub 1-0:1.0: USB hub found
[    3.219091] hub 1-0:1.0: 2 ports detected
[    3.228493] xhci_hcd 0000:02:00.3: xHCI Host Controller
[    3.239242] xhci_hcd 0000:02:00.3: new USB bus registered, assigned bus number 2
[    3.252263] xhci_hcd 0000:02:00.3: Host supports USB 3.0  SuperSpeed
[    3.264019] usb usb2: We don't know the algorithms for LPM for this host, disabling LPM.
[    3.277812] usb usb2: New USB device found, idVendor=1d6b, idProduct=0003, bcdDevice= 4.17
[    3.291820] usb usb2: New USB device strings: Mfr=3, Product=2, SerialNumber=1
[    3.304808] usb usb2: Product: xHCI Host Controller
[    3.314897] usb usb2: Manufacturer: Linux 4.17.0-amdsos-build6+ xhci-hcd
[    3.327196] usb usb2: SerialNumber: 0000:02:00.3
[    3.337146] hub 2-0:1.0: USB hub found
[    3.346067] hub 2-0:1.0: 2 ports detected
[    3.355414] xhci_hcd 0000:43:00.3: xHCI Host Controller
[    3.366052] xhci_hcd 0000:43:00.3: new USB bus registered, assigned bus number 3
[    3.373576]  nvme0n1: p1 p2 p3
[    3.379240] xhci_hcd 0000:43:00.3: hcc params 0x0270f665 hci version 0x100 quirks 0x00000410
[    3.402031] usb usb3: New USB device found, idVendor=1d6b, idProduct=0002, bcdDevice= 4.17
[    3.416400] usb usb3: New USB device strings: Mfr=3, Product=2, SerialNumber=1
[    3.429557] usb usb3: Product: xHCI Host Controller
[    3.440034] usb usb3: Manufacturer: Linux 4.17.0-amdsos-build6+ xhci-hcd
[    3.452606] usb usb3: SerialNumber: 0000:43:00.3
[    3.462892] hub 3-0:1.0: USB hub found
[    3.472040] hub 3-0:1.0: 2 ports detected
[    3.481481] xhci_hcd 0000:43:00.3: xHCI Host Controller
[    3.492349] xhci_hcd 0000:43:00.3: new USB bus registered, assigned bus number 4
[    3.505561] xhci_hcd 0000:43:00.3: Host supports USB 3.0  SuperSpeed
[    3.517512] usb usb4: We don't know the algorithms for LPM for this host, disabling LPM.
[    3.531482] usb usb4: New USB device found, idVendor=1d6b, idProduct=0003, bcdDevice= 4.17
[    3.545664] usb usb4: New USB device strings: Mfr=3, Product=2, SerialNumber=1
[    3.551035] tsc: Refined TSC clocksource calibration: 2195.869 MHz
[    3.558666] usb usb4: Product: xHCI Host Controller
[    3.558669] usb usb4: Manufacturer: Linux 4.17.0-amdsos-build6+ xhci-hcd
[    3.570562] clocksource: tsc: mask: 0xffffffffffffffff max_cycles: 0x1fa6f481074, max_idle_ns: 440795311917 ns
[    3.581198] usb usb4: SerialNumber: 0000:43:00.3
[    3.626018] clocksource: Switched to clocksource tsc
[    3.626097] hub 4-0:1.0: USB hub found
[    3.646019] hub 4-0:1.0: 2 ports detected
[    3.655581] usbcore: registered new interface driver usbserial_generic
[    3.668151] usbserial: USB Serial support registered for generic
[    3.679925] i8042: PNP: No PS/2 controller found.
[    3.690252] mousedev: PS/2 mouse device common for all mice
[    3.701659] rtc_cmos 00:01: RTC can wake from S4
[    3.712224] rtc_cmos 00:01: registered as rtc0
[    3.722273] rtc_cmos 00:01: alarms up to one month, y3k, 114 bytes nvram, hpet irqs
[    3.736253] EFI Variables Facility v0.08 2004-May-17
[    3.764947] hidraw: raw HID events driver (C) Jiri Kosina
[    3.776330] usbcore: registered new interface driver usbhid
[    3.787679] usbhid: USB HID core driver
[    3.796992] drop_monitor: Initializing network drop monitor service
[    3.809005] Initializing XFRM netlink socket
[    3.818789] NET: Registered protocol family 10
[    3.829094] Segment Routing with IPv6
[    3.838047] NET: Registered protocol family 17
[    3.841029] usb 3-2: new high-speed USB device number 2 using xhci_hcd
[    3.848120] mpls_gso: MPLS GSO support
[    3.869577] mce: CPU supports 23 MCE banks
[    3.881305] microcode: CPU0: patch_level=0x08001227
[    3.891634] microcode: CPU1: patch_level=0x08001227
[    3.901866] microcode: CPU2: patch_level=0x08001227
[    3.912204] microcode: CPU3: patch_level=0x08001227
[    3.922030] microcode: CPU4: patch_level=0x08001227
[    3.931736] microcode: CPU5: patch_level=0x08001227
[    3.941322] microcode: CPU6: patch_level=0x08001227
[    3.950698] microcode: CPU7: patch_level=0x08001227
[    3.959830] microcode: CPU8: patch_level=0x08001227
[    3.968855] microcode: CPU9: patch_level=0x08001227
[    3.977772] microcode: CPU10: patch_level=0x08001227
[    3.986782] microcode: CPU11: patch_level=0x08001227
[    3.995730] microcode: CPU12: patch_level=0x08001227
[    3.996029] usb 3-2: New USB device found, idVendor=0b1f, idProduct=03e8, bcdDevice= 0.00
[    4.004537] microcode: CPU13: patch_level=0x08001227
[    4.017241] usb 3-2: New USB device strings: Mfr=0, Product=0, SerialNumber=0
[    4.026171] microcode: CPU14: patch_level=0x08001227
[    4.046632] microcode: CPU15: patch_level=0x08001227
[    4.055590] microcode: CPU16: patch_level=0x08001227
[    4.064424] microcode: CPU17: patch_level=0x08001227
[    4.073171] microcode: CPU18: patch_level=0x08001227
[    4.081723] microcode: CPU19: patch_level=0x08001227
[    4.090354] microcode: CPU20: patch_level=0x08001227
[    4.098682] microcode: CPU21: patch_level=0x08001227
[    4.098806] hub 3-2:1.0: USB hub found
[    4.106954] microcode: CPU22: patch_level=0x08001227
[    4.113906] hub 3-2:1.0: 5 ports detected
[    4.121832] microcode: CPU23: patch_level=0x08001227
[    4.136991] microcode: CPU24: patch_level=0x08001227
[    4.145048] microcode: CPU25: patch_level=0x08001227
[    4.153127] microcode: CPU26: patch_level=0x08001227
[    4.160968] microcode: CPU27: patch_level=0x08001227
[    4.168706] microcode: CPU28: patch_level=0x08001227
[    4.176442] microcode: CPU29: patch_level=0x08001227
[    4.184169] microcode: CPU30: patch_level=0x08001227
[    4.191906] microcode: CPU31: patch_level=0x08001227
[    4.199675] microcode: Microcode Update Driver: v2.2.
[    4.199686] sched_clock: Marking stable (4199669115, 0)->(5325524601, -1125855486)
[    4.220169] registered taskstats version 1
[    4.227337] Loading compiled-in X.509 certificates
[    4.236661] Loaded X.509 cert 'Build time autogenerated kernel key: 00f0a0767554135d6054990ccdbde1196d824e31'
[    4.253812] zswap: loaded using pool lzo/zbud
[    4.264466] Key type big_key registered
[    4.273530] Key type trusted registered
[    4.282295] Key type encrypted registered
[    4.289700] ima: No TPM chip found, activating TPM-bypass! (rc=-19)
[    4.299671] ima: Allocated hash algorithm: sha1
[    4.307618] evm: HMAC attrs: 0x1
[    4.314570]   Magic number: 14:551:444
[    4.322292] rtc_cmos 00:01: setting system clock to 2018-08-30 18:24:14 UTC (1535653454)
[    4.399026] usb 3-2.2: new low-speed USB device number 3 using xhci_hcd
[    4.493170] usb 3-2.2: New USB device found, idVendor=0b1f, idProduct=03e9, bcdDevice= 1.00
[    4.506213] usb 3-2.2: New USB device strings: Mfr=0, Product=0, SerialNumber=0
[    4.610112] input: HID 0b1f:03e9 as /devices/pci0000:40/0000:40:07.1/0000:43:00.3/usb3/3-2/3-2.2/3-2.2:1.0/0003:0B1F:03E9.0001/input/input2
[    4.684165] hid-generic 0003:0B1F:03E9.0001: input,hidraw0: USB HID v1.00 Keyboard [HID 0b1f:03e9] on usb-0000:43:00.3-2.2/input0
[    4.710196] input: HID 0b1f:03e9 as /devices/pci0000:40/0000:40:07.1/0000:43:00.3/usb3/3-2/3-2.2/3-2.2:1.1/0003:0B1F:03E9.0002/input/input3
[    4.733880] hid-generic 0003:0B1F:03E9.0002: input,hidraw1: USB HID v1.00 Mouse [HID 0b1f:03e9] on usb-0000:43:00.3-2.2/input1
[    4.962883] Freeing unused kernel memory: 2328K
[    4.979023] Write protecting the kernel read-only data: 16384k
[    4.993151] Freeing unused kernel memory: 2012K
[    5.004799] Freeing unused kernel memory: 316K
[    5.015337] rodata_test: all tests were successful
[    5.065165] random: systemd: uninitialized urandom read (16 bytes read)
[    5.078675] random: systemd: uninitialized urandom read (16 bytes read)
[    5.112829] systemd[1]: systemd 219 running in system mode. (+PAM +AUDIT +SELINUX +IMA -APPARMOR +SMACK +SYSVINIT +UTMP +LIBCRYPTSETUP +GCRYPT +GNUTLS +ACL +XZ +LZ4 -SECCOMP +BLKID +ELFUTILS +KMOD +IDN)
[    5.164995] systemd[1]: Detected architecture x86-64.
[    5.176514] systemd[1]: Running in initial RAM disk.
[    5.200075] systemd[1]: Set hostname to <localhost.localdomain>.
[    5.232247] random: systemd: uninitialized urandom read (16 bytes read)
[    5.256034] systemd[1]: Reached target Timers.
[    5.266888] systemd[1]: Starting Timers.
[    5.284054] systemd[1]: Reached target Local File Systems.
[    5.295973] systemd[1]: Starting Local File Systems.
[    5.313019] systemd[1]: Created slice Root Slice.
[    5.324050] systemd[1]: Starting Root Slice.
[    5.590585] e1000e: Intel(R) PRO/1000 Network Driver - 3.2.6-k
[    5.604295] e1000e: Copyright(c) 1999 - 2015 Intel Corporation.
[    5.617074] e1000e 0000:01:00.0: Interrupt Throttling Rate (ints/sec) set to dynamic conservative mode
[    5.669023] [drm] Using P2A bridge for configuration
[    5.669046] [drm] AST 2500 detected
[    5.669182] [drm] Analog VGA only
[    5.669498] [drm] dram MCLK=800 Mhz type=7 bus_width=16 size=04000000
[    5.669554] [TTM] Zone  kernel: Available graphics memory: 65987706 kiB
[    5.669555] [TTM] Zone   dma32: Available graphics memory: 2097152 kiB
[    5.669556] [TTM] Initializing pool allocator
[    5.669560] [TTM] Initializing DMA pool allocator
[    5.677217] checking generic (d8000000 1d5000) vs hw (d8000000 4000000)
[    5.690508] e1000e 0000:01:00.0 0000:01:00.0 (uninitialized): registered PHC clock
[    5.696797] fb: switching to astdrmfb from EFI VGA
[    5.794116] Console: switching to colour dummy device 80x25
[    5.800469] fbcon: astdrmfb (fb0) is primary device
[    5.820695] Console: switching to colour frame buffer device 128x48
[    5.848991] e1000e 0000:01:00.0 eth0: (PCI Express:2.5GT/s:Width x1) 00:1b:21:be:6a:dc
[    5.850683] ast 0000:42:00.0: fb0: astdrmfb frame buffer device
[    5.866186] e1000e 0000:01:00.0 eth0: Intel(R) PRO/1000 Network Connection
[    5.866199] e1000e 0000:01:00.0 eth0: MAC: 3, PHY: 8, PBA No: E46981-005
[    5.886014] [drm] Initialized ast 0.1.0 20120228 for 0000:42:00.0 on minor 0
[    6.016175] SGI XFS with ACLs, security attributes, no debug enabled
[    6.025454] XFS (nvme0n1p3): Mounting V5 Filesystem
[    6.032942] random: fast init done
[    6.069280] XFS (nvme0n1p3): Ending clean mount
[    6.288536] systemd-journald[397]: Received SIGTERM from PID 1 (systemd).
[    6.300635] systemd: 23 output lines suppressed due to ratelimiting
[    6.326810] systemd[1]: Inserted module 'ip_tables'
[    6.430089] systemd-journald[692]: Received request to flush runtime journal from PID 1
[    6.512611] acpi_cpufreq: overriding BIOS provided _PSD data
[    6.543607] ipmi message handler version 39.2
[    6.576261] ipmi device interface
[    6.576386] shpchp: Standard Hot Plug PCI Controller Driver version: 0.4
[    6.587886] piix4_smbus 0000:00:14.0: SMBus Host Controller at 0xb00, revision 0
[    6.596207] piix4_smbus 0000:00:14.0: Using register 0x02 for SMBus port selection
[    6.606230] IPMI System Interface driver.
[    6.606295] input: PC Speaker as /devices/platform/pcspkr/input/input4
[    6.619474] ipmi_si dmi-ipmi-si.0: ipmi_platform: probing via SMBIOS
[    6.627540] ipmi_si: SMBIOS: io 0xca2 regsize 1 spacing 1 irq 0
[    6.627554] ipmi_si: Adding SMBIOS-specified kcs state machine
[    6.643110] ipmi_si IPI0001:00: ipmi_platform: probing via ACPI
[    6.644460] cryptd: max_cpu_qlen set to 1000
[    6.650709] ipmi_si IPI0001:00: [io  0x0ca2] regsize 1 spacing 1 irq 0
[    6.665170] ipmi_si dmi-ipmi-si.0: Removing SMBIOS-specified kcs state machine in favor of ACPI
[    6.676567] ccp 0000:02:00.2: enabling device (0000 -> 0002)
[    6.685208] sp5100_tco: SP5100/SB800 TCO WatchDog Timer Driver
[    6.685533] ccp 0000:02:00.2: ccp enabled
[    6.693956] sp5100-tco sp5100-tco: Using 0xfed80b00 for watchdog MMIO address
[    6.699605] ccp 0000:02:00.2: psp enabled
[    6.703028] ipmi_si: Adding ACPI-specified kcs state machine
[    6.703188] ipmi_si: Trying ACPI-specified kcs state machine at i/o address 0xca2, slave address 0x20, irq 0
[    6.709046] sp5100-tco sp5100-tco: Watchdog hardware is disabled
[    6.741775] ccp 0000:02:00.2: enabled
[    6.741888] ccp 0000:03:00.1: enabling device (0000 -> 0002)
[    6.755267] AVX2 version of gcm_enc/dec engaged.
[    6.755683] ccp 0000:03:00.1: ccp enabled
[    6.756355] ipmi_si IPI0001:00: Found new BMC (man_id: 0x00b009, prod_id: 0xfefe, dev_id: 0x22)
[    6.759759] Adding 2097148k swap on /dev/nvme0n1p2.  Priority:-2 extents:1 across:2097148k SSFS
[    6.762016] AES CTR mode by8 optimization enabled
[    6.767807] ccp 0000:03:00.1: enabled
[    6.767949] ccp 0000:43:00.2: enabling device (0000 -> 0002)
[    6.768319] ipmi_si IPI0001:00: IPMI kcs interface initialized
[    6.820326] IPMI SSIF Interface driver
[    6.820987] ccp 0000:43:00.2: ccp enabled
[    6.832150] ccp 0000:43:00.2: psp enabled
[    6.832153] ccp 0000:43:00.2: enabled
[    6.832242] ccp 0000:44:00.1: enabling device (0000 -> 0002)
[    6.834869] alg: No test for pcbc(aes) (pcbc-aes-aesni)
[    6.837939] ccp 0000:44:00.1: ccp enabled
[    6.837941] ccp 0000:44:00.1: enabled
[    6.838017] ccp 0000:82:00.2: enabling device (0000 -> 0002)
[    6.838527] ccp 0000:82:00.2: ccp enabled
[    6.838546] ccp 0000:82:00.2: psp enabled
[    6.838547] ccp 0000:82:00.2: enabled
[    6.838589] ccp 0000:83:00.1: enabling device (0000 -> 0002)
[    6.839145] ccp 0000:83:00.1: ccp enabled
[    6.839147] ccp 0000:83:00.1: enabled
[    6.839202] ccp 0000:c2:00.2: enabling device (0000 -> 0002)
[    6.839510] FAT-fs (nvme0n1p1): Volume was not properly unmounted. Some data may be corrupt. Please run fsck.
[    6.841832] ccp 0000:c2:00.2: ccp enabled
[    6.841859] ccp 0000:c2:00.2: psp enabled
[    6.841861] ccp 0000:c2:00.2: enabled
[    6.841944] ccp 0000:c3:00.1: enabling device (0000 -> 0002)
[    6.842524] ccp 0000:c3:00.1: ccp enabled
[    6.842525] ccp 0000:c3:00.1: enabled
[    6.853398] ccp 0000:02:00.2: Direct firmware load for amd/sev.fw failed with error -2
[    7.079766] ccp 0000:02:00.2: SEV API:0.17 build:1
[    7.145614] kvm: Nested Virtualization enabled
[    7.145629] kvm: Nested Paging enabled
[    7.145630] SVM: Virtual VMLOAD VMSAVE supported
[    7.145631] SVM: Virtual GIF supported
[    7.150028] EDAC amd64: Node 0: DRAM ECC enabled.
[    7.150033] EDAC amd64: F17h detected (node 0).
[    7.150041] EDAC DEBUG: reserve_mc_sibling_devs: F0: 0000:00:18.0
[    7.150042] EDAC DEBUG: reserve_mc_sibling_devs: F3: 0000:00:18.3
[    7.150043] EDAC DEBUG: reserve_mc_sibling_devs: F6: 0000:00:18.6
[    7.150045] EDAC DEBUG: read_mc_regs:   TOP_MEM:  0x00000000d0000000
[    7.150046] EDAC DEBUG: read_mc_regs:   TOP_MEM2: 0x0000002030000000
[    7.150063] EDAC DEBUG: read_dct_base_mask:   DCSB0[0]=0x00000001 reg: 0x50000
[    7.150066] EDAC DEBUG: read_dct_base_mask:   DCSB1[0]=0x00000001 reg: 0x150000
[    7.150068] EDAC DEBUG: read_dct_base_mask:   DCSB0[1]=0x00000000 reg: 0x50004
[    7.150071] EDAC DEBUG: read_dct_base_mask:   DCSB1[1]=0x00000000 reg: 0x150004
[    7.150073] EDAC DEBUG: read_dct_base_mask:   DCSB0[2]=0x00000000 reg: 0x50008
[    7.150076] EDAC DEBUG: read_dct_base_mask:   DCSB1[2]=0x00000000 reg: 0x150008
[    7.150078] EDAC DEBUG: read_dct_base_mask:   DCSB0[3]=0x00000000 reg: 0x5000c
[    7.150080] EDAC DEBUG: read_dct_base_mask:   DCSB1[3]=0x00000000 reg: 0x15000c
[    7.150083] EDAC DEBUG: read_dct_base_mask:   DCSB0[4]=0x00000000 reg: 0x50010
[    7.150085] EDAC DEBUG: read_dct_base_mask:   DCSB1[4]=0x00000000 reg: 0x150010
[    7.150087] EDAC DEBUG: read_dct_base_mask:   DCSB0[5]=0x00000000 reg: 0x50014
[    7.150089] EDAC DEBUG: read_dct_base_mask:   DCSB1[5]=0x00000000 reg: 0x150014
[    7.150092] EDAC DEBUG: read_dct_base_mask:   DCSB0[6]=0x00000000 reg: 0x50018
[    7.150094] EDAC DEBUG: read_dct_base_mask:   DCSB1[6]=0x00000000 reg: 0x150018
[    7.150097] EDAC DEBUG: read_dct_base_mask:   DCSB0[7]=0x00000000 reg: 0x5001c
[    7.150099] EDAC DEBUG: read_dct_base_mask:   DCSB1[7]=0x00000000 reg: 0x15001c
[    7.150103] EDAC DEBUG: read_dct_base_mask:     DCSM0[0]=0x03fffffe reg: 0x50020
[    7.150105] EDAC DEBUG: read_dct_base_mask:     DCSM1[0]=0x03fffffe reg: 0x150020
[    7.150108] EDAC DEBUG: read_dct_base_mask:     DCSM0[1]=0x00000000 reg: 0x50024
[    7.150110] EDAC DEBUG: read_dct_base_mask:     DCSM1[1]=0x00000000 reg: 0x150024
[    7.150113] EDAC DEBUG: read_dct_base_mask:     DCSM0[2]=0x00000000 reg: 0x50028
[    7.150116] EDAC DEBUG: read_dct_base_mask:     DCSM1[2]=0x00000000 reg: 0x150028
[    7.150118] EDAC DEBUG: read_dct_base_mask:     DCSM0[3]=0x00000000 reg: 0x5002c
[    7.150121] EDAC DEBUG: read_dct_base_mask:     DCSM1[3]=0x00000000 reg: 0x15002c
[    7.150122] EDAC DEBUG: read_mc_regs:   DIMM type: Registered-DDR4
[    7.150123] EDAC DEBUG: __dump_misc_regs_df: UMC0 DIMM cfg: 0x52
[    7.150124] EDAC DEBUG: __dump_misc_regs_df: UMC0 UMC cfg: 0x80001200
[    7.150125] EDAC DEBUG: __dump_misc_regs_df: UMC0 SDP ctrl: 0xb0408083
[    7.150126] EDAC DEBUG: __dump_misc_regs_df: UMC0 ECC ctrl: 0x4f1
[    7.150128] EDAC DEBUG: __dump_misc_regs_df: UMC0 ECC bad symbol: 0x0
[    7.150131] EDAC DEBUG: __dump_misc_regs_df: UMC0 UMC cap: 0xfe28
[    7.150132] EDAC DEBUG: __dump_misc_regs_df: UMC0 UMC cap high: 0xc0000028
[    7.150133] EDAC DEBUG: __dump_misc_regs_df: UMC0 ECC capable: yes, ChipKill ECC capable: yes
[    7.150134] EDAC DEBUG: __dump_misc_regs_df: UMC0 All DIMMs support ECC: yes
[    7.150135] EDAC DEBUG: __dump_misc_regs_df: UMC0 x4 DIMMs present: yes
[    7.150136] EDAC DEBUG: __dump_misc_regs_df: UMC0 x16 DIMMs present: no
[    7.150137] EDAC MC: UMC0 chip selects:
[    7.150138] EDAC DEBUG: f17_base_addr_to_cs_size: BaseAddr: 0x1, AddrMask: 0x3fffffe
[    7.150139] EDAC amd64: MC: 0: 16384MB 1:     0MB
[    7.150141] EDAC amd64: MC: 2:     0MB 3:     0MB
[    7.150142] EDAC amd64: MC: 4:     0MB 5:     0MB
[    7.150143] EDAC amd64: MC: 6:     0MB 7:     0MB
[    7.150144] EDAC DEBUG: __dump_misc_regs_df: UMC1 DIMM cfg: 0x52
[    7.150145] EDAC DEBUG: __dump_misc_regs_df: UMC1 UMC cfg: 0x80001200
[    7.150146] EDAC DEBUG: __dump_misc_regs_df: UMC1 SDP ctrl: 0xb0408083
[    7.150147] EDAC DEBUG: __dump_misc_regs_df: UMC1 ECC ctrl: 0x4f1
[    7.150149] EDAC DEBUG: __dump_misc_regs_df: UMC1 ECC bad symbol: 0x0
[    7.150151] EDAC DEBUG: __dump_misc_regs_df: UMC1 UMC cap: 0xfe28
[    7.150152] EDAC DEBUG: __dump_misc_regs_df: UMC1 UMC cap high: 0xc0000028
[    7.150153] EDAC DEBUG: __dump_misc_regs_df: UMC1 ECC capable: yes, ChipKill ECC capable: yes
[    7.150154] EDAC DEBUG: __dump_misc_regs_df: UMC1 All DIMMs support ECC: yes
[    7.150155] EDAC DEBUG: __dump_misc_regs_df: UMC1 x4 DIMMs present: yes
[    7.150156] EDAC DEBUG: __dump_misc_regs_df: UMC1 x16 DIMMs present: no
[    7.150157] EDAC MC: UMC1 chip selects:
[    7.150158] EDAC DEBUG: f17_base_addr_to_cs_size: BaseAddr: 0x1, AddrMask: 0x3fffffe
[    7.150159] EDAC amd64: MC: 0: 16384MB 1:     0MB
[    7.150160] EDAC amd64: MC: 2:     0MB 3:     0MB
[    7.150161] EDAC amd64: MC: 4:     0MB 5:     0MB
[    7.150162] EDAC amd64: MC: 6:     0MB 7:     0MB
[    7.150163] EDAC DEBUG: __dump_misc_regs_df: F0x104 (DRAM Hole Address): 0xd0000001, base: 0xd0000000
[    7.150164] EDAC DEBUG: dump_misc_regs:   DramHoleValid: yes
[    7.150165] EDAC amd64: using x8 syndromes.
[    7.150165] EDAC amd64: MCT channel count: 2
[    7.150168] EDAC DEBUG: edac_mc_alloc: allocating 1992 bytes for mci data (16 ranks, 16 csrows/channels)
[    7.150192] EDAC DEBUG: init_csrows: MC node: 0, csrow: 0
[    7.150193] EDAC DEBUG: f17_base_addr_to_cs_size: BaseAddr: 0x1, AddrMask: 0x3fffffe
[    7.150195] EDAC DEBUG: get_csrow_nr_pages: csrow: 0, channel: 0, DBAM idx: 0
[    7.150195] EDAC DEBUG: get_csrow_nr_pages: nr_pages/channel: 4194304
[    7.150197] EDAC DEBUG: f17_base_addr_to_cs_size: BaseAddr: 0x1, AddrMask: 0x3fffffe
[    7.150198] EDAC DEBUG: get_csrow_nr_pages: csrow: 0, channel: 1, DBAM idx: 0
[    7.150198] EDAC DEBUG: get_csrow_nr_pages: nr_pages/channel: 4194304
[    7.150199] EDAC DEBUG: init_csrows: Total csrow0 pages: 8388608
[    7.150201] EDAC DEBUG: edac_mc_add_mc_with_groups: 
[    7.150204] EDAC DEBUG: edac_create_sysfs_mci_device: creating bus mc0
[    7.150225] EDAC DEBUG: edac_create_sysfs_mci_device: creating device mc0
[    7.150278] EDAC DEBUG: edac_create_sysfs_mci_device: creating dimm0, located at csrow 0 channel 0 
[    7.150315] EDAC DEBUG: edac_create_dimm_object: creating rank/dimm device rank0
[    7.150316] EDAC DEBUG: edac_create_sysfs_mci_device: creating dimm1, located at csrow 0 channel 1 
[    7.150341] EDAC DEBUG: edac_create_dimm_object: creating rank/dimm device rank1
[    7.150343] EDAC DEBUG: edac_create_csrow_object: creating (virtual) csrow node csrow0
[    7.150387] EDAC MC0: Giving out device to module amd64_edac controller F17h: DEV 0000:00:18.3 (INTERRUPT)
[    7.150397] EDAC amd64: Node 1: DRAM ECC enabled.
[    7.150398] EDAC amd64: F17h detected (node 1).
[    7.150405] EDAC DEBUG: reserve_mc_sibling_devs: F0: 0000:00:19.0
[    7.150405] EDAC DEBUG: reserve_mc_sibling_devs: F3: 0000:00:19.3
[    7.150406] EDAC DEBUG: reserve_mc_sibling_devs: F6: 0000:00:19.6
[    7.150407] EDAC DEBUG: read_mc_regs:   TOP_MEM:  0x00000000d0000000
[    7.150409] EDAC DEBUG: read_mc_regs:   TOP_MEM2: 0x0000002030000000
[    7.150441] EDAC DEBUG: read_dct_base_mask:   DCSB0[0]=0x00000001 reg: 0x50000
[    7.150459] EDAC DEBUG: read_dct_base_mask:   DCSB1[0]=0x00000001 reg: 0x150000
[    7.150461] EDAC DEBUG: read_dct_base_mask:   DCSB0[1]=0x00000000 reg: 0x50004
[    7.150463] EDAC DEBUG: read_dct_base_mask:   DCSB1[1]=0x00000000 reg: 0x150004
[    7.150480] EDAC DEBUG: read_dct_base_mask:   DCSB0[2]=0x00000000 reg: 0x50008
[    7.150483] EDAC DEBUG: read_dct_base_mask:   DCSB1[2]=0x00000000 reg: 0x150008
[    7.150485] EDAC DEBUG: read_dct_base_mask:   DCSB0[3]=0x00000000 reg: 0x5000c
[    7.150502] EDAC DEBUG: read_dct_base_mask:   DCSB1[3]=0x00000000 reg: 0x15000c
[    7.150504] EDAC DEBUG: read_dct_base_mask:   DCSB0[4]=0x00000000 reg: 0x50010
[    7.150506] EDAC DEBUG: read_dct_base_mask:   DCSB1[4]=0x00000000 reg: 0x150010
[    7.150509] EDAC DEBUG: read_dct_base_mask:   DCSB0[5]=0x00000000 reg: 0x50014
[    7.150511] EDAC DEBUG: read_dct_base_mask:   DCSB1[5]=0x00000000 reg: 0x150014
[    7.150513] EDAC DEBUG: read_dct_base_mask:   DCSB0[6]=0x00000000 reg: 0x50018
[    7.150516] EDAC DEBUG: read_dct_base_mask:   DCSB1[6]=0x00000000 reg: 0x150018
[    7.150518] EDAC DEBUG: read_dct_base_mask:   DCSB0[7]=0x00000000 reg: 0x5001c
[    7.150520] EDAC DEBUG: read_dct_base_mask:   DCSB1[7]=0x00000000 reg: 0x15001c
[    7.150523] EDAC DEBUG: read_dct_base_mask:     DCSM0[0]=0x03fffffe reg: 0x50020
[    7.150526] EDAC DEBUG: read_dct_base_mask:     DCSM1[0]=0x03fffffe reg: 0x150020
[    7.150528] EDAC DEBUG: read_dct_base_mask:     DCSM0[1]=0x00000000 reg: 0x50024
[    7.150531] EDAC DEBUG: read_dct_base_mask:     DCSM1[1]=0x00000000 reg: 0x150024
[    7.150533] EDAC DEBUG: read_dct_base_mask:     DCSM0[2]=0x00000000 reg: 0x50028
[    7.150536] EDAC DEBUG: read_dct_base_mask:     DCSM1[2]=0x00000000 reg: 0x150028
[    7.150538] EDAC DEBUG: read_dct_base_mask:     DCSM0[3]=0x00000000 reg: 0x5002c
[    7.150541] EDAC DEBUG: read_dct_base_mask:     DCSM1[3]=0x00000000 reg: 0x15002c
[    7.150542] EDAC DEBUG: read_mc_regs:   DIMM type: Registered-DDR4
[    7.150543] EDAC DEBUG: __dump_misc_regs_df: UMC0 DIMM cfg: 0x52
[    7.150544] EDAC DEBUG: __dump_misc_regs_df: UMC0 UMC cfg: 0x80001200
[    7.150545] EDAC DEBUG: __dump_misc_regs_df: UMC0 SDP ctrl: 0xb0408083
[    7.150546] EDAC DEBUG: __dump_misc_regs_df: UMC0 ECC ctrl: 0x4f1
[    7.150548] EDAC DEBUG: __dump_misc_regs_df: UMC0 ECC bad symbol: 0x0
[    7.150551] EDAC DEBUG: __dump_misc_regs_df: UMC0 UMC cap: 0xfe28
[    7.150551] EDAC DEBUG: __dump_misc_regs_df: UMC0 UMC cap high: 0xc0000028
[    7.150553] EDAC DEBUG: __dump_misc_regs_df: UMC0 ECC capable: yes, ChipKill ECC capable: yes
[    7.150553] EDAC DEBUG: __dump_misc_regs_df: UMC0 All DIMMs support ECC: yes
[    7.150554] EDAC DEBUG: __dump_misc_regs_df: UMC0 x4 DIMMs present: yes
[    7.150555] EDAC DEBUG: __dump_misc_regs_df: UMC0 x16 DIMMs present: no
[    7.150556] EDAC MC: UMC0 chip selects:
[    7.150557] EDAC DEBUG: f17_base_addr_to_cs_size: BaseAddr: 0x1, AddrMask: 0x3fffffe
[    7.150558] EDAC amd64: MC: 0: 16384MB 1:     0MB
[    7.150559] EDAC amd64: MC: 2:     0MB 3:     0MB
[    7.150560] EDAC amd64: MC: 4:     0MB 5:     0MB
[    7.150561] EDAC amd64: MC: 6:     0MB 7:     0MB
[    7.150562] EDAC DEBUG: __dump_misc_regs_df: UMC1 DIMM cfg: 0x52
[    7.150563] EDAC DEBUG: __dump_misc_regs_df: UMC1 UMC cfg: 0x80001200
[    7.150564] EDAC DEBUG: __dump_misc_regs_df: UMC1 SDP ctrl: 0xb0408083
[    7.150565] EDAC DEBUG: __dump_misc_regs_df: UMC1 ECC ctrl: 0x4f1
[    7.150568] EDAC DEBUG: __dump_misc_regs_df: UMC1 ECC bad symbol: 0x0
[    7.150570] EDAC DEBUG: __dump_misc_regs_df: UMC1 UMC cap: 0xfe28
[    7.150572] EDAC DEBUG: __dump_misc_regs_df: UMC1 UMC cap high: 0xc0000028
[    7.150573] EDAC DEBUG: __dump_misc_regs_df: UMC1 ECC capable: yes, ChipKill ECC capable: yes
[    7.150574] EDAC DEBUG: __dump_misc_regs_df: UMC1 All DIMMs support ECC: yes
[    7.150575] EDAC DEBUG: __dump_misc_regs_df: UMC1 x4 DIMMs present: yes
[    7.150576] EDAC DEBUG: __dump_misc_regs_df: UMC1 x16 DIMMs present: no
[    7.150576] EDAC MC: UMC1 chip selects:
[    7.150577] EDAC DEBUG: f17_base_addr_to_cs_size: BaseAddr: 0x1, AddrMask: 0x3fffffe
[    7.150579] EDAC amd64: MC: 0: 16384MB 1:     0MB
[    7.150580] EDAC amd64: MC: 2:     0MB 3:     0MB
[    7.150581] EDAC amd64: MC: 4:     0MB 5:     0MB
[    7.150582] EDAC amd64: MC: 6:     0MB 7:     0MB
[    7.150584] EDAC DEBUG: __dump_misc_regs_df: F0x104 (DRAM Hole Address): 0xd0000001, base: 0xd0000000
[    7.150584] EDAC DEBUG: dump_misc_regs:   DramHoleValid: yes
[    7.150585] EDAC amd64: using x8 syndromes.
[    7.150586] EDAC amd64: MCT channel count: 2
[    7.150588] EDAC DEBUG: edac_mc_alloc: allocating 1992 bytes for mci data (16 ranks, 16 csrows/channels)
[    7.150619] EDAC DEBUG: init_csrows: MC node: 1, csrow: 0
[    7.150620] EDAC DEBUG: f17_base_addr_to_cs_size: BaseAddr: 0x1, AddrMask: 0x3fffffe
[    7.150621] EDAC DEBUG: get_csrow_nr_pages: csrow: 0, channel: 0, DBAM idx: 0
[    7.150622] EDAC DEBUG: get_csrow_nr_pages: nr_pages/channel: 4194304
[    7.150624] EDAC DEBUG: f17_base_addr_to_cs_size: BaseAddr: 0x1, AddrMask: 0x3fffffe
[    7.150625] EDAC DEBUG: get_csrow_nr_pages: csrow: 0, channel: 1, DBAM idx: 0
[    7.150626] EDAC DEBUG: get_csrow_nr_pages: nr_pages/channel: 4194304
[    7.150627] EDAC DEBUG: init_csrows: Total csrow0 pages: 8388608
[    7.150628] EDAC DEBUG: edac_mc_add_mc_with_groups: 
[    7.150631] EDAC DEBUG: edac_create_sysfs_mci_device: creating bus mc1
[    7.150656] EDAC DEBUG: edac_create_sysfs_mci_device: creating device mc1
[    7.150782] EDAC DEBUG: edac_create_sysfs_mci_device: creating dimm0, located at csrow 0 channel 0 
[    7.150852] EDAC DEBUG: edac_create_dimm_object: creating rank/dimm device rank0
[    7.150854] EDAC DEBUG: edac_create_sysfs_mci_device: creating dimm1, located at csrow 0 channel 1 
[    7.150910] EDAC DEBUG: edac_create_dimm_object: creating rank/dimm device rank1
[    7.150913] EDAC DEBUG: edac_create_csrow_object: creating (virtual) csrow node csrow0
[    7.150995] EDAC MC1: Giving out device to module amd64_edac controller F17h: DEV 0000:00:19.3 (INTERRUPT)
[    7.151008] EDAC amd64: Node 2: DRAM ECC enabled.
[    7.151011] EDAC amd64: F17h detected (node 2).
[    7.151020] EDAC DEBUG: reserve_mc_sibling_devs: F0: 0000:00:1a.0
[    7.151021] EDAC DEBUG: reserve_mc_sibling_devs: F3: 0000:00:1a.3
[    7.151022] EDAC DEBUG: reserve_mc_sibling_devs: F6: 0000:00:1a.6
