[    0.000000] Initializing cgroup subsys cpuset
[    0.000000] Initializing cgroup subsys cpu
[    0.000000] Initializing cgroup subsys cpuacct
[    0.000000] Linux version 3.10.0-862.9.1.el7.x86_64 (mockbuild@x86-017.build.eng.bos.redhat.com) (gcc version 4.8.5 20150623 (Red Hat 4.8.5-28) (GCC) ) #1 SMP Wed Jun 27 04:30:39 EDT 2018
[    0.000000] Command line: BOOT_IMAGE=/boot/vmlinuz-3.10.0-862.9.1.el7.x86_64 root=UUID=62ac631c-9f7f-43ab-8c6a-a31f8cb22707 ro crashkernel=auto rhgb quiet LANG=en_US.UTF-8
[    0.000000] e820: BIOS-provided physical RAM map:
[    0.000000] BIOS-e820: [mem 0x0000000000000000-0x000000000009ffff] usable
[    0.000000] BIOS-e820: [mem 0x00000000000a0000-0x00000000000fffff] reserved
[    0.000000] BIOS-e820: [mem 0x0000000000100000-0x0000000075daffff] usable
[    0.000000] BIOS-e820: [mem 0x0000000075db0000-0x0000000075ffffff] reserved
[    0.000000] BIOS-e820: [mem 0x0000000076000000-0x00000000c8dd3fff] usable
[    0.000000] BIOS-e820: [mem 0x00000000c8dd4000-0x00000000ca243fff] reserved
[    0.000000] BIOS-e820: [mem 0x00000000ca244000-0x00000000ca2fdfff] usable
[    0.000000] BIOS-e820: [mem 0x00000000ca2fe000-0x00000000ca678fff] ACPI NVS
[    0.000000] BIOS-e820: [mem 0x00000000ca679000-0x00000000cae68fff] reserved
[    0.000000] BIOS-e820: [mem 0x00000000cae69000-0x00000000cbffffff] usable
[    0.000000] BIOS-e820: [mem 0x00000000cc000000-0x00000000cfffffff] reserved
[    0.000000] BIOS-e820: [mem 0x00000000d5300000-0x00000000d547ffff] reserved
[    0.000000] BIOS-e820: [mem 0x00000000d54f0000-0x00000000d54f0fff] reserved
[    0.000000] BIOS-e820: [mem 0x00000000d5900000-0x00000000d5a7ffff] reserved
[    0.000000] BIOS-e820: [mem 0x00000000d5af0000-0x00000000d5af0fff] reserved
[    0.000000] BIOS-e820: [mem 0x00000000d5f00000-0x00000000d607ffff] reserved
[    0.000000] BIOS-e820: [mem 0x00000000d60f0000-0x00000000d60f0fff] reserved
[    0.000000] BIOS-e820: [mem 0x00000000d6500000-0x00000000d667ffff] reserved
[    0.000000] BIOS-e820: [mem 0x00000000d66f0000-0x00000000d66f0fff] reserved
[    0.000000] BIOS-e820: [mem 0x00000000d6b00000-0x00000000d6c7ffff] reserved
[    0.000000] BIOS-e820: [mem 0x00000000d6cf0000-0x00000000d6cf0fff] reserved
[    0.000000] BIOS-e820: [mem 0x00000000d7200000-0x00000000d737ffff] reserved
[    0.000000] BIOS-e820: [mem 0x00000000d73f0000-0x00000000d73f0fff] reserved
[    0.000000] BIOS-e820: [mem 0x00000000d7800000-0x00000000d797ffff] reserved
[    0.000000] BIOS-e820: [mem 0x00000000d79f0000-0x00000000d79f0fff] reserved
[    0.000000] BIOS-e820: [mem 0x00000000d7f00000-0x00000000d7f7ffff] reserved
[    0.000000] BIOS-e820: [mem 0x00000000d7ff0000-0x00000000d7ff0fff] reserved
[    0.000000] BIOS-e820: [mem 0x00000000fea00000-0x00000000feafffff] reserved
[    0.000000] BIOS-e820: [mem 0x00000000fec00000-0x00000000fec00fff] reserved
[    0.000000] BIOS-e820: [mem 0x00000000fec10000-0x00000000fec10fff] reserved
[    0.000000] BIOS-e820: [mem 0x00000000fed00000-0x00000000fed00fff] reserved
[    0.000000] BIOS-e820: [mem 0x00000000fed40000-0x00000000fed44fff] reserved
[    0.000000] BIOS-e820: [mem 0x00000000fed80000-0x00000000fed8ffff] reserved
[    0.000000] BIOS-e820: [mem 0x00000000fedc0000-0x00000000fedc0fff] reserved
[    0.000000] BIOS-e820: [mem 0x00000000fedc2000-0x00000000fedc5fff] reserved
[    0.000000] BIOS-e820: [mem 0x00000000fedc7000-0x00000000fedc7fff] reserved
[    0.000000] BIOS-e820: [mem 0x00000000fedc9000-0x00000000fedcafff] reserved
[    0.000000] BIOS-e820: [mem 0x00000000fee00000-0x00000000feefffff] reserved
[    0.000000] BIOS-e820: [mem 0x00000000ff000000-0x00000000ffffffff] reserved
[    0.000000] BIOS-e820: [mem 0x0000000100000000-0x000000fcffffffff] usable
[    0.000000] BIOS-e820: [mem 0x000000fd00000000-0x000000fdffffffff] reserved
[    0.000000] BIOS-e820: [mem 0x000000fe00000000-0x000001002effffff] usable
[    0.000000] BIOS-e820: [mem 0x000001002f000000-0x000001002fffffff] reserved
[    0.000000] BIOS-e820: [mem 0x0000010030000000-0x000001202ff7ffff] usable
[    0.000000] BIOS-e820: [mem 0x000001202ff80000-0x000001202fffffff] reserved
[    0.000000] BIOS-e820: [mem 0x0000012030000000-0x000001602ff7ffff] usable
[    0.000000] BIOS-e820: [mem 0x000001602ff80000-0x000001602fffffff] reserved
[    0.000000] BIOS-e820: [mem 0x0000016030000000-0x000001a02ff7ffff] usable
[    0.000000] BIOS-e820: [mem 0x000001a02ff80000-0x000001a02fffffff] reserved
[    0.000000] BIOS-e820: [mem 0x000001a030000000-0x000001e02ff7ffff] usable
[    0.000000] BIOS-e820: [mem 0x000001e02ff80000-0x000001e02fffffff] reserved
[    0.000000] NX (Execute Disable) protection: active
[    0.000000] e820: update [mem 0x92cad018-0x92cbd857] usable ==> usable
[    0.000000] e820: update [mem 0x92c7c018-0x92cac457] usable ==> usable
[    0.000000] extended physical RAM map:
[    0.000000] reserve setup_data: [mem 0x0000000000000000-0x000000000009ffff] usable
[    0.000000] reserve setup_data: [mem 0x00000000000a0000-0x00000000000fffff] reserved
[    0.000000] reserve setup_data: [mem 0x0000000000100000-0x0000000075daffff] usable
[    0.000000] reserve setup_data: [mem 0x0000000075db0000-0x0000000075ffffff] reserved
[    0.000000] reserve setup_data: [mem 0x0000000076000000-0x0000000092c7c017] usable
[    0.000000] reserve setup_data: [mem 0x0000000092c7c018-0x0000000092cac457] usable
[    0.000000] reserve setup_data: [mem 0x0000000092cac458-0x0000000092cad017] usable
[    0.000000] reserve setup_data: [mem 0x0000000092cad018-0x0000000092cbd857] usable
[    0.000000] reserve setup_data: [mem 0x0000000092cbd858-0x00000000c8dd3fff] usable
[    0.000000] reserve setup_data: [mem 0x00000000c8dd4000-0x00000000ca243fff] reserved
[    0.000000] reserve setup_data: [mem 0x00000000ca244000-0x00000000ca2fdfff] usable
[    0.000000] reserve setup_data: [mem 0x00000000ca2fe000-0x00000000ca678fff] ACPI NVS
[    0.000000] reserve setup_data: [mem 0x00000000ca679000-0x00000000cae68fff] reserved
[    0.000000] reserve setup_data: [mem 0x00000000cae69000-0x00000000cbffffff] usable
[    0.000000] reserve setup_data: [mem 0x00000000cc000000-0x00000000cfffffff] reserved
[    0.000000] reserve setup_data: [mem 0x00000000d5300000-0x00000000d547ffff] reserved
[    0.000000] reserve setup_data: [mem 0x00000000d54f0000-0x00000000d54f0fff] reserved
[    0.000000] reserve setup_data: [mem 0x00000000d5900000-0x00000000d5a7ffff] reserved
[    0.000000] reserve setup_data: [mem 0x00000000d5af0000-0x00000000d5af0fff] reserved
[    0.000000] reserve setup_data: [mem 0x00000000d5f00000-0x00000000d607ffff] reserved
[    0.000000] reserve setup_data: [mem 0x00000000d60f0000-0x00000000d60f0fff] reserved
[    0.000000] reserve setup_data: [mem 0x00000000d6500000-0x00000000d667ffff] reserved
[    0.000000] reserve setup_data: [mem 0x00000000d66f0000-0x00000000d66f0fff] reserved
[    0.000000] reserve setup_data: [mem 0x00000000d6b00000-0x00000000d6c7ffff] reserved
[    0.000000] reserve setup_data: [mem 0x00000000d6cf0000-0x00000000d6cf0fff] reserved
[    0.000000] reserve setup_data: [mem 0x00000000d7200000-0x00000000d737ffff] reserved
[    0.000000] reserve setup_data: [mem 0x00000000d73f0000-0x00000000d73f0fff] reserved
[    0.000000] reserve setup_data: [mem 0x00000000d7800000-0x00000000d797ffff] reserved
[    0.000000] reserve setup_data: [mem 0x00000000d79f0000-0x00000000d79f0fff] reserved
[    0.000000] reserve setup_data: [mem 0x00000000d7f00000-0x00000000d7f7ffff] reserved
[    0.000000] reserve setup_data: [mem 0x00000000d7ff0000-0x00000000d7ff0fff] reserved
[    0.000000] reserve setup_data: [mem 0x00000000fea00000-0x00000000feafffff] reserved
[    0.000000] reserve setup_data: [mem 0x00000000fec00000-0x00000000fec00fff] reserved
[    0.000000] reserve setup_data: [mem 0x00000000fec10000-0x00000000fec10fff] reserved
[    0.000000] reserve setup_data: [mem 0x00000000fed00000-0x00000000fed00fff] reserved
[    0.000000] reserve setup_data: [mem 0x00000000fed40000-0x00000000fed44fff] reserved
[    0.000000] reserve setup_data: [mem 0x00000000fed80000-0x00000000fed8ffff] reserved
[    0.000000] reserve setup_data: [mem 0x00000000fedc0000-0x00000000fedc0fff] reserved
[    0.000000] reserve setup_data: [mem 0x00000000fedc2000-0x00000000fedc5fff] reserved
[    0.000000] reserve setup_data: [mem 0x00000000fedc7000-0x00000000fedc7fff] reserved
[    0.000000] reserve setup_data: [mem 0x00000000fedc9000-0x00000000fedcafff] reserved
[    0.000000] reserve setup_data: [mem 0x00000000fee00000-0x00000000feefffff] reserved
[    0.000000] reserve setup_data: [mem 0x00000000ff000000-0x00000000ffffffff] reserved
[    0.000000] reserve setup_data: [mem 0x0000000100000000-0x000000fcffffffff] usable
[    0.000000] reserve setup_data: [mem 0x000000fd00000000-0x000000fdffffffff] reserved
[    0.000000] reserve setup_data: [mem 0x000000fe00000000-0x000001002effffff] usable
[    0.000000] reserve setup_data: [mem 0x000001002f000000-0x000001002fffffff] reserved
[    0.000000] reserve setup_data: [mem 0x0000010030000000-0x000001202ff7ffff] usable
[    0.000000] reserve setup_data: [mem 0x000001202ff80000-0x000001202fffffff] reserved
[    0.000000] reserve setup_data: [mem 0x0000012030000000-0x000001602ff7ffff] usable
[    0.000000] reserve setup_data: [mem 0x000001602ff80000-0x000001602fffffff] reserved
[    0.000000] reserve setup_data: [mem 0x0000016030000000-0x000001a02ff7ffff] usable
[    0.000000] reserve setup_data: [mem 0x000001a02ff80000-0x000001a02fffffff] reserved
[    0.000000] reserve setup_data: [mem 0x000001a030000000-0x000001e02ff7ffff] usable
[    0.000000] reserve setup_data: [mem 0x000001e02ff80000-0x000001e02fffffff] reserved
[    0.000000] efi: EFI v2.60 by American Megatrends
[    0.000000] efi:  ACPI 2.0=0xca2fe000  ACPI=0xca2fe000  SMBIOS=0xcacea000  SMBIOS 3.0=0xcace9000  MPS=0xfca90  ESRT=0xc60b1818 
[    0.000000] efi: mem00: type=3, attr=0xf, range=[0x0000000000000000-0x0000000000008000) (0MB)
[    0.000000] efi: mem01: type=2, attr=0xf, range=[0x0000000000008000-0x0000000000009000) (0MB)
[    0.000000] efi: mem02: type=7, attr=0xf, range=[0x0000000000009000-0x000000000003f000) (0MB)
[    0.000000] efi: mem03: type=4, attr=0xf, range=[0x000000000003f000-0x0000000000040000) (0MB)
[    0.000000] efi: mem04: type=3, attr=0xf, range=[0x0000000000040000-0x00000000000a0000) (0MB)
[    0.000000] efi: mem05: type=7, attr=0xf, range=[0x0000000000100000-0x0000000001000000) (15MB)
[    0.000000] efi: mem06: type=4, attr=0xf, range=[0x0000000001000000-0x0000000001020000) (0MB)
[    0.000000] efi: mem07: type=7, attr=0xf, range=[0x0000000001020000-0x0000000001200000) (1MB)
[    0.000000] efi: mem08: type=2, attr=0xf, range=[0x0000000001200000-0x0000000002856000) (22MB)
[    0.000000] efi: mem09: type=7, attr=0xf, range=[0x0000000002856000-0x0000000030000000) (727MB)
[    0.000000] efi: mem10: type=4, attr=0xf, range=[0x0000000030000000-0x0000000030076000) (0MB)
[    0.000000] efi: mem11: type=7, attr=0xf, range=[0x0000000030076000-0x000000003ce8b000) (206MB)
[    0.000000] efi: mem12: type=2, attr=0xf, range=[0x000000003ce8b000-0x0000000040000000) (49MB)
[    0.000000] efi: mem13: type=7, attr=0xf, range=[0x0000000040000000-0x0000000075db0000) (861MB)
[    0.000000] efi: mem14: type=0, attr=0xf, range=[0x0000000075db0000-0x0000000076000000) (2MB)
[    0.000000] efi: mem15: type=7, attr=0xf, range=[0x0000000076000000-0x0000000092c7c000) (460MB)
[    0.000000] efi: mem16: type=2, attr=0xf, range=[0x0000000092c7c000-0x00000000c3b62000) (782MB)
[    0.000000] efi: mem17: type=7, attr=0xf, range=[0x00000000c3b62000-0x00000000c3b67000) (0MB)
[    0.000000] efi: mem18: type=2, attr=0xf, range=[0x00000000c3b67000-0x00000000c3b68000) (0MB)
[    0.000000] efi: mem19: type=1, attr=0xf, range=[0x00000000c3b68000-0x00000000c3c68000) (1MB)
[    0.000000] efi: mem20: type=2, attr=0xf, range=[0x00000000c3c68000-0x00000000c3d6a000) (1MB)
[    0.000000] efi: mem21: type=1, attr=0xf, range=[0x00000000c3d6a000-0x00000000c3e8a000) (1MB)
[    0.000000] efi: mem22: type=4, attr=0xf, range=[0x00000000c3e8a000-0x00000000c87d4000) (73MB)
[    0.000000] efi: mem23: type=7, attr=0xf, range=[0x00000000c87d4000-0x00000000c8a2f000) (2MB)
[    0.000000] efi: mem24: type=3, attr=0xf, range=[0x00000000c8a2f000-0x00000000c8dd4000) (3MB)
[    0.000000] efi: mem25: type=0, attr=0xf, range=[0x00000000c8dd4000-0x00000000ca244000) (20MB)
[    0.000000] efi: mem26: type=7, attr=0xf, range=[0x00000000ca244000-0x00000000ca2fe000) (0MB)
[    0.000000] efi: mem27: type=10, attr=0xf, range=[0x00000000ca2fe000-0x00000000ca679000) (3MB)
[    0.000000] efi: mem28: type=6, attr=0x800000000000000f, range=[0x00000000ca679000-0x00000000cad96000) (7MB)
[    0.000000] efi: mem29: type=5, attr=0x800000000000000f, range=[0x00000000cad96000-0x00000000cae69000) (0MB)
[    0.000000] efi: mem30: type=4, attr=0xf, range=[0x00000000cae69000-0x00000000cc000000) (17MB)
[    0.000000] efi: mem31: type=7, attr=0xf, range=[0x0000000100000000-0x000000fd00000000) (1032192MB)
[    0.000000] efi: mem32: type=7, attr=0xf, range=[0x000000fe00000000-0x000001002f000000) (8944MB)
[    0.000000] efi: mem33: type=7, attr=0xf, range=[0x0000010030000000-0x000001202ff80000) (131071MB)
[    0.000000] efi: mem34: type=7, attr=0xf, range=[0x0000012030000000-0x000001602ff80000) (262143MB)
[    0.000000] efi: mem35: type=7, attr=0xf, range=[0x0000016030000000-0x000001a02ff80000) (262143MB)
[    0.000000] efi: mem36: type=7, attr=0xf, range=[0x000001a030000000-0x000001e02ff80000) (262143MB)
[    0.000000] efi: mem37: type=0, attr=0xf, range=[0x00000000000a0000-0x0000000000100000) (0MB)
[    0.000000] efi: mem38: type=0, attr=0xf, range=[0x00000000cc000000-0x00000000d0000000) (64MB)
[    0.000000] efi: mem39: type=11, attr=0x800000000000100f, range=[0x00000000d5300000-0x00000000d5480000) (1MB)
[    0.000000] efi: mem40: type=11, attr=0x800000000000100f, range=[0x00000000d54f0000-0x00000000d54f1000) (0MB)
[    0.000000] efi: mem41: type=11, attr=0x800000000000100f, range=[0x00000000d5900000-0x00000000d5a80000) (1MB)
[    0.000000] efi: mem42: type=11, attr=0x800000000000100f, range=[0x00000000d5af0000-0x00000000d5af1000) (0MB)
[    0.000000] efi: mem43: type=11, attr=0x800000000000100f, range=[0x00000000d5f00000-0x00000000d6080000) (1MB)
[    0.000000] efi: mem44: type=11, attr=0x800000000000100f, range=[0x00000000d60f0000-0x00000000d60f1000) (0MB)
[    0.000000] efi: mem45: type=11, attr=0x800000000000100f, range=[0x00000000d6500000-0x00000000d6680000) (1MB)
[    0.000000] efi: mem46: type=11, attr=0x800000000000100f, range=[0x00000000d66f0000-0x00000000d66f1000) (0MB)
[    0.000000] efi: mem47: type=11, attr=0x800000000000100f, range=[0x00000000d6b00000-0x00000000d6c80000) (1MB)
[    0.000000] efi: mem48: type=11, attr=0x800000000000100f, range=[0x00000000d6cf0000-0x00000000d6cf1000) (0MB)
[    0.000000] efi: mem49: type=11, attr=0x800000000000100f, range=[0x00000000d7200000-0x00000000d7380000) (1MB)
[    0.000000] efi: mem50: type=11, attr=0x800000000000100f, range=[0x00000000d73f0000-0x00000000d73f1000) (0MB)
[    0.000000] efi: mem51: type=11, attr=0x800000000000100f, range=[0x00000000d7800000-0x00000000d7980000) (1MB)
[    0.000000] efi: mem52: type=11, attr=0x800000000000100f, range=[0x00000000d79f0000-0x00000000d79f1000) (0MB)
[    0.000000] efi: mem53: type=11, attr=0x800000000000100f, range=[0x00000000d7f00000-0x00000000d7f80000) (0MB)
[    0.000000] efi: mem54: type=11, attr=0x800000000000100f, range=[0x00000000d7ff0000-0x00000000d7ff1000) (0MB)
[    0.000000] efi: mem55: type=11, attr=0x800000000000100d, range=[0x00000000fea00000-0x00000000feb00000) (1MB)
[    0.000000] efi: mem56: type=11, attr=0x800000000000100d, range=[0x00000000fec00000-0x00000000fec01000) (0MB)
[    0.000000] efi: mem57: type=11, attr=0x800000000000100d, range=[0x00000000fec10000-0x00000000fec11000) (0MB)
[    0.000000] efi: mem58: type=11, attr=0x800000000000100d, range=[0x00000000fed00000-0x00000000fed01000) (0MB)
[    0.000000] efi: mem59: type=11, attr=0x800000000000100d, range=[0x00000000fed40000-0x00000000fed45000) (0MB)
[    0.000000] efi: mem60: type=11, attr=0x800000000000100d, range=[0x00000000fed80000-0x00000000fed90000) (0MB)
[    0.000000] efi: mem61: type=11, attr=0x800000000000100d, range=[0x00000000fedc0000-0x00000000fedc1000) (0MB)
[    0.000000] efi: mem62: type=11, attr=0x800000000000100d, range=[0x00000000fedc2000-0x00000000fedc6000) (0MB)
[    0.000000] efi: mem63: type=11, attr=0x800000000000100d, range=[0x00000000fedc7000-0x00000000fedc8000) (0MB)
[    0.000000] efi: mem64: type=11, attr=0x800000000000100d, range=[0x00000000fedc9000-0x00000000fedcb000) (0MB)
[    0.000000] efi: mem65: type=11, attr=0x800000000000100d, range=[0x00000000fee00000-0x00000000fef00000) (1MB)
[    0.000000] efi: mem66: type=11, attr=0x800000000000100d, range=[0x00000000ff000000-0x0000000100000000) (16MB)
[    0.000000] efi: mem67: type=0, attr=0xf, range=[0x000000fd00000000-0x000000fe00000000) (4096MB)
[    0.000000] efi: mem68: type=0, attr=0xf, range=[0x000001002f000000-0x0000010030000000) (16MB)
[    0.000000] efi: mem69: type=0, attr=0xf, range=[0x000001202ff80000-0x0000012030000000) (0MB)
[    0.000000] efi: mem70: type=0, attr=0xf, range=[0x000001602ff80000-0x0000016030000000) (0MB)
[    0.000000] efi: mem71: type=0, attr=0xf, range=[0x000001a02ff80000-0x000001a030000000) (0MB)
[    0.000000] efi: mem72: type=0, attr=0xf, range=[0x000001e02ff80000-0x000001e030000000) (0MB)
[    0.000000] esrt: Reserving ESRT space from 0x00000000c60b1818 to 0x00000000c60b1850.
[    0.000000] SMBIOS 3.1.1 present.
[    0.000000] e820: update [mem 0x00000000-0x00000fff] usable ==> reserved
[    0.000000] e820: remove [mem 0x000a0000-0x000fffff] usable
[    0.000000] e820: last_pfn = 0x1e02ff80 max_arch_pfn = 0x400000000
[    0.000000] MTRR default type: uncachable
[    0.000000] MTRR fixed ranges enabled:
[    0.000000]   00000-9FFFF write-back
[    0.000000]   A0000-BFFFF write-through
[    0.000000]   C0000-FFFFF write-protect
[    0.000000] MTRR variable ranges enabled:
[    0.000000]   0 base 000000000000 mask FFFF80000000 write-back
[    0.000000]   1 base 000080000000 mask FFFFC0000000 write-back
[    0.000000]   2 base 0000C0000000 mask FFFFF0000000 write-back
[    0.000000]   3 base 0000CC000000 mask FFFFFC000000 uncachable
[    0.000000]   4 disabled
[    0.000000]   5 disabled
[    0.000000]   6 disabled
[    0.000000]   7 disabled
[    0.000000] TOM2: 000001e030000000 aka 1966848M
[    0.000000] PAT configuration [0-7]: WB  WC  UC- UC  WB  WP  UC- UC  
[    0.000000] original variable MTRRs
[    0.000000] reg 0, base: 0GB, range: 2GB, type WB
[    0.000000] reg 1, base: 2GB, range: 1GB, type WB
[    0.000000] reg 2, base: 3GB, range: 256MB, type WB
[    0.000000] reg 3, base: 3264MB, range: 64MB, type UC
[    0.000000] total RAM covered: 3264M
[    0.000000] Found optimal setting for mtrr clean up
[    0.000000]  gran_size: 64K 	chunk_size: 64K 	num_reg: 4  	lose cover RAM: 0G
[    0.000000] New variable MTRRs
[    0.000000] reg 0, base: 0GB, range: 2GB, type WB
[    0.000000] reg 1, base: 2GB, range: 1GB, type WB
[    0.000000] reg 2, base: 3GB, range: 128MB, type WB
[    0.000000] reg 3, base: 3200MB, range: 64MB, type WB
[    0.000000] e820: update [mem 0xcc000000-0xffffffff] usable ==> reserved
[    0.000000] e820: last_pfn = 0xcc000 max_arch_pfn = 0x400000000
[    0.000000] found SMP MP-table at [mem 0x000fd3a0-0x000fd3af] mapped at [ffffffffff2403a0]
[    0.000000] Base memory trampoline at [ffff8eb8c0093000] 93000 size 24576
[    0.000000] Using GB pages for direct mapping
[    0.000000] BRK [0x19dc02e000, 0x19dc02efff] PGTABLE
[    0.000000] BRK [0x19dc02f000, 0x19dc02ffff] PGTABLE
[    0.000000] BRK [0x19dc030000, 0x19dc030fff] PGTABLE
[    0.000000] BRK [0x19dc031000, 0x19dc031fff] PGTABLE
[    0.000000] BRK [0x19dc032000, 0x19dc032fff] PGTABLE
[    0.000000] BRK [0x19dc033000, 0x19dc033fff] PGTABLE
[    0.000000] BRK [0x19dc034000, 0x19dc034fff] PGTABLE
[    0.000000] BRK [0x19dc035000, 0x19dc035fff] PGTABLE
[    0.000000] BRK [0x19dc036000, 0x19dc036fff] PGTABLE
[    0.000000] BRK [0x19dc037000, 0x19dc037fff] PGTABLE
[    0.000000] BRK [0x19dc038000, 0x19dc038fff] PGTABLE
[    0.000000] BRK [0x19dc039000, 0x19dc039fff] PGTABLE
[    0.000000] RAMDISK: [mem 0x3ce8b000-0x3e9a7fff]
[    0.000000] Early table checksum verification disabled
[    0.000000] ACPI: RSDP 00000000ca2fe000 00024 (v02    AMD)
[    0.000000] ACPI: XSDT 00000000ca2fe0b0 000E4 (v01    AMD SPEEDWAY 03242016 AMI  00010013)
[    0.000000] ACPI: FACP 00000000ca309298 00114 (v06    AMD SPEEDWAY 03242016 AMI  00010013)
[    0.000000] ACPI: DSDT 00000000ca2fe230 0B061 (v02    AMD SPEEDWAY 03242016 INTL 20120913)
[    0.000000] ACPI: FACS 00000000ca678e80 00040
[    0.000000] ACPI: APIC 00000000ca3093b0 003B2 (v04    AMD SPEEDWAY 03242016 AMI  00010013)
[    0.000000] ACPI: FPDT 00000000ca309768 00044 (v01    AMD SPEEDWAY 03242016 AMI  00010013)
[    0.000000] ACPI: FIDT 00000000ca3097b0 0009C (v01    AMD SPEEDWAY 03242016 AMI  00010013)
[    0.000000] ACPI: SSDT 00000000ca309850 000D2 (v02    AMD AMD ALIB 00000002 MSFT 04000000)
[    0.000000] ACPI: SPMI 00000000ca309928 00041 (v05    AMD SPEEDWAY 00000000 AMI. 00000000)
[    0.000000] ACPI: SSDT 00000000ca309970 0050C (v02    AMD  CPUSSDT 03242016 AMI  03242016)
[    0.000000] ACPI: MCFG 00000000ca309e80 0003C (v01    AMD SPEEDWAY 03242016 MSFT 00010013)
[    0.000000] ACPI: SSDT 00000000ca309ec0 0D1C4 (v01    AMD  AMD CPU 00000001 AMD  00000001)
[    0.000000] ACPI: SRAT 00000000ca317088 00720 (v03    AMD AMD SRAT 00000001 AMD  00000001)
[    0.000000] ACPI: MSCT 00000000ca3177a8 00090 (v01    AMD AMD MSCT 00000000 AMD  00000001)
[    0.000000] ACPI: SLIT 00000000ca317838 00045 (v01    AMD AMD SLIT 00000001 AMD  00000001)
[    0.000000] ACPI: CRAT 00000000ca317880 05A88 (v01    AMD AMD CRAT 00000001 AMD  00000001)
[    0.000000] ACPI: CDIT 00000000ca31d308 00041 (v01    AMD AMD CDIT 00000001 AMD  00000001)
[    0.000000] ACPI: BERT 00000000ca31d350 00030 (v01 AMD    AMD BERT 00000001 AMD  00000001)
[    0.000000] ACPI: EINJ 00000000ca31d380 00150 (v01 AMD    AMD EINJ 00000001 AMD  00000001)
[    0.000000] ACPI: HEST 00000000ca31d4d0 00608 (v01 AMD    AMD HEST 00000001 AMD  00000001)
[    0.000000] ACPI: HPET 00000000ca31dad8 00038 (v01    AMD SPEEDWAY 03242016 AMI  00000005)
[    0.000000] ACPI: SSDT 00000000ca31db10 00024 (v01 AMDFCH    FCHZP 00001000 INTL 20120913)
[    0.000000] ACPI: UEFI 00000000ca31db38 00042 (v01                 00000000      00000000)
[    0.000000] ACPI: BGRT 00000000ca31db80 00038 (v01    AMD SPEEDWAY 03242016 AMI  00010013)
[    0.000000] ACPI: IVRS 00000000ca31dbb8 00370 (v02    AMD AMD IVRS 00000001 AMD  00000000)
[    0.000000] ACPI: SSDT 00000000ca31df28 01630 (v01    AMD   CPMCMN 00000001 INTL 20120913)
[    0.000000] ACPI: WSMT 00000000ca31f558 00028 (v01    AMD SPEEDWAY 03242016 AMI  00010013)
[    0.000000] ACPI: Local APIC address 0xfee00000
[    0.000000] SRAT: PXM 0 -> APIC 0x00 -> Node 0
[    0.000000] SRAT: PXM 0 -> APIC 0x01 -> Node 0
[    0.000000] SRAT: PXM 0 -> APIC 0x02 -> Node 0
[    0.000000] SRAT: PXM 0 -> APIC 0x03 -> Node 0
[    0.000000] SRAT: PXM 0 -> APIC 0x04 -> Node 0
[    0.000000] SRAT: PXM 0 -> APIC 0x05 -> Node 0
[    0.000000] SRAT: PXM 0 -> APIC 0x08 -> Node 0
[    0.000000] SRAT: PXM 0 -> APIC 0x09 -> Node 0
[    0.000000] SRAT: PXM 0 -> APIC 0x0a -> Node 0
[    0.000000] SRAT: PXM 0 -> APIC 0x0b -> Node 0
[    0.000000] SRAT: PXM 0 -> APIC 0x0c -> Node 0
[    0.000000] SRAT: PXM 0 -> APIC 0x0d -> Node 0
[    0.000000] SRAT: PXM 0 -> APIC 0x10 -> Node 0
[    0.000000] SRAT: PXM 0 -> APIC 0x11 -> Node 0
[    0.000000] SRAT: PXM 0 -> APIC 0x12 -> Node 0
[    0.000000] SRAT: PXM 0 -> APIC 0x13 -> Node 0
[    0.000000] SRAT: PXM 0 -> APIC 0x14 -> Node 0
[    0.000000] SRAT: PXM 0 -> APIC 0x15 -> Node 0
[    0.000000] SRAT: PXM 0 -> APIC 0x18 -> Node 0
[    0.000000] SRAT: PXM 0 -> APIC 0x19 -> Node 0
[    0.000000] SRAT: PXM 0 -> APIC 0x1a -> Node 0
[    0.000000] SRAT: PXM 0 -> APIC 0x1b -> Node 0
[    0.000000] SRAT: PXM 0 -> APIC 0x1c -> Node 0
[    0.000000] SRAT: PXM 0 -> APIC 0x1d -> Node 0
[    0.000000] SRAT: PXM 0 -> APIC 0x20 -> Node 0
[    0.000000] SRAT: PXM 0 -> APIC 0x21 -> Node 0
[    0.000000] SRAT: PXM 0 -> APIC 0x22 -> Node 0
[    0.000000] SRAT: PXM 0 -> APIC 0x23 -> Node 0
[    0.000000] SRAT: PXM 0 -> APIC 0x24 -> Node 0
[    0.000000] SRAT: PXM 0 -> APIC 0x25 -> Node 0
[    0.000000] SRAT: PXM 0 -> APIC 0x28 -> Node 0
[    0.000000] SRAT: PXM 0 -> APIC 0x29 -> Node 0
[    0.000000] SRAT: PXM 0 -> APIC 0x2a -> Node 0
[    0.000000] SRAT: PXM 0 -> APIC 0x2b -> Node 0
[    0.000000] SRAT: PXM 0 -> APIC 0x2c -> Node 0
[    0.000000] SRAT: PXM 0 -> APIC 0x2d -> Node 0
[    0.000000] SRAT: PXM 0 -> APIC 0x30 -> Node 0
[    0.000000] SRAT: PXM 0 -> APIC 0x31 -> Node 0
[    0.000000] SRAT: PXM 0 -> APIC 0x32 -> Node 0
[    0.000000] SRAT: PXM 0 -> APIC 0x33 -> Node 0
[    0.000000] SRAT: PXM 0 -> APIC 0x34 -> Node 0
[    0.000000] SRAT: PXM 0 -> APIC 0x35 -> Node 0
[    0.000000] SRAT: PXM 0 -> APIC 0x38 -> Node 0
[    0.000000] SRAT: PXM 0 -> APIC 0x39 -> Node 0
[    0.000000] SRAT: PXM 0 -> APIC 0x3a -> Node 0
[    0.000000] SRAT: PXM 0 -> APIC 0x3b -> Node 0
[    0.000000] SRAT: PXM 0 -> APIC 0x3c -> Node 0
[    0.000000] SRAT: PXM 0 -> APIC 0x3d -> Node 0
[    0.000000] SRAT: PXM 1 -> APIC 0x40 -> Node 1
[    0.000000] SRAT: PXM 1 -> APIC 0x41 -> Node 1
[    0.000000] SRAT: PXM 1 -> APIC 0x42 -> Node 1
[    0.000000] SRAT: PXM 1 -> APIC 0x43 -> Node 1
[    0.000000] SRAT: PXM 1 -> APIC 0x44 -> Node 1
[    0.000000] SRAT: PXM 1 -> APIC 0x45 -> Node 1
[    0.000000] SRAT: PXM 1 -> APIC 0x48 -> Node 1
[    0.000000] SRAT: PXM 1 -> APIC 0x49 -> Node 1
[    0.000000] SRAT: PXM 1 -> APIC 0x4a -> Node 1
[    0.000000] SRAT: PXM 1 -> APIC 0x4b -> Node 1
[    0.000000] SRAT: PXM 1 -> APIC 0x4c -> Node 1
[    0.000000] SRAT: PXM 1 -> APIC 0x4d -> Node 1
[    0.000000] SRAT: PXM 2 -> APIC 0x50 -> Node 2
[    0.000000] SRAT: PXM 2 -> APIC 0x51 -> Node 2
[    0.000000] SRAT: PXM 2 -> APIC 0x52 -> Node 2
[    0.000000] SRAT: PXM 2 -> APIC 0x53 -> Node 2
[    0.000000] SRAT: PXM 2 -> APIC 0x54 -> Node 2
[    0.000000] SRAT: PXM 2 -> APIC 0x55 -> Node 2
[    0.000000] SRAT: PXM 2 -> APIC 0x58 -> Node 2
[    0.000000] SRAT: PXM 2 -> APIC 0x59 -> Node 2
[    0.000000] SRAT: PXM 2 -> APIC 0x5a -> Node 2
[    0.000000] SRAT: PXM 2 -> APIC 0x5b -> Node 2
[    0.000000] SRAT: PXM 2 -> APIC 0x5c -> Node 2
[    0.000000] SRAT: PXM 2 -> APIC 0x5d -> Node 2
[    0.000000] SRAT: PXM 3 -> APIC 0x60 -> Node 3
[    0.000000] SRAT: PXM 3 -> APIC 0x61 -> Node 3
[    0.000000] SRAT: PXM 3 -> APIC 0x62 -> Node 3
[    0.000000] SRAT: PXM 3 -> APIC 0x63 -> Node 3
[    0.000000] SRAT: PXM 3 -> APIC 0x64 -> Node 3
[    0.000000] SRAT: PXM 3 -> APIC 0x65 -> Node 3
[    0.000000] SRAT: PXM 3 -> APIC 0x68 -> Node 3
[    0.000000] SRAT: PXM 3 -> APIC 0x69 -> Node 3
[    0.000000] SRAT: PXM 3 -> APIC 0x6a -> Node 3
[    0.000000] SRAT: PXM 3 -> APIC 0x6b -> Node 3
[    0.000000] SRAT: PXM 3 -> APIC 0x6c -> Node 3
[    0.000000] SRAT: PXM 3 -> APIC 0x6d -> Node 3
[    0.000000] SRAT: PXM 4 -> APIC 0x70 -> Node 4
[    0.000000] SRAT: PXM 4 -> APIC 0x71 -> Node 4
[    0.000000] SRAT: PXM 4 -> APIC 0x72 -> Node 4
[    0.000000] SRAT: PXM 4 -> APIC 0x73 -> Node 4
[    0.000000] SRAT: PXM 4 -> APIC 0x74 -> Node 4
[    0.000000] SRAT: PXM 4 -> APIC 0x75 -> Node 4
[    0.000000] SRAT: PXM 4 -> APIC 0x78 -> Node 4
[    0.000000] SRAT: PXM 4 -> APIC 0x79 -> Node 4
[    0.000000] SRAT: PXM 4 -> APIC 0x7a -> Node 4
[    0.000000] SRAT: PXM 4 -> APIC 0x7b -> Node 4
[    0.000000] SRAT: PXM 4 -> APIC 0x7c -> Node 4
[    0.000000] SRAT: PXM 4 -> APIC 0x7d -> Node 4
[    0.000000] SRAT: Node 0 PXM 0 [mem 0x00000000-0xcfffffff]
[    0.000000] SRAT: Node 0 PXM 0 [mem 0x100000000-0x1002fffffff]
[    0.000000] SRAT: Node 1 PXM 1 [mem 0x10030000000-0x1202fffffff]
[    0.000000] SRAT: Node 2 PXM 2 [mem 0x12030000000-0x1602fffffff]
[    0.000000] SRAT: Node 3 PXM 3 [mem 0x16030000000-0x1a02fffffff]
[    0.000000] SRAT: Node 4 PXM 4 [mem 0x1a030000000-0x1e02fffffff]
[    0.000000] NUMA: Initialized distance table, cnt=5
[    0.000000] NUMA: Node 0 [mem 0x00000000-0xcfffffff] + [mem 0x100000000-0x1002fffffff] -> [mem 0x00000000-0x1002fffffff]
[    0.000000] NODE_DATA(0) allocated [mem 0x1002efd9000-0x1002effffff]
[    0.000000] NODE_DATA(1) allocated [mem 0x1202ff59000-0x1202ff7ffff]
[    0.000000] NODE_DATA(2) allocated [mem 0x1602ff59000-0x1602ff7ffff]
[    0.000000] NODE_DATA(3) allocated [mem 0x1a02ff59000-0x1a02ff7ffff]
[    0.000000] NODE_DATA(4) allocated [mem 0x1e02ff58000-0x1e02ff7efff]
[    0.000000] Reserving 280MB of memory at 480MB for crashkernel (System RAM: 1961867MB)
[    0.000000] Zone ranges:
[    0.000000]   DMA      [mem 0x00001000-0x00ffffff]
[    0.000000]   DMA32    [mem 0x01000000-0xffffffff]
[    0.000000]   Normal   [mem 0x100000000-0x1e02ff7ffff]
[    0.000000] Movable zone start for each node
[    0.000000] Early memory node ranges
[    0.000000]   node   0: [mem 0x00001000-0x0009ffff]
[    0.000000]   node   0: [mem 0x00100000-0x75daffff]
[    0.000000]   node   0: [mem 0x76000000-0xc8dd3fff]
[    0.000000]   node   0: [mem 0xca244000-0xca2fdfff]
[    0.000000]   node   0: [mem 0xcae69000-0xcbffffff]
[    0.000000]   node   0: [mem 0x100000000-0xfcffffffff]
[    0.000000]   node   0: [mem 0xfe00000000-0x1002effffff]
[    0.000000]   node   1: [mem 0x10030000000-0x1202ff7ffff]
[    0.000000]   node   2: [mem 0x12030000000-0x1602ff7ffff]
[    0.000000]   node   3: [mem 0x16030000000-0x1a02ff7ffff]
[    0.000000]   node   4: [mem 0x1a030000000-0x1e02ff7ffff]
[    0.000000] Initmem setup node 0 [mem 0x00001000-0x1002effffff]
[    0.000000] On node 0 totalpages: 267357556
[    0.000000]   DMA zone: 64 pages used for memmap
[    0.000000]   DMA zone: 29 pages reserved
[    0.000000]   DMA zone: 3999 pages, LIFO batch:0
[    0.000000]   DMA32 zone: 12856 pages used for memmap
[    0.000000]   DMA32 zone: 822741 pages, LIFO batch:31
[    0.000000]   Normal zone: 4180928 pages used for memmap
[    0.000000]   Normal zone: 266530816 pages, LIFO batch:31
[    0.000000] Initmem setup node 1 [mem 0x10030000000-0x1202ff7ffff]
[    0.000000] On node 1 totalpages: 33554304
[    0.000000]   Normal zone: 524286 pages used for memmap
[    0.000000]   Normal zone: 33554304 pages, LIFO batch:31
[    0.000000] Initmem setup node 2 [mem 0x12030000000-0x1602ff7ffff]
[    0.000000] On node 2 totalpages: 67108736
[    0.000000]   Normal zone: 1048574 pages used for memmap
[    0.000000]   Normal zone: 67108736 pages, LIFO batch:31
[    0.000000] Initmem setup node 3 [mem 0x16030000000-0x1a02ff7ffff]
[    0.000000] On node 3 totalpages: 67108736
[    0.000000]   Normal zone: 1048574 pages used for memmap
[    0.000000]   Normal zone: 67108736 pages, LIFO batch:31
[    0.000000] Initmem setup node 4 [mem 0x1a030000000-0x1e02ff7ffff]
[    0.000000] On node 4 totalpages: 67108736
[    0.000000]   Normal zone: 1048574 pages used for memmap
[    0.000000]   Normal zone: 67108736 pages, LIFO batch:31
[    0.000000] ACPI: PM-Timer IO Port: 0x808
[    0.000000] ACPI: Local APIC address 0xfee00000
[    0.000000] ACPI: LAPIC (acpi_id[0x00] lapic_id[0x00] enabled)
[    0.000000] ACPI: LAPIC (acpi_id[0x02] lapic_id[0x02] enabled)
[    0.000000] ACPI: LAPIC (acpi_id[0x04] lapic_id[0x04] enabled)
[    0.000000] ACPI: LAPIC (acpi_id[0x06] lapic_id[0x08] enabled)
[    0.000000] ACPI: LAPIC (acpi_id[0x08] lapic_id[0x0a] enabled)
[    0.000000] ACPI: LAPIC (acpi_id[0x0a] lapic_id[0x0c] enabled)
[    0.000000] ACPI: LAPIC (acpi_id[0x0c] lapic_id[0x10] enabled)
[    0.000000] ACPI: LAPIC (acpi_id[0x0e] lapic_id[0x12] enabled)
[    0.000000] ACPI: LAPIC (acpi_id[0x10] lapic_id[0x14] enabled)
[    0.000000] ACPI: LAPIC (acpi_id[0x12] lapic_id[0x18] enabled)
[    0.000000] ACPI: LAPIC (acpi_id[0x14] lapic_id[0x1a] enabled)
[    0.000000] ACPI: LAPIC (acpi_id[0x16] lapic_id[0x1c] enabled)
[    0.000000] ACPI: LAPIC (acpi_id[0x18] lapic_id[0x20] enabled)
[    0.000000] ACPI: LAPIC (acpi_id[0x1a] lapic_id[0x22] enabled)
[    0.000000] ACPI: LAPIC (acpi_id[0x1c] lapic_id[0x24] enabled)
[    0.000000] ACPI: LAPIC (acpi_id[0x1e] lapic_id[0x28] enabled)
[    0.000000] ACPI: LAPIC (acpi_id[0x20] lapic_id[0x2a] enabled)
[    0.000000] ACPI: LAPIC (acpi_id[0x22] lapic_id[0x2c] enabled)
[    0.000000] ACPI: LAPIC (acpi_id[0x24] lapic_id[0x30] enabled)
[    0.000000] ACPI: LAPIC (acpi_id[0x26] lapic_id[0x32] enabled)
[    0.000000] ACPI: LAPIC (acpi_id[0x28] lapic_id[0x34] enabled)
[    0.000000] ACPI: LAPIC (acpi_id[0x2a] lapic_id[0x38] enabled)
[    0.000000] ACPI: LAPIC (acpi_id[0x2c] lapic_id[0x3a] enabled)
[    0.000000] ACPI: LAPIC (acpi_id[0x2e] lapic_id[0x3c] enabled)
[    0.000000] ACPI: LAPIC (acpi_id[0x30] lapic_id[0x40] enabled)
[    0.000000] ACPI: LAPIC (acpi_id[0x32] lapic_id[0x42] enabled)
[    0.000000] ACPI: LAPIC (acpi_id[0x34] lapic_id[0x44] enabled)
[    0.000000] ACPI: LAPIC (acpi_id[0x36] lapic_id[0x48] enabled)
[    0.000000] ACPI: LAPIC (acpi_id[0x38] lapic_id[0x4a] enabled)
[    0.000000] ACPI: LAPIC (acpi_id[0x3a] lapic_id[0x4c] enabled)
[    0.000000] ACPI: LAPIC (acpi_id[0x3c] lapic_id[0x50] enabled)
[    0.000000] ACPI: LAPIC (acpi_id[0x3e] lapic_id[0x52] enabled)
[    0.000000] ACPI: LAPIC (acpi_id[0x40] lapic_id[0x54] enabled)
[    0.000000] ACPI: LAPIC (acpi_id[0x42] lapic_id[0x58] enabled)
[    0.000000] ACPI: LAPIC (acpi_id[0x44] lapic_id[0x5a] enabled)
[    0.000000] ACPI: LAPIC (acpi_id[0x46] lapic_id[0x5c] enabled)
[    0.000000] ACPI: LAPIC (acpi_id[0x48] lapic_id[0x60] enabled)
[    0.000000] ACPI: LAPIC (acpi_id[0x4a] lapic_id[0x62] enabled)
[    0.000000] ACPI: LAPIC (acpi_id[0x4c] lapic_id[0x64] enabled)
[    0.000000] ACPI: LAPIC (acpi_id[0x4e] lapic_id[0x68] enabled)
[    0.000000] ACPI: LAPIC (acpi_id[0x50] lapic_id[0x6a] enabled)
[    0.000000] ACPI: LAPIC (acpi_id[0x52] lapic_id[0x6c] enabled)
[    0.000000] ACPI: LAPIC (acpi_id[0x54] lapic_id[0x70] enabled)
[    0.000000] ACPI: LAPIC (acpi_id[0x56] lapic_id[0x72] enabled)
[    0.000000] ACPI: LAPIC (acpi_id[0x58] lapic_id[0x74] enabled)
[    0.000000] ACPI: LAPIC (acpi_id[0x5a] lapic_id[0x78] enabled)
[    0.000000] ACPI: LAPIC (acpi_id[0x5c] lapic_id[0x7a] enabled)
[    0.000000] ACPI: LAPIC (acpi_id[0x5e] lapic_id[0x7c] enabled)
[    0.000000] ACPI: LAPIC (acpi_id[0x01] lapic_id[0x01] enabled)
[    0.000000] ACPI: LAPIC (acpi_id[0x03] lapic_id[0x03] enabled)
[    0.000000] ACPI: LAPIC (acpi_id[0x05] lapic_id[0x05] enabled)
[    0.000000] ACPI: LAPIC (acpi_id[0x07] lapic_id[0x09] enabled)
[    0.000000] ACPI: LAPIC (acpi_id[0x09] lapic_id[0x0b] enabled)
[    0.000000] ACPI: LAPIC (acpi_id[0x0b] lapic_id[0x0d] enabled)
[    0.000000] ACPI: LAPIC (acpi_id[0x0d] lapic_id[0x11] enabled)
[    0.000000] ACPI: LAPIC (acpi_id[0x0f] lapic_id[0x13] enabled)
[    0.000000] ACPI: LAPIC (acpi_id[0x11] lapic_id[0x15] enabled)
[    0.000000] ACPI: LAPIC (acpi_id[0x13] lapic_id[0x19] enabled)
[    0.000000] ACPI: LAPIC (acpi_id[0x15] lapic_id[0x1b] enabled)
[    0.000000] ACPI: LAPIC (acpi_id[0x17] lapic_id[0x1d] enabled)
[    0.000000] ACPI: LAPIC (acpi_id[0x19] lapic_id[0x21] enabled)
[    0.000000] ACPI: LAPIC (acpi_id[0x1b] lapic_id[0x23] enabled)
[    0.000000] ACPI: LAPIC (acpi_id[0x1d] lapic_id[0x25] enabled)
[    0.000000] ACPI: LAPIC (acpi_id[0x1f] lapic_id[0x29] enabled)
[    0.000000] ACPI: LAPIC (acpi_id[0x21] lapic_id[0x2b] enabled)
[    0.000000] ACPI: LAPIC (acpi_id[0x23] lapic_id[0x2d] enabled)
[    0.000000] ACPI: LAPIC (acpi_id[0x25] lapic_id[0x31] enabled)
[    0.000000] ACPI: LAPIC (acpi_id[0x27] lapic_id[0x33] enabled)
[    0.000000] ACPI: LAPIC (acpi_id[0x29] lapic_id[0x35] enabled)
[    0.000000] ACPI: LAPIC (acpi_id[0x2b] lapic_id[0x39] enabled)
[    0.000000] ACPI: LAPIC (acpi_id[0x2d] lapic_id[0x3b] enabled)
[    0.000000] ACPI: LAPIC (acpi_id[0x2f] lapic_id[0x3d] enabled)
[    0.000000] ACPI: LAPIC (acpi_id[0x31] lapic_id[0x41] enabled)
[    0.000000] ACPI: LAPIC (acpi_id[0x33] lapic_id[0x43] enabled)
[    0.000000] ACPI: LAPIC (acpi_id[0x35] lapic_id[0x45] enabled)
[    0.000000] ACPI: LAPIC (acpi_id[0x37] lapic_id[0x49] enabled)
[    0.000000] ACPI: LAPIC (acpi_id[0x39] lapic_id[0x4b] enabled)
[    0.000000] ACPI: LAPIC (acpi_id[0x3b] lapic_id[0x4d] enabled)
[    0.000000] ACPI: LAPIC (acpi_id[0x3d] lapic_id[0x51] enabled)
[    0.000000] ACPI: LAPIC (acpi_id[0x3f] lapic_id[0x53] enabled)
[    0.000000] ACPI: LAPIC (acpi_id[0x41] lapic_id[0x55] enabled)
[    0.000000] ACPI: LAPIC (acpi_id[0x43] lapic_id[0x59] enabled)
[    0.000000] ACPI: LAPIC (acpi_id[0x45] lapic_id[0x5b] enabled)
[    0.000000] ACPI: LAPIC (acpi_id[0x47] lapic_id[0x5d] enabled)
[    0.000000] ACPI: LAPIC (acpi_id[0x49] lapic_id[0x61] enabled)
[    0.000000] ACPI: LAPIC (acpi_id[0x4b] lapic_id[0x63] enabled)
[    0.000000] ACPI: LAPIC (acpi_id[0x4d] lapic_id[0x65] enabled)
[    0.000000] ACPI: LAPIC (acpi_id[0x4f] lapic_id[0x69] enabled)
[    0.000000] ACPI: LAPIC (acpi_id[0x51] lapic_id[0x6b] enabled)
[    0.000000] ACPI: LAPIC (acpi_id[0x53] lapic_id[0x6d] enabled)
[    0.000000] ACPI: LAPIC (acpi_id[0x55] lapic_id[0x71] enabled)
[    0.000000] ACPI: LAPIC (acpi_id[0x57] lapic_id[0x73] enabled)
[    0.000000] ACPI: LAPIC (acpi_id[0x59] lapic_id[0x75] enabled)
[    0.000000] ACPI: LAPIC (acpi_id[0x5b] lapic_id[0x79] enabled)
[    0.000000] ACPI: LAPIC (acpi_id[0x5d] lapic_id[0x7b] enabled)
[    0.000000] ACPI: LAPIC (acpi_id[0x5f] lapic_id[0x7d] enabled)
[    0.000000] ACPI: LAPIC_NMI (acpi_id[0xff] high edge lint[0x1])
[    0.000000] ACPI: IOAPIC (id[0x80] address[0xfec00000] gsi_base[0])
[    0.000000] IOAPIC[0]: apic_id 128, version 33, address 0xfec00000, GSI 0-23
[    0.000000] ACPI: IOAPIC (id[0x81] address[0xd7ff0000] gsi_base[24])
[    0.000000] IOAPIC[1]: apic_id 129, version 33, address 0xd7ff0000, GSI 24-55
[    0.000000] ACPI: IOAPIC (id[0x82] address[0xd79f0000] gsi_base[56])
[    0.000000] IOAPIC[2]: apic_id 130, version 33, address 0xd79f0000, GSI 56-87
[    0.000000] ACPI: IOAPIC (id[0x83] address[0xd73f0000] gsi_base[88])
[    0.000000] IOAPIC[3]: apic_id 131, version 33, address 0xd73f0000, GSI 88-119
[    0.000000] ACPI: IOAPIC (id[0x84] address[0xd6cf0000] gsi_base[120])
[    0.000000] IOAPIC[4]: apic_id 132, version 33, address 0xd6cf0000, GSI 120-151
[    0.000000] ACPI: IOAPIC (id[0x85] address[0xd66f0000] gsi_base[152])
[    0.000000] IOAPIC[5]: apic_id 133, version 33, address 0xd66f0000, GSI 152-183
[    0.000000] ACPI: IOAPIC (id[0x86] address[0xd60f0000] gsi_base[184])
[    0.000000] IOAPIC[6]: apic_id 134, version 33, address 0xd60f0000, GSI 184-215
[    0.000000] ACPI: IOAPIC (id[0x87] address[0xd5af0000] gsi_base[216])
[    0.000000] IOAPIC[7]: apic_id 135, version 33, address 0xd5af0000, GSI 216-247
[    0.000000] ACPI: IOAPIC (id[0x88] address[0xd54f0000] gsi_base[248])
[    0.000000] IOAPIC[8]: apic_id 136, version 33, address 0xd54f0000, GSI 248-279
[    0.000000] ACPI: INT_SRC_OVR (bus 0 bus_irq 0 global_irq 2 dfl dfl)
[    0.000000] ACPI: INT_SRC_OVR (bus 0 bus_irq 9 global_irq 9 low level)
[    0.000000] ACPI: IRQ0 used by override.
[    0.000000] ACPI: IRQ9 used by override.
[    0.000000] Using ACPI (MADT) for SMP configuration information
[    0.000000] ACPI: HPET id: 0x10228201 base: 0xfed00000
[    0.000000] smpboot: Allowing 96 CPUs, 0 hotplug CPUs
[    0.000000] PM: Registered nosave memory: [mem 0x000a0000-0x000fffff]
[    0.000000] PM: Registered nosave memory: [mem 0x75db0000-0x75ffffff]
[    0.000000] PM: Registered nosave memory: [mem 0x92c7c000-0x92c7cfff]
[    0.000000] PM: Registered nosave memory: [mem 0x92cac000-0x92cacfff]
[    0.000000] PM: Registered nosave memory: [mem 0x92cad000-0x92cadfff]
[    0.000000] PM: Registered nosave memory: [mem 0x92cbd000-0x92cbdfff]
[    0.000000] PM: Registered nosave memory: [mem 0xc8dd4000-0xca243fff]
[    0.000000] PM: Registered nosave memory: [mem 0xca2fe000-0xca678fff]
[    0.000000] PM: Registered nosave memory: [mem 0xca679000-0xcae68fff]
[    0.000000] PM: Registered nosave memory: [mem 0xcc000000-0xcfffffff]
[    0.000000] PM: Registered nosave memory: [mem 0xd0000000-0xd52fffff]
[    0.000000] PM: Registered nosave memory: [mem 0xd5300000-0xd547ffff]
[    0.000000] PM: Registered nosave memory: [mem 0xd5480000-0xd54effff]
[    0.000000] PM: Registered nosave memory: [mem 0xd54f0000-0xd54f0fff]
[    0.000000] PM: Registered nosave memory: [mem 0xd54f1000-0xd58fffff]
[    0.000000] PM: Registered nosave memory: [mem 0xd5900000-0xd5a7ffff]
[    0.000000] PM: Registered nosave memory: [mem 0xd5a80000-0xd5aeffff]
[    0.000000] PM: Registered nosave memory: [mem 0xd5af0000-0xd5af0fff]
[    0.000000] PM: Registered nosave memory: [mem 0xd5af1000-0xd5efffff]
[    0.000000] PM: Registered nosave memory: [mem 0xd5f00000-0xd607ffff]
[    0.000000] PM: Registered nosave memory: [mem 0xd6080000-0xd60effff]
[    0.000000] PM: Registered nosave memory: [mem 0xd60f0000-0xd60f0fff]
[    0.000000] PM: Registered nosave memory: [mem 0xd60f1000-0xd64fffff]
[    0.000000] PM: Registered nosave memory: [mem 0xd6500000-0xd667ffff]
[    0.000000] PM: Registered nosave memory: [mem 0xd6680000-0xd66effff]
[    0.000000] PM: Registered nosave memory: [mem 0xd66f0000-0xd66f0fff]
[    0.000000] PM: Registered nosave memory: [mem 0xd66f1000-0xd6afffff]
[    0.000000] PM: Registered nosave memory: [mem 0xd6b00000-0xd6c7ffff]
[    0.000000] PM: Registered nosave memory: [mem 0xd6c80000-0xd6ceffff]
[    0.000000] PM: Registered nosave memory: [mem 0xd6cf0000-0xd6cf0fff]
[    0.000000] PM: Registered nosave memory: [mem 0xd6cf1000-0xd71fffff]
[    0.000000] PM: Registered nosave memory: [mem 0xd7200000-0xd737ffff]
[    0.000000] PM: Registered nosave memory: [mem 0xd7380000-0xd73effff]
[    0.000000] PM: Registered nosave memory: [mem 0xd73f0000-0xd73f0fff]
[    0.000000] PM: Registered nosave memory: [mem 0xd73f1000-0xd77fffff]
[    0.000000] PM: Registered nosave memory: [mem 0xd7800000-0xd797ffff]
[    0.000000] PM: Registered nosave memory: [mem 0xd7980000-0xd79effff]
[    0.000000] PM: Registered nosave memory: [mem 0xd79f0000-0xd79f0fff]
[    0.000000] PM: Registered nosave memory: [mem 0xd79f1000-0xd7efffff]
[    0.000000] PM: Registered nosave memory: [mem 0xd7f00000-0xd7f7ffff]
[    0.000000] PM: Registered nosave memory: [mem 0xd7f80000-0xd7feffff]
[    0.000000] PM: Registered nosave memory: [mem 0xd7ff0000-0xd7ff0fff]
[    0.000000] PM: Registered nosave memory: [mem 0xd7ff1000-0xfe9fffff]
[    0.000000] PM: Registered nosave memory: [mem 0xfea00000-0xfeafffff]
[    0.000000] PM: Registered nosave memory: [mem 0xfeb00000-0xfebfffff]
[    0.000000] PM: Registered nosave memory: [mem 0xfec00000-0xfec00fff]
[    0.000000] PM: Registered nosave memory: [mem 0xfec01000-0xfec0ffff]
[    0.000000] PM: Registered nosave memory: [mem 0xfec10000-0xfec10fff]
[    0.000000] PM: Registered nosave memory: [mem 0xfec11000-0xfecfffff]
[    0.000000] PM: Registered nosave memory: [mem 0xfed00000-0xfed00fff]
[    0.000000] PM: Registered nosave memory: [mem 0xfed01000-0xfed3ffff]
[    0.000000] PM: Registered nosave memory: [mem 0xfed40000-0xfed44fff]
[    0.000000] PM: Registered nosave memory: [mem 0xfed45000-0xfed7ffff]
[    0.000000] PM: Registered nosave memory: [mem 0xfed80000-0xfed8ffff]
[    0.000000] PM: Registered nosave memory: [mem 0xfed90000-0xfedbffff]
[    0.000000] PM: Registered nosave memory: [mem 0xfedc0000-0xfedc0fff]
[    0.000000] PM: Registered nosave memory: [mem 0xfedc1000-0xfedc1fff]
[    0.000000] PM: Registered nosave memory: [mem 0xfedc2000-0xfedc5fff]
[    0.000000] PM: Registered nosave memory: [mem 0xfedc6000-0xfedc6fff]
[    0.000000] PM: Registered nosave memory: [mem 0xfedc7000-0xfedc7fff]
[    0.000000] PM: Registered nosave memory: [mem 0xfedc8000-0xfedc8fff]
[    0.000000] PM: Registered nosave memory: [mem 0xfedc9000-0xfedcafff]
[    0.000000] PM: Registered nosave memory: [mem 0xfedcb000-0xfedfffff]
[    0.000000] PM: Registered nosave memory: [mem 0xfee00000-0xfeefffff]
[    0.000000] PM: Registered nosave memory: [mem 0xfef00000-0xfeffffff]
[    0.000000] PM: Registered nosave memory: [mem 0xff000000-0xffffffff]
[    0.000000] PM: Registered nosave memory: [mem 0xfd00000000-0xfdffffffff]
[    0.000000] PM: Registered nosave memory: [mem 0x1002f000000-0x1002fffffff]
[    0.000000] PM: Registered nosave memory: [mem 0x1202ff80000-0x1202fffffff]
[    0.000000] PM: Registered nosave memory: [mem 0x1602ff80000-0x1602fffffff]
[    0.000000] PM: Registered nosave memory: [mem 0x1a02ff80000-0x1a02fffffff]
[    0.000000] e820: [mem 0xd7ff1000-0xfe9fffff] available for PCI devices
[    0.000000] Booting paravirtualized kernel on bare hardware
[    0.000000] setup_percpu: NR_CPUS:5120 nr_cpumask_bits:96 nr_cpu_ids:96 nr_node_ids:5
[    0.000000] PERCPU: Embedded 35 pages/cpu @ffff8fb8ee200000 s104920 r8192 d30248 u262144
[    0.000000] pcpu-alloc: s104920 r8192 d30248 u262144 alloc=1*2097152
[    0.000000] pcpu-alloc: [0] 00 01 02 03 04 05 06 07 [0] 08 09 10 11 12 13 14 15 
[    0.000000] pcpu-alloc: [0] 16 17 18 19 20 21 22 23 [0] 48 49 50 51 52 53 54 55 
[    0.000000] pcpu-alloc: [0] 56 57 58 59 60 61 62 63 [0] 64 65 66 67 68 69 70 71 
[    0.000000] pcpu-alloc: [1] 24 25 26 27 28 29 72 73 [1] 74 75 76 77 -- -- -- -- 
[    0.000000] pcpu-alloc: [2] 30 31 32 33 34 35 78 79 [2] 80 81 82 83 -- -- -- -- 
[    0.000000] pcpu-alloc: [3] 36 37 38 39 40 41 84 85 [3] 86 87 88 89 -- -- -- -- 
[    0.000000] pcpu-alloc: [4] 42 43 44 45 46 47 90 91 [4] 92 93 94 95 -- -- -- -- 
[    0.000000] Built 5 zonelists in Zone order, mobility grouping on.  Total pages: 494374183
[    0.000000] Policy zone: Normal
[    0.000000] Kernel command line: BOOT_IMAGE=/boot/vmlinuz-3.10.0-862.9.1.el7.x86_64 root=UUID=62ac631c-9f7f-43ab-8c6a-a31f8cb22707 ro crashkernel=auto rhgb quiet LANG=en_US.UTF-8
[    0.000000] PID hash table entries: 4096 (order: 3, 32768 bytes)
[    0.000000] x86/fpu: xstate_offset[2]: 0240, xstate_sizes[2]: 0100
[    0.000000] xsave: enabled xstate_bv 0x7, cntxt size 0x340 using standard form
[    0.000000] Memory: 19681392k/2014051840k available (7328k kernel code, 5099568k absent, 31829680k reserved, 6301k data, 1832k init)
[    0.000000] SLUB: HWalign=64, Order=0-3, MinObjects=0, CPUs=96, Nodes=5
[    0.000000] Hierarchical RCU implementation.
[    0.000000] 	RCU restricting CPUs from NR_CPUS=5120 to nr_cpu_ids=96.
[    0.000000] NR_IRQS:327936 nr_irqs:5544 0
[    0.000000] Console: colour dummy device 80x25
[    0.000000] console [tty0] enabled
[    0.000000] allocated 8036286464 bytes of page_cgroup
[    0.000000] please try 'cgroup_disable=memory' option if you don't want memory cgroups
[    0.000000] Enabling automatic NUMA balancing. Configure with numa_balancing= or the kernel.numa_balancing sysctl
[    0.000000] hpet clockevent registered
[    0.000000] tsc: Fast TSC calibration using PIT
[    0.000000] tsc: Detected 1996.279 MHz processor
[    0.000063] Calibrating delay loop (skipped), value calculated using timer frequency.. 3992.55 BogoMIPS (lpj=1996279)
[    0.000065] pid_max: default: 98304 minimum: 768
[    0.001267] Security Framework initialized
[    0.001274] SELinux:  Initializing.
[    0.001298] SELinux:  Starting in permissive mode
[    0.001299] Yama: becoming mindful.
[    0.124286] Dentry cache hash table entries: 268435456 (order: 19, 2147483648 bytes)
[    0.254040] random: fast init done
[    0.597090] Inode-cache hash table entries: 134217728 (order: 18, 1073741824 bytes)
[    0.805547] Mount-cache hash table entries: 4194304 (order: 13, 33554432 bytes)
[    0.807506] Mountpoint-cache hash table entries: 4194304 (order: 13, 33554432 bytes)
[    0.820437] Initializing cgroup subsys memory
[    0.820470] Initializing cgroup subsys devices
[    0.820472] Initializing cgroup subsys freezer
[    0.820473] Initializing cgroup subsys net_cls
[    0.820475] Initializing cgroup subsys blkio
[    0.820476] Initializing cgroup subsys perf_event
[    0.820484] Initializing cgroup subsys hugetlb
[    0.820485] Initializing cgroup subsys pids
[    0.820486] Initializing cgroup subsys net_prio
[    0.820557] tseg: 00cc000000
[    0.820560] CPU: Physical Processor ID: 0
[    0.820561] CPU: Processor Core ID: 0
[    0.826560] mce: CPU supports 23 MCE banks
[    0.826593] LVT offset 2 assigned for vector 0xf4
[    0.826605] Last level iTLB entries: 4KB 1024, 2MB 1024, 4MB 512
[    0.826606] Last level dTLB entries: 4KB 1536, 2MB 1536, 4MB 768
[    0.826607] tlb_flushall_shift: 6
[    0.826626] Speculative Store Bypass: Mitigation: Speculative Store Bypass disabled via prctl and seccomp
[    0.826627] FEATURE SPEC_CTRL Not Present
[    0.826628] FEATURE IBPB_SUPPORT Present
[    0.826706] Spectre V2 : Mitigation: Full retpoline
[    0.827418] Freeing SMP alternatives: 24k freed
[    0.829257] ACPI: Core revision 20130517
[    0.837251] ACPI: All ACPI Tables successfully acquired
[    0.838298] ------------[ cut here ]------------
[    0.838305] WARNING: CPU: 0 PID: 0 at arch/x86/mm/ioremap.c:115 __ioremap_caller+0x179/0x340
[    0.838307] ioremap on RAM at 0xc5fab018 - 0xc5fab01d
[    0.838308] Modules linked in:
[    0.838312] CPU: 0 PID: 0 Comm: swapper/0 Not tainted 3.10.0-862.9.1.el7.x86_64 #1
[    0.838313] Hardware name: To be filled by O.E.M. To be filled by O.E.M./To be filled by O.E.M., BIOS 5.13 08/30/2018
[    0.838315] Call Trace:
[    0.838321]  [<ffffffff8290e84e>] dump_stack+0x19/0x1b
[    0.838325]  [<ffffffff82291e18>] __warn+0xd8/0x100
[    0.838328]  [<ffffffff82291e9f>] warn_slowpath_fmt+0x5f/0x80
[    0.838330]  [<ffffffff8226fa39>] __ioremap_caller+0x179/0x340
[    0.838336]  [<ffffffff82f903fa>] ? efi_bgrt_init+0x6c/0x108
[    0.838338]  [<ffffffff8226fc17>] ioremap_nocache+0x17/0x20
[    0.838340]  [<ffffffff82f903fa>] efi_bgrt_init+0x6c/0x108
[    0.838342]  [<ffffffff82f8f6ee>] efi_late_init+0x13/0x15
[    0.838346]  [<ffffffff82f6c1b2>] start_kernel+0x437/0x467
[    0.838349]  [<ffffffff82f6bb7b>] ? repair_env_string+0x5c/0x5c
[    0.838351]  [<ffffffff82f6b120>] ? early_idt_handler_array+0x120/0x120
[    0.838353]  [<ffffffff82f6b72f>] x86_64_start_reservations+0x24/0x26
[    0.838355]  [<ffffffff82f6b885>] x86_64_start_kernel+0x154/0x177
[    0.838358]  [<ffffffff822000d5>] start_cpu+0x5/0x14
[    0.838362] ---[ end trace 8b193f8f7cca100c ]---
[    0.838363] Ignoring BGRT: failed to map image header memory
[    0.838938] ftrace: allocating 28072 entries in 110 pages
[    1.658800] Switched APIC routing to physical flat.
[    1.661401] ..TIMER: vector=0x30 apic1=0 pin1=2 apic2=-1 pin2=-1
[    1.671403] smpboot: CPU0: AMD EPYC 7401 24-Core Processor (fam: 17, model: 01, stepping: 02)
[    1.773015] Performance Events: Fam17h core perfctr, AMD PMU driver.
[    1.773020] ... version:                0
[    1.773021] ... bit width:              48
[    1.773022] ... generic registers:      6
[    1.773023] ... value mask:             0000ffffffffffff
[    1.773024] ... max period:             00007fffffffffff
[    1.773024] ... fixed-purpose events:   0
[    1.773025] ... event mask:             000000000000003f
[    1.775696] NMI watchdog: enabled on all CPUs, permanently consumes one hw-PMU counter.
[    1.775769] smpboot: Booting Node   0, Processors  #1 #2 #3 #4 #5 #6 #7 #8 #9 #10 #11 #12 #13 #14 #15 #16 #17 #18 #19 #20 #21 #22 #23 OK
[    1.967497] smpboot: Booting Node   1, Processors  #24 #25 #26 #27 #28 #29 OK
[    2.095043] smpboot: Booting Node   2, Processors  #30 #31 #32 #33 #34 #35 OK
[    2.145169] smpboot: Booting Node   3, Processors  #36 #37 #38 #39 #40 #41 OK
[    2.195262] smpboot: Booting Node   4, Processors  #42 #43 #44 #45 #46 #47 OK
[    2.245355] smpboot: Booting Node   0, Processors  #48 #49 #50 #51 #52 #53 #54 #55 #56 #57 #58 #59 #60 #61 #62 #63 #64 #65 #66 #67 #68 #69 #70 #71 OK
[    2.445821] smpboot: Booting Node   1, Processors  #72 #73 #74 #75 #76 #77 OK
[    2.496349] smpboot: Booting Node   2, Processors  #78 #79 #80 #81 #82 #83 OK
[    2.546523] smpboot: Booting Node   3, Processors  #84 #85 #86 #87 #88 #89 OK
[    2.596643] smpboot: Booting Node   4, Processors  #90 #91 #92 #93 #94 #95 OK
[    2.646709] Brought up 96 CPUs
[    2.646712] smpboot: Max logical packages: 2
[    2.646722] smpboot: Total of 96 processors activated (383305.24 BogoMIPS)
[    3.271502] node 1 initialised, 32505226 pages in 606ms
[    3.894285] node 3 initialised, 65535352 pages in 1229ms
[    3.903452] node 4 initialised, 65535229 pages in 1238ms
[    3.904195] node 2 initialised, 65535352 pages in 1239ms
[    7.479932] node 0 initialised, 260249139 pages in 4814ms
[    7.480432] devtmpfs: initialized
[    7.645241] EVM: security.selinux
[    7.645245] EVM: security.ima
[    7.645246] EVM: security.capability
[    7.645398] PM: Registering ACPI NVS region [mem 0xca2fe000-0xca678fff] (3649536 bytes)
[    7.647191] atomic64 test passed for x86-64 platform with CX8 and with SSE
[    7.647195] pinctrl core: initialized pinctrl subsystem
[    7.647306] RTC time: 14:48:14, date: 08/31/18
[    7.647469] NET: Registered protocol family 16
[    7.648052] ACPI: bus type PCI registered
[    7.648055] acpiphp: ACPI Hot Plug PCI Controller Driver version: 0.5
[    7.648191] PCI: MMCONFIG for domain 0000 [bus 00-ff] at [mem 0xe0000000-0xefffffff] (base 0xe0000000)
[    7.648195] PCI: not using MMCONFIG
[    7.648196] PCI: Using configuration type 1 for base access
[    7.648197] PCI: Using configuration type 1 for extended access
[    7.692711] ACPI: Added _OSI(Module Device)
[    7.692714] ACPI: Added _OSI(Processor Device)
[    7.692716] ACPI: Added _OSI(3.0 _SCP Extensions)
[    7.692717] ACPI: Added _OSI(Processor Aggregator Device)
[    7.694102] ACPI: EC: Look up EC in DSDT
[    7.752595] ACPI: Interpreter enabled
[    7.752609] ACPI: (supports S0 S5)
[    7.752610] ACPI: Using IOAPIC for interrupt routing
[    7.752837] PCI: MMCONFIG for domain 0000 [bus 00-ff] at [mem 0xe0000000-0xefffffff] (base 0xe0000000)
[    7.752875] PCI: MMCONFIG at [mem 0xe0000000-0xefffffff] reserved in ACPI motherboard resources
[    7.752922] HEST: Table parsing has been initialized.
[    7.752926] PCI: Using host bridge windows from ACPI; if necessary, use "pci=nocrs" and report a bug
[    7.752964] ACPI: Enabled 2 GPEs in block 00 to 1F
[    7.755155] ACPI: Power Resource [P0SA] (off)
[    7.755178] ACPI: Power Resource [P3SA] (off)
[    7.757098] ACPI: Power Resource [P0SA] (off)
[    7.757120] ACPI: Power Resource [P3SA] (off)
[    7.758022] ACPI: Power Resource [P0SA] (off)
[    7.758046] ACPI: Power Resource [P3SA] (off)
[    7.758937] ACPI: Power Resource [P0SA] (off)
[    7.758960] ACPI: Power Resource [P3SA] (off)
[    7.759808] ACPI: Power Resource [P0SA] (off)
[    7.759831] ACPI: Power Resource [P3SA] (off)
[    7.760721] ACPI: Power Resource [P0SA] (off)
[    7.760741] ACPI: Power Resource [P3SA] (off)
[    7.761617] ACPI: Power Resource [P0SA] (off)
[    7.761638] ACPI: Power Resource [P3SA] (off)
[    7.762518] ACPI: Power Resource [P0SA] (off)
[    7.762540] ACPI: Power Resource [P3SA] (off)
[    7.765007] ACPI: PCI Root Bridge [PCI0] (domain 0000 [bus 00-1f])
[    7.765013] acpi PNP0A08:00: _OSC: OS supports [ExtendedConfig ASPM ClockPM Segments MSI]
[    7.765184] acpi PNP0A08:00: _OSC: OS now controls [PCIeHotplug PME AER PCIeCapability]
[    7.765419] PCI host bridge to bus 0000:00
[    7.765423] pci_bus 0000:00: root bus resource [bus 00-1f]
[    7.765425] pci_bus 0000:00: root bus resource [io  0x0000-0x02e7 window]
[    7.765427] pci_bus 0000:00: root bus resource [io  0x0300-0x03af window]
[    7.765429] pci_bus 0000:00: root bus resource [io  0x0400-0x0cf7 window]
[    7.765430] pci_bus 0000:00: root bus resource [io  0x03b0-0x03df window]
[    7.765432] pci_bus 0000:00: root bus resource [io  0x0d00-0x1fff window]
[    7.765434] pci_bus 0000:00: root bus resource [mem 0x000a0000-0x000bffff window]
[    7.765435] pci_bus 0000:00: root bus resource [mem 0x000c0000-0x000dffff window]
[    7.765437] pci_bus 0000:00: root bus resource [mem 0xd8000000-0xdfffffff window]
[    7.765439] pci_bus 0000:00: root bus resource [mem 0x1fc06000000-0x1ffffffffff window]
[    7.765447] pci 0000:00:00.0: [1022:1450] type 00 class 0x060000
[    7.765522] pci 0000:00:00.2: [1022:1451] type 00 class 0x080600
[    7.765611] pci 0000:00:01.0: [1022:1452] type 00 class 0x060000
[    7.765674] pci 0000:00:01.2: [1022:1453] type 01 class 0x060400
[    7.766431] pci 0000:00:01.2: PME# supported from D0 D3hot D3cold
[    7.766520] pci 0000:00:02.0: [1022:1452] type 00 class 0x060000
[    7.766594] pci 0000:00:03.0: [1022:1452] type 00 class 0x060000
[    7.766669] pci 0000:00:04.0: [1022:1452] type 00 class 0x060000
[    7.766748] pci 0000:00:07.0: [1022:1452] type 00 class 0x060000
[    7.766808] pci 0000:00:07.1: [1022:1454] type 01 class 0x060400
[    7.768043] pci 0000:00:07.1: PME# supported from D0 D3hot D3cold
[    7.768085] pci 0000:00:07.1: System wakeup disabled by ACPI
[    7.768128] pci 0000:00:08.0: [1022:1452] type 00 class 0x060000
[    7.768189] pci 0000:00:08.1: [1022:1454] type 01 class 0x060400
[    7.768323] pci 0000:00:08.1: PME# supported from D0 D3hot D3cold
[    7.768440] pci 0000:00:14.0: [1022:790b] type 00 class 0x0c0500
[    7.768647] pci 0000:00:14.3: [1022:790e] type 00 class 0x060100
[    7.768855] pci 0000:00:18.0: [1022:1460] type 00 class 0x060000
[    7.768904] pci 0000:00:18.1: [1022:1461] type 00 class 0x060000
[    7.768952] pci 0000:00:18.2: [1022:1462] type 00 class 0x060000
[    7.769002] pci 0000:00:18.3: [1022:1463] type 00 class 0x060000
[    7.769053] pci 0000:00:18.4: [1022:1464] type 00 class 0x060000
[    7.769103] pci 0000:00:18.5: [1022:1465] type 00 class 0x060000
[    7.769153] pci 0000:00:18.6: [1022:1466] type 00 class 0x060000
[    7.769205] pci 0000:00:18.7: [1022:1467] type 00 class 0x060000
[    7.769253] pci 0000:00:19.0: [1022:1460] type 00 class 0x060000
[    7.769309] pci 0000:00:19.1: [1022:1461] type 00 class 0x060000
[    7.769361] pci 0000:00:19.2: [1022:1462] type 00 class 0x060000
[    7.769413] pci 0000:00:19.3: [1022:1463] type 00 class 0x060000
[    7.769465] pci 0000:00:19.4: [1022:1464] type 00 class 0x060000
[    7.769520] pci 0000:00:19.5: [1022:1465] type 00 class 0x060000
[    7.769572] pci 0000:00:19.6: [1022:1466] type 00 class 0x060000
[    7.769628] pci 0000:00:19.7: [1022:1467] type 00 class 0x060000
[    7.769681] pci 0000:00:1a.0: [1022:1460] type 00 class 0x060000
[    7.769733] pci 0000:00:1a.1: [1022:1461] type 00 class 0x060000
[    7.769784] pci 0000:00:1a.2: [1022:1462] type 00 class 0x060000
[    7.769836] pci 0000:00:1a.3: [1022:1463] type 00 class 0x060000
[    7.769888] pci 0000:00:1a.4: [1022:1464] type 00 class 0x060000
[    7.769941] pci 0000:00:1a.5: [1022:1465] type 00 class 0x060000
[    7.769993] pci 0000:00:1a.6: [1022:1466] type 00 class 0x060000
[    7.770049] pci 0000:00:1a.7: [1022:1467] type 00 class 0x060000
[    7.770101] pci 0000:00:1b.0: [1022:1460] type 00 class 0x060000
[    7.770155] pci 0000:00:1b.1: [1022:1461] type 00 class 0x060000
[    7.770208] pci 0000:00:1b.2: [1022:1462] type 00 class 0x060000
[    7.770260] pci 0000:00:1b.3: [1022:1463] type 00 class 0x060000
[    7.770315] pci 0000:00:1b.4: [1022:1464] type 00 class 0x060000
[    7.770368] pci 0000:00:1b.5: [1022:1465] type 00 class 0x060000
[    7.770419] pci 0000:00:1b.6: [1022:1466] type 00 class 0x060000
[    7.770473] pci 0000:00:1b.7: [1022:1467] type 00 class 0x060000
[    7.770526] pci 0000:00:1c.0: [1022:1460] type 00 class 0x060000
[    7.770585] pci 0000:00:1c.1: [1022:1461] type 00 class 0x060000
[    7.770646] pci 0000:00:1c.2: [1022:1462] type 00 class 0x060000
[    7.770705] pci 0000:00:1c.3: [1022:1463] type 00 class 0x060000
[    7.770764] pci 0000:00:1c.4: [1022:1464] type 00 class 0x060000
[    7.770823] pci 0000:00:1c.5: [1022:1465] type 00 class 0x060000
[    7.770883] pci 0000:00:1c.6: [1022:1466] type 00 class 0x060000
[    7.770942] pci 0000:00:1c.7: [1022:1467] type 00 class 0x060000
[    7.771002] pci 0000:00:1d.0: [1022:1460] type 00 class 0x060000
[    7.771063] pci 0000:00:1d.1: [1022:1461] type 00 class 0x060000
[    7.771124] pci 0000:00:1d.2: [1022:1462] type 00 class 0x060000
[    7.771182] pci 0000:00:1d.3: [1022:1463] type 00 class 0x060000
[    7.771242] pci 0000:00:1d.4: [1022:1464] type 00 class 0x060000
[    7.771301] pci 0000:00:1d.5: [1022:1465] type 00 class 0x060000
[    7.771364] pci 0000:00:1d.6: [1022:1466] type 00 class 0x060000
[    7.771424] pci 0000:00:1d.7: [1022:1467] type 00 class 0x060000
[    7.771487] pci 0000:00:1e.0: [1022:1460] type 00 class 0x060000
[    7.771543] pci 0000:00:1e.1: [1022:1461] type 00 class 0x060000
[    7.771599] pci 0000:00:1e.2: [1022:1462] type 00 class 0x060000
[    7.771654] pci 0000:00:1e.3: [1022:1463] type 00 class 0x060000
[    7.771711] pci 0000:00:1e.4: [1022:1464] type 00 class 0x060000
[    7.771767] pci 0000:00:1e.5: [1022:1465] type 00 class 0x060000
[    7.771824] pci 0000:00:1e.6: [1022:1466] type 00 class 0x060000
[    7.771882] pci 0000:00:1e.7: [1022:1467] type 00 class 0x060000
[    7.771938] pci 0000:00:1f.0: [1022:1460] type 00 class 0x060000
[    7.771998] pci 0000:00:1f.1: [1022:1461] type 00 class 0x060000
[    7.772059] pci 0000:00:1f.2: [1022:1462] type 00 class 0x060000
[    7.772118] pci 0000:00:1f.3: [1022:1463] type 00 class 0x060000
[    7.772176] pci 0000:00:1f.4: [1022:1464] type 00 class 0x060000
[    7.772235] pci 0000:00:1f.5: [1022:1465] type 00 class 0x060000
[    7.772294] pci 0000:00:1f.6: [1022:1466] type 00 class 0x060000
[    7.772358] pci 0000:00:1f.7: [1022:1467] type 00 class 0x060000
[    7.772495] pci 0000:01:00.0: [1a03:1150] type 01 class 0x060400
[    7.772610] pci 0000:01:00.0: supports D1 D2
[    7.772612] pci 0000:01:00.0: PME# supported from D0 D1 D2 D3hot D3cold
[    7.774318] pci 0000:00:01.2: PCI bridge to [bus 01-02]
[    7.774324] pci 0000:00:01.2:   bridge window [io  0x1000-0x1fff]
[    7.774327] pci 0000:00:01.2:   bridge window [mem 0xd8000000-0xdc0fffff]
[    7.774396] pci 0000:02:00.0: [1a03:2000] type 00 class 0x030000
[    7.774421] pci 0000:02:00.0: reg 0x10: [mem 0xd8000000-0xdbffffff]
[    7.774434] pci 0000:02:00.0: reg 0x14: [mem 0xdc000000-0xdc01ffff]
[    7.774448] pci 0000:02:00.0: reg 0x18: [io  0x1000-0x107f]
[    7.774547] pci 0000:02:00.0: supports D1 D2
[    7.774549] pci 0000:02:00.0: PME# supported from D0 D1 D2 D3hot D3cold
[    7.774642] pci 0000:01:00.0: PCI bridge to [bus 02]
[    7.774650] pci 0000:01:00.0:   bridge window [io  0x1000-0x1fff]
[    7.774654] pci 0000:01:00.0:   bridge window [mem 0xd8000000-0xdc0fffff]
[    7.775434] pci 0000:03:00.0: [1022:145a] type 00 class 0x130000
[    7.775532] pci 0000:03:00.2: [1022:1456] type 00 class 0x108000
[    7.775547] pci 0000:03:00.2: reg 0x18: [mem 0xdc300000-0xdc3fffff]
[    7.775557] pci 0000:03:00.2: reg 0x24: [mem 0xdc400000-0xdc401fff]
[    7.775642] pci 0000:03:00.3: [1022:145f] type 00 class 0x0c0330
[    7.775655] pci 0000:03:00.3: reg 0x10: [mem 0xdc200000-0xdc2fffff 64bit]
[    7.775707] pci 0000:03:00.3: PME# supported from D0 D3hot D3cold
[    7.775770] pci 0000:00:07.1: PCI bridge to [bus 03]
[    7.775775] pci 0000:00:07.1:   bridge window [mem 0xdc200000-0xdc4fffff]
[    7.776447] pci 0000:04:00.0: [1022:1455] type 00 class 0x130000
[    7.776551] pci 0000:04:00.1: [1022:1468] type 00 class 0x108000
[    7.776567] pci 0000:04:00.1: reg 0x18: [mem 0xdc500000-0xdc5fffff]
[    7.776577] pci 0000:04:00.1: reg 0x24: [mem 0xdc600000-0xdc601fff]
[    7.776674] pci 0000:00:08.1: PCI bridge to [bus 04]
[    7.776679] pci 0000:00:08.1:   bridge window [mem 0xdc500000-0xdc6fffff]
[    7.776696] pci_bus 0000:00: on NUMA node 0
[    7.777358] ACPI: PCI Root Bridge [S0D1] (domain 0000 [bus 20-3f])
[    7.777362] acpi PNP0A08:01: _OSC: OS supports [ExtendedConfig ASPM ClockPM Segments MSI]
[    7.777527] acpi PNP0A08:01: _OSC: OS now controls [PCIeHotplug PME AER PCIeCapability]
[    7.777688] PCI host bridge to bus 0000:20
[    7.777690] pci_bus 0000:20: root bus resource [bus 20-3f]
[    7.777692] pci_bus 0000:20: root bus resource [mem 0xd7a00000-0xd7efffff window]
[    7.777694] pci_bus 0000:20: root bus resource [mem 0x1f80c000000-0x1fc05ffffff window]
[    7.777700] pci 0000:20:00.0: [1022:1450] type 00 class 0x060000
[    7.777766] pci 0000:20:00.2: [1022:1451] type 00 class 0x080600
[    7.777856] pci 0000:20:01.0: [1022:1452] type 00 class 0x060000
[    7.777932] pci 0000:20:02.0: [1022:1452] type 00 class 0x060000
[    7.778007] pci 0000:20:03.0: [1022:1452] type 00 class 0x060000
[    7.778085] pci 0000:20:04.0: [1022:1452] type 00 class 0x060000
[    7.778165] pci 0000:20:07.0: [1022:1452] type 00 class 0x060000
[    7.778229] pci 0000:20:07.1: [1022:1454] type 01 class 0x060400
[    7.778453] pci 0000:20:07.1: PME# supported from D0 D3hot D3cold
[    7.778496] pci 0000:20:07.1: System wakeup disabled by ACPI
[    7.778540] pci 0000:20:08.0: [1022:1452] type 00 class 0x060000
[    7.778601] pci 0000:20:08.1: [1022:1454] type 01 class 0x060400
[    7.778717] pci 0000:20:08.1: PME# supported from D0 D3hot D3cold
[    7.779421] pci 0000:21:00.0: [1022:145a] type 00 class 0x130000
[    7.779527] pci 0000:21:00.2: [1022:1456] type 00 class 0x108000
[    7.779544] pci 0000:21:00.2: reg 0x18: [mem 0xd7b00000-0xd7bfffff]
[    7.779555] pci 0000:21:00.2: reg 0x24: [mem 0xd7c00000-0xd7c01fff]
[    7.779643] pci 0000:21:00.3: [1022:145f] type 00 class 0x0c0330
[    7.779658] pci 0000:21:00.3: reg 0x10: [mem 0xd7a00000-0xd7afffff 64bit]
[    7.779716] pci 0000:21:00.3: PME# supported from D0 D3hot D3cold
[    7.779784] pci 0000:20:07.1: PCI bridge to [bus 21]
[    7.779789] pci 0000:20:07.1:   bridge window [mem 0xd7a00000-0xd7cfffff]
[    7.779879] pci 0000:22:00.0: [1022:1455] type 00 class 0x130000
[    7.779991] pci 0000:22:00.1: [1022:1468] type 00 class 0x108000
[    7.780009] pci 0000:22:00.1: reg 0x18: [mem 0xd7d00000-0xd7dfffff]
[    7.780020] pci 0000:22:00.1: reg 0x24: [mem 0xd7e00000-0xd7e01fff]
[    7.780116] pci 0000:22:00.2: [1022:7901] type 00 class 0x010601
[    7.780152] pci 0000:22:00.2: reg 0x24: [mem 0xd7e02000-0xd7e02fff]
[    7.780194] pci 0000:22:00.2: PME# supported from D3hot D3cold
[    7.780267] pci 0000:20:08.1: PCI bridge to [bus 22]
[    7.780272] pci 0000:20:08.1:   bridge window [mem 0xd7d00000-0xd7efffff]
[    7.780286] pci_bus 0000:20: on NUMA node 0
[    7.780510] ACPI: PCI Root Bridge [S0D2] (domain 0000 [bus 40-5f])
[    7.780514] acpi PNP0A08:02: _OSC: OS supports [ExtendedConfig ASPM ClockPM Segments MSI]
[    7.780678] acpi PNP0A08:02: _OSC: OS now controls [PCIeHotplug PME AER PCIeCapability]
[    7.780836] PCI host bridge to bus 0000:40
[    7.780838] pci_bus 0000:40: root bus resource [bus 40-5f]
[    7.780840] pci_bus 0000:40: root bus resource [mem 0xd7400000-0xd77fffff window]
[    7.780842] pci_bus 0000:40: root bus resource [mem 0x1f412000000-0x1f80bffffff window]
[    7.780848] pci 0000:40:00.0: [1022:1450] type 00 class 0x060000
[    7.780913] pci 0000:40:00.2: [1022:1451] type 00 class 0x080600
[    7.781004] pci 0000:40:01.0: [1022:1452] type 00 class 0x060000
[    7.781082] pci 0000:40:02.0: [1022:1452] type 00 class 0x060000
[    7.781157] pci 0000:40:03.0: [1022:1452] type 00 class 0x060000
[    7.781232] pci 0000:40:04.0: [1022:1452] type 00 class 0x060000
[    7.781317] pci 0000:40:07.0: [1022:1452] type 00 class 0x060000
[    7.781378] pci 0000:40:07.1: [1022:1454] type 01 class 0x060400
[    7.781500] pci 0000:40:07.1: PME# supported from D0 D3hot D3cold
[    7.781541] pci 0000:40:07.1: System wakeup disabled by ACPI
[    7.781586] pci 0000:40:08.0: [1022:1452] type 00 class 0x060000
[    7.781649] pci 0000:40:08.1: [1022:1454] type 01 class 0x060400
[    7.781764] pci 0000:40:08.1: PME# supported from D0 D3hot D3cold
[    7.782474] pci 0000:41:00.0: [1022:145a] type 00 class 0x130000
[    7.782579] pci 0000:41:00.2: [1022:1456] type 00 class 0x108000
[    7.782597] pci 0000:41:00.2: reg 0x18: [mem 0xd7600000-0xd76fffff]
[    7.782608] pci 0000:41:00.2: reg 0x24: [mem 0xd7700000-0xd7701fff]
[    7.782705] pci 0000:40:07.1: PCI bridge to [bus 41]
[    7.782710] pci 0000:40:07.1:   bridge window [mem 0xd7600000-0xd77fffff]
[    7.782800] pci 0000:42:00.0: [1022:1455] type 00 class 0x130000
[    7.782912] pci 0000:42:00.1: [1022:1468] type 00 class 0x108000
[    7.782930] pci 0000:42:00.1: reg 0x18: [mem 0xd7400000-0xd74fffff]
[    7.782941] pci 0000:42:00.1: reg 0x24: [mem 0xd7500000-0xd7501fff]
[    7.783046] pci 0000:40:08.1: PCI bridge to [bus 42]
[    7.783051] pci 0000:40:08.1:   bridge window [mem 0xd7400000-0xd75fffff]
[    7.783065] pci_bus 0000:40: on NUMA node 0
[    7.783278] ACPI: PCI Root Bridge [S0D3] (domain 0000 [bus 60-7f])
[    7.783281] acpi PNP0A08:03: _OSC: OS supports [ExtendedConfig ASPM ClockPM Segments MSI]
[    7.783449] acpi PNP0A08:03: _OSC: OS now controls [PCIeHotplug PME AER PCIeCapability]
[    7.783609] PCI host bridge to bus 0000:60
[    7.783612] pci_bus 0000:60: root bus resource [bus 60-7f]
[    7.783614] pci_bus 0000:60: root bus resource [io  0x2000-0x2fff window]
[    7.783615] pci_bus 0000:60: root bus resource [mem 0xd6d00000-0xd71fffff window]
[    7.783617] pci_bus 0000:60: root bus resource [mem 0x1f018000000-0x1f411ffffff window]
[    7.783623] pci 0000:60:00.0: [1022:1450] type 00 class 0x060000
[    7.783687] pci 0000:60:00.2: [1022:1451] type 00 class 0x080600
[    7.783778] pci 0000:60:01.0: [1022:1452] type 00 class 0x060000
[    7.783854] pci 0000:60:02.0: [1022:1452] type 00 class 0x060000
[    7.783928] pci 0000:60:03.0: [1022:1452] type 00 class 0x060000
[    7.783991] pci 0000:60:03.2: [1022:1453] type 01 class 0x060400
[    7.784576] pci 0000:60:03.2: PME# supported from D0 D3hot D3cold
[    7.784659] pci 0000:60:04.0: [1022:1452] type 00 class 0x060000
[    7.784741] pci 0000:60:07.0: [1022:1452] type 00 class 0x060000
[    7.784805] pci 0000:60:07.1: [1022:1454] type 01 class 0x060400
[    7.784918] pci 0000:60:07.1: PME# supported from D0 D3hot D3cold
[    7.784958] pci 0000:60:07.1: System wakeup disabled by ACPI
[    7.785002] pci 0000:60:08.0: [1022:1452] type 00 class 0x060000
[    7.785067] pci 0000:60:08.1: [1022:1454] type 01 class 0x060400
[    7.785568] pci 0000:60:08.1: PME# supported from D0 D3hot D3cold
[    7.785789] pci 0000:61:00.0: [8086:10d3] type 00 class 0x020000
[    7.785819] pci 0000:61:00.0: reg 0x10: [mem 0xd71c0000-0xd71dffff]
[    7.785835] pci 0000:61:00.0: reg 0x14: [mem 0xd7100000-0xd717ffff]
[    7.785851] pci 0000:61:00.0: reg 0x18: [io  0x2000-0x201f]
[    7.785867] pci 0000:61:00.0: reg 0x1c: [mem 0xd71e0000-0xd71e3fff]
[    7.785910] pci 0000:61:00.0: reg 0x30: [mem 0xd7180000-0xd71bffff pref]
[    7.786005] pci 0000:61:00.0: PME# supported from D0 D3hot D3cold
[    7.787322] pci 0000:60:03.2: PCI bridge to [bus 61]
[    7.787328] pci 0000:60:03.2:   bridge window [io  0x2000-0x2fff]
[    7.787331] pci 0000:60:03.2:   bridge window [mem 0xd7100000-0xd71fffff]
[    7.787540] pci 0000:62:00.0: [1022:145a] type 00 class 0x130000
[    7.787652] pci 0000:62:00.2: [1022:1456] type 00 class 0x108000
[    7.787669] pci 0000:62:00.2: reg 0x18: [mem 0xd6f00000-0xd6ffffff]
[    7.787680] pci 0000:62:00.2: reg 0x24: [mem 0xd7000000-0xd7001fff]
[    7.787780] pci 0000:60:07.1: PCI bridge to [bus 62]
[    7.787785] pci 0000:60:07.1:   bridge window [mem 0xd6f00000-0xd70fffff]
[    7.787876] pci 0000:63:00.0: [1022:1455] type 00 class 0x130000
[    7.787988] pci 0000:63:00.1: [1022:1468] type 00 class 0x108000
[    7.788006] pci 0000:63:00.1: reg 0x18: [mem 0xd6d00000-0xd6dfffff]
[    7.788017] pci 0000:63:00.1: reg 0x24: [mem 0xd6e00000-0xd6e01fff]
[    7.788124] pci 0000:60:08.1: PCI bridge to [bus 63]
[    7.788129] pci 0000:60:08.1:   bridge window [mem 0xd6d00000-0xd6efffff]
[    7.788147] pci_bus 0000:60: on NUMA node 0
[    7.788376] ACPI: PCI Root Bridge [S1D0] (domain 0000 [bus 80-9f])
[    7.788380] acpi PNP0A08:04: _OSC: OS supports [ExtendedConfig ASPM ClockPM Segments MSI]
[    7.788545] acpi PNP0A08:04: _OSC: OS now controls [PCIeHotplug PME AER PCIeCapability]
[    7.788704] PCI host bridge to bus 0000:80
[    7.788706] pci_bus 0000:80: root bus resource [bus 80-9f]
[    7.788708] pci_bus 0000:80: root bus resource [mem 0xd6700000-0xd6afffff window]
[    7.788710] pci_bus 0000:80: root bus resource [mem 0x1ec1e000000-0x1f017ffffff window]
[    7.788717] pci 0000:80:00.0: [1022:1450] type 00 class 0x060000
[    7.788790] pci 0000:80:00.2: [1022:1451] type 00 class 0x080600
[    7.788895] pci 0000:80:01.0: [1022:1452] type 00 class 0x060000
[    7.788979] pci 0000:80:02.0: [1022:1452] type 00 class 0x060000
[    7.789064] pci 0000:80:03.0: [1022:1452] type 00 class 0x060000
[    7.789147] pci 0000:80:04.0: [1022:1452] type 00 class 0x060000
[    7.789237] pci 0000:80:07.0: [1022:1452] type 00 class 0x060000
[    7.789311] pci 0000:80:07.1: [1022:1454] type 01 class 0x060400
[    7.789928] pci 0000:80:07.1: PME# supported from D0 D3hot D3cold
[    7.789972] pci 0000:80:07.1: System wakeup disabled by ACPI
[    7.790017] pci 0000:80:08.0: [1022:1452] type 00 class 0x060000
[    7.790088] pci 0000:80:08.1: [1022:1454] type 01 class 0x060400
[    7.790947] pci 0000:80:08.1: PME# supported from D0 D3hot D3cold
[    7.791902] pci 0000:81:00.0: [1022:145a] type 00 class 0x130000
[    7.792027] pci 0000:81:00.2: [1022:1456] type 00 class 0x108000
[    7.792049] pci 0000:81:00.2: reg 0x18: [mem 0xd6900000-0xd69fffff]
[    7.792062] pci 0000:81:00.2: reg 0x24: [mem 0xd6a00000-0xd6a01fff]
[    7.792176] pci 0000:80:07.1: PCI bridge to [bus 81]
[    7.792182] pci 0000:80:07.1:   bridge window [mem 0xd6900000-0xd6afffff]
[    7.792940] pci 0000:82:00.0: [1022:1455] type 00 class 0x130000
[    7.793073] pci 0000:82:00.1: [1022:1468] type 00 class 0x108000
[    7.793094] pci 0000:82:00.1: reg 0x18: [mem 0xd6700000-0xd67fffff]
[    7.793108] pci 0000:82:00.1: reg 0x24: [mem 0xd6800000-0xd6801fff]
[    7.793215] pci 0000:82:00.2: [1022:7901] type 00 class 0x010601
[    7.793258] pci 0000:82:00.2: reg 0x24: [mem 0xd6802000-0xd6802fff]
[    7.793313] pci 0000:82:00.2: PME# supported from D3hot D3cold
[    7.793396] pci 0000:80:08.1: PCI bridge to [bus 82]
[    7.793402] pci 0000:80:08.1:   bridge window [mem 0xd6700000-0xd68fffff]
[    7.793419] pci_bus 0000:80: on NUMA node 1
[    7.793639] ACPI: PCI Root Bridge [S1D1] (domain 0000 [bus a0-bf])
[    7.793642] acpi PNP0A08:05: _OSC: OS supports [ExtendedConfig ASPM ClockPM Segments MSI]
[    7.793805] acpi PNP0A08:05: _OSC: OS now controls [PCIeHotplug PME AER PCIeCapability]
[    7.793961] PCI host bridge to bus 0000:a0
[    7.793963] pci_bus 0000:a0: root bus resource [bus a0-bf]
[    7.793965] pci_bus 0000:a0: root bus resource [mem 0xd6100000-0xd64fffff window]
[    7.793967] pci_bus 0000:a0: root bus resource [mem 0x1e824000000-0x1ec1dffffff window]
[    7.793973] pci 0000:a0:00.0: [1022:1450] type 00 class 0x060000
[    7.794048] pci 0000:a0:00.2: [1022:1451] type 00 class 0x080600
[    7.794150] pci 0000:a0:01.0: [1022:1452] type 00 class 0x060000
[    7.794233] pci 0000:a0:02.0: [1022:1452] type 00 class 0x060000
[    7.794323] pci 0000:a0:03.0: [1022:1452] type 00 class 0x060000
[    7.794406] pci 0000:a0:04.0: [1022:1452] type 00 class 0x060000
[    7.794495] pci 0000:a0:07.0: [1022:1452] type 00 class 0x060000
[    7.794565] pci 0000:a0:07.1: [1022:1454] type 01 class 0x060400
[    7.794700] pci 0000:a0:07.1: PME# supported from D0 D3hot D3cold
[    7.794754] pci 0000:a0:07.1: System wakeup disabled by ACPI
[    7.794798] pci 0000:a0:08.0: [1022:1452] type 00 class 0x060000
[    7.794867] pci 0000:a0:08.1: [1022:1454] type 01 class 0x060400
[    7.794996] pci 0000:a0:08.1: PME# supported from D0 D3hot D3cold
[    7.795617] pci 0000:a1:00.0: [1022:145a] type 00 class 0x130000
[    7.795742] pci 0000:a1:00.2: [1022:1456] type 00 class 0x108000
[    7.795762] pci 0000:a1:00.2: reg 0x18: [mem 0xd6300000-0xd63fffff]
[    7.795775] pci 0000:a1:00.2: reg 0x24: [mem 0xd6400000-0xd6401fff]
[    7.795888] pci 0000:a0:07.1: PCI bridge to [bus a1]
[    7.795894] pci 0000:a0:07.1:   bridge window [mem 0xd6300000-0xd64fffff]
[    7.795993] pci 0000:a2:00.0: [1022:1455] type 00 class 0x130000
[    7.796126] pci 0000:a2:00.1: [1022:1468] type 00 class 0x108000
[    7.796147] pci 0000:a2:00.1: reg 0x18: [mem 0xd6100000-0xd61fffff]
[    7.796161] pci 0000:a2:00.1: reg 0x24: [mem 0xd6200000-0xd6201fff]
[    7.796268] pci 0000:a2:00.2: [1022:7901] type 00 class 0x010601
[    7.796315] pci 0000:a2:00.2: reg 0x24: [mem 0xd6202000-0xd6202fff]
[    7.796366] pci 0000:a2:00.2: PME# supported from D3hot D3cold
[    7.796447] pci 0000:a0:08.1: PCI bridge to [bus a2]
[    7.796453] pci 0000:a0:08.1:   bridge window [mem 0xd6100000-0xd62fffff]
[    7.796469] pci_bus 0000:a0: on NUMA node 2
[    7.796691] ACPI: PCI Root Bridge [S1D2] (domain 0000 [bus c0-df])
[    7.796695] acpi PNP0A08:06: _OSC: OS supports [ExtendedConfig ASPM ClockPM Segments MSI]
[    7.796858] acpi PNP0A08:06: _OSC: OS now controls [PCIeHotplug PME AER PCIeCapability]
[    7.797017] PCI host bridge to bus 0000:c0
[    7.797019] pci_bus 0000:c0: root bus resource [bus c0-df]
[    7.797021] pci_bus 0000:c0: root bus resource [mem 0xd5b00000-0xd5efffff window]
[    7.797022] pci_bus 0000:c0: root bus resource [mem 0x1e42a000000-0x1e823ffffff window]
[    7.797029] pci 0000:c0:00.0: [1022:1450] type 00 class 0x060000
[    7.797099] pci 0000:c0:00.2: [1022:1451] type 00 class 0x080600
[    7.797195] pci 0000:c0:01.0: [1022:1452] type 00 class 0x060000
[    7.797276] pci 0000:c0:02.0: [1022:1452] type 00 class 0x060000
[    7.797362] pci 0000:c0:03.0: [1022:1452] type 00 class 0x060000
[    7.797441] pci 0000:c0:04.0: [1022:1452] type 00 class 0x060000
[    7.797527] pci 0000:c0:07.0: [1022:1452] type 00 class 0x060000
[    7.797593] pci 0000:c0:07.1: [1022:1454] type 01 class 0x060400
[    7.797720] pci 0000:c0:07.1: PME# supported from D0 D3hot D3cold
[    7.797763] pci 0000:c0:07.1: System wakeup disabled by ACPI
[    7.797807] pci 0000:c0:08.0: [1022:1452] type 00 class 0x060000
[    7.797874] pci 0000:c0:08.1: [1022:1454] type 01 class 0x060400
[    7.797998] pci 0000:c0:08.1: PME# supported from D0 D3hot D3cold
[    7.798710] pci 0000:c1:00.0: [1022:145a] type 00 class 0x130000
[    7.798825] pci 0000:c1:00.2: [1022:1456] type 00 class 0x108000
[    7.798844] pci 0000:c1:00.2: reg 0x18: [mem 0xd5d00000-0xd5dfffff]
[    7.798856] pci 0000:c1:00.2: reg 0x24: [mem 0xd5e00000-0xd5e01fff]
[    7.798962] pci 0000:c0:07.1: PCI bridge to [bus c1]
[    7.798968] pci 0000:c0:07.1:   bridge window [mem 0xd5d00000-0xd5efffff]
[    7.799546] pci 0000:c2:00.0: [1022:1455] type 00 class 0x130000
[    7.799668] pci 0000:c2:00.1: [1022:1468] type 00 class 0x108000
[    7.799687] pci 0000:c2:00.1: reg 0x18: [mem 0xd5b00000-0xd5bfffff]
[    7.799700] pci 0000:c2:00.1: reg 0x24: [mem 0xd5c00000-0xd5c01fff]
[    7.799815] pci 0000:c0:08.1: PCI bridge to [bus c2]
[    7.799821] pci 0000:c0:08.1:   bridge window [mem 0xd5b00000-0xd5cfffff]
[    7.799836] pci_bus 0000:c0: on NUMA node 3
[    7.800052] ACPI: PCI Root Bridge [S1D3] (domain 0000 [bus e0-ff])
[    7.800056] acpi PNP0A08:07: _OSC: OS supports [ExtendedConfig ASPM ClockPM Segments MSI]
[    7.800218] acpi PNP0A08:07: _OSC: OS now controls [PCIeHotplug PME AER PCIeCapability]
[    7.800380] PCI host bridge to bus 0000:e0
[    7.800383] pci_bus 0000:e0: root bus resource [bus e0-ff]
[    7.800385] pci_bus 0000:e0: root bus resource [mem 0xd5500000-0xd58fffff window]
[    7.800386] pci_bus 0000:e0: root bus resource [mem 0x1e030000000-0x1e429ffffff window]
[    7.800393] pci 0000:e0:00.0: [1022:1450] type 00 class 0x060000
[    7.800465] pci 0000:e0:00.2: [1022:1451] type 00 class 0x080600
[    7.800565] pci 0000:e0:01.0: [1022:1452] type 00 class 0x060000
[    7.800648] pci 0000:e0:02.0: [1022:1452] type 00 class 0x060000
[    7.800729] pci 0000:e0:03.0: [1022:1452] type 00 class 0x060000
[    7.800814] pci 0000:e0:04.0: [1022:1452] type 00 class 0x060000
[    7.800902] pci 0000:e0:07.0: [1022:1452] type 00 class 0x060000
[    7.800973] pci 0000:e0:07.1: [1022:1454] type 01 class 0x060400
[    7.801520] pci 0000:e0:07.1: PME# supported from D0 D3hot D3cold
[    7.801563] pci 0000:e0:07.1: System wakeup disabled by ACPI
[    7.801608] pci 0000:e0:08.0: [1022:1452] type 00 class 0x060000
[    7.801678] pci 0000:e0:08.1: [1022:1454] type 01 class 0x060400
[    7.801814] pci 0000:e0:08.1: PME# supported from D0 D3hot D3cold
[    7.802471] pci 0000:e1:00.0: [1022:145a] type 00 class 0x130000
[    7.802594] pci 0000:e1:00.2: [1022:1456] type 00 class 0x108000
[    7.802614] pci 0000:e1:00.2: reg 0x18: [mem 0xd5700000-0xd57fffff]
[    7.802627] pci 0000:e1:00.2: reg 0x24: [mem 0xd5800000-0xd5801fff]
[    7.802738] pci 0000:e0:07.1: PCI bridge to [bus e1]
[    7.802744] pci 0000:e0:07.1:   bridge window [mem 0xd5700000-0xd58fffff]
[    7.802839] pci 0000:e2:00.0: [1022:1455] type 00 class 0x130000
[    7.802967] pci 0000:e2:00.1: [1022:1468] type 00 class 0x108000
[    7.802988] pci 0000:e2:00.1: reg 0x18: [mem 0xd5500000-0xd55fffff]
[    7.803002] pci 0000:e2:00.1: reg 0x24: [mem 0xd5600000-0xd5601fff]
[    7.803122] pci 0000:e0:08.1: PCI bridge to [bus e2]
[    7.803128] pci 0000:e0:08.1:   bridge window [mem 0xd5500000-0xd56fffff]
[    7.803144] pci_bus 0000:e0: on NUMA node 4
[    7.803324] ACPI: PCI Interrupt Link [LNKA] (IRQs 4 5 7 10 11 14 15) *0
[    7.803379] ACPI: PCI Interrupt Link [LNKB] (IRQs 4 *5 7 10 11 14 15)
[    7.803420] ACPI: PCI Interrupt Link [LNKC] (IRQs 4 5 7 10 *11 14 15)
[    7.803475] ACPI: PCI Interrupt Link [LNKD] (IRQs 4 5 7 10 11 14 15) *0
[    7.803523] ACPI: PCI Interrupt Link [LNKE] (IRQs 4 5 7 10 *11 14 15)
[    7.803562] ACPI: PCI Interrupt Link [LNKF] (IRQs 4 5 7 *10 11 14 15)
[    7.803601] ACPI: PCI Interrupt Link [LNKG] (IRQs 4 5 7 10 11 14 15) *0
[    7.803641] ACPI: PCI Interrupt Link [LNKH] (IRQs 4 5 7 10 11 14 15) *0
[    7.803842] vgaarb: device added: PCI:0000:02:00.0,decodes=io+mem,owns=io+mem,locks=none
[    7.803853] vgaarb: loaded
[    7.803854] vgaarb: bridge control possible 0000:02:00.0
[    7.803984] SCSI subsystem initialized
[    7.804007] ACPI: bus type USB registered
[    7.804025] usbcore: registered new interface driver usbfs
[    7.804033] usbcore: registered new interface driver hub
[    7.804489] usbcore: registered new device driver usb
[    7.805080] EDAC MC: Ver: 3.0.0
[    7.805520] PCI: Using ACPI for IRQ routing
[    7.824784] PCI: pci_cache_line_size set to 64 bytes
[    7.825036] e820: reserve RAM buffer [mem 0x75db0000-0x77ffffff]
[    7.825037] e820: reserve RAM buffer [mem 0x92c7c018-0x93ffffff]
[    7.825039] e820: reserve RAM buffer [mem 0x92cad018-0x93ffffff]
[    7.825041] e820: reserve RAM buffer [mem 0xc8dd4000-0xcbffffff]
[    7.825042] e820: reserve RAM buffer [mem 0xca2fe000-0xcbffffff]
[    7.825044] e820: reserve RAM buffer [mem 0x1002f000000-0x1002fffffff]
[    7.825045] e820: reserve RAM buffer [mem 0x1202ff80000-0x1202fffffff]
[    7.825047] e820: reserve RAM buffer [mem 0x1602ff80000-0x1602fffffff]
[    7.825048] e820: reserve RAM buffer [mem 0x1a02ff80000-0x1a02fffffff]
[    7.825049] e820: reserve RAM buffer [mem 0x1e02ff80000-0x1e02fffffff]
[    7.825234] NetLabel: Initializing
[    7.825235] NetLabel:  domain hash size = 128
[    7.825236] NetLabel:  protocols = UNLABELED CIPSOv4
[    7.825252] NetLabel:  unlabeled traffic allowed by default
[    7.825293] hpet0: at MMIO 0xfed00000, IRQs 2, 8, 0
[    7.825296] hpet0: 3 comparators, 32-bit 14.318180 MHz counter
[    7.827651] Switched to clocksource hpet
[    7.833071] pnp: PnP ACPI init
[    7.833084] ACPI: bus type PNP registered
[    7.833266] system 00:00: [mem 0xe0000000-0xefffffff] has been reserved
[    7.833269] system 00:00: Plug and Play ACPI device, IDs PNP0c01 (active)
[    7.833427] pnp 00:01: Plug and Play ACPI device, IDs PNP0b00 (active)
[    7.833648] system 00:02: [io  0x04d0-0x04d1] has been reserved
[    7.833650] system 00:02: [io  0x040b] has been reserved
[    7.833652] system 00:02: [io  0x04d6] has been reserved
[    7.833654] system 00:02: [io  0x0c00-0x0c01] has been reserved
[    7.833655] system 00:02: [io  0x0c14] has been reserved
[    7.833657] system 00:02: [io  0x0c50-0x0c51] has been reserved
[    7.833659] system 00:02: [io  0x0c52] has been reserved
[    7.833660] system 00:02: [io  0x0c6c] has been reserved
[    7.833662] system 00:02: [io  0x0c6f] has been reserved
[    7.833664] system 00:02: [io  0x0cd0-0x0cd1] has been reserved
[    7.833665] system 00:02: [io  0x0cd2-0x0cd3] has been reserved
[    7.833667] system 00:02: [io  0x0cd4-0x0cd5] has been reserved
[    7.833669] system 00:02: [io  0x0cd6-0x0cd7] has been reserved
[    7.833670] system 00:02: [io  0x0cd8-0x0cdf] has been reserved
[    7.833672] system 00:02: [io  0x0800-0x089f] could not be reserved
[    7.833673] system 00:02: [io  0x0b00-0x0b0f] has been reserved
[    7.833675] system 00:02: [io  0x0b20-0x0b3f] has been reserved
[    7.833677] system 00:02: [io  0x0900-0x090f] has been reserved
[    7.833678] system 00:02: [io  0x0910-0x091f] has been reserved
[    7.833680] system 00:02: [io  0xfe00-0xfefe] has been reserved
[    7.833682] system 00:02: [mem 0xfec00000-0xfec00fff] could not be reserved
[    7.833684] system 00:02: [mem 0xfec01000-0xfec01fff] has been reserved
[    7.833686] system 00:02: [mem 0xfedc0000-0xfedc0fff] has been reserved
[    7.833688] system 00:02: [mem 0xfee00000-0xfee00fff] has been reserved
[    7.833690] system 00:02: [mem 0xfed80000-0xfed8ffff] could not be reserved
[    7.833692] system 00:02: [mem 0xfed61000-0xfed70fff] has been reserved
[    7.833693] system 00:02: [mem 0xfec10000-0xfec10fff] has been reserved
[    7.833695] system 00:02: [mem 0xff000000-0xffffffff] has been reserved
[    7.833697] system 00:02: Plug and Play ACPI device, IDs PNP0c02 (active)
[    7.833922] pnp 00:03: Plug and Play ACPI device, IDs PNP0501 (active)
[    7.833988] pnp 00:04: Plug and Play ACPI device, IDs PNP0501 (active)
[    7.834912] pnp: PnP ACPI: found 5 devices
[    7.834913] ACPI: bus type PNP unregistered
[    7.841096] pci 0000:01:00.0: PCI bridge to [bus 02]
[    7.841101] pci 0000:01:00.0:   bridge window [io  0x1000-0x1fff]
[    7.841107] pci 0000:01:00.0:   bridge window [mem 0xd8000000-0xdc0fffff]
[    7.841118] pci 0000:00:01.2: PCI bridge to [bus 01-02]
[    7.841121] pci 0000:00:01.2:   bridge window [io  0x1000-0x1fff]
[    7.841124] pci 0000:00:01.2:   bridge window [mem 0xd8000000-0xdc0fffff]
[    7.841130] pci 0000:00:07.1: PCI bridge to [bus 03]
[    7.841133] pci 0000:00:07.1:   bridge window [mem 0xdc200000-0xdc4fffff]
[    7.841138] pci 0000:00:08.1: PCI bridge to [bus 04]
[    7.841141] pci 0000:00:08.1:   bridge window [mem 0xdc500000-0xdc6fffff]
[    7.841153] pci_bus 0000:00: resource 4 [io  0x0000-0x02e7 window]
[    7.841155] pci_bus 0000:00: resource 5 [io  0x0300-0x03af window]
[    7.841156] pci_bus 0000:00: resource 6 [io  0x0400-0x0cf7 window]
[    7.841158] pci_bus 0000:00: resource 7 [io  0x03b0-0x03df window]
[    7.841159] pci_bus 0000:00: resource 8 [io  0x0d00-0x1fff window]
[    7.841161] pci_bus 0000:00: resource 9 [mem 0x000a0000-0x000bffff window]
[    7.841163] pci_bus 0000:00: resource 10 [mem 0x000c0000-0x000dffff window]
[    7.841164] pci_bus 0000:00: resource 11 [mem 0xd8000000-0xdfffffff window]
[    7.841166] pci_bus 0000:00: resource 12 [mem 0x1fc06000000-0x1ffffffffff window]
[    7.841168] pci_bus 0000:01: resource 0 [io  0x1000-0x1fff]
[    7.841169] pci_bus 0000:01: resource 1 [mem 0xd8000000-0xdc0fffff]
[    7.841171] pci_bus 0000:02: resource 0 [io  0x1000-0x1fff]
[    7.841172] pci_bus 0000:02: resource 1 [mem 0xd8000000-0xdc0fffff]
[    7.841175] pci_bus 0000:03: resource 1 [mem 0xdc200000-0xdc4fffff]
[    7.841176] pci_bus 0000:04: resource 1 [mem 0xdc500000-0xdc6fffff]
[    7.841189] pci 0000:20:07.1: PCI bridge to [bus 21]
[    7.841193] pci 0000:20:07.1:   bridge window [mem 0xd7a00000-0xd7cfffff]
[    7.841199] pci 0000:20:08.1: PCI bridge to [bus 22]
[    7.841202] pci 0000:20:08.1:   bridge window [mem 0xd7d00000-0xd7efffff]
[    7.841209] pci_bus 0000:20: resource 4 [mem 0xd7a00000-0xd7efffff window]
[    7.841210] pci_bus 0000:20: resource 5 [mem 0x1f80c000000-0x1fc05ffffff window]
[    7.841212] pci_bus 0000:21: resource 1 [mem 0xd7a00000-0xd7cfffff]
[    7.841214] pci_bus 0000:22: resource 1 [mem 0xd7d00000-0xd7efffff]
[    7.841225] pci 0000:40:07.1: PCI bridge to [bus 41]
[    7.841229] pci 0000:40:07.1:   bridge window [mem 0xd7600000-0xd77fffff]
[    7.841235] pci 0000:40:08.1: PCI bridge to [bus 42]
[    7.841238] pci 0000:40:08.1:   bridge window [mem 0xd7400000-0xd75fffff]
[    7.841244] pci_bus 0000:40: resource 4 [mem 0xd7400000-0xd77fffff window]
[    7.841245] pci_bus 0000:40: resource 5 [mem 0x1f412000000-0x1f80bffffff window]
[    7.841247] pci_bus 0000:41: resource 1 [mem 0xd7600000-0xd77fffff]
[    7.841249] pci_bus 0000:42: resource 1 [mem 0xd7400000-0xd75fffff]
[    7.841265] pci 0000:60:03.2: PCI bridge to [bus 61]
[    7.841267] pci 0000:60:03.2:   bridge window [io  0x2000-0x2fff]
[    7.841270] pci 0000:60:03.2:   bridge window [mem 0xd7100000-0xd71fffff]
[    7.841276] pci 0000:60:07.1: PCI bridge to [bus 62]
[    7.841279] pci 0000:60:07.1:   bridge window [mem 0xd6f00000-0xd70fffff]
[    7.841285] pci 0000:60:08.1: PCI bridge to [bus 63]
[    7.841289] pci 0000:60:08.1:   bridge window [mem 0xd6d00000-0xd6efffff]
[    7.841294] pci_bus 0000:60: resource 4 [io  0x2000-0x2fff window]
[    7.841296] pci_bus 0000:60: resource 5 [mem 0xd6d00000-0xd71fffff window]
[    7.841298] pci_bus 0000:60: resource 6 [mem 0x1f018000000-0x1f411ffffff window]
[    7.841300] pci_bus 0000:61: resource 0 [io  0x2000-0x2fff]
[    7.841301] pci_bus 0000:61: resource 1 [mem 0xd7100000-0xd71fffff]
[    7.841303] pci_bus 0000:62: resource 1 [mem 0xd6f00000-0xd70fffff]
[    7.841304] pci_bus 0000:63: resource 1 [mem 0xd6d00000-0xd6efffff]
[    7.841317] pci 0000:80:07.1: PCI bridge to [bus 81]
[    7.841322] pci 0000:80:07.1:   bridge window [mem 0xd6900000-0xd6afffff]
[    7.841328] pci 0000:80:08.1: PCI bridge to [bus 82]
[    7.841331] pci 0000:80:08.1:   bridge window [mem 0xd6700000-0xd68fffff]
[    7.841338] pci_bus 0000:80: resource 4 [mem 0xd6700000-0xd6afffff window]
[    7.841339] pci_bus 0000:80: resource 5 [mem 0x1ec1e000000-0x1f017ffffff window]
[    7.841341] pci_bus 0000:81: resource 1 [mem 0xd6900000-0xd6afffff]
[    7.841343] pci_bus 0000:82: resource 1 [mem 0xd6700000-0xd68fffff]
[    7.841356] pci 0000:a0:07.1: PCI bridge to [bus a1]
[    7.841360] pci 0000:a0:07.1:   bridge window [mem 0xd6300000-0xd64fffff]
[    7.841367] pci 0000:a0:08.1: PCI bridge to [bus a2]
[    7.841370] pci 0000:a0:08.1:   bridge window [mem 0xd6100000-0xd62fffff]
[    7.841377] pci_bus 0000:a0: resource 4 [mem 0xd6100000-0xd64fffff window]
[    7.841379] pci_bus 0000:a0: resource 5 [mem 0x1e824000000-0x1ec1dffffff window]
[    7.841381] pci_bus 0000:a1: resource 1 [mem 0xd6300000-0xd64fffff]
[    7.841382] pci_bus 0000:a2: resource 1 [mem 0xd6100000-0xd62fffff]
[    7.841394] pci 0000:c0:07.1: PCI bridge to [bus c1]
[    7.841398] pci 0000:c0:07.1:   bridge window [mem 0xd5d00000-0xd5efffff]
[    7.841403] pci 0000:c0:08.1: PCI bridge to [bus c2]
[    7.841407] pci 0000:c0:08.1:   bridge window [mem 0xd5b00000-0xd5cfffff]
[    7.841412] pci_bus 0000:c0: resource 4 [mem 0xd5b00000-0xd5efffff window]
[    7.841414] pci_bus 0000:c0: resource 5 [mem 0x1e42a000000-0x1e823ffffff window]
[    7.841416] pci_bus 0000:c1: resource 1 [mem 0xd5d00000-0xd5efffff]
[    7.841418] pci_bus 0000:c2: resource 1 [mem 0xd5b00000-0xd5cfffff]
[    7.841432] pci 0000:e0:07.1: PCI bridge to [bus e1]
[    7.841436] pci 0000:e0:07.1:   bridge window [mem 0xd5700000-0xd58fffff]
[    7.841442] pci 0000:e0:08.1: PCI bridge to [bus e2]
[    7.841445] pci 0000:e0:08.1:   bridge window [mem 0xd5500000-0xd56fffff]
[    7.841452] pci_bus 0000:e0: resource 4 [mem 0xd5500000-0xd58fffff window]
[    7.841453] pci_bus 0000:e0: resource 5 [mem 0x1e030000000-0x1e429ffffff window]
[    7.841455] pci_bus 0000:e1: resource 1 [mem 0xd5700000-0xd58fffff]
[    7.841457] pci_bus 0000:e2: resource 1 [mem 0xd5500000-0xd56fffff]
[    7.841547] NET: Registered protocol family 2
[    7.842367] TCP established hash table entries: 524288 (order: 10, 4194304 bytes)
[    7.843387] TCP bind hash table entries: 65536 (order: 8, 1048576 bytes)
[    7.843595] TCP: Hash tables configured (established 524288 bind 65536)
[    7.843634] TCP: reno registered
[    7.843736] UDP hash table entries: 65536 (order: 9, 2097152 bytes)
[    7.844257] UDP-Lite hash table entries: 65536 (order: 9, 2097152 bytes)
[    7.844969] NET: Registered protocol family 1
[    7.845096] pci 0000:02:00.0: Boot video device
[    7.845592] PCI: CLS 64 bytes, default 64
[    7.845659] Unpacking initramfs...
[    8.193169] Freeing initrd memory: 27764k freed
[    8.197290] AMD-Vi: IOMMU performance counters supported
[    8.197376] AMD-Vi: IOMMU performance counters supported
[    8.197421] AMD-Vi: IOMMU performance counters supported
[    8.197467] AMD-Vi: IOMMU performance counters supported
[    8.197513] AMD-Vi: IOMMU performance counters supported
[    8.197559] AMD-Vi: IOMMU performance counters supported
[    8.197615] AMD-Vi: IOMMU performance counters supported
[    8.197665] AMD-Vi: IOMMU performance counters supported
[    8.199415] iommu: Adding device 0000:00:01.0 to group 0
[    8.200283] iommu: Adding device 0000:00:01.2 to group 1
[    8.201169] iommu: Adding device 0000:00:02.0 to group 2
[    8.202185] iommu: Adding device 0000:00:03.0 to group 3
[    8.203074] iommu: Adding device 0000:00:04.0 to group 4
[    8.203976] iommu: Adding device 0000:00:07.0 to group 5
[    8.204886] iommu: Adding device 0000:00:07.1 to group 6
[    8.205733] iommu: Adding device 0000:00:08.0 to group 7
[    8.206531] iommu: Adding device 0000:00:08.1 to group 8
[    8.207371] iommu: Adding device 0000:00:14.0 to group 9
[    8.207400] iommu: Adding device 0000:00:14.3 to group 9
[    8.208349] iommu: Adding device 0000:00:18.0 to group 10
[    8.208382] iommu: Adding device 0000:00:18.1 to group 10
[    8.208411] iommu: Adding device 0000:00:18.2 to group 10
[    8.208439] iommu: Adding device 0000:00:18.3 to group 10
[    8.208468] iommu: Adding device 0000:00:18.4 to group 10
[    8.208496] iommu: Adding device 0000:00:18.5 to group 10
[    8.208524] iommu: Adding device 0000:00:18.6 to group 10
[    8.208552] iommu: Adding device 0000:00:18.7 to group 10
[    8.209501] iommu: Adding device 0000:00:19.0 to group 11
[    8.209535] iommu: Adding device 0000:00:19.1 to group 11
[    8.209565] iommu: Adding device 0000:00:19.2 to group 11
[    8.209593] iommu: Adding device 0000:00:19.3 to group 11
[    8.209635] iommu: Adding device 0000:00:19.4 to group 11
[    8.209663] iommu: Adding device 0000:00:19.5 to group 11
[    8.209692] iommu: Adding device 0000:00:19.6 to group 11
[    8.209721] iommu: Adding device 0000:00:19.7 to group 11
[    8.210677] iommu: Adding device 0000:00:1a.0 to group 12
[    8.210711] iommu: Adding device 0000:00:1a.1 to group 12
[    8.210739] iommu: Adding device 0000:00:1a.2 to group 12
[    8.210769] iommu: Adding device 0000:00:1a.3 to group 12
[    8.210802] iommu: Adding device 0000:00:1a.4 to group 12
[    8.210832] iommu: Adding device 0000:00:1a.5 to group 12
[    8.210860] iommu: Adding device 0000:00:1a.6 to group 12
[    8.210891] iommu: Adding device 0000:00:1a.7 to group 12
[    8.211833] iommu: Adding device 0000:00:1b.0 to group 13
[    8.211869] iommu: Adding device 0000:00:1b.1 to group 13
[    8.211897] iommu: Adding device 0000:00:1b.2 to group 13
[    8.211928] iommu: Adding device 0000:00:1b.3 to group 13
[    8.211959] iommu: Adding device 0000:00:1b.4 to group 13
[    8.211989] iommu: Adding device 0000:00:1b.5 to group 13
[    8.212020] iommu: Adding device 0000:00:1b.6 to group 13
[    8.212050] iommu: Adding device 0000:00:1b.7 to group 13
[    8.212982] iommu: Adding device 0000:00:1c.0 to group 14
[    8.213018] iommu: Adding device 0000:00:1c.1 to group 14
[    8.213048] iommu: Adding device 0000:00:1c.2 to group 14
[    8.213080] iommu: Adding device 0000:00:1c.3 to group 14
[    8.213111] iommu: Adding device 0000:00:1c.4 to group 14
[    8.213141] iommu: Adding device 0000:00:1c.5 to group 14
[    8.213171] iommu: Adding device 0000:00:1c.6 to group 14
[    8.213202] iommu: Adding device 0000:00:1c.7 to group 14
[    8.214157] iommu: Adding device 0000:00:1d.0 to group 15
[    8.214194] iommu: Adding device 0000:00:1d.1 to group 15
[    8.214225] iommu: Adding device 0000:00:1d.2 to group 15
[    8.214256] iommu: Adding device 0000:00:1d.3 to group 15
[    8.214288] iommu: Adding device 0000:00:1d.4 to group 15
[    8.214321] iommu: Adding device 0000:00:1d.5 to group 15
[    8.214352] iommu: Adding device 0000:00:1d.6 to group 15
[    8.214387] iommu: Adding device 0000:00:1d.7 to group 15
[    8.215337] iommu: Adding device 0000:00:1e.0 to group 16
[    8.215373] iommu: Adding device 0000:00:1e.1 to group 16
[    8.215405] iommu: Adding device 0000:00:1e.2 to group 16
[    8.215437] iommu: Adding device 0000:00:1e.3 to group 16
[    8.215470] iommu: Adding device 0000:00:1e.4 to group 16
[    8.215503] iommu: Adding device 0000:00:1e.5 to group 16
[    8.215533] iommu: Adding device 0000:00:1e.6 to group 16
[    8.215567] iommu: Adding device 0000:00:1e.7 to group 16
[    8.216523] iommu: Adding device 0000:00:1f.0 to group 17
[    8.216561] iommu: Adding device 0000:00:1f.1 to group 17
[    8.216593] iommu: Adding device 0000:00:1f.2 to group 17
[    8.216642] iommu: Adding device 0000:00:1f.3 to group 17
[    8.216676] iommu: Adding device 0000:00:1f.4 to group 17
[    8.216710] iommu: Adding device 0000:00:1f.5 to group 17
[    8.216746] iommu: Adding device 0000:00:1f.6 to group 17
[    8.216779] iommu: Adding device 0000:00:1f.7 to group 17
[    8.217594] iommu: Adding device 0000:01:00.0 to group 18
[    8.217623] iommu: Adding device 0000:02:00.0 to group 18
[    8.218433] iommu: Adding device 0000:03:00.0 to group 19
[    8.219261] iommu: Adding device 0000:03:00.2 to group 20
[    8.220095] iommu: Adding device 0000:03:00.3 to group 21
[    8.220927] iommu: Adding device 0000:04:00.0 to group 22
[    8.221756] iommu: Adding device 0000:04:00.1 to group 23
[    8.222590] iommu: Adding device 0000:20:01.0 to group 24
[    8.223384] iommu: Adding device 0000:20:02.0 to group 25
[    8.224179] iommu: Adding device 0000:20:03.0 to group 26
[    8.224974] iommu: Adding device 0000:20:04.0 to group 27
[    8.225779] iommu: Adding device 0000:20:07.0 to group 28
[    8.226557] iommu: Adding device 0000:20:07.1 to group 29
[    8.227365] iommu: Adding device 0000:20:08.0 to group 30
[    8.228147] iommu: Adding device 0000:20:08.1 to group 31
[    8.228937] iommu: Adding device 0000:21:00.0 to group 32
[    8.229719] iommu: Adding device 0000:21:00.2 to group 33
[    8.230496] iommu: Adding device 0000:21:00.3 to group 34
[    8.231396] iommu: Adding device 0000:22:00.0 to group 35
[    8.232195] iommu: Adding device 0000:22:00.1 to group 36
[    8.232982] iommu: Adding device 0000:22:00.2 to group 37
[    8.233795] iommu: Adding device 0000:40:01.0 to group 38
[    8.234576] iommu: Adding device 0000:40:02.0 to group 39
[    8.235373] iommu: Adding device 0000:40:03.0 to group 40
[    8.236166] iommu: Adding device 0000:40:04.0 to group 41
[    8.236968] iommu: Adding device 0000:40:07.0 to group 42
[    8.237750] iommu: Adding device 0000:40:07.1 to group 43
