[    0.000000] Initializing cgroup subsys cpuset
[    0.000000] Initializing cgroup subsys cpu
[    0.000000] Initializing cgroup subsys cpuacct
[    0.000000] Linux version 3.10.0-693.el7.x86_64 (mockbuild@x86-038.build.eng.bos.redhat.com) (gcc version 4.8.5 20150623 (Red Hat 4.8.5-16) (GCC) ) #1 SMP Thu Jul 6 19:56:57 EDT 2017
[    0.000000] Command line: BOOT_IMAGE=/boot/vmlinuz-3.10.0-693.el7.x86_64 root=UUID=43cf8a9d-649e-48eb-9c54-ecf3f91878e5 ro crashkernel=auto rhgb quiet LANG=en_US.UTF-8
[    0.000000] e820: BIOS-provided physical RAM map:
[    0.000000] BIOS-e820: [mem 0x0000000000000000-0x000000000009ffff] usable
[    0.000000] BIOS-e820: [mem 0x00000000000a0000-0x00000000000fffff] reserved
[    0.000000] BIOS-e820: [mem 0x0000000000100000-0x0000000075daffff] usable
[    0.000000] BIOS-e820: [mem 0x0000000075db0000-0x0000000075ffffff] reserved
[    0.000000] BIOS-e820: [mem 0x0000000076000000-0x00000000c8dc8fff] usable
[    0.000000] BIOS-e820: [mem 0x00000000c8dc9000-0x00000000ca23dfff] reserved
[    0.000000] BIOS-e820: [mem 0x00000000ca23e000-0x00000000ca2f2fff] usable
[    0.000000] BIOS-e820: [mem 0x00000000ca2f3000-0x00000000ca67bfff] ACPI NVS
[    0.000000] BIOS-e820: [mem 0x00000000ca67c000-0x00000000cae68fff] reserved
[    0.000000] BIOS-e820: [mem 0x00000000cae69000-0x00000000cbffffff] usable
[    0.000000] BIOS-e820: [mem 0x00000000cc000000-0x00000000cfffffff] reserved
[    0.000000] BIOS-e820: [mem 0x00000000d5300000-0x00000000d547ffff] reserved
[    0.000000] BIOS-e820: [mem 0x00000000d54f0000-0x00000000d54f0fff] reserved
[    0.000000] BIOS-e820: [mem 0x00000000d5900000-0x00000000d5a7ffff] reserved
[    0.000000] BIOS-e820: [mem 0x00000000d5af0000-0x00000000d5af0fff] reserved
[    0.000000] BIOS-e820: [mem 0x00000000d5f00000-0x00000000d607ffff] reserved
[    0.000000] BIOS-e820: [mem 0x00000000d60f0000-0x00000000d60f0fff] reserved
[    0.000000] BIOS-e820: [mem 0x00000000d6500000-0x00000000d667ffff] reserved
[    0.000000] BIOS-e820: [mem 0x00000000d66f0000-0x00000000d66f0fff] reserved
[    0.000000] BIOS-e820: [mem 0x00000000d6b00000-0x00000000d6c7ffff] reserved
[    0.000000] BIOS-e820: [mem 0x00000000d6cf0000-0x00000000d6cf0fff] reserved
[    0.000000] BIOS-e820: [mem 0x00000000d7200000-0x00000000d737ffff] reserved
[    0.000000] BIOS-e820: [mem 0x00000000d73f0000-0x00000000d73f0fff] reserved
[    0.000000] BIOS-e820: [mem 0x00000000d7800000-0x00000000d797ffff] reserved
[    0.000000] BIOS-e820: [mem 0x00000000d79f0000-0x00000000d79f0fff] reserved
[    0.000000] BIOS-e820: [mem 0x00000000d7f00000-0x00000000d7f7ffff] reserved
[    0.000000] BIOS-e820: [mem 0x00000000d7ff0000-0x00000000d7ff0fff] reserved
[    0.000000] BIOS-e820: [mem 0x00000000fea00000-0x00000000feafffff] reserved
[    0.000000] BIOS-e820: [mem 0x00000000fec00000-0x00000000fec00fff] reserved
[    0.000000] BIOS-e820: [mem 0x00000000fec10000-0x00000000fec10fff] reserved
[    0.000000] BIOS-e820: [mem 0x00000000fed00000-0x00000000fed00fff] reserved
[    0.000000] BIOS-e820: [mem 0x00000000fed40000-0x00000000fed44fff] reserved
[    0.000000] BIOS-e820: [mem 0x00000000fed80000-0x00000000fed8ffff] reserved
[    0.000000] BIOS-e820: [mem 0x00000000fedc0000-0x00000000fedc0fff] reserved
[    0.000000] BIOS-e820: [mem 0x00000000fedc2000-0x00000000fedc5fff] reserved
[    0.000000] BIOS-e820: [mem 0x00000000fedc7000-0x00000000fedc7fff] reserved
[    0.000000] BIOS-e820: [mem 0x00000000fedc9000-0x00000000fedcafff] reserved
[    0.000000] BIOS-e820: [mem 0x00000000fee00000-0x00000000feefffff] reserved
[    0.000000] BIOS-e820: [mem 0x00000000ff000000-0x00000000ffffffff] reserved
[    0.000000] BIOS-e820: [mem 0x0000000100000000-0x000000402effffff] usable
[    0.000000] BIOS-e820: [mem 0x000000402f000000-0x000000402fffffff] reserved
[    0.000000] BIOS-e820: [mem 0x0000004030000000-0x000000802fbfffff] usable
[    0.000000] BIOS-e820: [mem 0x000000802fc00000-0x000000802fffffff] reserved
[    0.000000] NX (Execute Disable) protection: active
[    0.000000] e820: update [mem 0x93809018-0x93819857] usable ==> usable
[    0.000000] e820: update [mem 0x937d8018-0x93808457] usable ==> usable
[    0.000000] extended physical RAM map:
[    0.000000] reserve setup_data: [mem 0x0000000000000000-0x000000000009ffff] usable
[    0.000000] reserve setup_data: [mem 0x00000000000a0000-0x00000000000fffff] reserved
[    0.000000] reserve setup_data: [mem 0x0000000000100000-0x0000000075daffff] usable
[    0.000000] reserve setup_data: [mem 0x0000000075db0000-0x0000000075ffffff] reserved
[    0.000000] reserve setup_data: [mem 0x0000000076000000-0x00000000937d8017] usable
[    0.000000] reserve setup_data: [mem 0x00000000937d8018-0x0000000093808457] usable
[    0.000000] reserve setup_data: [mem 0x0000000093808458-0x0000000093809017] usable
[    0.000000] reserve setup_data: [mem 0x0000000093809018-0x0000000093819857] usable
[    0.000000] reserve setup_data: [mem 0x0000000093819858-0x00000000c8dc8fff] usable
[    0.000000] reserve setup_data: [mem 0x00000000c8dc9000-0x00000000ca23dfff] reserved
[    0.000000] reserve setup_data: [mem 0x00000000ca23e000-0x00000000ca2f2fff] usable
[    0.000000] reserve setup_data: [mem 0x00000000ca2f3000-0x00000000ca67bfff] ACPI NVS
[    0.000000] reserve setup_data: [mem 0x00000000ca67c000-0x00000000cae68fff] reserved
[    0.000000] reserve setup_data: [mem 0x00000000cae69000-0x00000000cbffffff] usable
[    0.000000] reserve setup_data: [mem 0x00000000cc000000-0x00000000cfffffff] reserved
[    0.000000] reserve setup_data: [mem 0x00000000d5300000-0x00000000d547ffff] reserved
[    0.000000] reserve setup_data: [mem 0x00000000d54f0000-0x00000000d54f0fff] reserved
[    0.000000] reserve setup_data: [mem 0x00000000d5900000-0x00000000d5a7ffff] reserved
[    0.000000] reserve setup_data: [mem 0x00000000d5af0000-0x00000000d5af0fff] reserved
[    0.000000] reserve setup_data: [mem 0x00000000d5f00000-0x00000000d607ffff] reserved
[    0.000000] reserve setup_data: [mem 0x00000000d60f0000-0x00000000d60f0fff] reserved
[    0.000000] reserve setup_data: [mem 0x00000000d6500000-0x00000000d667ffff] reserved
[    0.000000] reserve setup_data: [mem 0x00000000d66f0000-0x00000000d66f0fff] reserved
[    0.000000] reserve setup_data: [mem 0x00000000d6b00000-0x00000000d6c7ffff] reserved
[    0.000000] reserve setup_data: [mem 0x00000000d6cf0000-0x00000000d6cf0fff] reserved
[    0.000000] reserve setup_data: [mem 0x00000000d7200000-0x00000000d737ffff] reserved
[    0.000000] reserve setup_data: [mem 0x00000000d73f0000-0x00000000d73f0fff] reserved
[    0.000000] reserve setup_data: [mem 0x00000000d7800000-0x00000000d797ffff] reserved
[    0.000000] reserve setup_data: [mem 0x00000000d79f0000-0x00000000d79f0fff] reserved
[    0.000000] reserve setup_data: [mem 0x00000000d7f00000-0x00000000d7f7ffff] reserved
[    0.000000] reserve setup_data: [mem 0x00000000d7ff0000-0x00000000d7ff0fff] reserved
[    0.000000] reserve setup_data: [mem 0x00000000fea00000-0x00000000feafffff] reserved
[    0.000000] reserve setup_data: [mem 0x00000000fec00000-0x00000000fec00fff] reserved
[    0.000000] reserve setup_data: [mem 0x00000000fec10000-0x00000000fec10fff] reserved
[    0.000000] reserve setup_data: [mem 0x00000000fed00000-0x00000000fed00fff] reserved
[    0.000000] reserve setup_data: [mem 0x00000000fed40000-0x00000000fed44fff] reserved
[    0.000000] reserve setup_data: [mem 0x00000000fed80000-0x00000000fed8ffff] reserved
[    0.000000] reserve setup_data: [mem 0x00000000fedc0000-0x00000000fedc0fff] reserved
[    0.000000] reserve setup_data: [mem 0x00000000fedc2000-0x00000000fedc5fff] reserved
[    0.000000] reserve setup_data: [mem 0x00000000fedc7000-0x00000000fedc7fff] reserved
[    0.000000] reserve setup_data: [mem 0x00000000fedc9000-0x00000000fedcafff] reserved
[    0.000000] reserve setup_data: [mem 0x00000000fee00000-0x00000000feefffff] reserved
[    0.000000] reserve setup_data: [mem 0x00000000ff000000-0x00000000ffffffff] reserved
[    0.000000] reserve setup_data: [mem 0x0000000100000000-0x000000402effffff] usable
[    0.000000] reserve setup_data: [mem 0x000000402f000000-0x000000402fffffff] reserved
[    0.000000] reserve setup_data: [mem 0x0000004030000000-0x000000802fbfffff] usable
[    0.000000] reserve setup_data: [mem 0x000000802fc00000-0x000000802fffffff] reserved
[    0.000000] efi: EFI v2.60 by American Megatrends
[    0.000000] efi:  ACPI 2.0=0xca2f3000  ACPI=0xca2f3000  SMBIOS=0xcacea000  SMBIOS 3.0=0xcace9000  MPS=0xfca90  ESRT=0xc5aa5e98 
[    0.000000] efi: mem00: type=3, attr=0xf, range=[0x0000000000000000-0x0000000000008000) (0MB)
[    0.000000] efi: mem01: type=2, attr=0xf, range=[0x0000000000008000-0x0000000000009000) (0MB)
[    0.000000] efi: mem02: type=7, attr=0xf, range=[0x0000000000009000-0x000000000003f000) (0MB)
[    0.000000] efi: mem03: type=4, attr=0xf, range=[0x000000000003f000-0x0000000000040000) (0MB)
[    0.000000] efi: mem04: type=3, attr=0xf, range=[0x0000000000040000-0x00000000000a0000) (0MB)
[    0.000000] efi: mem05: type=7, attr=0xf, range=[0x0000000000100000-0x0000000001000000) (15MB)
[    0.000000] efi: mem06: type=4, attr=0xf, range=[0x0000000001000000-0x0000000001020000) (0MB)
[    0.000000] efi: mem07: type=7, attr=0xf, range=[0x0000000001020000-0x0000000001200000) (1MB)
[    0.000000] efi: mem08: type=2, attr=0xf, range=[0x0000000001200000-0x0000000002611000) (20MB)
[    0.000000] efi: mem09: type=7, attr=0xf, range=[0x0000000002611000-0x0000000030000000) (729MB)
[    0.000000] efi: mem10: type=4, attr=0xf, range=[0x0000000030000000-0x0000000030076000) (0MB)
[    0.000000] efi: mem11: type=7, attr=0xf, range=[0x0000000030076000-0x000000003d15e000) (208MB)
[    0.000000] efi: mem12: type=2, attr=0xf, range=[0x000000003d15e000-0x0000000040000000) (46MB)
[    0.000000] efi: mem13: type=7, attr=0xf, range=[0x0000000040000000-0x0000000075db0000) (861MB)
[    0.000000] efi: mem14: type=0, attr=0xf, range=[0x0000000075db0000-0x0000000076000000) (2MB)
[    0.000000] efi: mem15: type=7, attr=0xf, range=[0x0000000076000000-0x00000000937d8000) (471MB)
[    0.000000] efi: mem16: type=2, attr=0xf, range=[0x00000000937d8000-0x00000000c4a85000) (786MB)
[    0.000000] efi: mem17: type=7, attr=0xf, range=[0x00000000c4a85000-0x00000000c4a8a000) (0MB)
[    0.000000] efi: mem18: type=2, attr=0xf, range=[0x00000000c4a8a000-0x00000000c4a8b000) (0MB)
[    0.000000] efi: mem19: type=1, attr=0xf, range=[0x00000000c4a8b000-0x00000000c4b8b000) (1MB)
[    0.000000] efi: mem20: type=2, attr=0xf, range=[0x00000000c4b8b000-0x00000000c4c8d000) (1MB)
[    0.000000] efi: mem21: type=1, attr=0xf, range=[0x00000000c4c8d000-0x00000000c4dad000) (1MB)
[    0.000000] efi: mem22: type=4, attr=0xf, range=[0x00000000c4dad000-0x00000000c87c9000) (58MB)
[    0.000000] efi: mem23: type=7, attr=0xf, range=[0x00000000c87c9000-0x00000000c8a24000) (2MB)
[    0.000000] efi: mem24: type=3, attr=0xf, range=[0x00000000c8a24000-0x00000000c8dc9000) (3MB)
[    0.000000] efi: mem25: type=0, attr=0xf, range=[0x00000000c8dc9000-0x00000000ca23e000) (20MB)
[    0.000000] efi: mem26: type=7, attr=0xf, range=[0x00000000ca23e000-0x00000000ca2f3000) (0MB)
[    0.000000] efi: mem27: type=10, attr=0xf, range=[0x00000000ca2f3000-0x00000000ca67c000) (3MB)
[    0.000000] efi: mem28: type=6, attr=0x800000000000000f, range=[0x00000000ca67c000-0x00000000cad96000) (7MB)
[    0.000000] efi: mem29: type=5, attr=0x800000000000000f, range=[0x00000000cad96000-0x00000000cae69000) (0MB)
[    0.000000] efi: mem30: type=4, attr=0xf, range=[0x00000000cae69000-0x00000000cc000000) (17MB)
[    0.000000] efi: mem31: type=7, attr=0xf, range=[0x0000000100000000-0x000000402f000000) (258800MB)
[    0.000000] efi: mem32: type=7, attr=0xf, range=[0x0000004030000000-0x000000802fc00000) (262140MB)
[    0.000000] efi: mem33: type=0, attr=0xf, range=[0x00000000000a0000-0x0000000000100000) (0MB)
[    0.000000] efi: mem34: type=0, attr=0xf, range=[0x00000000cc000000-0x00000000d0000000) (64MB)
[    0.000000] efi: mem35: type=11, attr=0x800000000000100f, range=[0x00000000d5300000-0x00000000d5480000) (1MB)
[    0.000000] efi: mem36: type=11, attr=0x800000000000100f, range=[0x00000000d54f0000-0x00000000d54f1000) (0MB)
[    0.000000] efi: mem37: type=11, attr=0x800000000000100f, range=[0x00000000d5900000-0x00000000d5a80000) (1MB)
[    0.000000] efi: mem38: type=11, attr=0x800000000000100f, range=[0x00000000d5af0000-0x00000000d5af1000) (0MB)
[    0.000000] efi: mem39: type=11, attr=0x800000000000100f, range=[0x00000000d5f00000-0x00000000d6080000) (1MB)
[    0.000000] efi: mem40: type=11, attr=0x800000000000100f, range=[0x00000000d60f0000-0x00000000d60f1000) (0MB)
[    0.000000] efi: mem41: type=11, attr=0x800000000000100f, range=[0x00000000d6500000-0x00000000d6680000) (1MB)
[    0.000000] efi: mem42: type=11, attr=0x800000000000100f, range=[0x00000000d66f0000-0x00000000d66f1000) (0MB)
[    0.000000] efi: mem43: type=11, attr=0x800000000000100f, range=[0x00000000d6b00000-0x00000000d6c80000) (1MB)
[    0.000000] efi: mem44: type=11, attr=0x800000000000100f, range=[0x00000000d6cf0000-0x00000000d6cf1000) (0MB)
[    0.000000] efi: mem45: type=11, attr=0x800000000000100f, range=[0x00000000d7200000-0x00000000d7380000) (1MB)
[    0.000000] efi: mem46: type=11, attr=0x800000000000100f, range=[0x00000000d73f0000-0x00000000d73f1000) (0MB)
[    0.000000] efi: mem47: type=11, attr=0x800000000000100f, range=[0x00000000d7800000-0x00000000d7980000) (1MB)
[    0.000000] efi: mem48: type=11, attr=0x800000000000100f, range=[0x00000000d79f0000-0x00000000d79f1000) (0MB)
[    0.000000] efi: mem49: type=11, attr=0x800000000000100f, range=[0x00000000d7f00000-0x00000000d7f80000) (0MB)
[    0.000000] efi: mem50: type=11, attr=0x800000000000100f, range=[0x00000000d7ff0000-0x00000000d7ff1000) (0MB)
[    0.000000] efi: mem51: type=11, attr=0x800000000000100d, range=[0x00000000fea00000-0x00000000feb00000) (1MB)
[    0.000000] efi: mem52: type=11, attr=0x800000000000100d, range=[0x00000000fec00000-0x00000000fec01000) (0MB)
[    0.000000] efi: mem53: type=11, attr=0x800000000000100d, range=[0x00000000fec10000-0x00000000fec11000) (0MB)
[    0.000000] efi: mem54: type=11, attr=0x800000000000100d, range=[0x00000000fed00000-0x00000000fed01000) (0MB)
[    0.000000] efi: mem55: type=11, attr=0x800000000000100d, range=[0x00000000fed40000-0x00000000fed45000) (0MB)
[    0.000000] efi: mem56: type=11, attr=0x800000000000100d, range=[0x00000000fed80000-0x00000000fed90000) (0MB)
[    0.000000] efi: mem57: type=11, attr=0x800000000000100d, range=[0x00000000fedc0000-0x00000000fedc1000) (0MB)
[    0.000000] efi: mem58: type=11, attr=0x800000000000100d, range=[0x00000000fedc2000-0x00000000fedc6000) (0MB)
[    0.000000] efi: mem59: type=11, attr=0x800000000000100d, range=[0x00000000fedc7000-0x00000000fedc8000) (0MB)
[    0.000000] efi: mem60: type=11, attr=0x800000000000100d, range=[0x00000000fedc9000-0x00000000fedcb000) (0MB)
[    0.000000] efi: mem61: type=11, attr=0x800000000000100d, range=[0x00000000fee00000-0x00000000fef00000) (1MB)
[    0.000000] efi: mem62: type=11, attr=0x800000000000100d, range=[0x00000000ff000000-0x0000000100000000) (16MB)
[    0.000000] efi: mem63: type=0, attr=0xf, range=[0x000000402f000000-0x0000004030000000) (16MB)
[    0.000000] efi: mem64: type=0, attr=0xf, range=[0x000000802fc00000-0x0000008030000000) (4MB)
[    0.000000] esrt: Reserving ESRT space from 0x00000000c5aa5e98 to 0x00000000c5aa5ed0.
[    0.000000] SMBIOS 3.1.1 present.
[    0.000000] e820: update [mem 0x00000000-0x00000fff] usable ==> reserved
[    0.000000] e820: remove [mem 0x000a0000-0x000fffff] usable
[    0.000000] e820: last_pfn = 0x802fc00 max_arch_pfn = 0x400000000
[    0.000000] MTRR default type: uncachable
[    0.000000] MTRR fixed ranges enabled:
[    0.000000]   00000-9FFFF write-back
[    0.000000]   A0000-BFFFF write-through
[    0.000000]   C0000-FFFFF write-protect
[    0.000000] MTRR variable ranges enabled:
[    0.000000]   0 base 000000000000 mask FFFF80000000 write-back
[    0.000000]   1 base 000080000000 mask FFFFC0000000 write-back
[    0.000000]   2 base 0000C0000000 mask FFFFF0000000 write-back
[    0.000000]   3 base 0000CC000000 mask FFFFFC000000 uncachable
[    0.000000]   4 disabled
[    0.000000]   5 disabled
[    0.000000]   6 disabled
[    0.000000]   7 disabled
[    0.000000] TOM2: 0000008030000000 aka 525056M
[    0.000000] x86 PAT enabled: cpu 0, old 0x7040600070406, new 0x7010600070106
[    0.000000] original variable MTRRs
[    0.000000] reg 0, base: 0GB, range: 2GB, type WB
[    0.000000] reg 1, base: 2GB, range: 1GB, type WB
[    0.000000] reg 2, base: 3GB, range: 256MB, type WB
[    0.000000] reg 3, base: 3264MB, range: 64MB, type UC
[    0.000000] total RAM covered: 3264M
[    0.000000] Found optimal setting for mtrr clean up
[    0.000000]  gran_size: 64K 	chunk_size: 64K 	num_reg: 4  	lose cover RAM: 0G
[    0.000000] New variable MTRRs
[    0.000000] reg 0, base: 0GB, range: 2GB, type WB
[    0.000000] reg 1, base: 2GB, range: 1GB, type WB
[    0.000000] reg 2, base: 3GB, range: 128MB, type WB
[    0.000000] reg 3, base: 3200MB, range: 64MB, type WB
[    0.000000] e820: update [mem 0xcc000000-0xffffffff] usable ==> reserved
[    0.000000] e820: last_pfn = 0xcc000 max_arch_pfn = 0x400000000
[    0.000000] found SMP MP-table at [mem 0x000fd4e0-0x000fd4ef] mapped at [ffff8800000fd4e0]
[    0.000000] Base memory trampoline at [ffff880000093000] 93000 size 24576
[    0.000000] Using GB pages for direct mapping
[    0.000000] BRK [0x021e9000, 0x021e9fff] PGTABLE
[    0.000000] BRK [0x021ea000, 0x021eafff] PGTABLE
[    0.000000] BRK [0x021eb000, 0x021ebfff] PGTABLE
[    0.000000] BRK [0x021ec000, 0x021ecfff] PGTABLE
[    0.000000] BRK [0x021ed000, 0x021edfff] PGTABLE
[    0.000000] BRK [0x021ee000, 0x021eefff] PGTABLE
[    0.000000] BRK [0x021ef000, 0x021effff] PGTABLE
[    0.000000] BRK [0x021f0000, 0x021f0fff] PGTABLE
[    0.000000] BRK [0x021f1000, 0x021f1fff] PGTABLE
[    0.000000] BRK [0x021f2000, 0x021f2fff] PGTABLE
[    0.000000] RAMDISK: [mem 0x3d15e000-0x3ebecfff]
[    0.000000] Early table checksum verification disabled
[    0.000000] ACPI: RSDP 00000000ca2f3000 00024 (v02    AMD)
[    0.000000] ACPI: XSDT 00000000ca2f30b0 000E4 (v01    AMD SPEEDWAY 03242016 AMI  00010013)
[    0.000000] ACPI: FACP 00000000ca2fe298 00114 (v06    AMD SPEEDWAY 03242016 AMI  00010013)
[    0.000000] ACPI: DSDT 00000000ca2f3230 0B061 (v02    AMD SPEEDWAY 03242016 INTL 20120913)
[    0.000000] ACPI: FACS 00000000ca67be80 00040
[    0.000000] ACPI: APIC 00000000ca2fe3b0 004B2 (v04    AMD SPEEDWAY 03242016 AMI  00010013)
[    0.000000] ACPI: FPDT 00000000ca2fe868 00044 (v01    AMD SPEEDWAY 03242016 AMI  00010013)
[    0.000000] ACPI: FIDT 00000000ca2fe8b0 0009C (v01    AMD SPEEDWAY 03242016 AMI  00010013)
[    0.000000] ACPI: SSDT 00000000ca2fe950 000D2 (v02    AMD AMD ALIB 00000002 MSFT 04000000)
[    0.000000] ACPI: SPMI 00000000ca2fea28 00041 (v05    AMD SPEEDWAY 00000000 AMI. 00000000)
[    0.000000] ACPI: SSDT 00000000ca2fea70 006AC (v02    AMD  CPUSSDT 03242016 AMI  03242016)
[    0.000000] ACPI: MCFG 00000000ca2ff120 0003C (v01    AMD SPEEDWAY 03242016 MSFT 00010013)
[    0.000000] ACPI: SSDT 00000000ca2ff160 117A4 (v01    AMD  AMD CPU 00000001 AMD  00000001)
[    0.000000] ACPI: SRAT 00000000ca310908 008A8 (v03    AMD AMD SRAT 00000001 AMD  00000001)
[    0.000000] ACPI: MSCT 00000000ca3111b0 00064 (v01    AMD AMD MSCT 00000000 AMD  00000001)
[    0.000000] ACPI: SLIT 00000000ca311218 00030 (v01    AMD AMD SLIT 00000001 AMD  00000001)
[    0.000000] ACPI: CRAT 00000000ca311248 07598 (v01    AMD AMD CRAT 00000001 AMD  00000001)
[    0.000000] ACPI: CDIT 00000000ca3187e0 0002C (v01    AMD AMD CDIT 00000001 AMD  00000001)
[    0.000000] ACPI: BERT 00000000ca318810 00030 (v01 AMD    AMD BERT 00000001 AMD  00000001)
[    0.000000] ACPI: EINJ 00000000ca318840 00150 (v01 AMD    AMD EINJ 00000001 AMD  00000001)
[    0.000000] ACPI: HEST 00000000ca318990 00608 (v01 AMD    AMD HEST 00000001 AMD  00000001)
[    0.000000] ACPI: HPET 00000000ca318f98 00038 (v01    AMD SPEEDWAY 03242016 AMI  00000005)
[    0.000000] ACPI: SSDT 00000000ca318fd0 00024 (v01 AMDFCH    FCHZP 00001000 INTL 20120913)
[    0.000000] ACPI: UEFI 00000000ca318ff8 00042 (v01                 00000000      00000000)
[    0.000000] ACPI: BGRT 00000000ca319040 00038 (v01    AMD SPEEDWAY 03242016 AMI  00010013)
[    0.000000] ACPI: IVRS 00000000ca319078 00370 (v02    AMD AMD IVRS 00000001 AMD  00000000)
[    0.000000] ACPI: SSDT 00000000ca3193e8 01630 (v01    AMD   CPMCMN 00000001 INTL 20120913)
[    0.000000] ACPI: WSMT 00000000ca31aa18 00028 (v01    AMD SPEEDWAY 03242016 AMI  00010013)
[    0.000000] ACPI: Local APIC address 0xfee00000
[    0.000000] SRAT: PXM 0 -> APIC 0x00 -> Node 0
[    0.000000] SRAT: PXM 0 -> APIC 0x01 -> Node 0
[    0.000000] SRAT: PXM 0 -> APIC 0x02 -> Node 0
[    0.000000] SRAT: PXM 0 -> APIC 0x03 -> Node 0
[    0.000000] SRAT: PXM 0 -> APIC 0x04 -> Node 0
[    0.000000] SRAT: PXM 0 -> APIC 0x05 -> Node 0
[    0.000000] SRAT: PXM 0 -> APIC 0x06 -> Node 0
[    0.000000] SRAT: PXM 0 -> APIC 0x07 -> Node 0
[    0.000000] SRAT: PXM 0 -> APIC 0x08 -> Node 0
[    0.000000] SRAT: PXM 0 -> APIC 0x09 -> Node 0
[    0.000000] SRAT: PXM 0 -> APIC 0x0a -> Node 0
[    0.000000] SRAT: PXM 0 -> APIC 0x0b -> Node 0
[    0.000000] SRAT: PXM 0 -> APIC 0x0c -> Node 0
[    0.000000] SRAT: PXM 0 -> APIC 0x0d -> Node 0
[    0.000000] SRAT: PXM 0 -> APIC 0x0e -> Node 0
[    0.000000] SRAT: PXM 0 -> APIC 0x0f -> Node 0
[    0.000000] SRAT: PXM 0 -> APIC 0x10 -> Node 0
[    0.000000] SRAT: PXM 0 -> APIC 0x11 -> Node 0
[    0.000000] SRAT: PXM 0 -> APIC 0x12 -> Node 0
[    0.000000] SRAT: PXM 0 -> APIC 0x13 -> Node 0
[    0.000000] SRAT: PXM 0 -> APIC 0x14 -> Node 0
[    0.000000] SRAT: PXM 0 -> APIC 0x15 -> Node 0
[    0.000000] SRAT: PXM 0 -> APIC 0x16 -> Node 0
[    0.000000] SRAT: PXM 0 -> APIC 0x17 -> Node 0
[    0.000000] SRAT: PXM 0 -> APIC 0x18 -> Node 0
[    0.000000] SRAT: PXM 0 -> APIC 0x19 -> Node 0
[    0.000000] SRAT: PXM 0 -> APIC 0x1a -> Node 0
[    0.000000] SRAT: PXM 0 -> APIC 0x1b -> Node 0
[    0.000000] SRAT: PXM 0 -> APIC 0x1c -> Node 0
[    0.000000] SRAT: PXM 0 -> APIC 0x1d -> Node 0
[    0.000000] SRAT: PXM 0 -> APIC 0x1e -> Node 0
[    0.000000] SRAT: PXM 0 -> APIC 0x1f -> Node 0
[    0.000000] SRAT: PXM 0 -> APIC 0x20 -> Node 0
[    0.000000] SRAT: PXM 0 -> APIC 0x21 -> Node 0
[    0.000000] SRAT: PXM 0 -> APIC 0x22 -> Node 0
[    0.000000] SRAT: PXM 0 -> APIC 0x23 -> Node 0
[    0.000000] SRAT: PXM 0 -> APIC 0x24 -> Node 0
[    0.000000] SRAT: PXM 0 -> APIC 0x25 -> Node 0
[    0.000000] SRAT: PXM 0 -> APIC 0x26 -> Node 0
[    0.000000] SRAT: PXM 0 -> APIC 0x27 -> Node 0
[    0.000000] SRAT: PXM 0 -> APIC 0x28 -> Node 0
[    0.000000] SRAT: PXM 0 -> APIC 0x29 -> Node 0
[    0.000000] SRAT: PXM 0 -> APIC 0x2a -> Node 0
[    0.000000] SRAT: PXM 0 -> APIC 0x2b -> Node 0
[    0.000000] SRAT: PXM 0 -> APIC 0x2c -> Node 0
[    0.000000] SRAT: PXM 0 -> APIC 0x2d -> Node 0
[    0.000000] SRAT: PXM 0 -> APIC 0x2e -> Node 0
[    0.000000] SRAT: PXM 0 -> APIC 0x2f -> Node 0
[    0.000000] SRAT: PXM 0 -> APIC 0x30 -> Node 0
[    0.000000] SRAT: PXM 0 -> APIC 0x31 -> Node 0
[    0.000000] SRAT: PXM 0 -> APIC 0x32 -> Node 0
[    0.000000] SRAT: PXM 0 -> APIC 0x33 -> Node 0
[    0.000000] SRAT: PXM 0 -> APIC 0x34 -> Node 0
[    0.000000] SRAT: PXM 0 -> APIC 0x35 -> Node 0
[    0.000000] SRAT: PXM 0 -> APIC 0x36 -> Node 0
[    0.000000] SRAT: PXM 0 -> APIC 0x37 -> Node 0
[    0.000000] SRAT: PXM 0 -> APIC 0x38 -> Node 0
[    0.000000] SRAT: PXM 0 -> APIC 0x39 -> Node 0
[    0.000000] SRAT: PXM 0 -> APIC 0x3a -> Node 0
[    0.000000] SRAT: PXM 0 -> APIC 0x3b -> Node 0
[    0.000000] SRAT: PXM 0 -> APIC 0x3c -> Node 0
[    0.000000] SRAT: PXM 0 -> APIC 0x3d -> Node 0
[    0.000000] SRAT: PXM 0 -> APIC 0x3e -> Node 0
[    0.000000] SRAT: PXM 0 -> APIC 0x3f -> Node 0
[    0.000000] SRAT: PXM 1 -> APIC 0x40 -> Node 1
[    0.000000] SRAT: PXM 1 -> APIC 0x41 -> Node 1
[    0.000000] SRAT: PXM 1 -> APIC 0x42 -> Node 1
[    0.000000] SRAT: PXM 1 -> APIC 0x43 -> Node 1
[    0.000000] SRAT: PXM 1 -> APIC 0x44 -> Node 1
[    0.000000] SRAT: PXM 1 -> APIC 0x45 -> Node 1
[    0.000000] SRAT: PXM 1 -> APIC 0x46 -> Node 1
[    0.000000] SRAT: PXM 1 -> APIC 0x47 -> Node 1
[    0.000000] SRAT: PXM 1 -> APIC 0x48 -> Node 1
[    0.000000] SRAT: PXM 1 -> APIC 0x49 -> Node 1
[    0.000000] SRAT: PXM 1 -> APIC 0x4a -> Node 1
[    0.000000] SRAT: PXM 1 -> APIC 0x4b -> Node 1
[    0.000000] SRAT: PXM 1 -> APIC 0x4c -> Node 1
[    0.000000] SRAT: PXM 1 -> APIC 0x4d -> Node 1
[    0.000000] SRAT: PXM 1 -> APIC 0x4e -> Node 1
[    0.000000] SRAT: PXM 1 -> APIC 0x4f -> Node 1
[    0.000000] SRAT: PXM 1 -> APIC 0x50 -> Node 1
[    0.000000] SRAT: PXM 1 -> APIC 0x51 -> Node 1
[    0.000000] SRAT: PXM 1 -> APIC 0x52 -> Node 1
[    0.000000] SRAT: PXM 1 -> APIC 0x53 -> Node 1
[    0.000000] SRAT: PXM 1 -> APIC 0x54 -> Node 1
[    0.000000] SRAT: PXM 1 -> APIC 0x55 -> Node 1
[    0.000000] SRAT: PXM 1 -> APIC 0x56 -> Node 1
[    0.000000] SRAT: PXM 1 -> APIC 0x57 -> Node 1
[    0.000000] SRAT: PXM 1 -> APIC 0x58 -> Node 1
[    0.000000] SRAT: PXM 1 -> APIC 0x59 -> Node 1
[    0.000000] SRAT: PXM 1 -> APIC 0x5a -> Node 1
[    0.000000] SRAT: PXM 1 -> APIC 0x5b -> Node 1
[    0.000000] SRAT: PXM 1 -> APIC 0x5c -> Node 1
[    0.000000] SRAT: PXM 1 -> APIC 0x5d -> Node 1
[    0.000000] SRAT: PXM 1 -> APIC 0x5e -> Node 1
[    0.000000] SRAT: PXM 1 -> APIC 0x5f -> Node 1
[    0.000000] SRAT: PXM 1 -> APIC 0x60 -> Node 1
[    0.000000] SRAT: PXM 1 -> APIC 0x61 -> Node 1
[    0.000000] SRAT: PXM 1 -> APIC 0x62 -> Node 1
[    0.000000] SRAT: PXM 1 -> APIC 0x63 -> Node 1
[    0.000000] SRAT: PXM 1 -> APIC 0x64 -> Node 1
[    0.000000] SRAT: PXM 1 -> APIC 0x65 -> Node 1
[    0.000000] SRAT: PXM 1 -> APIC 0x66 -> Node 1
[    0.000000] SRAT: PXM 1 -> APIC 0x67 -> Node 1
[    0.000000] SRAT: PXM 1 -> APIC 0x68 -> Node 1
[    0.000000] SRAT: PXM 1 -> APIC 0x69 -> Node 1
[    0.000000] SRAT: PXM 1 -> APIC 0x6a -> Node 1
[    0.000000] SRAT: PXM 1 -> APIC 0x6b -> Node 1
[    0.000000] SRAT: PXM 1 -> APIC 0x6c -> Node 1
[    0.000000] SRAT: PXM 1 -> APIC 0x6d -> Node 1
[    0.000000] SRAT: PXM 1 -> APIC 0x6e -> Node 1
[    0.000000] SRAT: PXM 1 -> APIC 0x6f -> Node 1
[    0.000000] SRAT: PXM 1 -> APIC 0x70 -> Node 1
[    0.000000] SRAT: PXM 1 -> APIC 0x71 -> Node 1
[    0.000000] SRAT: PXM 1 -> APIC 0x72 -> Node 1
[    0.000000] SRAT: PXM 1 -> APIC 0x73 -> Node 1
[    0.000000] SRAT: PXM 1 -> APIC 0x74 -> Node 1
[    0.000000] SRAT: PXM 1 -> APIC 0x75 -> Node 1
[    0.000000] SRAT: PXM 1 -> APIC 0x76 -> Node 1
[    0.000000] SRAT: PXM 1 -> APIC 0x77 -> Node 1
[    0.000000] SRAT: PXM 1 -> APIC 0x78 -> Node 1
[    0.000000] SRAT: PXM 1 -> APIC 0x79 -> Node 1
[    0.000000] SRAT: PXM 1 -> APIC 0x7a -> Node 1
[    0.000000] SRAT: PXM 1 -> APIC 0x7b -> Node 1
[    0.000000] SRAT: PXM 1 -> APIC 0x7c -> Node 1
[    0.000000] SRAT: PXM 1 -> APIC 0x7d -> Node 1
[    0.000000] SRAT: PXM 1 -> APIC 0x7e -> Node 1
[    0.000000] SRAT: PXM 1 -> APIC 0x7f -> Node 1
[    0.000000] SRAT: Node 0 PXM 0 [mem 0x00000000-0xcfffffff]
[    0.000000] SRAT: Node 0 PXM 0 [mem 0x100000000-0x402fffffff]
[    0.000000] SRAT: Node 1 PXM 1 [mem 0x4030000000-0x802fffffff]
[    0.000000] NUMA: Initialized distance table, cnt=2
[    0.000000] NUMA: Node 0 [mem 0x00000000-0xcfffffff] + [mem 0x100000000-0x402fffffff] -> [mem 0x00000000-0x402fffffff]
[    0.000000] NODE_DATA(0) allocated [mem 0x402efd9000-0x402effffff]
[    0.000000] NODE_DATA(1) allocated [mem 0x802fbd6000-0x802fbfcfff]
[    0.000000] Reserving 192MB of memory at 576MB for crashkernel (System RAM: 524169MB)
[    0.000000] Zone ranges:
[    0.000000]   DMA      [mem 0x00001000-0x00ffffff]
[    0.000000]   DMA32    [mem 0x01000000-0xffffffff]
[    0.000000]   Normal   [mem 0x100000000-0x802fbfffff]
[    0.000000] Movable zone start for each node
[    0.000000] Early memory node ranges
[    0.000000]   node   0: [mem 0x00001000-0x0009ffff]
[    0.000000]   node   0: [mem 0x00100000-0x75daffff]
[    0.000000]   node   0: [mem 0x76000000-0xc8dc8fff]
[    0.000000]   node   0: [mem 0xca23e000-0xca2f2fff]
[    0.000000]   node   0: [mem 0xcae69000-0xcbffffff]
[    0.000000]   node   0: [mem 0x100000000-0x402effffff]
[    0.000000]   node   1: [mem 0x4030000000-0x802fbfffff]
[    0.000000] Initmem setup node 0 [mem 0x00001000-0x402effffff]
[    0.000000] On node 0 totalpages: 67079524
[    0.000000]   DMA zone: 64 pages used for memmap
[    0.000000]   DMA zone: 29 pages reserved
[    0.000000]   DMA zone: 3999 pages, LIFO batch:0
[    0.000000]   DMA32 zone: 12856 pages used for memmap
[    0.000000]   DMA32 zone: 822725 pages, LIFO batch:31
[    0.000000]   Normal zone: 1035200 pages used for memmap
[    0.000000]   Normal zone: 66252800 pages, LIFO batch:31
[    0.000000] Initmem setup node 1 [mem 0x4030000000-0x802fbfffff]
[    0.000000] On node 1 totalpages: 67107840
[    0.000000]   Normal zone: 1048560 pages used for memmap
[    0.000000]   Normal zone: 67107840 pages, LIFO batch:31
[    0.000000] ACPI: PM-Timer IO Port: 0x808
[    0.000000] ACPI: Local APIC address 0xfee00000
[    0.000000] ACPI: LAPIC (acpi_id[0x00] lapic_id[0x00] enabled)
[    0.000000] ACPI: LAPIC (acpi_id[0x02] lapic_id[0x02] enabled)
[    0.000000] ACPI: LAPIC (acpi_id[0x04] lapic_id[0x04] enabled)
[    0.000000] ACPI: LAPIC (acpi_id[0x06] lapic_id[0x06] enabled)
[    0.000000] ACPI: LAPIC (acpi_id[0x08] lapic_id[0x08] enabled)
[    0.000000] ACPI: LAPIC (acpi_id[0x0a] lapic_id[0x0a] enabled)
[    0.000000] ACPI: LAPIC (acpi_id[0x0c] lapic_id[0x0c] enabled)
[    0.000000] ACPI: LAPIC (acpi_id[0x0e] lapic_id[0x0e] enabled)
[    0.000000] ACPI: LAPIC (acpi_id[0x10] lapic_id[0x10] enabled)
[    0.000000] ACPI: LAPIC (acpi_id[0x12] lapic_id[0x12] enabled)
[    0.000000] ACPI: LAPIC (acpi_id[0x14] lapic_id[0x14] enabled)
[    0.000000] ACPI: LAPIC (acpi_id[0x16] lapic_id[0x16] enabled)
[    0.000000] ACPI: LAPIC (acpi_id[0x18] lapic_id[0x18] enabled)
[    0.000000] ACPI: LAPIC (acpi_id[0x1a] lapic_id[0x1a] enabled)
[    0.000000] ACPI: LAPIC (acpi_id[0x1c] lapic_id[0x1c] enabled)
[    0.000000] ACPI: LAPIC (acpi_id[0x1e] lapic_id[0x1e] enabled)
[    0.000000] ACPI: LAPIC (acpi_id[0x20] lapic_id[0x20] enabled)
[    0.000000] ACPI: LAPIC (acpi_id[0x22] lapic_id[0x22] enabled)
[    0.000000] ACPI: LAPIC (acpi_id[0x24] lapic_id[0x24] enabled)
[    0.000000] ACPI: LAPIC (acpi_id[0x26] lapic_id[0x26] enabled)
[    0.000000] ACPI: LAPIC (acpi_id[0x28] lapic_id[0x28] enabled)
[    0.000000] ACPI: LAPIC (acpi_id[0x2a] lapic_id[0x2a] enabled)
[    0.000000] ACPI: LAPIC (acpi_id[0x2c] lapic_id[0x2c] enabled)
[    0.000000] ACPI: LAPIC (acpi_id[0x2e] lapic_id[0x2e] enabled)
[    0.000000] ACPI: LAPIC (acpi_id[0x30] lapic_id[0x30] enabled)
[    0.000000] ACPI: LAPIC (acpi_id[0x32] lapic_id[0x32] enabled)
[    0.000000] ACPI: LAPIC (acpi_id[0x34] lapic_id[0x34] enabled)
[    0.000000] ACPI: LAPIC (acpi_id[0x36] lapic_id[0x36] enabled)
[    0.000000] ACPI: LAPIC (acpi_id[0x38] lapic_id[0x38] enabled)
[    0.000000] ACPI: LAPIC (acpi_id[0x3a] lapic_id[0x3a] enabled)
[    0.000000] ACPI: LAPIC (acpi_id[0x3c] lapic_id[0x3c] enabled)
[    0.000000] ACPI: LAPIC (acpi_id[0x3e] lapic_id[0x3e] enabled)
[    0.000000] ACPI: LAPIC (acpi_id[0x40] lapic_id[0x40] enabled)
[    0.000000] ACPI: LAPIC (acpi_id[0x42] lapic_id[0x42] enabled)
[    0.000000] ACPI: LAPIC (acpi_id[0x44] lapic_id[0x44] enabled)
[    0.000000] ACPI: LAPIC (acpi_id[0x46] lapic_id[0x46] enabled)
[    0.000000] ACPI: LAPIC (acpi_id[0x48] lapic_id[0x48] enabled)
[    0.000000] ACPI: LAPIC (acpi_id[0x4a] lapic_id[0x4a] enabled)
[    0.000000] ACPI: LAPIC (acpi_id[0x4c] lapic_id[0x4c] enabled)
[    0.000000] ACPI: LAPIC (acpi_id[0x4e] lapic_id[0x4e] enabled)
[    0.000000] ACPI: LAPIC (acpi_id[0x50] lapic_id[0x50] enabled)
[    0.000000] ACPI: LAPIC (acpi_id[0x52] lapic_id[0x52] enabled)
[    0.000000] ACPI: LAPIC (acpi_id[0x54] lapic_id[0x54] enabled)
[    0.000000] ACPI: LAPIC (acpi_id[0x56] lapic_id[0x56] enabled)
[    0.000000] ACPI: LAPIC (acpi_id[0x58] lapic_id[0x58] enabled)
[    0.000000] ACPI: LAPIC (acpi_id[0x5a] lapic_id[0x5a] enabled)
[    0.000000] ACPI: LAPIC (acpi_id[0x5c] lapic_id[0x5c] enabled)
[    0.000000] ACPI: LAPIC (acpi_id[0x5e] lapic_id[0x5e] enabled)
[    0.000000] ACPI: LAPIC (acpi_id[0x60] lapic_id[0x60] enabled)
[    0.000000] ACPI: LAPIC (acpi_id[0x62] lapic_id[0x62] enabled)
[    0.000000] ACPI: LAPIC (acpi_id[0x64] lapic_id[0x64] enabled)
[    0.000000] ACPI: LAPIC (acpi_id[0x66] lapic_id[0x66] enabled)
[    0.000000] ACPI: LAPIC (acpi_id[0x68] lapic_id[0x68] enabled)
[    0.000000] ACPI: LAPIC (acpi_id[0x6a] lapic_id[0x6a] enabled)
[    0.000000] ACPI: LAPIC (acpi_id[0x6c] lapic_id[0x6c] enabled)
[    0.000000] ACPI: LAPIC (acpi_id[0x6e] lapic_id[0x6e] enabled)
[    0.000000] ACPI: LAPIC (acpi_id[0x70] lapic_id[0x70] enabled)
[    0.000000] ACPI: LAPIC (acpi_id[0x72] lapic_id[0x72] enabled)
[    0.000000] ACPI: LAPIC (acpi_id[0x74] lapic_id[0x74] enabled)
[    0.000000] ACPI: LAPIC (acpi_id[0x76] lapic_id[0x76] enabled)
[    0.000000] ACPI: LAPIC (acpi_id[0x78] lapic_id[0x78] enabled)
[    0.000000] ACPI: LAPIC (acpi_id[0x7a] lapic_id[0x7a] enabled)
[    0.000000] ACPI: LAPIC (acpi_id[0x7c] lapic_id[0x7c] enabled)
[    0.000000] ACPI: LAPIC (acpi_id[0x7e] lapic_id[0x7e] enabled)
[    0.000000] ACPI: LAPIC (acpi_id[0x01] lapic_id[0x01] enabled)
[    0.000000] ACPI: LAPIC (acpi_id[0x03] lapic_id[0x03] enabled)
[    0.000000] ACPI: LAPIC (acpi_id[0x05] lapic_id[0x05] enabled)
[    0.000000] ACPI: LAPIC (acpi_id[0x07] lapic_id[0x07] enabled)
[    0.000000] ACPI: LAPIC (acpi_id[0x09] lapic_id[0x09] enabled)
[    0.000000] ACPI: LAPIC (acpi_id[0x0b] lapic_id[0x0b] enabled)
[    0.000000] ACPI: LAPIC (acpi_id[0x0d] lapic_id[0x0d] enabled)
[    0.000000] ACPI: LAPIC (acpi_id[0x0f] lapic_id[0x0f] enabled)
[    0.000000] ACPI: LAPIC (acpi_id[0x11] lapic_id[0x11] enabled)
[    0.000000] ACPI: LAPIC (acpi_id[0x13] lapic_id[0x13] enabled)
[    0.000000] ACPI: LAPIC (acpi_id[0x15] lapic_id[0x15] enabled)
[    0.000000] ACPI: LAPIC (acpi_id[0x17] lapic_id[0x17] enabled)
[    0.000000] ACPI: LAPIC (acpi_id[0x19] lapic_id[0x19] enabled)
[    0.000000] ACPI: LAPIC (acpi_id[0x1b] lapic_id[0x1b] enabled)
[    0.000000] ACPI: LAPIC (acpi_id[0x1d] lapic_id[0x1d] enabled)
[    0.000000] ACPI: LAPIC (acpi_id[0x1f] lapic_id[0x1f] enabled)
[    0.000000] ACPI: LAPIC (acpi_id[0x21] lapic_id[0x21] enabled)
[    0.000000] ACPI: LAPIC (acpi_id[0x23] lapic_id[0x23] enabled)
[    0.000000] ACPI: LAPIC (acpi_id[0x25] lapic_id[0x25] enabled)
[    0.000000] ACPI: LAPIC (acpi_id[0x27] lapic_id[0x27] enabled)
[    0.000000] ACPI: LAPIC (acpi_id[0x29] lapic_id[0x29] enabled)
[    0.000000] ACPI: LAPIC (acpi_id[0x2b] lapic_id[0x2b] enabled)
[    0.000000] ACPI: LAPIC (acpi_id[0x2d] lapic_id[0x2d] enabled)
[    0.000000] ACPI: LAPIC (acpi_id[0x2f] lapic_id[0x2f] enabled)
[    0.000000] ACPI: LAPIC (acpi_id[0x31] lapic_id[0x31] enabled)
[    0.000000] ACPI: LAPIC (acpi_id[0x33] lapic_id[0x33] enabled)
[    0.000000] ACPI: LAPIC (acpi_id[0x35] lapic_id[0x35] enabled)
[    0.000000] ACPI: LAPIC (acpi_id[0x37] lapic_id[0x37] enabled)
[    0.000000] ACPI: LAPIC (acpi_id[0x39] lapic_id[0x39] enabled)
[    0.000000] ACPI: LAPIC (acpi_id[0x3b] lapic_id[0x3b] enabled)
[    0.000000] ACPI: LAPIC (acpi_id[0x3d] lapic_id[0x3d] enabled)
[    0.000000] ACPI: LAPIC (acpi_id[0x3f] lapic_id[0x3f] enabled)
[    0.000000] ACPI: LAPIC (acpi_id[0x41] lapic_id[0x41] enabled)
[    0.000000] ACPI: LAPIC (acpi_id[0x43] lapic_id[0x43] enabled)
[    0.000000] ACPI: LAPIC (acpi_id[0x45] lapic_id[0x45] enabled)
[    0.000000] ACPI: LAPIC (acpi_id[0x47] lapic_id[0x47] enabled)
[    0.000000] ACPI: LAPIC (acpi_id[0x49] lapic_id[0x49] enabled)
[    0.000000] ACPI: LAPIC (acpi_id[0x4b] lapic_id[0x4b] enabled)
[    0.000000] ACPI: LAPIC (acpi_id[0x4d] lapic_id[0x4d] enabled)
[    0.000000] ACPI: LAPIC (acpi_id[0x4f] lapic_id[0x4f] enabled)
[    0.000000] ACPI: LAPIC (acpi_id[0x51] lapic_id[0x51] enabled)
[    0.000000] ACPI: LAPIC (acpi_id[0x53] lapic_id[0x53] enabled)
[    0.000000] ACPI: LAPIC (acpi_id[0x55] lapic_id[0x55] enabled)
[    0.000000] ACPI: LAPIC (acpi_id[0x57] lapic_id[0x57] enabled)
[    0.000000] ACPI: LAPIC (acpi_id[0x59] lapic_id[0x59] enabled)
[    0.000000] ACPI: LAPIC (acpi_id[0x5b] lapic_id[0x5b] enabled)
[    0.000000] ACPI: LAPIC (acpi_id[0x5d] lapic_id[0x5d] enabled)
[    0.000000] ACPI: LAPIC (acpi_id[0x5f] lapic_id[0x5f] enabled)
[    0.000000] ACPI: LAPIC (acpi_id[0x61] lapic_id[0x61] enabled)
[    0.000000] ACPI: LAPIC (acpi_id[0x63] lapic_id[0x63] enabled)
[    0.000000] ACPI: LAPIC (acpi_id[0x65] lapic_id[0x65] enabled)
[    0.000000] ACPI: LAPIC (acpi_id[0x67] lapic_id[0x67] enabled)
[    0.000000] ACPI: LAPIC (acpi_id[0x69] lapic_id[0x69] enabled)
[    0.000000] ACPI: LAPIC (acpi_id[0x6b] lapic_id[0x6b] enabled)
[    0.000000] ACPI: LAPIC (acpi_id[0x6d] lapic_id[0x6d] enabled)
[    0.000000] ACPI: LAPIC (acpi_id[0x6f] lapic_id[0x6f] enabled)
[    0.000000] ACPI: LAPIC (acpi_id[0x71] lapic_id[0x71] enabled)
[    0.000000] ACPI: LAPIC (acpi_id[0x73] lapic_id[0x73] enabled)
[    0.000000] ACPI: LAPIC (acpi_id[0x75] lapic_id[0x75] enabled)
[    0.000000] ACPI: LAPIC (acpi_id[0x77] lapic_id[0x77] enabled)
[    0.000000] ACPI: LAPIC (acpi_id[0x79] lapic_id[0x79] enabled)
[    0.000000] ACPI: LAPIC (acpi_id[0x7b] lapic_id[0x7b] enabled)
[    0.000000] ACPI: LAPIC (acpi_id[0x7d] lapic_id[0x7d] enabled)
[    0.000000] ACPI: LAPIC (acpi_id[0x7f] lapic_id[0x7f] enabled)
[    0.000000] ACPI: LAPIC_NMI (acpi_id[0xff] high edge lint[0x1])
[    0.000000] ACPI: IOAPIC (id[0x80] address[0xfec00000] gsi_base[0])
[    0.000000] IOAPIC[0]: apic_id 128, version 33, address 0xfec00000, GSI 0-23
[    0.000000] ACPI: IOAPIC (id[0x81] address[0xd7ff0000] gsi_base[24])
[    0.000000] IOAPIC[1]: apic_id 129, version 33, address 0xd7ff0000, GSI 24-55
[    0.000000] ACPI: IOAPIC (id[0x82] address[0xd79f0000] gsi_base[56])
[    0.000000] IOAPIC[2]: apic_id 130, version 33, address 0xd79f0000, GSI 56-87
[    0.000000] ACPI: IOAPIC (id[0x83] address[0xd73f0000] gsi_base[88])
[    0.000000] IOAPIC[3]: apic_id 131, version 33, address 0xd73f0000, GSI 88-119
[    0.000000] ACPI: IOAPIC (id[0x84] address[0xd6cf0000] gsi_base[120])
[    0.000000] IOAPIC[4]: apic_id 132, version 33, address 0xd6cf0000, GSI 120-151
[    0.000000] ACPI: IOAPIC (id[0x85] address[0xd66f0000] gsi_base[152])
[    0.000000] IOAPIC[5]: apic_id 133, version 33, address 0xd66f0000, GSI 152-183
[    0.000000] ACPI: IOAPIC (id[0x86] address[0xd60f0000] gsi_base[184])
[    0.000000] IOAPIC[6]: apic_id 134, version 33, address 0xd60f0000, GSI 184-215
[    0.000000] ACPI: IOAPIC (id[0x87] address[0xd5af0000] gsi_base[216])
[    0.000000] IOAPIC[7]: apic_id 135, version 33, address 0xd5af0000, GSI 216-247
[    0.000000] ACPI: IOAPIC (id[0x88] address[0xd54f0000] gsi_base[248])
[    0.000000] IOAPIC[8]: apic_id 136, version 33, address 0xd54f0000, GSI 248-279
[    0.000000] ACPI: INT_SRC_OVR (bus 0 bus_irq 0 global_irq 2 dfl dfl)
[    0.000000] ACPI: INT_SRC_OVR (bus 0 bus_irq 9 global_irq 9 low level)
[    0.000000] ACPI: IRQ0 used by override.
[    0.000000] ACPI: IRQ9 used by override.
[    0.000000] Using ACPI (MADT) for SMP configuration information
[    0.000000] ACPI: HPET id: 0x10228201 base: 0xfed00000
[    0.000000] smpboot: Allowing 128 CPUs, 0 hotplug CPUs
[    0.000000] PM: Registered nosave memory: [mem 0x000a0000-0x000fffff]
[    0.000000] PM: Registered nosave memory: [mem 0x75db0000-0x75ffffff]
[    0.000000] PM: Registered nosave memory: [mem 0x937d8000-0x937d8fff]
[    0.000000] PM: Registered nosave memory: [mem 0x93808000-0x93808fff]
[    0.000000] PM: Registered nosave memory: [mem 0x93809000-0x93809fff]
[    0.000000] PM: Registered nosave memory: [mem 0x93819000-0x93819fff]
[    0.000000] PM: Registered nosave memory: [mem 0xc8dc9000-0xca23dfff]
[    0.000000] PM: Registered nosave memory: [mem 0xca2f3000-0xca67bfff]
[    0.000000] PM: Registered nosave memory: [mem 0xca67c000-0xcae68fff]
[    0.000000] PM: Registered nosave memory: [mem 0xcc000000-0xcfffffff]
[    0.000000] PM: Registered nosave memory: [mem 0xd0000000-0xd52fffff]
[    0.000000] PM: Registered nosave memory: [mem 0xd5300000-0xd547ffff]
[    0.000000] PM: Registered nosave memory: [mem 0xd5480000-0xd54effff]
[    0.000000] PM: Registered nosave memory: [mem 0xd54f0000-0xd54f0fff]
[    0.000000] PM: Registered nosave memory: [mem 0xd54f1000-0xd58fffff]
[    0.000000] PM: Registered nosave memory: [mem 0xd5900000-0xd5a7ffff]
[    0.000000] PM: Registered nosave memory: [mem 0xd5a80000-0xd5aeffff]
[    0.000000] PM: Registered nosave memory: [mem 0xd5af0000-0xd5af0fff]
[    0.000000] PM: Registered nosave memory: [mem 0xd5af1000-0xd5efffff]
[    0.000000] PM: Registered nosave memory: [mem 0xd5f00000-0xd607ffff]
[    0.000000] PM: Registered nosave memory: [mem 0xd6080000-0xd60effff]
[    0.000000] PM: Registered nosave memory: [mem 0xd60f0000-0xd60f0fff]
[    0.000000] PM: Registered nosave memory: [mem 0xd60f1000-0xd64fffff]
[    0.000000] PM: Registered nosave memory: [mem 0xd6500000-0xd667ffff]
[    0.000000] PM: Registered nosave memory: [mem 0xd6680000-0xd66effff]
[    0.000000] PM: Registered nosave memory: [mem 0xd66f0000-0xd66f0fff]
[    0.000000] PM: Registered nosave memory: [mem 0xd66f1000-0xd6afffff]
[    0.000000] PM: Registered nosave memory: [mem 0xd6b00000-0xd6c7ffff]
[    0.000000] PM: Registered nosave memory: [mem 0xd6c80000-0xd6ceffff]
[    0.000000] PM: Registered nosave memory: [mem 0xd6cf0000-0xd6cf0fff]
[    0.000000] PM: Registered nosave memory: [mem 0xd6cf1000-0xd71fffff]
[    0.000000] PM: Registered nosave memory: [mem 0xd7200000-0xd737ffff]
[    0.000000] PM: Registered nosave memory: [mem 0xd7380000-0xd73effff]
[    0.000000] PM: Registered nosave memory: [mem 0xd73f0000-0xd73f0fff]
[    0.000000] PM: Registered nosave memory: [mem 0xd73f1000-0xd77fffff]
[    0.000000] PM: Registered nosave memory: [mem 0xd7800000-0xd797ffff]
[    0.000000] PM: Registered nosave memory: [mem 0xd7980000-0xd79effff]
[    0.000000] PM: Registered nosave memory: [mem 0xd79f0000-0xd79f0fff]
[    0.000000] PM: Registered nosave memory: [mem 0xd79f1000-0xd7efffff]
[    0.000000] PM: Registered nosave memory: [mem 0xd7f00000-0xd7f7ffff]
[    0.000000] PM: Registered nosave memory: [mem 0xd7f80000-0xd7feffff]
[    0.000000] PM: Registered nosave memory: [mem 0xd7ff0000-0xd7ff0fff]
[    0.000000] PM: Registered nosave memory: [mem 0xd7ff1000-0xfe9fffff]
[    0.000000] PM: Registered nosave memory: [mem 0xfea00000-0xfeafffff]
[    0.000000] PM: Registered nosave memory: [mem 0xfeb00000-0xfebfffff]
[    0.000000] PM: Registered nosave memory: [mem 0xfec00000-0xfec00fff]
[    0.000000] PM: Registered nosave memory: [mem 0xfec01000-0xfec0ffff]
[    0.000000] PM: Registered nosave memory: [mem 0xfec10000-0xfec10fff]
[    0.000000] PM: Registered nosave memory: [mem 0xfec11000-0xfecfffff]
[    0.000000] PM: Registered nosave memory: [mem 0xfed00000-0xfed00fff]
[    0.000000] PM: Registered nosave memory: [mem 0xfed01000-0xfed3ffff]
[    0.000000] PM: Registered nosave memory: [mem 0xfed40000-0xfed44fff]
[    0.000000] PM: Registered nosave memory: [mem 0xfed45000-0xfed7ffff]
[    0.000000] PM: Registered nosave memory: [mem 0xfed80000-0xfed8ffff]
[    0.000000] PM: Registered nosave memory: [mem 0xfed90000-0xfedbffff]
[    0.000000] PM: Registered nosave memory: [mem 0xfedc0000-0xfedc0fff]
[    0.000000] PM: Registered nosave memory: [mem 0xfedc1000-0xfedc1fff]
[    0.000000] PM: Registered nosave memory: [mem 0xfedc2000-0xfedc5fff]
[    0.000000] PM: Registered nosave memory: [mem 0xfedc6000-0xfedc6fff]
[    0.000000] PM: Registered nosave memory: [mem 0xfedc7000-0xfedc7fff]
[    0.000000] PM: Registered nosave memory: [mem 0xfedc8000-0xfedc8fff]
[    0.000000] PM: Registered nosave memory: [mem 0xfedc9000-0xfedcafff]
[    0.000000] PM: Registered nosave memory: [mem 0xfedcb000-0xfedfffff]
[    0.000000] PM: Registered nosave memory: [mem 0xfee00000-0xfeefffff]
[    0.000000] PM: Registered nosave memory: [mem 0xfef00000-0xfeffffff]
[    0.000000] PM: Registered nosave memory: [mem 0xff000000-0xffffffff]
[    0.000000] PM: Registered nosave memory: [mem 0x402f000000-0x402fffffff]
[    0.000000] e820: [mem 0xd7ff1000-0xfe9fffff] available for PCI devices
[    0.000000] Booting paravirtualized kernel on bare hardware
[    0.000000] setup_percpu: NR_CPUS:5120 nr_cpumask_bits:128 nr_cpu_ids:128 nr_node_ids:2
[    0.000000] PERCPU: Embedded 33 pages/cpu @ffff883f2de00000 s97048 r8192 d29928 u262144
[    0.000000] pcpu-alloc: s97048 r8192 d29928 u262144 alloc=1*2097152
[    0.000000] pcpu-alloc: [0] 000 001 002 003 004 005 006 007 
[    0.000000] pcpu-alloc: [0] 008 009 010 011 012 013 014 015 
[    0.000000] pcpu-alloc: [0] 016 017 018 019 020 021 022 023 
[    0.000000] pcpu-alloc: [0] 024 025 026 027 028 029 030 031 
[    0.000000] pcpu-alloc: [0] 064 065 066 067 068 069 070 071 
[    0.000000] pcpu-alloc: [0] 072 073 074 075 076 077 078 079 
[    0.000000] pcpu-alloc: [0] 080 081 082 083 084 085 086 087 
[    0.000000] pcpu-alloc: [0] 088 089 090 091 092 093 094 095 
[    0.000000] pcpu-alloc: [1] 032 033 034 035 036 037 038 039 
[    0.000000] pcpu-alloc: [1] 040 041 042 043 044 045 046 047 
[    0.000000] pcpu-alloc: [1] 048 049 050 051 052 053 054 055 
[    0.000000] pcpu-alloc: [1] 056 057 058 059 060 061 062 063 
[    0.000000] pcpu-alloc: [1] 096 097 098 099 100 101 102 103 
[    0.000000] pcpu-alloc: [1] 104 105 106 107 108 109 110 111 
[    0.000000] pcpu-alloc: [1] 112 113 114 115 116 117 118 119 
[    0.000000] pcpu-alloc: [1] 120 121 122 123 124 125 126 127 
[    0.000000] Built 2 zonelists in Zone order, mobility grouping on.  Total pages: 132090655
[    0.000000] Policy zone: Normal
[    0.000000] Kernel command line: BOOT_IMAGE=/boot/vmlinuz-3.10.0-693.el7.x86_64 root=UUID=43cf8a9d-649e-48eb-9c54-ecf3f91878e5 ro crashkernel=auto rhgb quiet LANG=en_US.UTF-8
[    0.000000] PID hash table entries: 4096 (order: 3, 32768 bytes)
[    0.000000] x86/fpu: xstate_offset[2]: 0240, xstate_sizes[2]: 0100
[    0.000000] xsave: enabled xstate_bv 0x7, cntxt size 0x340 using standard form
[    0.000000] Memory: 7172756k/537653248k available (6886k kernel code, 903792k absent, 8735400k reserved, 4545k data, 1764k init)
[    0.000000] SLUB: HWalign=64, Order=0-3, MinObjects=0, CPUs=128, Nodes=2
[    0.000000] Hierarchical RCU implementation.
[    0.000000] 	RCU restricting CPUs from NR_CPUS=5120 to nr_cpu_ids=128.
[    0.000000] NR_IRQS:327936 nr_irqs:5800 0
[    0.000000] Console: colour dummy device 80x25
[    0.000000] console [tty0] enabled
[    0.000000] allocated 2147483648 bytes of page_cgroup
[    0.000000] please try 'cgroup_disable=memory' option if you don't want memory cgroups
[    0.000000] Enabling automatic NUMA balancing. Configure with numa_balancing= or the kernel.numa_balancing sysctl
[    0.000000] hpet clockevent registered
[    0.000000] tsc: Fast TSC calibration using PIT
[    0.000000] tsc: Detected 2195.738 MHz processor
[    0.000065] Calibrating delay loop (skipped), value calculated using timer frequency.. 4391.47 BogoMIPS (lpj=2195738)
[    0.000068] pid_max: default: 131072 minimum: 1024
[    0.002253] Security Framework initialized
[    0.002259] SELinux:  Initializing.
[    0.002282] SELinux:  Starting in permissive mode
[    0.002283] Yama: becoming mindful.
[    0.026751] Dentry cache hash table entries: 67108864 (order: 17, 536870912 bytes)
[    0.135444] Inode-cache hash table entries: 33554432 (order: 16, 268435456 bytes)
[    0.184123] Mount-cache hash table entries: 1048576 (order: 11, 8388608 bytes)
[    0.184482] Mountpoint-cache hash table entries: 1048576 (order: 11, 8388608 bytes)
[    0.187762] Initializing cgroup subsys memory
[    0.187788] Initializing cgroup subsys devices
[    0.187789] Initializing cgroup subsys freezer
[    0.187791] Initializing cgroup subsys net_cls
[    0.187792] Initializing cgroup subsys blkio
[    0.187793] Initializing cgroup subsys perf_event
[    0.187803] Initializing cgroup subsys hugetlb
[    0.187804] Initializing cgroup subsys pids
[    0.187805] Initializing cgroup subsys net_prio
[    0.187863] tseg: 00cc000000
[    0.187865] CPU: Physical Processor ID: 0
[    0.187866] CPU: Processor Core ID: 0
[    0.193805] mce: CPU supports 23 MCE banks
[    0.193837] LVT offset 2 assigned for vector 0xf4
[    0.193849] Last level iTLB entries: 4KB 1024, 2MB 1024, 4MB 512
[    0.193850] Last level dTLB entries: 4KB 1536, 2MB 1536, 4MB 768
[    0.193850] tlb_flushall_shift: 6
[    0.194143] Freeing SMP alternatives: 24k freed
[    0.195618] ACPI: Core revision 20130517
[    0.204403] ACPI: All ACPI Tables successfully acquired
[    0.205699] ------------[ cut here ]------------
[    0.205706] WARNING: CPU: 0 PID: 0 at arch/x86/mm/ioremap.c:119 __ioremap_caller+0x279/0x320
[    0.205708] ioremap on RAM at 0xc5f75018 - 0xc5f7501d
[    0.205709] Modules linked in:
[    0.205712] CPU: 0 PID: 0 Comm: swapper/0 Not tainted 3.10.0-693.el7.x86_64 #1
[    0.205713] Hardware name: To be filled by O.E.M. To be filled by O.E.M./To be filled by O.E.M., BIOS 5.13 08/30/2018
[    0.205715]  ffffffff819e7e38 0409057704090550 ffffffff819e7de8 ffffffff816a3d91
[    0.205717]  ffffffff819e7e28 ffffffff810879c8 00000077c5f75fff 00000000c5f7501d
[    0.205719]  0000000000000006 00000000c5f7501e 0000000000000010 00000000c5f75018
[    0.205722] Call Trace:
[    0.205728]  [<ffffffff816a3d91>] dump_stack+0x19/0x1b
[    0.205731]  [<ffffffff810879c8>] __warn+0xd8/0x100
[    0.205734]  [<ffffffff81087a4f>] warn_slowpath_fmt+0x5f/0x80
[    0.205736]  [<ffffffff81067fe9>] __ioremap_caller+0x279/0x320
[    0.205741]  [<ffffffff813c95da>] ? acpi_tb_validate_table+0x27/0x37
[    0.205746]  [<ffffffff81b668e4>] ? efi_bgrt_init+0x6c/0x108
[    0.205748]  [<ffffffff810680a7>] ioremap_nocache+0x17/0x20
[    0.205750]  [<ffffffff81b668e4>] efi_bgrt_init+0x6c/0x108
[    0.205752]  [<ffffffff81b65d2e>] efi_late_init+0x13/0x15
[    0.205755]  [<ffffffff81b45051>] start_kernel+0x42a/0x45a
[    0.205757]  [<ffffffff81b44a30>] ? repair_env_string+0x5c/0x5c
[    0.205760]  [<ffffffff81b44120>] ? early_idt_handler_array+0x120/0x120
[    0.205762]  [<ffffffff81b445ef>] x86_64_start_reservations+0x24/0x26
[    0.205763]  [<ffffffff81b44740>] x86_64_start_kernel+0x14f/0x172
[    0.205767] ---[ end trace 97ed2f7e24035a0e ]---
[    0.205768] Ignoring BGRT: failed to map image header memory
[    0.206408] ftrace: allocating 26584 entries in 104 pages
[    0.217225] smpboot: Max logical packages: 4
[    2.789691] Switched APIC routing to physical flat.
[    2.792650] ..TIMER: vector=0x30 apic1=0 pin1=2 apic2=-1 pin2=-1
[    2.802652] smpboot: CPU0: AMD EPYC 7601 32-Core Processor (fam: 17, model: 01, stepping: 02)
[    2.829183] random: fast init done
[    2.904211] Performance Events: Fam17h core perfctr, AMD PMU driver.
[    2.904215] ... version:                0
[    2.904216] ... bit width:              48
[    2.904216] ... generic registers:      6
[    2.904217] ... value mask:             0000ffffffffffff
[    2.904217] ... max period:             00007fffffffffff
[    2.904218] ... fixed-purpose events:   0
[    2.904219] ... event mask:             000000000000003f
[    2.906894] NMI watchdog: enabled on all CPUs, permanently consumes one hw-PMU counter.
[    2.906964] smpboot: Booting Node   0, Processors  #1 #2 #3 #4 #5 #6 #7 #8 #9 #10 #11 #12 #13 #14 #15 #16 #17 #18 #19 #20 #21 #22 #23 #24 #25 #26 #27 #28 #29 #30 #31 OK
[    3.164846] smpboot: Booting Node   1, Processors  #32 #33 #34 #35 #36 #37 #38 #39 #40 #41 #42 #43 #44 #45 #46 #47 #48 #49 #50 #51 #52 #53 #54 #55 #56 #57 #58 #59 #60 #61 #62 #63 OK
[    3.510884] smpboot: Booting Node   0, Processors  #64 #65 #66 #67 #68 #69 #70 #71 #72 #73 #74 #75 #76 #77 #78 #79 #80 #81 #82 #83 #84 #85 #86 #87 #88 #89 #90 #91 #92 #93 #94 #95 OK
[    3.778309] smpboot: Booting Node   1, Processors  #96 #97 #98 #99 #100 #101 #102 #103 #104 #105 #106 #107 #108 #109 #110 #111 #112 #113 #114 #115 #116 #117 #118 #119 #120 #121 #122 #123 #124 #125 #126 #127 OK
[    4.047122] Brought up 128 CPUs
[    4.047133] smpboot: Total of 128 processors activated (562158.59 BogoMIPS)
[    5.336405] node 0 initialised, 64677673 pages in 1265ms
[    5.345607] node 1 initialised, 65532650 pages in 1275ms
[    5.346146] devtmpfs: initialized
[    5.377161] EVM: security.selinux
[    5.377163] EVM: security.ima
[    5.377164] EVM: security.capability
[    5.377317] PM: Registering ACPI NVS region [mem 0xca2f3000-0xca67bfff] (3706880 bytes)
[    5.378911] atomic64 test passed for x86-64 platform with CX8 and with SSE
[    5.378914] pinctrl core: initialized pinctrl subsystem
[    5.379020] RTC time: 14:25:20, date: 08/30/18
[    5.379212] NET: Registered protocol family 16
[    5.379871] ACPI: bus type PCI registered
[    5.379873] acpiphp: ACPI Hot Plug PCI Controller Driver version: 0.5
[    5.380009] PCI: MMCONFIG for domain 0000 [bus 00-ff] at [mem 0xe0000000-0xefffffff] (base 0xe0000000)
[    5.380012] PCI: not using MMCONFIG
[    5.380013] PCI: Using configuration type 1 for base access
[    5.380014] PCI: Using configuration type 1 for extended access
[    5.394560] ACPI: Added _OSI(Module Device)
[    5.394563] ACPI: Added _OSI(Processor Device)
[    5.394564] ACPI: Added _OSI(3.0 _SCP Extensions)
[    5.394566] ACPI: Added _OSI(Processor Aggregator Device)
[    5.395960] ACPI: EC: Look up EC in DSDT
[    5.456513] ACPI: Interpreter enabled
[    5.456528] ACPI: (supports S0 S5)
[    5.456530] ACPI: Using IOAPIC for interrupt routing
[    5.456752] PCI: MMCONFIG for domain 0000 [bus 00-ff] at [mem 0xe0000000-0xefffffff] (base 0xe0000000)
[    5.456791] PCI: MMCONFIG at [mem 0xe0000000-0xefffffff] reserved in ACPI motherboard resources
[    5.456828] HEST: Table parsing has been initialized.
[    5.456831] PCI: Using host bridge windows from ACPI; if necessary, use "pci=nocrs" and report a bug
[    5.458984] ACPI: Power Resource [P0SA] (off)
[    5.459002] ACPI: Power Resource [P3SA] (off)
[    5.460700] ACPI: Power Resource [P0SA] (off)
[    5.460717] ACPI: Power Resource [P3SA] (off)
[    5.461496] ACPI: Power Resource [P0SA] (off)
[    5.461514] ACPI: Power Resource [P3SA] (off)
[    5.462289] ACPI: Power Resource [P0SA] (off)
[    5.462306] ACPI: Power Resource [P3SA] (off)
[    5.463048] ACPI: Power Resource [P0SA] (off)
[    5.463066] ACPI: Power Resource [P3SA] (off)
[    5.463845] ACPI: Power Resource [P0SA] (off)
[    5.463862] ACPI: Power Resource [P3SA] (off)
[    5.464636] ACPI: Power Resource [P0SA] (off)
[    5.464652] ACPI: Power Resource [P3SA] (off)
[    5.465421] ACPI: Power Resource [P0SA] (off)
[    5.465438] ACPI: Power Resource [P3SA] (off)
[    5.467925] ACPI: PCI Root Bridge [PCI0] (domain 0000 [bus 00-1f])
[    5.467931] acpi PNP0A08:00: _OSC: OS supports [ExtendedConfig ASPM ClockPM Segments MSI]
[    5.468096] acpi PNP0A08:00: _OSC: OS now controls [PCIeHotplug PME AER PCIeCapability]
[    5.468314] PCI host bridge to bus 0000:00
[    5.468317] pci_bus 0000:00: root bus resource [bus 00-1f]
[    5.468319] pci_bus 0000:00: root bus resource [io  0x0000-0x02e7 window]
[    5.468321] pci_bus 0000:00: root bus resource [io  0x0300-0x03af window]
[    5.468323] pci_bus 0000:00: root bus resource [io  0x0400-0x0cf7 window]
[    5.468325] pci_bus 0000:00: root bus resource [io  0x03b0-0x03df window]
[    5.468326] pci_bus 0000:00: root bus resource [io  0x0d00-0x1fff window]
[    5.468328] pci_bus 0000:00: root bus resource [mem 0x000a0000-0x000bffff window]
[    5.468329] pci_bus 0000:00: root bus resource [mem 0x000c0000-0x000dffff window]
[    5.468330] pci_bus 0000:00: root bus resource [mem 0xd8000000-0xdfffffff window]
[    5.468332] pci_bus 0000:00: root bus resource [mem 0x1d586000000-0x1ffffffffff window]
[    5.468340] pci 0000:00:00.0: [1022:1450] type 00 class 0x060000
[    5.468410] pci 0000:00:00.2: [1022:1451] type 00 class 0x080600
[    5.468492] pci 0000:00:01.0: [1022:1452] type 00 class 0x060000
[    5.468554] pci 0000:00:01.2: [1022:1453] type 01 class 0x060400
[    5.468937] pci 0000:00:01.2: PME# supported from D0 D3hot D3cold
[    5.469013] pci 0000:00:02.0: [1022:1452] type 00 class 0x060000
[    5.469082] pci 0000:00:03.0: [1022:1452] type 00 class 0x060000
[    5.469150] pci 0000:00:04.0: [1022:1452] type 00 class 0x060000
[    5.469222] pci 0000:00:07.0: [1022:1452] type 00 class 0x060000
[    5.469276] pci 0000:00:07.1: [1022:1454] type 01 class 0x060400
[    5.469954] pci 0000:00:07.1: PME# supported from D0 D3hot D3cold
[    5.469994] pci 0000:00:07.1: System wakeup disabled by ACPI
[    5.470029] pci 0000:00:08.0: [1022:1452] type 00 class 0x060000
[    5.470083] pci 0000:00:08.1: [1022:1454] type 01 class 0x060400
[    5.470947] pci 0000:00:08.1: PME# supported from D0 D3hot D3cold
[    5.471055] pci 0000:00:14.0: [1022:790b] type 00 class 0x0c0500
[    5.471256] pci 0000:00:14.3: [1022:790e] type 00 class 0x060100
[    5.471461] pci 0000:00:18.0: [1022:1460] type 00 class 0x060000
[    5.471504] pci 0000:00:18.1: [1022:1461] type 00 class 0x060000
[    5.471551] pci 0000:00:18.2: [1022:1462] type 00 class 0x060000
[    5.471596] pci 0000:00:18.3: [1022:1463] type 00 class 0x060000
[    5.471639] pci 0000:00:18.4: [1022:1464] type 00 class 0x060000
[    5.471682] pci 0000:00:18.5: [1022:1465] type 00 class 0x060000
[    5.471723] pci 0000:00:18.6: [1022:1466] type 00 class 0x060000
[    5.471763] pci 0000:00:18.7: [1022:1467] type 00 class 0x060000
[    5.471806] pci 0000:00:19.0: [1022:1460] type 00 class 0x060000
[    5.471851] pci 0000:00:19.1: [1022:1461] type 00 class 0x060000
[    5.471896] pci 0000:00:19.2: [1022:1462] type 00 class 0x060000
[    5.471942] pci 0000:00:19.3: [1022:1463] type 00 class 0x060000
[    5.471990] pci 0000:00:19.4: [1022:1464] type 00 class 0x060000
[    5.472035] pci 0000:00:19.5: [1022:1465] type 00 class 0x060000
[    5.472080] pci 0000:00:19.6: [1022:1466] type 00 class 0x060000
[    5.472125] pci 0000:00:19.7: [1022:1467] type 00 class 0x060000
[    5.472170] pci 0000:00:1a.0: [1022:1460] type 00 class 0x060000
[    5.472214] pci 0000:00:1a.1: [1022:1461] type 00 class 0x060000
[    5.472257] pci 0000:00:1a.2: [1022:1462] type 00 class 0x060000
[    5.472304] pci 0000:00:1a.3: [1022:1463] type 00 class 0x060000
[    5.472351] pci 0000:00:1a.4: [1022:1464] type 00 class 0x060000
[    5.472396] pci 0000:00:1a.5: [1022:1465] type 00 class 0x060000
[    5.472441] pci 0000:00:1a.6: [1022:1466] type 00 class 0x060000
[    5.472486] pci 0000:00:1a.7: [1022:1467] type 00 class 0x060000
[    5.472535] pci 0000:00:1b.0: [1022:1460] type 00 class 0x060000
[    5.472581] pci 0000:00:1b.1: [1022:1461] type 00 class 0x060000
[    5.472627] pci 0000:00:1b.2: [1022:1462] type 00 class 0x060000
[    5.472671] pci 0000:00:1b.3: [1022:1463] type 00 class 0x060000
[    5.472718] pci 0000:00:1b.4: [1022:1464] type 00 class 0x060000
[    5.472764] pci 0000:00:1b.5: [1022:1465] type 00 class 0x060000
[    5.472813] pci 0000:00:1b.6: [1022:1466] type 00 class 0x060000
[    5.472858] pci 0000:00:1b.7: [1022:1467] type 00 class 0x060000
[    5.472904] pci 0000:00:1c.0: [1022:1460] type 00 class 0x060000
[    5.472958] pci 0000:00:1c.1: [1022:1461] type 00 class 0x060000
[    5.473009] pci 0000:00:1c.2: [1022:1462] type 00 class 0x060000
[    5.473063] pci 0000:00:1c.3: [1022:1463] type 00 class 0x060000
[    5.473115] pci 0000:00:1c.4: [1022:1464] type 00 class 0x060000
[    5.473167] pci 0000:00:1c.5: [1022:1465] type 00 class 0x060000
[    5.473219] pci 0000:00:1c.6: [1022:1466] type 00 class 0x060000
[    5.473271] pci 0000:00:1c.7: [1022:1467] type 00 class 0x060000
[    5.473324] pci 0000:00:1d.0: [1022:1460] type 00 class 0x060000
[    5.473377] pci 0000:00:1d.1: [1022:1461] type 00 class 0x060000
[    5.473429] pci 0000:00:1d.2: [1022:1462] type 00 class 0x060000
[    5.473484] pci 0000:00:1d.3: [1022:1463] type 00 class 0x060000
[    5.473545] pci 0000:00:1d.4: [1022:1464] type 00 class 0x060000
[    5.473601] pci 0000:00:1d.5: [1022:1465] type 00 class 0x060000
[    5.473654] pci 0000:00:1d.6: [1022:1466] type 00 class 0x060000
[    5.473706] pci 0000:00:1d.7: [1022:1467] type 00 class 0x060000
[    5.473760] pci 0000:00:1e.0: [1022:1460] type 00 class 0x060000
[    5.473811] pci 0000:00:1e.1: [1022:1461] type 00 class 0x060000
[    5.473860] pci 0000:00:1e.2: [1022:1462] type 00 class 0x060000
[    5.473911] pci 0000:00:1e.3: [1022:1463] type 00 class 0x060000
[    5.473961] pci 0000:00:1e.4: [1022:1464] type 00 class 0x060000
[    5.474010] pci 0000:00:1e.5: [1022:1465] type 00 class 0x060000
[    5.474060] pci 0000:00:1e.6: [1022:1466] type 00 class 0x060000
[    5.474110] pci 0000:00:1e.7: [1022:1467] type 00 class 0x060000
[    5.474160] pci 0000:00:1f.0: [1022:1460] type 00 class 0x060000
[    5.474213] pci 0000:00:1f.1: [1022:1461] type 00 class 0x060000
[    5.474265] pci 0000:00:1f.2: [1022:1462] type 00 class 0x060000
[    5.474318] pci 0000:00:1f.3: [1022:1463] type 00 class 0x060000
[    5.474371] pci 0000:00:1f.4: [1022:1464] type 00 class 0x060000
[    5.474425] pci 0000:00:1f.5: [1022:1465] type 00 class 0x060000
[    5.474477] pci 0000:00:1f.6: [1022:1466] type 00 class 0x060000
[    5.474533] pci 0000:00:1f.7: [1022:1467] type 00 class 0x060000
[    5.474932] pci 0000:01:00.0: [1a03:1150] type 01 class 0x060400
[    5.475042] pci 0000:01:00.0: supports D1 D2
[    5.475044] pci 0000:01:00.0: PME# supported from D0 D1 D2 D3hot D3cold
[    5.476551] pci 0000:00:01.2: PCI bridge to [bus 01-02]
[    5.476556] pci 0000:00:01.2:   bridge window [io  0x1000-0x1fff]
[    5.476559] pci 0000:00:01.2:   bridge window [mem 0xd8000000-0xdc0fffff]
[    5.476621] pci 0000:02:00.0: [1a03:2000] type 00 class 0x030000
[    5.476646] pci 0000:02:00.0: reg 0x10: [mem 0xd8000000-0xdbffffff]
[    5.476659] pci 0000:02:00.0: reg 0x14: [mem 0xdc000000-0xdc01ffff]
[    5.476672] pci 0000:02:00.0: reg 0x18: [io  0x1000-0x107f]
[    5.476770] pci 0000:02:00.0: supports D1 D2
[    5.476771] pci 0000:02:00.0: PME# supported from D0 D1 D2 D3hot D3cold
[    5.476861] pci 0000:01:00.0: PCI bridge to [bus 02]
[    5.476867] pci 0000:01:00.0:   bridge window [io  0x1000-0x1fff]
[    5.476871] pci 0000:01:00.0:   bridge window [mem 0xd8000000-0xdc0fffff]
[    5.476961] pci 0000:03:00.0: [1022:145a] type 00 class 0x130000
[    5.477052] pci 0000:03:00.2: [1022:1456] type 00 class 0x108000
[    5.477065] pci 0000:03:00.2: reg 0x18: [mem 0xdc300000-0xdc3fffff]
[    5.477074] pci 0000:03:00.2: reg 0x24: [mem 0xdc400000-0xdc401fff]
[    5.477152] pci 0000:03:00.3: [1022:145f] type 00 class 0x0c0330
[    5.477163] pci 0000:03:00.3: reg 0x10: [mem 0xdc200000-0xdc2fffff 64bit]
[    5.477213] pci 0000:03:00.3: PME# supported from D0 D3hot D3cold
[    5.477265] pci 0000:00:07.1: PCI bridge to [bus 03]
[    5.477270] pci 0000:00:07.1:   bridge window [mem 0xdc200000-0xdc4fffff]
[    5.477955] pci 0000:04:00.0: [1022:1455] type 00 class 0x130000
[    5.478047] pci 0000:04:00.1: [1022:1468] type 00 class 0x108000
[    5.478060] pci 0000:04:00.1: reg 0x18: [mem 0xdc500000-0xdc5fffff]
[    5.478071] pci 0000:04:00.1: reg 0x24: [mem 0xdc600000-0xdc601fff]
[    5.478157] pci 0000:00:08.1: PCI bridge to [bus 04]
[    5.478162] pci 0000:00:08.1:   bridge window [mem 0xdc500000-0xdc6fffff]
[    5.478179] pci_bus 0000:00: on NUMA node 0
[    5.478807] ACPI: PCI Root Bridge [S0D1] (domain 0000 [bus 20-3f])
[    5.478811] acpi PNP0A08:01: _OSC: OS supports [ExtendedConfig ASPM ClockPM Segments MSI]
[    5.478972] acpi PNP0A08:01: _OSC: OS now controls [PCIeHotplug PME AER PCIeCapability]
[    5.479119] PCI host bridge to bus 0000:20
[    5.479122] pci_bus 0000:20: root bus resource [bus 20-3f]
[    5.479123] pci_bus 0000:20: root bus resource [mem 0xd7a00000-0xd7efffff window]
[    5.479125] pci_bus 0000:20: root bus resource [mem 0x1ab0c000000-0x1d585ffffff window]
[    5.479130] pci 0000:20:00.0: [1022:1450] type 00 class 0x060000
[    5.479190] pci 0000:20:00.2: [1022:1451] type 00 class 0x080600
[    5.479277] pci 0000:20:01.0: [1022:1452] type 00 class 0x060000
[    5.479346] pci 0000:20:02.0: [1022:1452] type 00 class 0x060000
[    5.479415] pci 0000:20:03.0: [1022:1452] type 00 class 0x060000
[    5.479485] pci 0000:20:04.0: [1022:1452] type 00 class 0x060000
[    5.479564] pci 0000:20:07.0: [1022:1452] type 00 class 0x060000
[    5.479621] pci 0000:20:07.1: [1022:1454] type 01 class 0x060400
[    5.480047] pci 0000:20:07.1: PME# supported from D0 D3hot D3cold
[    5.480089] pci 0000:20:07.1: System wakeup disabled by ACPI
[    5.480123] pci 0000:20:08.0: [1022:1452] type 00 class 0x060000
[    5.480177] pci 0000:20:08.1: [1022:1454] type 01 class 0x060400
[    5.480286] pci 0000:20:08.1: PME# supported from D0 D3hot D3cold
[    5.481012] pci 0000:21:00.0: [1022:145a] type 00 class 0x130000
[    5.481107] pci 0000:21:00.2: [1022:1456] type 00 class 0x108000
[    5.481121] pci 0000:21:00.2: reg 0x18: [mem 0xd7b00000-0xd7bfffff]
[    5.481132] pci 0000:21:00.2: reg 0x24: [mem 0xd7c00000-0xd7c01fff]
[    5.481213] pci 0000:21:00.3: [1022:145f] type 00 class 0x0c0330
[    5.481224] pci 0000:21:00.3: reg 0x10: [mem 0xd7a00000-0xd7afffff 64bit]
[    5.481280] pci 0000:21:00.3: PME# supported from D0 D3hot D3cold
[    5.481338] pci 0000:20:07.1: PCI bridge to [bus 21]
[    5.481342] pci 0000:20:07.1:   bridge window [mem 0xd7a00000-0xd7cfffff]
[    5.481426] pci 0000:22:00.0: [1022:1455] type 00 class 0x130000
[    5.481531] pci 0000:22:00.1: [1022:1468] type 00 class 0x108000
[    5.481545] pci 0000:22:00.1: reg 0x18: [mem 0xd7d00000-0xd7dfffff]
[    5.481556] pci 0000:22:00.1: reg 0x24: [mem 0xd7e00000-0xd7e01fff]
[    5.481644] pci 0000:22:00.2: [1022:7901] type 00 class 0x010601
[    5.481675] pci 0000:22:00.2: reg 0x24: [mem 0xd7e02000-0xd7e02fff]
[    5.481716] pci 0000:22:00.2: PME# supported from D3hot D3cold
[    5.481776] pci 0000:20:08.1: PCI bridge to [bus 22]
[    5.481780] pci 0000:20:08.1:   bridge window [mem 0xd7d00000-0xd7efffff]
[    5.481793] pci_bus 0000:20: on NUMA node 0
[    5.482007] ACPI: PCI Root Bridge [S0D2] (domain 0000 [bus 40-5f])
[    5.482010] acpi PNP0A08:02: _OSC: OS supports [ExtendedConfig ASPM ClockPM Segments MSI]
[    5.482171] acpi PNP0A08:02: _OSC: OS now controls [PCIeHotplug PME AER PCIeCapability]
[    5.482316] PCI host bridge to bus 0000:40
[    5.482318] pci_bus 0000:40: root bus resource [bus 40-5f]
[    5.482320] pci_bus 0000:40: root bus resource [mem 0xd7400000-0xd77fffff window]
[    5.482322] pci_bus 0000:40: root bus resource [mem 0x18092000000-0x1ab0bffffff window]
[    5.482326] pci 0000:40:00.0: [1022:1450] type 00 class 0x060000
[    5.482385] pci 0000:40:00.2: [1022:1451] type 00 class 0x080600
[    5.482469] pci 0000:40:01.0: [1022:1452] type 00 class 0x060000
[    5.482541] pci 0000:40:02.0: [1022:1452] type 00 class 0x060000
[    5.482612] pci 0000:40:03.0: [1022:1452] type 00 class 0x060000
[    5.482683] pci 0000:40:04.0: [1022:1452] type 00 class 0x060000
[    5.482756] pci 0000:40:07.0: [1022:1452] type 00 class 0x060000
[    5.482810] pci 0000:40:07.1: [1022:1454] type 01 class 0x060400
[    5.483375] pci 0000:40:07.1: PME# supported from D0 D3hot D3cold
[    5.483417] pci 0000:40:07.1: System wakeup disabled by ACPI
[    5.483451] pci 0000:40:08.0: [1022:1452] type 00 class 0x060000
[    5.483506] pci 0000:40:08.1: [1022:1454] type 01 class 0x060400
[    5.483620] pci 0000:40:08.1: PME# supported from D0 D3hot D3cold
[    5.484356] pci 0000:41:00.0: [1022:145a] type 00 class 0x130000
[    5.484450] pci 0000:41:00.2: [1022:1456] type 00 class 0x108000
[    5.484464] pci 0000:41:00.2: reg 0x18: [mem 0xd7600000-0xd76fffff]
[    5.484474] pci 0000:41:00.2: reg 0x24: [mem 0xd7700000-0xd7701fff]
[    5.484565] pci 0000:40:07.1: PCI bridge to [bus 41]
[    5.484569] pci 0000:40:07.1:   bridge window [mem 0xd7600000-0xd77fffff]
[    5.484658] pci 0000:42:00.0: [1022:1455] type 00 class 0x130000
[    5.484760] pci 0000:42:00.1: [1022:1468] type 00 class 0x108000
[    5.484774] pci 0000:42:00.1: reg 0x18: [mem 0xd7400000-0xd74fffff]
[    5.484785] pci 0000:42:00.1: reg 0x24: [mem 0xd7500000-0xd7501fff]
[    5.484880] pci 0000:40:08.1: PCI bridge to [bus 42]
[    5.484885] pci 0000:40:08.1:   bridge window [mem 0xd7400000-0xd75fffff]
[    5.484897] pci_bus 0000:40: on NUMA node 0
[    5.485105] ACPI: PCI Root Bridge [S0D3] (domain 0000 [bus 60-7f])
[    5.485108] acpi PNP0A08:03: _OSC: OS supports [ExtendedConfig ASPM ClockPM Segments MSI]
[    5.485268] acpi PNP0A08:03: _OSC: OS now controls [PCIeHotplug PME AER PCIeCapability]
[    5.485415] PCI host bridge to bus 0000:60
[    5.485417] pci_bus 0000:60: root bus resource [bus 60-7f]
[    5.485419] pci_bus 0000:60: root bus resource [io  0x2000-0x2fff window]
[    5.485420] pci_bus 0000:60: root bus resource [mem 0xd6d00000-0xd71fffff window]
[    5.485422] pci_bus 0000:60: root bus resource [mem 0x15618000000-0x18091ffffff window]
[    5.485426] pci 0000:60:00.0: [1022:1450] type 00 class 0x060000
[    5.485487] pci 0000:60:00.2: [1022:1451] type 00 class 0x080600
[    5.485575] pci 0000:60:01.0: [1022:1452] type 00 class 0x060000
[    5.485645] pci 0000:60:02.0: [1022:1452] type 00 class 0x060000
[    5.485718] pci 0000:60:03.0: [1022:1452] type 00 class 0x060000
[    5.485779] pci 0000:60:03.2: [1022:1453] type 01 class 0x060400
[    5.486011] pci 0000:60:03.2: PME# supported from D0 D3hot D3cold
[    5.486085] pci 0000:60:04.0: [1022:1452] type 00 class 0x060000
[    5.486161] pci 0000:60:07.0: [1022:1452] type 00 class 0x060000
[    5.486217] pci 0000:60:07.1: [1022:1454] type 01 class 0x060400
[    5.486325] pci 0000:60:07.1: PME# supported from D0 D3hot D3cold
[    5.486365] pci 0000:60:07.1: System wakeup disabled by ACPI
[    5.486399] pci 0000:60:08.0: [1022:1452] type 00 class 0x060000
[    5.486455] pci 0000:60:08.1: [1022:1454] type 01 class 0x060400
[    5.487008] pci 0000:60:08.1: PME# supported from D0 D3hot D3cold
[    5.487222] pci 0000:61:00.0: [8086:10d3] type 00 class 0x020000
[    5.487248] pci 0000:61:00.0: reg 0x10: [mem 0xd71c0000-0xd71dffff]
[    5.487263] pci 0000:61:00.0: reg 0x14: [mem 0xd7100000-0xd717ffff]
[    5.487278] pci 0000:61:00.0: reg 0x18: [io  0x2000-0x201f]
[    5.487294] pci 0000:61:00.0: reg 0x1c: [mem 0xd71e0000-0xd71e3fff]
[    5.487337] pci 0000:61:00.0: reg 0x30: [mem 0xd7180000-0xd71bffff pref]
[    5.487428] pci 0000:61:00.0: PME# supported from D0 D3hot D3cold
[    5.488556] pci 0000:60:03.2: PCI bridge to [bus 61]
[    5.488561] pci 0000:60:03.2:   bridge window [io  0x2000-0x2fff]
[    5.488564] pci 0000:60:03.2:   bridge window [mem 0xd7100000-0xd71fffff]
[    5.488988] pci 0000:62:00.0: [1022:145a] type 00 class 0x130000
[    5.489091] pci 0000:62:00.2: [1022:1456] type 00 class 0x108000
[    5.489105] pci 0000:62:00.2: reg 0x18: [mem 0xd6f00000-0xd6ffffff]
[    5.489115] pci 0000:62:00.2: reg 0x24: [mem 0xd7000000-0xd7001fff]
[    5.489206] pci 0000:60:07.1: PCI bridge to [bus 62]
[    5.489211] pci 0000:60:07.1:   bridge window [mem 0xd6f00000-0xd70fffff]
[    5.489297] pci 0000:63:00.0: [1022:1455] type 00 class 0x130000
[    5.489401] pci 0000:63:00.1: [1022:1468] type 00 class 0x108000
[    5.489415] pci 0000:63:00.1: reg 0x18: [mem 0xd6d00000-0xd6dfffff]
[    5.489426] pci 0000:63:00.1: reg 0x24: [mem 0xd6e00000-0xd6e01fff]
[    5.489521] pci 0000:60:08.1: PCI bridge to [bus 63]
[    5.489530] pci 0000:60:08.1:   bridge window [mem 0xd6d00000-0xd6efffff]
[    5.489547] pci_bus 0000:60: on NUMA node 0
[    5.489766] ACPI: PCI Root Bridge [S1D0] (domain 0000 [bus 80-9f])
[    5.489770] acpi PNP0A08:04: _OSC: OS supports [ExtendedConfig ASPM ClockPM Segments MSI]
[    5.489932] acpi PNP0A08:04: _OSC: OS now controls [PCIeHotplug PME AER PCIeCapability]
[    5.490083] PCI host bridge to bus 0000:80
[    5.490085] pci_bus 0000:80: root bus resource [bus 80-9f]
[    5.490087] pci_bus 0000:80: root bus resource [mem 0xd6700000-0xd6afffff window]
[    5.490088] pci_bus 0000:80: root bus resource [mem 0x12b9e000000-0x15617ffffff window]
[    5.490094] pci 0000:80:00.0: [1022:1450] type 00 class 0x060000
[    5.490162] pci 0000:80:00.2: [1022:1451] type 00 class 0x080600
[    5.490260] pci 0000:80:01.0: [1022:1452] type 00 class 0x060000
[    5.490337] pci 0000:80:02.0: [1022:1452] type 00 class 0x060000
[    5.490413] pci 0000:80:03.0: [1022:1452] type 00 class 0x060000
[    5.490490] pci 0000:80:04.0: [1022:1452] type 00 class 0x060000
[    5.490579] pci 0000:80:07.0: [1022:1452] type 00 class 0x060000
[    5.490643] pci 0000:80:07.1: [1022:1454] type 01 class 0x060400
[    5.490770] pci 0000:80:07.1: PME# supported from D0 D3hot D3cold
[    5.490816] pci 0000:80:07.1: System wakeup disabled by ACPI
[    5.490851] pci 0000:80:08.0: [1022:1452] type 00 class 0x060000
[    5.490914] pci 0000:80:08.1: [1022:1454] type 01 class 0x060400
[    5.491739] pci 0000:80:08.1: PME# supported from D0 D3hot D3cold
[    5.492695] pci 0000:81:00.0: [1022:145a] type 00 class 0x130000
[    5.492808] pci 0000:81:00.2: [1022:1456] type 00 class 0x108000
[    5.492825] pci 0000:81:00.2: reg 0x18: [mem 0xd6900000-0xd69fffff]
[    5.492837] pci 0000:81:00.2: reg 0x24: [mem 0xd6a00000-0xd6a01fff]
[    5.492943] pci 0000:80:07.1: PCI bridge to [bus 81]
[    5.492948] pci 0000:80:07.1:   bridge window [mem 0xd6900000-0xd6afffff]
[    5.493693] pci 0000:82:00.0: [1022:1455] type 00 class 0x130000
[    5.493813] pci 0000:82:00.1: [1022:1468] type 00 class 0x108000
[    5.493830] pci 0000:82:00.1: reg 0x18: [mem 0xd6700000-0xd67fffff]
[    5.493843] pci 0000:82:00.1: reg 0x24: [mem 0xd6800000-0xd6801fff]
[    5.493942] pci 0000:82:00.2: [1022:7901] type 00 class 0x010601
[    5.493980] pci 0000:82:00.2: reg 0x24: [mem 0xd6802000-0xd6802fff]
[    5.494029] pci 0000:82:00.2: PME# supported from D3hot D3cold
[    5.494100] pci 0000:80:08.1: PCI bridge to [bus 82]
[    5.494105] pci 0000:80:08.1:   bridge window [mem 0xd6700000-0xd68fffff]
[    5.494121] pci_bus 0000:80: on NUMA node 1
[    5.494340] ACPI: PCI Root Bridge [S1D1] (domain 0000 [bus a0-bf])
[    5.494343] acpi PNP0A08:05: _OSC: OS supports [ExtendedConfig ASPM ClockPM Segments MSI]
[    5.494502] acpi PNP0A08:05: _OSC: OS now controls [PCIeHotplug PME AER PCIeCapability]
[    5.494657] PCI host bridge to bus 0000:a0
[    5.494659] pci_bus 0000:a0: root bus resource [bus a0-bf]
[    5.494660] pci_bus 0000:a0: root bus resource [mem 0xd6100000-0xd64fffff window]
[    5.494662] pci_bus 0000:a0: root bus resource [mem 0x10124000000-0x12b9dffffff window]
[    5.494667] pci 0000:a0:00.0: [1022:1450] type 00 class 0x060000
[    5.494734] pci 0000:a0:00.2: [1022:1451] type 00 class 0x080600
[    5.494832] pci 0000:a0:01.0: [1022:1452] type 00 class 0x060000
[    5.494908] pci 0000:a0:02.0: [1022:1452] type 00 class 0x060000
[    5.494986] pci 0000:a0:03.0: [1022:1452] type 00 class 0x060000
[    5.495060] pci 0000:a0:04.0: [1022:1452] type 00 class 0x060000
[    5.495143] pci 0000:a0:07.0: [1022:1452] type 00 class 0x060000
[    5.495206] pci 0000:a0:07.1: [1022:1454] type 01 class 0x060400
[    5.495348] pci 0000:a0:07.1: PME# supported from D0 D3hot D3cold
[    5.495395] pci 0000:a0:07.1: System wakeup disabled by ACPI
[    5.495430] pci 0000:a0:08.0: [1022:1452] type 00 class 0x060000
[    5.495493] pci 0000:a0:08.1: [1022:1454] type 01 class 0x060400
[    5.495623] pci 0000:a0:08.1: PME# supported from D0 D3hot D3cold
[    5.496325] pci 0000:a1:00.0: [1022:145a] type 00 class 0x130000
[    5.496437] pci 0000:a1:00.2: [1022:1456] type 00 class 0x108000
[    5.496453] pci 0000:a1:00.2: reg 0x18: [mem 0xd6300000-0xd63fffff]
[    5.496466] pci 0000:a1:00.2: reg 0x24: [mem 0xd6400000-0xd6401fff]
[    5.496572] pci 0000:a0:07.1: PCI bridge to [bus a1]
[    5.496578] pci 0000:a0:07.1:   bridge window [mem 0xd6300000-0xd64fffff]
[    5.496670] pci 0000:a2:00.0: [1022:1455] type 00 class 0x130000
[    5.496789] pci 0000:a2:00.1: [1022:1468] type 00 class 0x108000
[    5.496806] pci 0000:a2:00.1: reg 0x18: [mem 0xd6100000-0xd61fffff]
[    5.496819] pci 0000:a2:00.1: reg 0x24: [mem 0xd6200000-0xd6201fff]
[    5.496918] pci 0000:a2:00.2: [1022:7901] type 00 class 0x010601
[    5.496957] pci 0000:a2:00.2: reg 0x24: [mem 0xd6202000-0xd6202fff]
[    5.497006] pci 0000:a2:00.2: PME# supported from D3hot D3cold
[    5.497076] pci 0000:a0:08.1: PCI bridge to [bus a2]
[    5.497081] pci 0000:a0:08.1:   bridge window [mem 0xd6100000-0xd62fffff]
[    5.497097] pci_bus 0000:a0: on NUMA node 1
[    5.497313] ACPI: PCI Root Bridge [S1D2] (domain 0000 [bus c0-df])
[    5.497316] acpi PNP0A08:06: _OSC: OS supports [ExtendedConfig ASPM ClockPM Segments MSI]
[    5.497475] acpi PNP0A08:06: _OSC: OS now controls [PCIeHotplug PME AER PCIeCapability]
[    5.497629] PCI host bridge to bus 0000:c0
[    5.497631] pci_bus 0000:c0: root bus resource [bus c0-df]
[    5.497633] pci_bus 0000:c0: root bus resource [mem 0xd5b00000-0xd5efffff window]
[    5.497634] pci_bus 0000:c0: root bus resource [mem 0xd286000000-0xfcffffffff window]
[    5.497640] pci 0000:c0:00.0: [1022:1450] type 00 class 0x060000
[    5.497706] pci 0000:c0:00.2: [1022:1451] type 00 class 0x080600
[    5.497795] pci 0000:c0:01.0: [1022:1452] type 00 class 0x060000
[    5.497867] pci 0000:c0:02.0: [1022:1452] type 00 class 0x060000
[    5.497939] pci 0000:c0:03.0: [1022:1452] type 00 class 0x060000
[    5.498014] pci 0000:c0:04.0: [1022:1452] type 00 class 0x060000
[    5.498094] pci 0000:c0:07.0: [1022:1452] type 00 class 0x060000
[    5.498153] pci 0000:c0:07.1: [1022:1454] type 01 class 0x060400
[    5.498275] pci 0000:c0:07.1: PME# supported from D0 D3hot D3cold
[    5.498318] pci 0000:c0:07.1: System wakeup disabled by ACPI
[    5.498351] pci 0000:c0:08.0: [1022:1452] type 00 class 0x060000
[    5.498414] pci 0000:c0:08.1: [1022:1454] type 01 class 0x060400
[    5.498546] pci 0000:c0:08.1: PME# supported from D0 D3hot D3cold
[    5.499276] pci 0000:c1:00.0: [1022:145a] type 00 class 0x130000
[    5.499381] pci 0000:c1:00.2: [1022:1456] type 00 class 0x108000
[    5.499396] pci 0000:c1:00.2: reg 0x18: [mem 0xd5d00000-0xd5dfffff]
[    5.499408] pci 0000:c1:00.2: reg 0x24: [mem 0xd5e00000-0xd5e01fff]
[    5.499503] pci 0000:c0:07.1: PCI bridge to [bus c1]
[    5.499509] pci 0000:c0:07.1:   bridge window [mem 0xd5d00000-0xd5efffff]
[    5.500124] pci 0000:c2:00.0: [1022:1455] type 00 class 0x130000
[    5.500233] pci 0000:c2:00.1: [1022:1468] type 00 class 0x108000
[    5.500249] pci 0000:c2:00.1: reg 0x18: [mem 0xd5b00000-0xd5bfffff]
[    5.500261] pci 0000:c2:00.1: reg 0x24: [mem 0xd5c00000-0xd5c01fff]
[    5.500364] pci 0000:c0:08.1: PCI bridge to [bus c2]
[    5.500370] pci 0000:c0:08.1:   bridge window [mem 0xd5b00000-0xd5cfffff]
[    5.500384] pci_bus 0000:c0: on NUMA node 1
[    5.500598] ACPI: PCI Root Bridge [S1D3] (domain 0000 [bus e0-ff])
[    5.500602] acpi PNP0A08:07: _OSC: OS supports [ExtendedConfig ASPM ClockPM Segments MSI]
[    5.500761] acpi PNP0A08:07: _OSC: OS now controls [PCIeHotplug PME AER PCIeCapability]
[    5.500907] PCI host bridge to bus 0000:e0
[    5.500909] pci_bus 0000:e0: root bus resource [bus e0-ff]
[    5.500910] pci_bus 0000:e0: root bus resource [mem 0xd5500000-0xd58fffff window]
[    5.500912] pci_bus 0000:e0: root bus resource [mem 0xa80c000000-0xd285ffffff window]
[    5.500917] pci 0000:e0:00.0: [1022:1450] type 00 class 0x060000
[    5.500985] pci 0000:e0:00.2: [1022:1451] type 00 class 0x080600
[    5.501079] pci 0000:e0:01.0: [1022:1452] type 00 class 0x060000
[    5.501156] pci 0000:e0:02.0: [1022:1452] type 00 class 0x060000
[    5.501232] pci 0000:e0:03.0: [1022:1452] type 00 class 0x060000
[    5.501308] pci 0000:e0:04.0: [1022:1452] type 00 class 0x060000
[    5.501392] pci 0000:e0:07.0: [1022:1452] type 00 class 0x060000
[    5.501455] pci 0000:e0:07.1: [1022:1454] type 01 class 0x060400
[    5.501806] pci 0000:e0:07.1: PME# supported from D0 D3hot D3cold
[    5.501851] pci 0000:e0:07.1: System wakeup disabled by ACPI
[    5.501886] pci 0000:e0:08.0: [1022:1452] type 00 class 0x060000
[    5.501948] pci 0000:e0:08.1: [1022:1454] type 01 class 0x060400
[    5.502070] pci 0000:e0:08.1: PME# supported from D0 D3hot D3cold
[    5.502770] pci 0000:e1:00.0: [1022:145a] type 00 class 0x130000
[    5.502880] pci 0000:e1:00.2: [1022:1456] type 00 class 0x108000
[    5.502896] pci 0000:e1:00.2: reg 0x18: [mem 0xd5700000-0xd57fffff]
[    5.502909] pci 0000:e1:00.2: reg 0x24: [mem 0xd5800000-0xd5801fff]
[    5.503010] pci 0000:e0:07.1: PCI bridge to [bus e1]
[    5.503015] pci 0000:e0:07.1:   bridge window [mem 0xd5700000-0xd58fffff]
[    5.503105] pci 0000:e2:00.0: [1022:1455] type 00 class 0x130000
[    5.503221] pci 0000:e2:00.1: [1022:1468] type 00 class 0x108000
[    5.503237] pci 0000:e2:00.1: reg 0x18: [mem 0xd5500000-0xd55fffff]
[    5.503250] pci 0000:e2:00.1: reg 0x24: [mem 0xd5600000-0xd5601fff]
[    5.503362] pci 0000:e0:08.1: PCI bridge to [bus e2]
[    5.503367] pci 0000:e0:08.1:   bridge window [mem 0xd5500000-0xd56fffff]
[    5.503383] pci_bus 0000:e0: on NUMA node 1
[    5.503556] ACPI: PCI Interrupt Link [LNKA] (IRQs 4 5 7 10 11 14 15) *0
[    5.503607] ACPI: PCI Interrupt Link [LNKB] (IRQs 4 *5 7 10 11 14 15)
[    5.503649] ACPI: PCI Interrupt Link [LNKC] (IRQs 4 5 7 10 *11 14 15)
[    5.503702] ACPI: PCI Interrupt Link [LNKD] (IRQs 4 5 7 10 11 14 15) *0
[    5.503749] ACPI: PCI Interrupt Link [LNKE] (IRQs 4 5 7 10 *11 14 15)
[    5.503790] ACPI: PCI Interrupt Link [LNKF] (IRQs 4 5 7 *10 11 14 15)
[    5.503828] ACPI: PCI Interrupt Link [LNKG] (IRQs 4 5 7 10 11 14 15) *0
[    5.503867] ACPI: PCI Interrupt Link [LNKH] (IRQs 4 5 7 10 11 14 15) *0
[    5.503920] ACPI: Enabled 1 GPEs in block 00 to 1F
[    5.504037] vgaarb: device added: PCI:0000:02:00.0,decodes=io+mem,owns=io+mem,locks=none
[    5.504049] vgaarb: loaded
[    5.504050] vgaarb: bridge control possible 0000:02:00.0
[    5.504131] SCSI subsystem initialized
[    5.504152] ACPI: bus type USB registered
[    5.504168] usbcore: registered new interface driver usbfs
[    5.504174] usbcore: registered new interface driver hub
[    5.504677] usbcore: registered new device driver usb
[    5.505416] PCI: Using ACPI for IRQ routing
[    5.524701] PCI: pci_cache_line_size set to 64 bytes
[    5.524947] e820: reserve RAM buffer [mem 0x75db0000-0x77ffffff]
[    5.524949] e820: reserve RAM buffer [mem 0x937d8018-0x93ffffff]
[    5.524950] e820: reserve RAM buffer [mem 0x93809018-0x93ffffff]
[    5.524951] e820: reserve RAM buffer [mem 0xc8dc9000-0xcbffffff]
[    5.524952] e820: reserve RAM buffer [mem 0xca2f3000-0xcbffffff]
[    5.524953] e820: reserve RAM buffer [mem 0x402f000000-0x402fffffff]
[    5.524954] e820: reserve RAM buffer [mem 0x802fc00000-0x802fffffff]
[    5.525135] NetLabel: Initializing
[    5.525136] NetLabel:  domain hash size = 128
[    5.525137] NetLabel:  protocols = UNLABELED CIPSOv4
[    5.525147] NetLabel:  unlabeled traffic allowed by default
[    5.525190] hpet0: at MMIO 0xfed00000, IRQs 2, 8, 0
[    5.525193] hpet0: 3 comparators, 32-bit 14.318180 MHz counter
[    5.527635] Switched to clocksource hpet
[    5.532549] pnp: PnP ACPI init
[    5.532557] ACPI: bus type PNP registered
[    5.532710] system 00:00: [mem 0xe0000000-0xefffffff] has been reserved
[    5.532713] system 00:00: Plug and Play ACPI device, IDs PNP0c01 (active)
[    5.532839] pnp 00:01: Plug and Play ACPI device, IDs PNP0b00 (active)
[    5.533015] system 00:02: [io  0x04d0-0x04d1] has been reserved
[    5.533017] system 00:02: [io  0x040b] has been reserved
[    5.533018] system 00:02: [io  0x04d6] has been reserved
[    5.533020] system 00:02: [io  0x0c00-0x0c01] has been reserved
[    5.533021] system 00:02: [io  0x0c14] has been reserved
[    5.533022] system 00:02: [io  0x0c50-0x0c51] has been reserved
[    5.533023] system 00:02: [io  0x0c52] has been reserved
[    5.533024] system 00:02: [io  0x0c6c] has been reserved
[    5.533025] system 00:02: [io  0x0c6f] has been reserved
[    5.533026] system 00:02: [io  0x0cd0-0x0cd1] has been reserved
[    5.533028] system 00:02: [io  0x0cd2-0x0cd3] has been reserved
[    5.533029] system 00:02: [io  0x0cd4-0x0cd5] has been reserved
[    5.533030] system 00:02: [io  0x0cd6-0x0cd7] has been reserved
[    5.533031] system 00:02: [io  0x0cd8-0x0cdf] has been reserved
[    5.533032] system 00:02: [io  0x0800-0x089f] could not be reserved
[    5.533033] system 00:02: [io  0x0b00-0x0b0f] has been reserved
[    5.533035] system 00:02: [io  0x0b20-0x0b3f] has been reserved
[    5.533036] system 00:02: [io  0x0900-0x090f] has been reserved
[    5.533037] system 00:02: [io  0x0910-0x091f] has been reserved
[    5.533038] system 00:02: [io  0xfe00-0xfefe] has been reserved
[    5.533041] system 00:02: [mem 0xfec00000-0xfec00fff] could not be reserved
[    5.533042] system 00:02: [mem 0xfec01000-0xfec01fff] has been reserved
[    5.533044] system 00:02: [mem 0xfedc0000-0xfedc0fff] has been reserved
[    5.533045] system 00:02: [mem 0xfee00000-0xfee00fff] has been reserved
[    5.533046] system 00:02: [mem 0xfed80000-0xfed8ffff] could not be reserved
[    5.533048] system 00:02: [mem 0xfed61000-0xfed70fff] has been reserved
[    5.533049] system 00:02: [mem 0xfec10000-0xfec10fff] has been reserved
[    5.533050] system 00:02: [mem 0xff000000-0xffffffff] has been reserved
[    5.533052] system 00:02: Plug and Play ACPI device, IDs PNP0c02 (active)
[    5.533249] pnp 00:03: Plug and Play ACPI device, IDs PNP0501 (active)
[    5.533306] pnp 00:04: Plug and Play ACPI device, IDs PNP0501 (active)
[    5.534097] pnp: PnP ACPI: found 5 devices
[    5.534098] ACPI: bus type PNP unregistered
[    5.540708] pci 0000:01:00.0: PCI bridge to [bus 02]
[    5.540712] pci 0000:01:00.0:   bridge window [io  0x1000-0x1fff]
[    5.540717] pci 0000:01:00.0:   bridge window [mem 0xd8000000-0xdc0fffff]
[    5.540727] pci 0000:00:01.2: PCI bridge to [bus 01-02]
[    5.540728] pci 0000:00:01.2:   bridge window [io  0x1000-0x1fff]
[    5.540731] pci 0000:00:01.2:   bridge window [mem 0xd8000000-0xdc0fffff]
[    5.540736] pci 0000:00:07.1: PCI bridge to [bus 03]
[    5.540739] pci 0000:00:07.1:   bridge window [mem 0xdc200000-0xdc4fffff]
[    5.540743] pci 0000:00:08.1: PCI bridge to [bus 04]
[    5.540746] pci 0000:00:08.1:   bridge window [mem 0xdc500000-0xdc6fffff]
[    5.540754] pci_bus 0000:00: resource 4 [io  0x0000-0x02e7 window]
[    5.540755] pci_bus 0000:00: resource 5 [io  0x0300-0x03af window]
[    5.540757] pci_bus 0000:00: resource 6 [io  0x0400-0x0cf7 window]
[    5.540758] pci_bus 0000:00: resource 7 [io  0x03b0-0x03df window]
[    5.540759] pci_bus 0000:00: resource 8 [io  0x0d00-0x1fff window]
[    5.540760] pci_bus 0000:00: resource 9 [mem 0x000a0000-0x000bffff window]
[    5.540761] pci_bus 0000:00: resource 10 [mem 0x000c0000-0x000dffff window]
[    5.540762] pci_bus 0000:00: resource 11 [mem 0xd8000000-0xdfffffff window]
[    5.540764] pci_bus 0000:00: resource 12 [mem 0x1d586000000-0x1ffffffffff window]
[    5.540765] pci_bus 0000:01: resource 0 [io  0x1000-0x1fff]
[    5.540766] pci_bus 0000:01: resource 1 [mem 0xd8000000-0xdc0fffff]
[    5.540767] pci_bus 0000:02: resource 0 [io  0x1000-0x1fff]
[    5.540768] pci_bus 0000:02: resource 1 [mem 0xd8000000-0xdc0fffff]
[    5.540770] pci_bus 0000:03: resource 1 [mem 0xdc200000-0xdc4fffff]
[    5.540771] pci_bus 0000:04: resource 1 [mem 0xdc500000-0xdc6fffff]
[    5.540781] pci 0000:20:07.1: PCI bridge to [bus 21]
[    5.540784] pci 0000:20:07.1:   bridge window [mem 0xd7a00000-0xd7cfffff]
[    5.540788] pci 0000:20:08.1: PCI bridge to [bus 22]
[    5.540791] pci 0000:20:08.1:   bridge window [mem 0xd7d00000-0xd7efffff]
[    5.540795] pci_bus 0000:20: resource 4 [mem 0xd7a00000-0xd7efffff window]
[    5.540796] pci_bus 0000:20: resource 5 [mem 0x1ab0c000000-0x1d585ffffff window]
[    5.540798] pci_bus 0000:21: resource 1 [mem 0xd7a00000-0xd7cfffff]
[    5.540799] pci_bus 0000:22: resource 1 [mem 0xd7d00000-0xd7efffff]
[    5.540814] pci 0000:40:07.1: PCI bridge to [bus 41]
[    5.540818] pci 0000:40:07.1:   bridge window [mem 0xd7600000-0xd77fffff]
[    5.540826] pci 0000:40:08.1: PCI bridge to [bus 42]
[    5.540830] pci 0000:40:08.1:   bridge window [mem 0xd7400000-0xd75fffff]
[    5.540837] pci_bus 0000:40: resource 4 [mem 0xd7400000-0xd77fffff window]
[    5.540839] pci_bus 0000:40: resource 5 [mem 0x18092000000-0x1ab0bffffff window]
[    5.540840] pci_bus 0000:41: resource 1 [mem 0xd7600000-0xd77fffff]
[    5.540841] pci_bus 0000:42: resource 1 [mem 0xd7400000-0xd75fffff]
[    5.540856] pci 0000:60:03.2: PCI bridge to [bus 61]
[    5.540858] pci 0000:60:03.2:   bridge window [io  0x2000-0x2fff]
[    5.540860] pci 0000:60:03.2:   bridge window [mem 0xd7100000-0xd71fffff]
[    5.540865] pci 0000:60:07.1: PCI bridge to [bus 62]
[    5.540868] pci 0000:60:07.1:   bridge window [mem 0xd6f00000-0xd70fffff]
[    5.540873] pci 0000:60:08.1: PCI bridge to [bus 63]
[    5.540876] pci 0000:60:08.1:   bridge window [mem 0xd6d00000-0xd6efffff]
[    5.540881] pci_bus 0000:60: resource 4 [io  0x2000-0x2fff window]
[    5.540882] pci_bus 0000:60: resource 5 [mem 0xd6d00000-0xd71fffff window]
[    5.540883] pci_bus 0000:60: resource 6 [mem 0x15618000000-0x18091ffffff window]
[    5.540885] pci_bus 0000:61: resource 0 [io  0x2000-0x2fff]
[    5.540886] pci_bus 0000:61: resource 1 [mem 0xd7100000-0xd71fffff]
[    5.540887] pci_bus 0000:62: resource 1 [mem 0xd6f00000-0xd70fffff]
[    5.540888] pci_bus 0000:63: resource 1 [mem 0xd6d00000-0xd6efffff]
[    5.540906] pci 0000:80:07.1: PCI bridge to [bus 81]
[    5.540912] pci 0000:80:07.1:   bridge window [mem 0xd6900000-0xd6afffff]
[    5.540922] pci 0000:80:08.1: PCI bridge to [bus 82]
[    5.540927] pci 0000:80:08.1:   bridge window [mem 0xd6700000-0xd68fffff]
[    5.540936] pci_bus 0000:80: resource 4 [mem 0xd6700000-0xd6afffff window]
[    5.540937] pci_bus 0000:80: resource 5 [mem 0x12b9e000000-0x15617ffffff window]
[    5.540938] pci_bus 0000:81: resource 1 [mem 0xd6900000-0xd6afffff]
[    5.540939] pci_bus 0000:82: resource 1 [mem 0xd6700000-0xd68fffff]
[    5.540950] pci 0000:a0:07.1: PCI bridge to [bus a1]
[    5.540954] pci 0000:a0:07.1:   bridge window [mem 0xd6300000-0xd64fffff]
[    5.540959] pci 0000:a0:08.1: PCI bridge to [bus a2]
[    5.540962] pci 0000:a0:08.1:   bridge window [mem 0xd6100000-0xd62fffff]
[    5.540968] pci_bus 0000:a0: resource 4 [mem 0xd6100000-0xd64fffff window]
[    5.540969] pci_bus 0000:a0: resource 5 [mem 0x10124000000-0x12b9dffffff window]
[    5.540970] pci_bus 0000:a1: resource 1 [mem 0xd6300000-0xd64fffff]
[    5.540971] pci_bus 0000:a2: resource 1 [mem 0xd6100000-0xd62fffff]
[    5.540981] pci 0000:c0:07.1: PCI bridge to [bus c1]
[    5.540985] pci 0000:c0:07.1:   bridge window [mem 0xd5d00000-0xd5efffff]
[    5.540990] pci 0000:c0:08.1: PCI bridge to [bus c2]
[    5.540993] pci 0000:c0:08.1:   bridge window [mem 0xd5b00000-0xd5cfffff]
[    5.540998] pci_bus 0000:c0: resource 4 [mem 0xd5b00000-0xd5efffff window]
[    5.540999] pci_bus 0000:c0: resource 5 [mem 0xd286000000-0xfcffffffff window]
[    5.541000] pci_bus 0000:c1: resource 1 [mem 0xd5d00000-0xd5efffff]
[    5.541001] pci_bus 0000:c2: resource 1 [mem 0xd5b00000-0xd5cfffff]
[    5.541020] pci 0000:e0:07.1: PCI bridge to [bus e1]
[    5.541025] pci 0000:e0:07.1:   bridge window [mem 0xd5700000-0xd58fffff]
[    5.541034] pci 0000:e0:08.1: PCI bridge to [bus e2]
[    5.541039] pci 0000:e0:08.1:   bridge window [mem 0xd5500000-0xd56fffff]
[    5.541048] pci_bus 0000:e0: resource 4 [mem 0xd5500000-0xd58fffff window]
[    5.541049] pci_bus 0000:e0: resource 5 [mem 0xa80c000000-0xd285ffffff window]
[    5.541050] pci_bus 0000:e1: resource 1 [mem 0xd5700000-0xd58fffff]
[    5.541051] pci_bus 0000:e2: resource 1 [mem 0xd5500000-0xd56fffff]
[    5.541142] NET: Registered protocol family 2
[    5.542076] TCP established hash table entries: 524288 (order: 10, 4194304 bytes)
[    5.543001] TCP bind hash table entries: 65536 (order: 8, 1048576 bytes)
[    5.543186] TCP: Hash tables configured (established 524288 bind 65536)
[    5.543206] TCP: reno registered
[    5.543303] UDP hash table entries: 65536 (order: 9, 2097152 bytes)
[    5.543778] UDP-Lite hash table entries: 65536 (order: 9, 2097152 bytes)
[    5.544436] NET: Registered protocol family 1
[    5.544543] pci 0000:02:00.0: Boot video device
[    5.545009] PCI: CLS 64 bytes, default 64
[    5.545061] Unpacking initramfs...
[    5.859716] Freeing initrd memory: 27196k freed
[    5.864204] iommu: Adding device 0000:00:00.0 to group 0
[    5.864533] iommu: Adding device 0000:00:01.0 to group 1
[    5.864857] iommu: Adding device 0000:00:01.2 to group 2
[    5.865180] iommu: Adding device 0000:00:02.0 to group 3
[    5.865507] iommu: Adding device 0000:00:03.0 to group 4
[    5.865845] iommu: Adding device 0000:00:04.0 to group 5
[    5.866172] iommu: Adding device 0000:00:07.0 to group 6
[    5.866484] iommu: Adding device 0000:00:07.1 to group 7
[    5.866823] iommu: Adding device 0000:00:08.0 to group 8
[    5.867134] iommu: Adding device 0000:00:08.1 to group 9
[    5.867473] iommu: Adding device 0000:00:14.0 to group 10
[    5.867498] iommu: Adding device 0000:00:14.3 to group 10
[    5.867931] iommu: Adding device 0000:00:18.0 to group 11
[    5.867955] iommu: Adding device 0000:00:18.1 to group 11
[    5.867978] iommu: Adding device 0000:00:18.2 to group 11
[    5.868002] iommu: Adding device 0000:00:18.3 to group 11
[    5.868026] iommu: Adding device 0000:00:18.4 to group 11
[    5.868049] iommu: Adding device 0000:00:18.5 to group 11
[    5.868074] iommu: Adding device 0000:00:18.6 to group 11
[    5.868097] iommu: Adding device 0000:00:18.7 to group 11
[    5.868519] iommu: Adding device 0000:00:19.0 to group 12
[    5.868544] iommu: Adding device 0000:00:19.1 to group 12
[    5.868567] iommu: Adding device 0000:00:19.2 to group 12
[    5.868591] iommu: Adding device 0000:00:19.3 to group 12
[    5.868635] iommu: Adding device 0000:00:19.4 to group 12
[    5.868659] iommu: Adding device 0000:00:19.5 to group 12
[    5.868685] iommu: Adding device 0000:00:19.6 to group 12
[    5.868709] iommu: Adding device 0000:00:19.7 to group 12
[    5.869131] iommu: Adding device 0000:00:1a.0 to group 13
[    5.869156] iommu: Adding device 0000:00:1a.1 to group 13
[    5.869181] iommu: Adding device 0000:00:1a.2 to group 13
[    5.869205] iommu: Adding device 0000:00:1a.3 to group 13
[    5.869232] iommu: Adding device 0000:00:1a.4 to group 13
[    5.869256] iommu: Adding device 0000:00:1a.5 to group 13
[    5.869281] iommu: Adding device 0000:00:1a.6 to group 13
[    5.869307] iommu: Adding device 0000:00:1a.7 to group 13
[    5.869741] iommu: Adding device 0000:00:1b.0 to group 14
[    5.869767] iommu: Adding device 0000:00:1b.1 to group 14
[    5.869792] iommu: Adding device 0000:00:1b.2 to group 14
[    5.869817] iommu: Adding device 0000:00:1b.3 to group 14
[    5.869843] iommu: Adding device 0000:00:1b.4 to group 14
[    5.869868] iommu: Adding device 0000:00:1b.5 to group 14
[    5.869893] iommu: Adding device 0000:00:1b.6 to group 14
[    5.869920] iommu: Adding device 0000:00:1b.7 to group 14
[    5.870341] iommu: Adding device 0000:00:1c.0 to group 15
[    5.870367] iommu: Adding device 0000:00:1c.1 to group 15
[    5.870393] iommu: Adding device 0000:00:1c.2 to group 15
[    5.870419] iommu: Adding device 0000:00:1c.3 to group 15
[    5.870446] iommu: Adding device 0000:00:1c.4 to group 15
[    5.870471] iommu: Adding device 0000:00:1c.5 to group 15
[    5.870498] iommu: Adding device 0000:00:1c.6 to group 15
[    5.870524] iommu: Adding device 0000:00:1c.7 to group 15
[    5.870959] iommu: Adding device 0000:00:1d.0 to group 16
[    5.870986] iommu: Adding device 0000:00:1d.1 to group 16
[    5.871012] iommu: Adding device 0000:00:1d.2 to group 16
[    5.871038] iommu: Adding device 0000:00:1d.3 to group 16
[    5.871065] iommu: Adding device 0000:00:1d.4 to group 16
[    5.871091] iommu: Adding device 0000:00:1d.5 to group 16
[    5.871118] iommu: Adding device 0000:00:1d.6 to group 16
[    5.871145] iommu: Adding device 0000:00:1d.7 to group 16
[    5.871568] iommu: Adding device 0000:00:1e.0 to group 17
[    5.871606] iommu: Adding device 0000:00:1e.1 to group 17
[    5.871638] iommu: Adding device 0000:00:1e.2 to group 17
[    5.871666] iommu: Adding device 0000:00:1e.3 to group 17
[    5.871694] iommu: Adding device 0000:00:1e.4 to group 17
[    5.871721] iommu: Adding device 0000:00:1e.5 to group 17
[    5.871749] iommu: Adding device 0000:00:1e.6 to group 17
[    5.871776] iommu: Adding device 0000:00:1e.7 to group 17
[    5.872198] iommu: Adding device 0000:00:1f.0 to group 18
[    5.872226] iommu: Adding device 0000:00:1f.1 to group 18
[    5.872254] iommu: Adding device 0000:00:1f.2 to group 18
[    5.872282] iommu: Adding device 0000:00:1f.3 to group 18
[    5.872311] iommu: Adding device 0000:00:1f.4 to group 18
[    5.872339] iommu: Adding device 0000:00:1f.5 to group 18
[    5.872367] iommu: Adding device 0000:00:1f.6 to group 18
[    5.872395] iommu: Adding device 0000:00:1f.7 to group 18
[    5.872727] iommu: Adding device 0000:01:00.0 to group 19
[    5.872736] iommu: Adding device 0000:02:00.0 to group 19
[    5.873051] iommu: Adding device 0000:03:00.0 to group 20
[    5.873364] iommu: Adding device 0000:03:00.2 to group 21
[    5.873687] iommu: Adding device 0000:03:00.3 to group 22
[    5.874006] iommu: Adding device 0000:04:00.0 to group 23
[    5.874320] iommu: Adding device 0000:04:00.1 to group 24
[    5.874664] iommu: Adding device 0000:20:01.0 to group 25
[    5.874985] iommu: Adding device 0000:20:02.0 to group 26
[    5.875306] iommu: Adding device 0000:20:03.0 to group 27
[    5.875639] iommu: Adding device 0000:20:04.0 to group 28
[    5.875964] iommu: Adding device 0000:20:07.0 to group 29
[    5.876278] iommu: Adding device 0000:20:07.1 to group 30
[    5.876615] iommu: Adding device 0000:20:08.0 to group 31
[    5.876927] iommu: Adding device 0000:20:08.1 to group 32
[    5.877243] iommu: Adding device 0000:21:00.0 to group 33
[    5.877558] iommu: Adding device 0000:21:00.2 to group 34
[    5.877890] iommu: Adding device 0000:21:00.3 to group 35
[    5.878207] iommu: Adding device 0000:22:00.0 to group 36
[    5.878522] iommu: Adding device 0000:22:00.1 to group 37
[    5.878852] iommu: Adding device 0000:22:00.2 to group 38
[    5.879177] iommu: Adding device 0000:40:01.0 to group 39
[    5.879499] iommu: Adding device 0000:40:02.0 to group 40
[    5.879832] iommu: Adding device 0000:40:03.0 to group 41
[    5.880154] iommu: Adding device 0000:40:04.0 to group 42
[    5.880480] iommu: Adding device 0000:40:07.0 to group 43
[    5.880810] iommu: Adding device 0000:40:07.1 to group 44
[    5.881136] iommu: Adding device 0000:40:08.0 to group 45
[    5.881450] iommu: Adding device 0000:40:08.1 to group 46
[    5.881781] iommu: Adding device 0000:41:00.0 to group 47
[    5.882095] iommu: Adding device 0000:41:00.2 to group 48
[    5.882413] iommu: Adding device 0000:42:00.0 to group 49
[    5.882742] iommu: Adding device 0000:42:00.1 to group 50
[    5.883070] iommu: Adding device 0000:60:01.0 to group 51
[    5.883394] iommu: Adding device 0000:60:02.0 to group 52
[    5.883735] iommu: Adding device 0000:60:03.0 to group 53
[    5.884052] iommu: Adding device 0000:60:03.2 to group 54
[    5.884376] iommu: Adding device 0000:60:04.0 to group 55
[    5.884715] iommu: Adding device 0000:60:07.0 to group 56
[    5.885028] iommu: Adding device 0000:60:07.1 to group 57
[    5.885356] iommu: Adding device 0000:60:08.0 to group 58
[    5.885681] iommu: Adding device 0000:60:08.1 to group 59
