[    0.000000] Initializing cgroup subsys cpuset
[    0.000000] Initializing cgroup subsys cpu
[    0.000000] Initializing cgroup subsys cpuacct
[    0.000000] Linux version 3.10.0-693.el7.x86_64 (mockbuild@x86-038.build.eng.bos.redhat.com) (gcc version 4.8.5 20150623 (Red Hat 4.8.5-16) (GCC) ) #1 SMP Thu Jul 6 19:56:57 EDT 2017
[    0.000000] Command line: BOOT_IMAGE=/boot/vmlinuz-3.10.0-693.el7.x86_64 root=UUID=43cf8a9d-649e-48eb-9c54-ecf3f91878e5 ro crashkernel=auto rhgb quiet LANG=en_US.UTF-8
[    0.000000] e820: BIOS-provided physical RAM map:
[    0.000000] BIOS-e820: [mem 0x0000000000000000-0x000000000009ffff] usable
[    0.000000] BIOS-e820: [mem 0x00000000000a0000-0x00000000000fffff] reserved
[    0.000000] BIOS-e820: [mem 0x0000000000100000-0x0000000075daffff] usable
[    0.000000] BIOS-e820: [mem 0x0000000075db0000-0x0000000075ffffff] reserved
[    0.000000] BIOS-e820: [mem 0x0000000076000000-0x00000000c8dc8fff] usable
[    0.000000] BIOS-e820: [mem 0x00000000c8dc9000-0x00000000ca23dfff] reserved
[    0.000000] BIOS-e820: [mem 0x00000000ca23e000-0x00000000ca2f2fff] usable
[    0.000000] BIOS-e820: [mem 0x00000000ca2f3000-0x00000000ca67bfff] ACPI NVS
[    0.000000] BIOS-e820: [mem 0x00000000ca67c000-0x00000000cae68fff] reserved
[    0.000000] BIOS-e820: [mem 0x00000000cae69000-0x00000000cbffffff] usable
[    0.000000] BIOS-e820: [mem 0x00000000cc000000-0x00000000cfffffff] reserved
[    0.000000] BIOS-e820: [mem 0x00000000d5300000-0x00000000d547ffff] reserved
[    0.000000] BIOS-e820: [mem 0x00000000d54f0000-0x00000000d54f0fff] reserved
[    0.000000] BIOS-e820: [mem 0x00000000d5900000-0x00000000d5a7ffff] reserved
[    0.000000] BIOS-e820: [mem 0x00000000d5af0000-0x00000000d5af0fff] reserved
[    0.000000] BIOS-e820: [mem 0x00000000d5f00000-0x00000000d607ffff] reserved
[    0.000000] BIOS-e820: [mem 0x00000000d60f0000-0x00000000d60f0fff] reserved
[    0.000000] BIOS-e820: [mem 0x00000000d6500000-0x00000000d667ffff] reserved
[    0.000000] BIOS-e820: [mem 0x00000000d66f0000-0x00000000d66f0fff] reserved
[    0.000000] BIOS-e820: [mem 0x00000000d6b00000-0x00000000d6c7ffff] reserved
[    0.000000] BIOS-e820: [mem 0x00000000d6cf0000-0x00000000d6cf0fff] reserved
[    0.000000] BIOS-e820: [mem 0x00000000d7200000-0x00000000d737ffff] reserved
[    0.000000] BIOS-e820: [mem 0x00000000d73f0000-0x00000000d73f0fff] reserved
[    0.000000] BIOS-e820: [mem 0x00000000d7800000-0x00000000d797ffff] reserved
[    0.000000] BIOS-e820: [mem 0x00000000d79f0000-0x00000000d79f0fff] reserved
[    0.000000] BIOS-e820: [mem 0x00000000d7f00000-0x00000000d7f7ffff] reserved
[    0.000000] BIOS-e820: [mem 0x00000000d7ff0000-0x00000000d7ff0fff] reserved
[    0.000000] BIOS-e820: [mem 0x00000000fea00000-0x00000000feafffff] reserved
[    0.000000] BIOS-e820: [mem 0x00000000fec00000-0x00000000fec00fff] reserved
[    0.000000] BIOS-e820: [mem 0x00000000fec10000-0x00000000fec10fff] reserved
[    0.000000] BIOS-e820: [mem 0x00000000fed00000-0x00000000fed00fff] reserved
[    0.000000] BIOS-e820: [mem 0x00000000fed40000-0x00000000fed44fff] reserved
[    0.000000] BIOS-e820: [mem 0x00000000fed80000-0x00000000fed8ffff] reserved
[    0.000000] BIOS-e820: [mem 0x00000000fedc0000-0x00000000fedc0fff] reserved
[    0.000000] BIOS-e820: [mem 0x00000000fedc2000-0x00000000fedc5fff] reserved
[    0.000000] BIOS-e820: [mem 0x00000000fedc7000-0x00000000fedc7fff] reserved
[    0.000000] BIOS-e820: [mem 0x00000000fedc9000-0x00000000fedcafff] reserved
[    0.000000] BIOS-e820: [mem 0x00000000fee00000-0x00000000feefffff] reserved
[    0.000000] BIOS-e820: [mem 0x00000000ff000000-0x00000000ffffffff] reserved
[    0.000000] BIOS-e820: [mem 0x0000000100000000-0x000000102f37ffff] usable
[    0.000000] BIOS-e820: [mem 0x000000102f380000-0x000000102fffffff] reserved
[    0.000000] BIOS-e820: [mem 0x0000001030000000-0x000000202ff7ffff] usable
[    0.000000] BIOS-e820: [mem 0x000000202ff80000-0x000000202fffffff] reserved
[    0.000000] BIOS-e820: [mem 0x0000002030000000-0x000000302ff7ffff] usable
[    0.000000] BIOS-e820: [mem 0x000000302ff80000-0x000000302fffffff] reserved
[    0.000000] BIOS-e820: [mem 0x0000003030000000-0x000000402ff7ffff] usable
[    0.000000] BIOS-e820: [mem 0x000000402ff80000-0x000000402fffffff] reserved
[    0.000000] BIOS-e820: [mem 0x0000004030000000-0x000000502ff7ffff] usable
[    0.000000] BIOS-e820: [mem 0x000000502ff80000-0x000000502fffffff] reserved
[    0.000000] BIOS-e820: [mem 0x0000005030000000-0x000000602ff7ffff] usable
[    0.000000] BIOS-e820: [mem 0x000000602ff80000-0x000000602fffffff] reserved
[    0.000000] BIOS-e820: [mem 0x0000006030000000-0x000000702ff7ffff] usable
[    0.000000] BIOS-e820: [mem 0x000000702ff80000-0x000000702fffffff] reserved
[    0.000000] BIOS-e820: [mem 0x0000007030000000-0x000000802ff7ffff] usable
[    0.000000] BIOS-e820: [mem 0x000000802ff80000-0x000000802fffffff] reserved
[    0.000000] NX (Execute Disable) protection: active
[    0.000000] e820: update [mem 0x93809018-0x93819857] usable ==> usable
[    0.000000] e820: update [mem 0x937d8018-0x93808457] usable ==> usable
[    0.000000] extended physical RAM map:
[    0.000000] reserve setup_data: [mem 0x0000000000000000-0x000000000009ffff] usable
[    0.000000] reserve setup_data: [mem 0x00000000000a0000-0x00000000000fffff] reserved
[    0.000000] reserve setup_data: [mem 0x0000000000100000-0x0000000075daffff] usable
[    0.000000] reserve setup_data: [mem 0x0000000075db0000-0x0000000075ffffff] reserved
[    0.000000] reserve setup_data: [mem 0x0000000076000000-0x00000000937d8017] usable
[    0.000000] reserve setup_data: [mem 0x00000000937d8018-0x0000000093808457] usable
[    0.000000] reserve setup_data: [mem 0x0000000093808458-0x0000000093809017] usable
[    0.000000] reserve setup_data: [mem 0x0000000093809018-0x0000000093819857] usable
[    0.000000] reserve setup_data: [mem 0x0000000093819858-0x00000000c8dc8fff] usable
[    0.000000] reserve setup_data: [mem 0x00000000c8dc9000-0x00000000ca23dfff] reserved
[    0.000000] reserve setup_data: [mem 0x00000000ca23e000-0x00000000ca2f2fff] usable
[    0.000000] reserve setup_data: [mem 0x00000000ca2f3000-0x00000000ca67bfff] ACPI NVS
[    0.000000] reserve setup_data: [mem 0x00000000ca67c000-0x00000000cae68fff] reserved
[    0.000000] reserve setup_data: [mem 0x00000000cae69000-0x00000000cbffffff] usable
[    0.000000] reserve setup_data: [mem 0x00000000cc000000-0x00000000cfffffff] reserved
[    0.000000] reserve setup_data: [mem 0x00000000d5300000-0x00000000d547ffff] reserved
[    0.000000] reserve setup_data: [mem 0x00000000d54f0000-0x00000000d54f0fff] reserved
[    0.000000] reserve setup_data: [mem 0x00000000d5900000-0x00000000d5a7ffff] reserved
[    0.000000] reserve setup_data: [mem 0x00000000d5af0000-0x00000000d5af0fff] reserved
[    0.000000] reserve setup_data: [mem 0x00000000d5f00000-0x00000000d607ffff] reserved
[    0.000000] reserve setup_data: [mem 0x00000000d60f0000-0x00000000d60f0fff] reserved
[    0.000000] reserve setup_data: [mem 0x00000000d6500000-0x00000000d667ffff] reserved
[    0.000000] reserve setup_data: [mem 0x00000000d66f0000-0x00000000d66f0fff] reserved
[    0.000000] reserve setup_data: [mem 0x00000000d6b00000-0x00000000d6c7ffff] reserved
[    0.000000] reserve setup_data: [mem 0x00000000d6cf0000-0x00000000d6cf0fff] reserved
[    0.000000] reserve setup_data: [mem 0x00000000d7200000-0x00000000d737ffff] reserved
[    0.000000] reserve setup_data: [mem 0x00000000d73f0000-0x00000000d73f0fff] reserved
[    0.000000] reserve setup_data: [mem 0x00000000d7800000-0x00000000d797ffff] reserved
[    0.000000] reserve setup_data: [mem 0x00000000d79f0000-0x00000000d79f0fff] reserved
[    0.000000] reserve setup_data: [mem 0x00000000d7f00000-0x00000000d7f7ffff] reserved
[    0.000000] reserve setup_data: [mem 0x00000000d7ff0000-0x00000000d7ff0fff] reserved
[    0.000000] reserve setup_data: [mem 0x00000000fea00000-0x00000000feafffff] reserved
[    0.000000] reserve setup_data: [mem 0x00000000fec00000-0x00000000fec00fff] reserved
[    0.000000] reserve setup_data: [mem 0x00000000fec10000-0x00000000fec10fff] reserved
[    0.000000] reserve setup_data: [mem 0x00000000fed00000-0x00000000fed00fff] reserved
[    0.000000] reserve setup_data: [mem 0x00000000fed40000-0x00000000fed44fff] reserved
[    0.000000] reserve setup_data: [mem 0x00000000fed80000-0x00000000fed8ffff] reserved
[    0.000000] reserve setup_data: [mem 0x00000000fedc0000-0x00000000fedc0fff] reserved
[    0.000000] reserve setup_data: [mem 0x00000000fedc2000-0x00000000fedc5fff] reserved
[    0.000000] reserve setup_data: [mem 0x00000000fedc7000-0x00000000fedc7fff] reserved
[    0.000000] reserve setup_data: [mem 0x00000000fedc9000-0x00000000fedcafff] reserved
[    0.000000] reserve setup_data: [mem 0x00000000fee00000-0x00000000feefffff] reserved
[    0.000000] reserve setup_data: [mem 0x00000000ff000000-0x00000000ffffffff] reserved
[    0.000000] reserve setup_data: [mem 0x0000000100000000-0x000000102f37ffff] usable
[    0.000000] reserve setup_data: [mem 0x000000102f380000-0x000000102fffffff] reserved
[    0.000000] reserve setup_data: [mem 0x0000001030000000-0x000000202ff7ffff] usable
[    0.000000] reserve setup_data: [mem 0x000000202ff80000-0x000000202fffffff] reserved
[    0.000000] reserve setup_data: [mem 0x0000002030000000-0x000000302ff7ffff] usable
[    0.000000] reserve setup_data: [mem 0x000000302ff80000-0x000000302fffffff] reserved
[    0.000000] reserve setup_data: [mem 0x0000003030000000-0x000000402ff7ffff] usable
[    0.000000] reserve setup_data: [mem 0x000000402ff80000-0x000000402fffffff] reserved
[    0.000000] reserve setup_data: [mem 0x0000004030000000-0x000000502ff7ffff] usable
[    0.000000] reserve setup_data: [mem 0x000000502ff80000-0x000000502fffffff] reserved
[    0.000000] reserve setup_data: [mem 0x0000005030000000-0x000000602ff7ffff] usable
[    0.000000] reserve setup_data: [mem 0x000000602ff80000-0x000000602fffffff] reserved
[    0.000000] reserve setup_data: [mem 0x0000006030000000-0x000000702ff7ffff] usable
[    0.000000] reserve setup_data: [mem 0x000000702ff80000-0x000000702fffffff] reserved
[    0.000000] reserve setup_data: [mem 0x0000007030000000-0x000000802ff7ffff] usable
[    0.000000] reserve setup_data: [mem 0x000000802ff80000-0x000000802fffffff] reserved
[    0.000000] efi: EFI v2.60 by American Megatrends
[    0.000000] efi:  ACPI 2.0=0xca2f3000  ACPI=0xca2f3000  SMBIOS=0xcacea000  SMBIOS 3.0=0xcace9000  MPS=0xfca90  ESRT=0xc607b698 
[    0.000000] efi: mem00: type=3, attr=0xf, range=[0x0000000000000000-0x0000000000008000) (0MB)
[    0.000000] efi: mem01: type=2, attr=0xf, range=[0x0000000000008000-0x0000000000009000) (0MB)
[    0.000000] efi: mem02: type=7, attr=0xf, range=[0x0000000000009000-0x000000000003f000) (0MB)
[    0.000000] efi: mem03: type=4, attr=0xf, range=[0x000000000003f000-0x0000000000040000) (0MB)
[    0.000000] efi: mem04: type=3, attr=0xf, range=[0x0000000000040000-0x00000000000a0000) (0MB)
[    0.000000] efi: mem05: type=7, attr=0xf, range=[0x0000000000100000-0x0000000001000000) (15MB)
[    0.000000] efi: mem06: type=4, attr=0xf, range=[0x0000000001000000-0x0000000001020000) (0MB)
[    0.000000] efi: mem07: type=7, attr=0xf, range=[0x0000000001020000-0x0000000001200000) (1MB)
[    0.000000] efi: mem08: type=2, attr=0xf, range=[0x0000000001200000-0x0000000002611000) (20MB)
[    0.000000] efi: mem09: type=7, attr=0xf, range=[0x0000000002611000-0x0000000030000000) (729MB)
[    0.000000] efi: mem10: type=4, attr=0xf, range=[0x0000000030000000-0x0000000030076000) (0MB)
[    0.000000] efi: mem11: type=7, attr=0xf, range=[0x0000000030076000-0x000000003d15e000) (208MB)
[    0.000000] efi: mem12: type=2, attr=0xf, range=[0x000000003d15e000-0x0000000040000000) (46MB)
[    0.000000] efi: mem13: type=7, attr=0xf, range=[0x0000000040000000-0x0000000075db0000) (861MB)
[    0.000000] efi: mem14: type=0, attr=0xf, range=[0x0000000075db0000-0x0000000076000000) (2MB)
[    0.000000] efi: mem15: type=7, attr=0xf, range=[0x0000000076000000-0x00000000937d8000) (471MB)
[    0.000000] efi: mem16: type=2, attr=0xf, range=[0x00000000937d8000-0x00000000c4a85000) (786MB)
[    0.000000] efi: mem17: type=7, attr=0xf, range=[0x00000000c4a85000-0x00000000c4a8a000) (0MB)
[    0.000000] efi: mem18: type=2, attr=0xf, range=[0x00000000c4a8a000-0x00000000c4a8b000) (0MB)
[    0.000000] efi: mem19: type=1, attr=0xf, range=[0x00000000c4a8b000-0x00000000c4b8b000) (1MB)
[    0.000000] efi: mem20: type=2, attr=0xf, range=[0x00000000c4b8b000-0x00000000c4c8d000) (1MB)
[    0.000000] efi: mem21: type=1, attr=0xf, range=[0x00000000c4c8d000-0x00000000c4dad000) (1MB)
[    0.000000] efi: mem22: type=4, attr=0xf, range=[0x00000000c4dad000-0x00000000c87c9000) (58MB)
[    0.000000] efi: mem23: type=7, attr=0xf, range=[0x00000000c87c9000-0x00000000c8a24000) (2MB)
[    0.000000] efi: mem24: type=3, attr=0xf, range=[0x00000000c8a24000-0x00000000c8dc9000) (3MB)
[    0.000000] efi: mem25: type=0, attr=0xf, range=[0x00000000c8dc9000-0x00000000ca23e000) (20MB)
[    0.000000] efi: mem26: type=7, attr=0xf, range=[0x00000000ca23e000-0x00000000ca2f3000) (0MB)
[    0.000000] efi: mem27: type=10, attr=0xf, range=[0x00000000ca2f3000-0x00000000ca67c000) (3MB)
[    0.000000] efi: mem28: type=6, attr=0x800000000000000f, range=[0x00000000ca67c000-0x00000000cad96000) (7MB)
[    0.000000] efi: mem29: type=5, attr=0x800000000000000f, range=[0x00000000cad96000-0x00000000cae69000) (0MB)
[    0.000000] efi: mem30: type=4, attr=0xf, range=[0x00000000cae69000-0x00000000cc000000) (17MB)
[    0.000000] efi: mem31: type=7, attr=0xf, range=[0x0000000100000000-0x000000102f380000) (62195MB)
[    0.000000] efi: mem32: type=7, attr=0xf, range=[0x0000001030000000-0x000000202ff80000) (65535MB)
[    0.000000] efi: mem33: type=7, attr=0xf, range=[0x0000002030000000-0x000000302ff80000) (65535MB)
[    0.000000] efi: mem34: type=7, attr=0xf, range=[0x0000003030000000-0x000000402ff80000) (65535MB)
[    0.000000] efi: mem35: type=7, attr=0xf, range=[0x0000004030000000-0x000000502ff80000) (65535MB)
[    0.000000] efi: mem36: type=7, attr=0xf, range=[0x0000005030000000-0x000000602ff80000) (65535MB)
[    0.000000] efi: mem37: type=7, attr=0xf, range=[0x0000006030000000-0x000000702ff80000) (65535MB)
[    0.000000] efi: mem38: type=7, attr=0xf, range=[0x0000007030000000-0x000000802ff80000) (65535MB)
[    0.000000] efi: mem39: type=0, attr=0xf, range=[0x00000000000a0000-0x0000000000100000) (0MB)
[    0.000000] efi: mem40: type=0, attr=0xf, range=[0x00000000cc000000-0x00000000d0000000) (64MB)
[    0.000000] efi: mem41: type=11, attr=0x800000000000100f, range=[0x00000000d5300000-0x00000000d5480000) (1MB)
[    0.000000] efi: mem42: type=11, attr=0x800000000000100f, range=[0x00000000d54f0000-0x00000000d54f1000) (0MB)
[    0.000000] efi: mem43: type=11, attr=0x800000000000100f, range=[0x00000000d5900000-0x00000000d5a80000) (1MB)
[    0.000000] efi: mem44: type=11, attr=0x800000000000100f, range=[0x00000000d5af0000-0x00000000d5af1000) (0MB)
[    0.000000] efi: mem45: type=11, attr=0x800000000000100f, range=[0x00000000d5f00000-0x00000000d6080000) (1MB)
[    0.000000] efi: mem46: type=11, attr=0x800000000000100f, range=[0x00000000d60f0000-0x00000000d60f1000) (0MB)
[    0.000000] efi: mem47: type=11, attr=0x800000000000100f, range=[0x00000000d6500000-0x00000000d6680000) (1MB)
[    0.000000] efi: mem48: type=11, attr=0x800000000000100f, range=[0x00000000d66f0000-0x00000000d66f1000) (0MB)
[    0.000000] efi: mem49: type=11, attr=0x800000000000100f, range=[0x00000000d6b00000-0x00000000d6c80000) (1MB)
[    0.000000] efi: mem50: type=11, attr=0x800000000000100f, range=[0x00000000d6cf0000-0x00000000d6cf1000) (0MB)
[    0.000000] efi: mem51: type=11, attr=0x800000000000100f, range=[0x00000000d7200000-0x00000000d7380000) (1MB)
[    0.000000] efi: mem52: type=11, attr=0x800000000000100f, range=[0x00000000d73f0000-0x00000000d73f1000) (0MB)
[    0.000000] efi: mem53: type=11, attr=0x800000000000100f, range=[0x00000000d7800000-0x00000000d7980000) (1MB)
[    0.000000] efi: mem54: type=11, attr=0x800000000000100f, range=[0x00000000d79f0000-0x00000000d79f1000) (0MB)
[    0.000000] efi: mem55: type=11, attr=0x800000000000100f, range=[0x00000000d7f00000-0x00000000d7f80000) (0MB)
[    0.000000] efi: mem56: type=11, attr=0x800000000000100f, range=[0x00000000d7ff0000-0x00000000d7ff1000) (0MB)
[    0.000000] efi: mem57: type=11, attr=0x800000000000100d, range=[0x00000000fea00000-0x00000000feb00000) (1MB)
[    0.000000] efi: mem58: type=11, attr=0x800000000000100d, range=[0x00000000fec00000-0x00000000fec01000) (0MB)
[    0.000000] efi: mem59: type=11, attr=0x800000000000100d, range=[0x00000000fec10000-0x00000000fec11000) (0MB)
[    0.000000] efi: mem60: type=11, attr=0x800000000000100d, range=[0x00000000fed00000-0x00000000fed01000) (0MB)
[    0.000000] efi: mem61: type=11, attr=0x800000000000100d, range=[0x00000000fed40000-0x00000000fed45000) (0MB)
[    0.000000] efi: mem62: type=11, attr=0x800000000000100d, range=[0x00000000fed80000-0x00000000fed90000) (0MB)
[    0.000000] efi: mem63: type=11, attr=0x800000000000100d, range=[0x00000000fedc0000-0x00000000fedc1000) (0MB)
[    0.000000] efi: mem64: type=11, attr=0x800000000000100d, range=[0x00000000fedc2000-0x00000000fedc6000) (0MB)
[    0.000000] efi: mem65: type=11, attr=0x800000000000100d, range=[0x00000000fedc7000-0x00000000fedc8000) (0MB)
[    0.000000] efi: mem66: type=11, attr=0x800000000000100d, range=[0x00000000fedc9000-0x00000000fedcb000) (0MB)
[    0.000000] efi: mem67: type=11, attr=0x800000000000100d, range=[0x00000000fee00000-0x00000000fef00000) (1MB)
[    0.000000] efi: mem68: type=11, attr=0x800000000000100d, range=[0x00000000ff000000-0x0000000100000000) (16MB)
[    0.000000] efi: mem69: type=0, attr=0xf, range=[0x000000102f380000-0x0000001030000000) (12MB)
[    0.000000] efi: mem70: type=0, attr=0xf, range=[0x000000202ff80000-0x0000002030000000) (0MB)
[    0.000000] efi: mem71: type=0, attr=0xf, range=[0x000000302ff80000-0x0000003030000000) (0MB)
[    0.000000] efi: mem72: type=0, attr=0xf, range=[0x000000402ff80000-0x0000004030000000) (0MB)
[    0.000000] efi: mem73: type=0, attr=0xf, range=[0x000000502ff80000-0x0000005030000000) (0MB)
[    0.000000] efi: mem74: type=0, attr=0xf, range=[0x000000602ff80000-0x0000006030000000) (0MB)
[    0.000000] efi: mem75: type=0, attr=0xf, range=[0x000000702ff80000-0x0000007030000000) (0MB)
[    0.000000] efi: mem76: type=0, attr=0xf, range=[0x000000802ff80000-0x0000008030000000) (0MB)
[    0.000000] esrt: Reserving ESRT space from 0x00000000c607b698 to 0x00000000c607b6d0.
[    0.000000] SMBIOS 3.1.1 present.
[    0.000000] e820: update [mem 0x00000000-0x00000fff] usable ==> reserved
[    0.000000] e820: remove [mem 0x000a0000-0x000fffff] usable
[    0.000000] e820: last_pfn = 0x802ff80 max_arch_pfn = 0x400000000
[    0.000000] MTRR default type: uncachable
[    0.000000] MTRR fixed ranges enabled:
[    0.000000]   00000-9FFFF write-back
[    0.000000]   A0000-BFFFF write-through
[    0.000000]   C0000-FFFFF write-protect
[    0.000000] MTRR variable ranges enabled:
[    0.000000]   0 base 000000000000 mask FFFF80000000 write-back
[    0.000000]   1 base 000080000000 mask FFFFC0000000 write-back
[    0.000000]   2 base 0000C0000000 mask FFFFF0000000 write-back
[    0.000000]   3 base 0000CC000000 mask FFFFFC000000 uncachable
[    0.000000]   4 disabled
[    0.000000]   5 disabled
[    0.000000]   6 disabled
[    0.000000]   7 disabled
[    0.000000] TOM2: 0000008030000000 aka 525056M
[    0.000000] x86 PAT enabled: cpu 0, old 0x7040600070406, new 0x7010600070106
[    0.000000] original variable MTRRs
[    0.000000] reg 0, base: 0GB, range: 2GB, type WB
[    0.000000] reg 1, base: 2GB, range: 1GB, type WB
[    0.000000] reg 2, base: 3GB, range: 256MB, type WB
[    0.000000] reg 3, base: 3264MB, range: 64MB, type UC
[    0.000000] total RAM covered: 3264M
[    0.000000] Found optimal setting for mtrr clean up
[    0.000000]  gran_size: 64K 	chunk_size: 64K 	num_reg: 4  	lose cover RAM: 0G
[    0.000000] New variable MTRRs
[    0.000000] reg 0, base: 0GB, range: 2GB, type WB
[    0.000000] reg 1, base: 2GB, range: 1GB, type WB
[    0.000000] reg 2, base: 3GB, range: 128MB, type WB
[    0.000000] reg 3, base: 3200MB, range: 64MB, type WB
[    0.000000] e820: update [mem 0xcc000000-0xffffffff] usable ==> reserved
[    0.000000] e820: last_pfn = 0xcc000 max_arch_pfn = 0x400000000
[    0.000000] found SMP MP-table at [mem 0x000fd4e0-0x000fd4ef] mapped at [ffff8800000fd4e0]
[    0.000000] Base memory trampoline at [ffff880000093000] 93000 size 24576
[    0.000000] Using GB pages for direct mapping
[    0.000000] BRK [0x021e9000, 0x021e9fff] PGTABLE
[    0.000000] BRK [0x021ea000, 0x021eafff] PGTABLE
[    0.000000] BRK [0x021eb000, 0x021ebfff] PGTABLE
[    0.000000] BRK [0x021ec000, 0x021ecfff] PGTABLE
[    0.000000] BRK [0x021ed000, 0x021edfff] PGTABLE
[    0.000000] BRK [0x021ee000, 0x021eefff] PGTABLE
[    0.000000] BRK [0x021ef000, 0x021effff] PGTABLE
[    0.000000] BRK [0x021f0000, 0x021f0fff] PGTABLE
[    0.000000] BRK [0x021f1000, 0x021f1fff] PGTABLE
[    0.000000] BRK [0x021f2000, 0x021f2fff] PGTABLE
[    0.000000] BRK [0x021f3000, 0x021f3fff] PGTABLE
[    0.000000] BRK [0x021f4000, 0x021f4fff] PGTABLE
[    0.000000] RAMDISK: [mem 0x3d15e000-0x3ebecfff]
[    0.000000] Early table checksum verification disabled
[    0.000000] ACPI: RSDP 00000000ca2f3000 00024 (v02    AMD)
[    0.000000] ACPI: XSDT 00000000ca2f30b0 000E4 (v01    AMD SPEEDWAY 03242016 AMI  00010013)
[    0.000000] ACPI: FACP 00000000ca2fe298 00114 (v06    AMD SPEEDWAY 03242016 AMI  00010013)
[    0.000000] ACPI: DSDT 00000000ca2f3230 0B061 (v02    AMD SPEEDWAY 03242016 INTL 20120913)
[    0.000000] ACPI: FACS 00000000ca67be80 00040
[    0.000000] ACPI: APIC 00000000ca2fe3b0 004B2 (v04    AMD SPEEDWAY 03242016 AMI  00010013)
[    0.000000] ACPI: FPDT 00000000ca2fe868 00044 (v01    AMD SPEEDWAY 03242016 AMI  00010013)
[    0.000000] ACPI: FIDT 00000000ca2fe8b0 0009C (v01    AMD SPEEDWAY 03242016 AMI  00010013)
[    0.000000] ACPI: SSDT 00000000ca2fe950 000D2 (v02    AMD AMD ALIB 00000002 MSFT 04000000)
[    0.000000] ACPI: SPMI 00000000ca2fea28 00041 (v05    AMD SPEEDWAY 00000000 AMI. 00000000)
[    0.000000] ACPI: SSDT 00000000ca2fea70 006AC (v02    AMD  CPUSSDT 03242016 AMI  03242016)
[    0.000000] ACPI: MCFG 00000000ca2ff120 0003C (v01    AMD SPEEDWAY 03242016 MSFT 00010013)
[    0.000000] ACPI: SSDT 00000000ca2ff160 117A4 (v01    AMD  AMD CPU 00000001 AMD  00000001)
[    0.000000] ACPI: SRAT 00000000ca310908 00998 (v03    AMD AMD SRAT 00000001 AMD  00000001)
[    0.000000] ACPI: MSCT 00000000ca3112a0 0004E (v01    AMD AMD MSCT 00000000 AMD  00000001)
[    0.000000] ACPI: SLIT 00000000ca3112f0 0006C (v01    AMD AMD SLIT 00000001 AMD  00000001)
[    0.000000] ACPI: CRAT 00000000ca311360 07700 (v01    AMD AMD CRAT 00000001 AMD  00000001)
[    0.000000] ACPI: CDIT 00000000ca318a60 00068 (v01    AMD AMD CDIT 00000001 AMD  00000001)
[    0.000000] ACPI: BERT 00000000ca318ac8 00030 (v01 AMD    AMD BERT 00000001 AMD  00000001)
[    0.000000] ACPI: EINJ 00000000ca318af8 00150 (v01 AMD    AMD EINJ 00000001 AMD  00000001)
[    0.000000] ACPI: HEST 00000000ca318c48 00608 (v01 AMD    AMD HEST 00000001 AMD  00000001)
[    0.000000] ACPI: HPET 00000000ca319250 00038 (v01    AMD SPEEDWAY 03242016 AMI  00000005)
[    0.000000] ACPI: SSDT 00000000ca319288 00024 (v01 AMDFCH    FCHZP 00001000 INTL 20120913)
[    0.000000] ACPI: UEFI 00000000ca3192b0 00042 (v01                 00000000      00000000)
[    0.000000] ACPI: BGRT 00000000ca3192f8 00038 (v01    AMD SPEEDWAY 03242016 AMI  00010013)
[    0.000000] ACPI: IVRS 00000000ca319330 00370 (v02    AMD AMD IVRS 00000001 AMD  00000000)
[    0.000000] ACPI: SSDT 00000000ca3196a0 01630 (v01    AMD   CPMCMN 00000001 INTL 20120913)
[    0.000000] ACPI: WSMT 00000000ca31acd0 00028 (v01    AMD SPEEDWAY 03242016 AMI  00010013)
[    0.000000] ACPI: Local APIC address 0xfee00000
[    0.000000] SRAT: PXM 0 -> APIC 0x00 -> Node 0
[    0.000000] SRAT: PXM 0 -> APIC 0x01 -> Node 0
[    0.000000] SRAT: PXM 0 -> APIC 0x02 -> Node 0
[    0.000000] SRAT: PXM 0 -> APIC 0x03 -> Node 0
[    0.000000] SRAT: PXM 0 -> APIC 0x04 -> Node 0
[    0.000000] SRAT: PXM 0 -> APIC 0x05 -> Node 0
[    0.000000] SRAT: PXM 0 -> APIC 0x06 -> Node 0
[    0.000000] SRAT: PXM 0 -> APIC 0x07 -> Node 0
[    0.000000] SRAT: PXM 0 -> APIC 0x08 -> Node 0
[    0.000000] SRAT: PXM 0 -> APIC 0x09 -> Node 0
[    0.000000] SRAT: PXM 0 -> APIC 0x0a -> Node 0
[    0.000000] SRAT: PXM 0 -> APIC 0x0b -> Node 0
[    0.000000] SRAT: PXM 0 -> APIC 0x0c -> Node 0
[    0.000000] SRAT: PXM 0 -> APIC 0x0d -> Node 0
[    0.000000] SRAT: PXM 0 -> APIC 0x0e -> Node 0
[    0.000000] SRAT: PXM 0 -> APIC 0x0f -> Node 0
[    0.000000] SRAT: PXM 1 -> APIC 0x10 -> Node 1
[    0.000000] SRAT: PXM 1 -> APIC 0x11 -> Node 1
[    0.000000] SRAT: PXM 1 -> APIC 0x12 -> Node 1
[    0.000000] SRAT: PXM 1 -> APIC 0x13 -> Node 1
[    0.000000] SRAT: PXM 1 -> APIC 0x14 -> Node 1
[    0.000000] SRAT: PXM 1 -> APIC 0x15 -> Node 1
[    0.000000] SRAT: PXM 1 -> APIC 0x16 -> Node 1
[    0.000000] SRAT: PXM 1 -> APIC 0x17 -> Node 1
[    0.000000] SRAT: PXM 1 -> APIC 0x18 -> Node 1
[    0.000000] SRAT: PXM 1 -> APIC 0x19 -> Node 1
[    0.000000] SRAT: PXM 1 -> APIC 0x1a -> Node 1
[    0.000000] SRAT: PXM 1 -> APIC 0x1b -> Node 1
[    0.000000] SRAT: PXM 1 -> APIC 0x1c -> Node 1
[    0.000000] SRAT: PXM 1 -> APIC 0x1d -> Node 1
[    0.000000] SRAT: PXM 1 -> APIC 0x1e -> Node 1
[    0.000000] SRAT: PXM 1 -> APIC 0x1f -> Node 1
[    0.000000] SRAT: PXM 2 -> APIC 0x20 -> Node 2
[    0.000000] SRAT: PXM 2 -> APIC 0x21 -> Node 2
[    0.000000] SRAT: PXM 2 -> APIC 0x22 -> Node 2
[    0.000000] SRAT: PXM 2 -> APIC 0x23 -> Node 2
[    0.000000] SRAT: PXM 2 -> APIC 0x24 -> Node 2
[    0.000000] SRAT: PXM 2 -> APIC 0x25 -> Node 2
[    0.000000] SRAT: PXM 2 -> APIC 0x26 -> Node 2
[    0.000000] SRAT: PXM 2 -> APIC 0x27 -> Node 2
[    0.000000] SRAT: PXM 2 -> APIC 0x28 -> Node 2
[    0.000000] SRAT: PXM 2 -> APIC 0x29 -> Node 2
[    0.000000] SRAT: PXM 2 -> APIC 0x2a -> Node 2
[    0.000000] SRAT: PXM 2 -> APIC 0x2b -> Node 2
[    0.000000] SRAT: PXM 2 -> APIC 0x2c -> Node 2
[    0.000000] SRAT: PXM 2 -> APIC 0x2d -> Node 2
[    0.000000] SRAT: PXM 2 -> APIC 0x2e -> Node 2
[    0.000000] SRAT: PXM 2 -> APIC 0x2f -> Node 2
[    0.000000] SRAT: PXM 3 -> APIC 0x30 -> Node 3
[    0.000000] SRAT: PXM 3 -> APIC 0x31 -> Node 3
[    0.000000] SRAT: PXM 3 -> APIC 0x32 -> Node 3
[    0.000000] SRAT: PXM 3 -> APIC 0x33 -> Node 3
[    0.000000] SRAT: PXM 3 -> APIC 0x34 -> Node 3
[    0.000000] SRAT: PXM 3 -> APIC 0x35 -> Node 3
[    0.000000] SRAT: PXM 3 -> APIC 0x36 -> Node 3
[    0.000000] SRAT: PXM 3 -> APIC 0x37 -> Node 3
[    0.000000] SRAT: PXM 3 -> APIC 0x38 -> Node 3
[    0.000000] SRAT: PXM 3 -> APIC 0x39 -> Node 3
[    0.000000] SRAT: PXM 3 -> APIC 0x3a -> Node 3
[    0.000000] SRAT: PXM 3 -> APIC 0x3b -> Node 3
[    0.000000] SRAT: PXM 3 -> APIC 0x3c -> Node 3
[    0.000000] SRAT: PXM 3 -> APIC 0x3d -> Node 3
[    0.000000] SRAT: PXM 3 -> APIC 0x3e -> Node 3
[    0.000000] SRAT: PXM 3 -> APIC 0x3f -> Node 3
[    0.000000] SRAT: PXM 4 -> APIC 0x40 -> Node 4
[    0.000000] SRAT: PXM 4 -> APIC 0x41 -> Node 4
[    0.000000] SRAT: PXM 4 -> APIC 0x42 -> Node 4
[    0.000000] SRAT: PXM 4 -> APIC 0x43 -> Node 4
[    0.000000] SRAT: PXM 4 -> APIC 0x44 -> Node 4
[    0.000000] SRAT: PXM 4 -> APIC 0x45 -> Node 4
[    0.000000] SRAT: PXM 4 -> APIC 0x46 -> Node 4
[    0.000000] SRAT: PXM 4 -> APIC 0x47 -> Node 4
[    0.000000] SRAT: PXM 4 -> APIC 0x48 -> Node 4
[    0.000000] SRAT: PXM 4 -> APIC 0x49 -> Node 4
[    0.000000] SRAT: PXM 4 -> APIC 0x4a -> Node 4
[    0.000000] SRAT: PXM 4 -> APIC 0x4b -> Node 4
[    0.000000] SRAT: PXM 4 -> APIC 0x4c -> Node 4
[    0.000000] SRAT: PXM 4 -> APIC 0x4d -> Node 4
[    0.000000] SRAT: PXM 4 -> APIC 0x4e -> Node 4
[    0.000000] SRAT: PXM 4 -> APIC 0x4f -> Node 4
[    0.000000] SRAT: PXM 5 -> APIC 0x50 -> Node 5
[    0.000000] SRAT: PXM 5 -> APIC 0x51 -> Node 5
[    0.000000] SRAT: PXM 5 -> APIC 0x52 -> Node 5
[    0.000000] SRAT: PXM 5 -> APIC 0x53 -> Node 5
[    0.000000] SRAT: PXM 5 -> APIC 0x54 -> Node 5
[    0.000000] SRAT: PXM 5 -> APIC 0x55 -> Node 5
[    0.000000] SRAT: PXM 5 -> APIC 0x56 -> Node 5
[    0.000000] SRAT: PXM 5 -> APIC 0x57 -> Node 5
[    0.000000] SRAT: PXM 5 -> APIC 0x58 -> Node 5
[    0.000000] SRAT: PXM 5 -> APIC 0x59 -> Node 5
[    0.000000] SRAT: PXM 5 -> APIC 0x5a -> Node 5
[    0.000000] SRAT: PXM 5 -> APIC 0x5b -> Node 5
[    0.000000] SRAT: PXM 5 -> APIC 0x5c -> Node 5
[    0.000000] SRAT: PXM 5 -> APIC 0x5d -> Node 5
[    0.000000] SRAT: PXM 5 -> APIC 0x5e -> Node 5
[    0.000000] SRAT: PXM 5 -> APIC 0x5f -> Node 5
[    0.000000] SRAT: PXM 6 -> APIC 0x60 -> Node 6
[    0.000000] SRAT: PXM 6 -> APIC 0x61 -> Node 6
[    0.000000] SRAT: PXM 6 -> APIC 0x62 -> Node 6
[    0.000000] SRAT: PXM 6 -> APIC 0x63 -> Node 6
[    0.000000] SRAT: PXM 6 -> APIC 0x64 -> Node 6
[    0.000000] SRAT: PXM 6 -> APIC 0x65 -> Node 6
[    0.000000] SRAT: PXM 6 -> APIC 0x66 -> Node 6
[    0.000000] SRAT: PXM 6 -> APIC 0x67 -> Node 6
[    0.000000] SRAT: PXM 6 -> APIC 0x68 -> Node 6
[    0.000000] SRAT: PXM 6 -> APIC 0x69 -> Node 6
[    0.000000] SRAT: PXM 6 -> APIC 0x6a -> Node 6
[    0.000000] SRAT: PXM 6 -> APIC 0x6b -> Node 6
[    0.000000] SRAT: PXM 6 -> APIC 0x6c -> Node 6
[    0.000000] SRAT: PXM 6 -> APIC 0x6d -> Node 6
[    0.000000] SRAT: PXM 6 -> APIC 0x6e -> Node 6
[    0.000000] SRAT: PXM 6 -> APIC 0x6f -> Node 6
[    0.000000] SRAT: PXM 7 -> APIC 0x70 -> Node 7
[    0.000000] SRAT: PXM 7 -> APIC 0x71 -> Node 7
[    0.000000] SRAT: PXM 7 -> APIC 0x72 -> Node 7
[    0.000000] SRAT: PXM 7 -> APIC 0x73 -> Node 7
[    0.000000] SRAT: PXM 7 -> APIC 0x74 -> Node 7
[    0.000000] SRAT: PXM 7 -> APIC 0x75 -> Node 7
[    0.000000] SRAT: PXM 7 -> APIC 0x76 -> Node 7
[    0.000000] SRAT: PXM 7 -> APIC 0x77 -> Node 7
[    0.000000] SRAT: PXM 7 -> APIC 0x78 -> Node 7
[    0.000000] SRAT: PXM 7 -> APIC 0x79 -> Node 7
[    0.000000] SRAT: PXM 7 -> APIC 0x7a -> Node 7
[    0.000000] SRAT: PXM 7 -> APIC 0x7b -> Node 7
[    0.000000] SRAT: PXM 7 -> APIC 0x7c -> Node 7
[    0.000000] SRAT: PXM 7 -> APIC 0x7d -> Node 7
[    0.000000] SRAT: PXM 7 -> APIC 0x7e -> Node 7
[    0.000000] SRAT: PXM 7 -> APIC 0x7f -> Node 7
[    0.000000] SRAT: Node 0 PXM 0 [mem 0x00000000-0xcfffffff]
[    0.000000] SRAT: Node 0 PXM 0 [mem 0x100000000-0x102fffffff]
[    0.000000] SRAT: Node 1 PXM 1 [mem 0x1030000000-0x202fffffff]
[    0.000000] SRAT: Node 2 PXM 2 [mem 0x2030000000-0x302fffffff]
[    0.000000] SRAT: Node 3 PXM 3 [mem 0x3030000000-0x402fffffff]
[    0.000000] SRAT: Node 4 PXM 4 [mem 0x4030000000-0x502fffffff]
[    0.000000] SRAT: Node 5 PXM 5 [mem 0x5030000000-0x602fffffff]
[    0.000000] SRAT: Node 6 PXM 6 [mem 0x6030000000-0x702fffffff]
[    0.000000] SRAT: Node 7 PXM 7 [mem 0x7030000000-0x802fffffff]
[    0.000000] NUMA: Initialized distance table, cnt=8
[    0.000000] NUMA: Node 0 [mem 0x00000000-0xcfffffff] + [mem 0x100000000-0x102fffffff] -> [mem 0x00000000-0x102fffffff]
[    0.000000] NODE_DATA(0) allocated [mem 0x102f359000-0x102f37ffff]
[    0.000000] NODE_DATA(1) allocated [mem 0x202ff59000-0x202ff7ffff]
[    0.000000] NODE_DATA(2) allocated [mem 0x302ff59000-0x302ff7ffff]
[    0.000000] NODE_DATA(3) allocated [mem 0x402ff59000-0x402ff7ffff]
[    0.000000] NODE_DATA(4) allocated [mem 0x502ff59000-0x502ff7ffff]
[    0.000000] NODE_DATA(5) allocated [mem 0x602ff59000-0x602ff7ffff]
[    0.000000] NODE_DATA(6) allocated [mem 0x702ff59000-0x702ff7ffff]
[    0.000000] NODE_DATA(7) allocated [mem 0x802ff58000-0x802ff7efff]
[    0.000000] Reserving 192MB of memory at 576MB for crashkernel (System RAM: 524173MB)
[    0.000000] Zone ranges:
[    0.000000]   DMA      [mem 0x00001000-0x00ffffff]
[    0.000000]   DMA32    [mem 0x01000000-0xffffffff]
[    0.000000]   Normal   [mem 0x100000000-0x802ff7ffff]
[    0.000000] Movable zone start for each node
[    0.000000] Early memory node ranges
[    0.000000]   node   0: [mem 0x00001000-0x0009ffff]
[    0.000000]   node   0: [mem 0x00100000-0x75daffff]
[    0.000000]   node   0: [mem 0x76000000-0xc8dc8fff]
[    0.000000]   node   0: [mem 0xca23e000-0xca2f2fff]
[    0.000000]   node   0: [mem 0xcae69000-0xcbffffff]
[    0.000000]   node   0: [mem 0x100000000-0x102f37ffff]
[    0.000000]   node   1: [mem 0x1030000000-0x202ff7ffff]
[    0.000000]   node   2: [mem 0x2030000000-0x302ff7ffff]
[    0.000000]   node   3: [mem 0x3030000000-0x402ff7ffff]
[    0.000000]   node   4: [mem 0x4030000000-0x502ff7ffff]
[    0.000000]   node   5: [mem 0x5030000000-0x602ff7ffff]
[    0.000000]   node   6: [mem 0x6030000000-0x702ff7ffff]
[    0.000000]   node   7: [mem 0x7030000000-0x802ff7ffff]
[    0.000000] Initmem setup node 0 [mem 0x00001000-0x102f37ffff]
[    0.000000] On node 0 totalpages: 16748772
[    0.000000]   DMA zone: 64 pages used for memmap
[    0.000000]   DMA zone: 29 pages reserved
[    0.000000]   DMA zone: 3999 pages, LIFO batch:0
[    0.000000]   DMA32 zone: 12856 pages used for memmap
[    0.000000]   DMA32 zone: 822725 pages, LIFO batch:31
[    0.000000]   Normal zone: 248782 pages used for memmap
[    0.000000]   Normal zone: 15922048 pages, LIFO batch:31
[    0.000000] Initmem setup node 1 [mem 0x1030000000-0x202ff7ffff]
[    0.000000] On node 1 totalpages: 16777088
[    0.000000]   Normal zone: 262142 pages used for memmap
[    0.000000]   Normal zone: 16777088 pages, LIFO batch:31
[    0.000000] Initmem setup node 2 [mem 0x2030000000-0x302ff7ffff]
[    0.000000] On node 2 totalpages: 16777088
[    0.000000]   Normal zone: 262142 pages used for memmap
[    0.000000]   Normal zone: 16777088 pages, LIFO batch:31
[    0.000000] Initmem setup node 3 [mem 0x3030000000-0x402ff7ffff]
[    0.000000] On node 3 totalpages: 16777088
[    0.000000]   Normal zone: 262142 pages used for memmap
[    0.000000]   Normal zone: 16777088 pages, LIFO batch:31
[    0.000000] Initmem setup node 4 [mem 0x4030000000-0x502ff7ffff]
[    0.000000] On node 4 totalpages: 16777088
[    0.000000]   Normal zone: 262142 pages used for memmap
[    0.000000]   Normal zone: 16777088 pages, LIFO batch:31
[    0.000000] Initmem setup node 5 [mem 0x5030000000-0x602ff7ffff]
[    0.000000] On node 5 totalpages: 16777088
[    0.000000]   Normal zone: 262142 pages used for memmap
[    0.000000]   Normal zone: 16777088 pages, LIFO batch:31
[    0.000000] Initmem setup node 6 [mem 0x6030000000-0x702ff7ffff]
[    0.000000] On node 6 totalpages: 16777088
[    0.000000]   Normal zone: 262142 pages used for memmap
[    0.000000]   Normal zone: 16777088 pages, LIFO batch:31
[    0.000000] Initmem setup node 7 [mem 0x7030000000-0x802ff7ffff]
[    0.000000] On node 7 totalpages: 16777088
[    0.000000]   Normal zone: 262142 pages used for memmap
[    0.000000]   Normal zone: 16777088 pages, LIFO batch:31
[    0.000000] ACPI: PM-Timer IO Port: 0x808
[    0.000000] ACPI: Local APIC address 0xfee00000
[    0.000000] ACPI: LAPIC (acpi_id[0x00] lapic_id[0x00] enabled)
[    0.000000] ACPI: LAPIC (acpi_id[0x02] lapic_id[0x02] enabled)
[    0.000000] ACPI: LAPIC (acpi_id[0x04] lapic_id[0x04] enabled)
[    0.000000] ACPI: LAPIC (acpi_id[0x06] lapic_id[0x06] enabled)
[    0.000000] ACPI: LAPIC (acpi_id[0x08] lapic_id[0x08] enabled)
[    0.000000] ACPI: LAPIC (acpi_id[0x0a] lapic_id[0x0a] enabled)
[    0.000000] ACPI: LAPIC (acpi_id[0x0c] lapic_id[0x0c] enabled)
[    0.000000] ACPI: LAPIC (acpi_id[0x0e] lapic_id[0x0e] enabled)
[    0.000000] ACPI: LAPIC (acpi_id[0x10] lapic_id[0x10] enabled)
[    0.000000] ACPI: LAPIC (acpi_id[0x12] lapic_id[0x12] enabled)
[    0.000000] ACPI: LAPIC (acpi_id[0x14] lapic_id[0x14] enabled)
[    0.000000] ACPI: LAPIC (acpi_id[0x16] lapic_id[0x16] enabled)
[    0.000000] ACPI: LAPIC (acpi_id[0x18] lapic_id[0x18] enabled)
[    0.000000] ACPI: LAPIC (acpi_id[0x1a] lapic_id[0x1a] enabled)
[    0.000000] ACPI: LAPIC (acpi_id[0x1c] lapic_id[0x1c] enabled)
[    0.000000] ACPI: LAPIC (acpi_id[0x1e] lapic_id[0x1e] enabled)
[    0.000000] ACPI: LAPIC (acpi_id[0x20] lapic_id[0x20] enabled)
[    0.000000] ACPI: LAPIC (acpi_id[0x22] lapic_id[0x22] enabled)
[    0.000000] ACPI: LAPIC (acpi_id[0x24] lapic_id[0x24] enabled)
[    0.000000] ACPI: LAPIC (acpi_id[0x26] lapic_id[0x26] enabled)
[    0.000000] ACPI: LAPIC (acpi_id[0x28] lapic_id[0x28] enabled)
[    0.000000] ACPI: LAPIC (acpi_id[0x2a] lapic_id[0x2a] enabled)
[    0.000000] ACPI: LAPIC (acpi_id[0x2c] lapic_id[0x2c] enabled)
[    0.000000] ACPI: LAPIC (acpi_id[0x2e] lapic_id[0x2e] enabled)
[    0.000000] ACPI: LAPIC (acpi_id[0x30] lapic_id[0x30] enabled)
[    0.000000] ACPI: LAPIC (acpi_id[0x32] lapic_id[0x32] enabled)
[    0.000000] ACPI: LAPIC (acpi_id[0x34] lapic_id[0x34] enabled)
[    0.000000] ACPI: LAPIC (acpi_id[0x36] lapic_id[0x36] enabled)
[    0.000000] ACPI: LAPIC (acpi_id[0x38] lapic_id[0x38] enabled)
[    0.000000] ACPI: LAPIC (acpi_id[0x3a] lapic_id[0x3a] enabled)
[    0.000000] ACPI: LAPIC (acpi_id[0x3c] lapic_id[0x3c] enabled)
[    0.000000] ACPI: LAPIC (acpi_id[0x3e] lapic_id[0x3e] enabled)
[    0.000000] ACPI: LAPIC (acpi_id[0x40] lapic_id[0x40] enabled)
[    0.000000] ACPI: LAPIC (acpi_id[0x42] lapic_id[0x42] enabled)
[    0.000000] ACPI: LAPIC (acpi_id[0x44] lapic_id[0x44] enabled)
[    0.000000] ACPI: LAPIC (acpi_id[0x46] lapic_id[0x46] enabled)
[    0.000000] ACPI: LAPIC (acpi_id[0x48] lapic_id[0x48] enabled)
[    0.000000] ACPI: LAPIC (acpi_id[0x4a] lapic_id[0x4a] enabled)
[    0.000000] ACPI: LAPIC (acpi_id[0x4c] lapic_id[0x4c] enabled)
[    0.000000] ACPI: LAPIC (acpi_id[0x4e] lapic_id[0x4e] enabled)
[    0.000000] ACPI: LAPIC (acpi_id[0x50] lapic_id[0x50] enabled)
[    0.000000] ACPI: LAPIC (acpi_id[0x52] lapic_id[0x52] enabled)
[    0.000000] ACPI: LAPIC (acpi_id[0x54] lapic_id[0x54] enabled)
[    0.000000] ACPI: LAPIC (acpi_id[0x56] lapic_id[0x56] enabled)
[    0.000000] ACPI: LAPIC (acpi_id[0x58] lapic_id[0x58] enabled)
[    0.000000] ACPI: LAPIC (acpi_id[0x5a] lapic_id[0x5a] enabled)
[    0.000000] ACPI: LAPIC (acpi_id[0x5c] lapic_id[0x5c] enabled)
[    0.000000] ACPI: LAPIC (acpi_id[0x5e] lapic_id[0x5e] enabled)
[    0.000000] ACPI: LAPIC (acpi_id[0x60] lapic_id[0x60] enabled)
[    0.000000] ACPI: LAPIC (acpi_id[0x62] lapic_id[0x62] enabled)
[    0.000000] ACPI: LAPIC (acpi_id[0x64] lapic_id[0x64] enabled)
[    0.000000] ACPI: LAPIC (acpi_id[0x66] lapic_id[0x66] enabled)
[    0.000000] ACPI: LAPIC (acpi_id[0x68] lapic_id[0x68] enabled)
[    0.000000] ACPI: LAPIC (acpi_id[0x6a] lapic_id[0x6a] enabled)
[    0.000000] ACPI: LAPIC (acpi_id[0x6c] lapic_id[0x6c] enabled)
[    0.000000] ACPI: LAPIC (acpi_id[0x6e] lapic_id[0x6e] enabled)
[    0.000000] ACPI: LAPIC (acpi_id[0x70] lapic_id[0x70] enabled)
[    0.000000] ACPI: LAPIC (acpi_id[0x72] lapic_id[0x72] enabled)
[    0.000000] ACPI: LAPIC (acpi_id[0x74] lapic_id[0x74] enabled)
[    0.000000] ACPI: LAPIC (acpi_id[0x76] lapic_id[0x76] enabled)
[    0.000000] ACPI: LAPIC (acpi_id[0x78] lapic_id[0x78] enabled)
[    0.000000] ACPI: LAPIC (acpi_id[0x7a] lapic_id[0x7a] enabled)
[    0.000000] ACPI: LAPIC (acpi_id[0x7c] lapic_id[0x7c] enabled)
[    0.000000] ACPI: LAPIC (acpi_id[0x7e] lapic_id[0x7e] enabled)
[    0.000000] ACPI: LAPIC (acpi_id[0x01] lapic_id[0x01] enabled)
[    0.000000] ACPI: LAPIC (acpi_id[0x03] lapic_id[0x03] enabled)
[    0.000000] ACPI: LAPIC (acpi_id[0x05] lapic_id[0x05] enabled)
[    0.000000] ACPI: LAPIC (acpi_id[0x07] lapic_id[0x07] enabled)
[    0.000000] ACPI: LAPIC (acpi_id[0x09] lapic_id[0x09] enabled)
[    0.000000] ACPI: LAPIC (acpi_id[0x0b] lapic_id[0x0b] enabled)
[    0.000000] ACPI: LAPIC (acpi_id[0x0d] lapic_id[0x0d] enabled)
[    0.000000] ACPI: LAPIC (acpi_id[0x0f] lapic_id[0x0f] enabled)
[    0.000000] ACPI: LAPIC (acpi_id[0x11] lapic_id[0x11] enabled)
[    0.000000] ACPI: LAPIC (acpi_id[0x13] lapic_id[0x13] enabled)
[    0.000000] ACPI: LAPIC (acpi_id[0x15] lapic_id[0x15] enabled)
[    0.000000] ACPI: LAPIC (acpi_id[0x17] lapic_id[0x17] enabled)
[    0.000000] ACPI: LAPIC (acpi_id[0x19] lapic_id[0x19] enabled)
[    0.000000] ACPI: LAPIC (acpi_id[0x1b] lapic_id[0x1b] enabled)
[    0.000000] ACPI: LAPIC (acpi_id[0x1d] lapic_id[0x1d] enabled)
[    0.000000] ACPI: LAPIC (acpi_id[0x1f] lapic_id[0x1f] enabled)
[    0.000000] ACPI: LAPIC (acpi_id[0x21] lapic_id[0x21] enabled)
[    0.000000] ACPI: LAPIC (acpi_id[0x23] lapic_id[0x23] enabled)
[    0.000000] ACPI: LAPIC (acpi_id[0x25] lapic_id[0x25] enabled)
[    0.000000] ACPI: LAPIC (acpi_id[0x27] lapic_id[0x27] enabled)
[    0.000000] ACPI: LAPIC (acpi_id[0x29] lapic_id[0x29] enabled)
[    0.000000] ACPI: LAPIC (acpi_id[0x2b] lapic_id[0x2b] enabled)
[    0.000000] ACPI: LAPIC (acpi_id[0x2d] lapic_id[0x2d] enabled)
[    0.000000] ACPI: LAPIC (acpi_id[0x2f] lapic_id[0x2f] enabled)
[    0.000000] ACPI: LAPIC (acpi_id[0x31] lapic_id[0x31] enabled)
[    0.000000] ACPI: LAPIC (acpi_id[0x33] lapic_id[0x33] enabled)
[    0.000000] ACPI: LAPIC (acpi_id[0x35] lapic_id[0x35] enabled)
[    0.000000] ACPI: LAPIC (acpi_id[0x37] lapic_id[0x37] enabled)
[    0.000000] ACPI: LAPIC (acpi_id[0x39] lapic_id[0x39] enabled)
[    0.000000] ACPI: LAPIC (acpi_id[0x3b] lapic_id[0x3b] enabled)
[    0.000000] ACPI: LAPIC (acpi_id[0x3d] lapic_id[0x3d] enabled)
[    0.000000] ACPI: LAPIC (acpi_id[0x3f] lapic_id[0x3f] enabled)
[    0.000000] ACPI: LAPIC (acpi_id[0x41] lapic_id[0x41] enabled)
[    0.000000] ACPI: LAPIC (acpi_id[0x43] lapic_id[0x43] enabled)
[    0.000000] ACPI: LAPIC (acpi_id[0x45] lapic_id[0x45] enabled)
[    0.000000] ACPI: LAPIC (acpi_id[0x47] lapic_id[0x47] enabled)
[    0.000000] ACPI: LAPIC (acpi_id[0x49] lapic_id[0x49] enabled)
[    0.000000] ACPI: LAPIC (acpi_id[0x4b] lapic_id[0x4b] enabled)
[    0.000000] ACPI: LAPIC (acpi_id[0x4d] lapic_id[0x4d] enabled)
[    0.000000] ACPI: LAPIC (acpi_id[0x4f] lapic_id[0x4f] enabled)
[    0.000000] ACPI: LAPIC (acpi_id[0x51] lapic_id[0x51] enabled)
[    0.000000] ACPI: LAPIC (acpi_id[0x53] lapic_id[0x53] enabled)
[    0.000000] ACPI: LAPIC (acpi_id[0x55] lapic_id[0x55] enabled)
[    0.000000] ACPI: LAPIC (acpi_id[0x57] lapic_id[0x57] enabled)
[    0.000000] ACPI: LAPIC (acpi_id[0x59] lapic_id[0x59] enabled)
[    0.000000] ACPI: LAPIC (acpi_id[0x5b] lapic_id[0x5b] enabled)
[    0.000000] ACPI: LAPIC (acpi_id[0x5d] lapic_id[0x5d] enabled)
[    0.000000] ACPI: LAPIC (acpi_id[0x5f] lapic_id[0x5f] enabled)
[    0.000000] ACPI: LAPIC (acpi_id[0x61] lapic_id[0x61] enabled)
[    0.000000] ACPI: LAPIC (acpi_id[0x63] lapic_id[0x63] enabled)
[    0.000000] ACPI: LAPIC (acpi_id[0x65] lapic_id[0x65] enabled)
[    0.000000] ACPI: LAPIC (acpi_id[0x67] lapic_id[0x67] enabled)
[    0.000000] ACPI: LAPIC (acpi_id[0x69] lapic_id[0x69] enabled)
[    0.000000] ACPI: LAPIC (acpi_id[0x6b] lapic_id[0x6b] enabled)
[    0.000000] ACPI: LAPIC (acpi_id[0x6d] lapic_id[0x6d] enabled)
[    0.000000] ACPI: LAPIC (acpi_id[0x6f] lapic_id[0x6f] enabled)
[    0.000000] ACPI: LAPIC (acpi_id[0x71] lapic_id[0x71] enabled)
[    0.000000] ACPI: LAPIC (acpi_id[0x73] lapic_id[0x73] enabled)
[    0.000000] ACPI: LAPIC (acpi_id[0x75] lapic_id[0x75] enabled)
[    0.000000] ACPI: LAPIC (acpi_id[0x77] lapic_id[0x77] enabled)
[    0.000000] ACPI: LAPIC (acpi_id[0x79] lapic_id[0x79] enabled)
[    0.000000] ACPI: LAPIC (acpi_id[0x7b] lapic_id[0x7b] enabled)
[    0.000000] ACPI: LAPIC (acpi_id[0x7d] lapic_id[0x7d] enabled)
[    0.000000] ACPI: LAPIC (acpi_id[0x7f] lapic_id[0x7f] enabled)
[    0.000000] ACPI: LAPIC_NMI (acpi_id[0xff] high edge lint[0x1])
[    0.000000] ACPI: IOAPIC (id[0x80] address[0xfec00000] gsi_base[0])
[    0.000000] IOAPIC[0]: apic_id 128, version 33, address 0xfec00000, GSI 0-23
[    0.000000] ACPI: IOAPIC (id[0x81] address[0xd7ff0000] gsi_base[24])
[    0.000000] IOAPIC[1]: apic_id 129, version 33, address 0xd7ff0000, GSI 24-55
[    0.000000] ACPI: IOAPIC (id[0x82] address[0xd79f0000] gsi_base[56])
[    0.000000] IOAPIC[2]: apic_id 130, version 33, address 0xd79f0000, GSI 56-87
[    0.000000] ACPI: IOAPIC (id[0x83] address[0xd73f0000] gsi_base[88])
[    0.000000] IOAPIC[3]: apic_id 131, version 33, address 0xd73f0000, GSI 88-119
[    0.000000] ACPI: IOAPIC (id[0x84] address[0xd6cf0000] gsi_base[120])
[    0.000000] IOAPIC[4]: apic_id 132, version 33, address 0xd6cf0000, GSI 120-151
[    0.000000] ACPI: IOAPIC (id[0x85] address[0xd66f0000] gsi_base[152])
[    0.000000] IOAPIC[5]: apic_id 133, version 33, address 0xd66f0000, GSI 152-183
[    0.000000] ACPI: IOAPIC (id[0x86] address[0xd60f0000] gsi_base[184])
[    0.000000] IOAPIC[6]: apic_id 134, version 33, address 0xd60f0000, GSI 184-215
[    0.000000] ACPI: IOAPIC (id[0x87] address[0xd5af0000] gsi_base[216])
[    0.000000] IOAPIC[7]: apic_id 135, version 33, address 0xd5af0000, GSI 216-247
[    0.000000] ACPI: IOAPIC (id[0x88] address[0xd54f0000] gsi_base[248])
[    0.000000] IOAPIC[8]: apic_id 136, version 33, address 0xd54f0000, GSI 248-279
[    0.000000] ACPI: INT_SRC_OVR (bus 0 bus_irq 0 global_irq 2 dfl dfl)
[    0.000000] ACPI: INT_SRC_OVR (bus 0 bus_irq 9 global_irq 9 low level)
[    0.000000] ACPI: IRQ0 used by override.
[    0.000000] ACPI: IRQ9 used by override.
[    0.000000] Using ACPI (MADT) for SMP configuration information
[    0.000000] ACPI: HPET id: 0x10228201 base: 0xfed00000
[    0.000000] smpboot: Allowing 128 CPUs, 0 hotplug CPUs
[    0.000000] PM: Registered nosave memory: [mem 0x000a0000-0x000fffff]
[    0.000000] PM: Registered nosave memory: [mem 0x75db0000-0x75ffffff]
[    0.000000] PM: Registered nosave memory: [mem 0x937d8000-0x937d8fff]
[    0.000000] PM: Registered nosave memory: [mem 0x93808000-0x93808fff]
[    0.000000] PM: Registered nosave memory: [mem 0x93809000-0x93809fff]
[    0.000000] PM: Registered nosave memory: [mem 0x93819000-0x93819fff]
[    0.000000] PM: Registered nosave memory: [mem 0xc8dc9000-0xca23dfff]
[    0.000000] PM: Registered nosave memory: [mem 0xca2f3000-0xca67bfff]
[    0.000000] PM: Registered nosave memory: [mem 0xca67c000-0xcae68fff]
[    0.000000] PM: Registered nosave memory: [mem 0xcc000000-0xcfffffff]
[    0.000000] PM: Registered nosave memory: [mem 0xd0000000-0xd52fffff]
[    0.000000] PM: Registered nosave memory: [mem 0xd5300000-0xd547ffff]
[    0.000000] PM: Registered nosave memory: [mem 0xd5480000-0xd54effff]
[    0.000000] PM: Registered nosave memory: [mem 0xd54f0000-0xd54f0fff]
[    0.000000] PM: Registered nosave memory: [mem 0xd54f1000-0xd58fffff]
[    0.000000] PM: Registered nosave memory: [mem 0xd5900000-0xd5a7ffff]
[    0.000000] PM: Registered nosave memory: [mem 0xd5a80000-0xd5aeffff]
[    0.000000] PM: Registered nosave memory: [mem 0xd5af0000-0xd5af0fff]
[    0.000000] PM: Registered nosave memory: [mem 0xd5af1000-0xd5efffff]
[    0.000000] PM: Registered nosave memory: [mem 0xd5f00000-0xd607ffff]
[    0.000000] PM: Registered nosave memory: [mem 0xd6080000-0xd60effff]
[    0.000000] PM: Registered nosave memory: [mem 0xd60f0000-0xd60f0fff]
[    0.000000] PM: Registered nosave memory: [mem 0xd60f1000-0xd64fffff]
[    0.000000] PM: Registered nosave memory: [mem 0xd6500000-0xd667ffff]
[    0.000000] PM: Registered nosave memory: [mem 0xd6680000-0xd66effff]
[    0.000000] PM: Registered nosave memory: [mem 0xd66f0000-0xd66f0fff]
[    0.000000] PM: Registered nosave memory: [mem 0xd66f1000-0xd6afffff]
[    0.000000] PM: Registered nosave memory: [mem 0xd6b00000-0xd6c7ffff]
[    0.000000] PM: Registered nosave memory: [mem 0xd6c80000-0xd6ceffff]
[    0.000000] PM: Registered nosave memory: [mem 0xd6cf0000-0xd6cf0fff]
[    0.000000] PM: Registered nosave memory: [mem 0xd6cf1000-0xd71fffff]
[    0.000000] PM: Registered nosave memory: [mem 0xd7200000-0xd737ffff]
[    0.000000] PM: Registered nosave memory: [mem 0xd7380000-0xd73effff]
[    0.000000] PM: Registered nosave memory: [mem 0xd73f0000-0xd73f0fff]
[    0.000000] PM: Registered nosave memory: [mem 0xd73f1000-0xd77fffff]
[    0.000000] PM: Registered nosave memory: [mem 0xd7800000-0xd797ffff]
[    0.000000] PM: Registered nosave memory: [mem 0xd7980000-0xd79effff]
[    0.000000] PM: Registered nosave memory: [mem 0xd79f0000-0xd79f0fff]
[    0.000000] PM: Registered nosave memory: [mem 0xd79f1000-0xd7efffff]
[    0.000000] PM: Registered nosave memory: [mem 0xd7f00000-0xd7f7ffff]
[    0.000000] PM: Registered nosave memory: [mem 0xd7f80000-0xd7feffff]
[    0.000000] PM: Registered nosave memory: [mem 0xd7ff0000-0xd7ff0fff]
[    0.000000] PM: Registered nosave memory: [mem 0xd7ff1000-0xfe9fffff]
[    0.000000] PM: Registered nosave memory: [mem 0xfea00000-0xfeafffff]
[    0.000000] PM: Registered nosave memory: [mem 0xfeb00000-0xfebfffff]
[    0.000000] PM: Registered nosave memory: [mem 0xfec00000-0xfec00fff]
[    0.000000] PM: Registered nosave memory: [mem 0xfec01000-0xfec0ffff]
[    0.000000] PM: Registered nosave memory: [mem 0xfec10000-0xfec10fff]
[    0.000000] PM: Registered nosave memory: [mem 0xfec11000-0xfecfffff]
[    0.000000] PM: Registered nosave memory: [mem 0xfed00000-0xfed00fff]
[    0.000000] PM: Registered nosave memory: [mem 0xfed01000-0xfed3ffff]
[    0.000000] PM: Registered nosave memory: [mem 0xfed40000-0xfed44fff]
[    0.000000] PM: Registered nosave memory: [mem 0xfed45000-0xfed7ffff]
[    0.000000] PM: Registered nosave memory: [mem 0xfed80000-0xfed8ffff]
[    0.000000] PM: Registered nosave memory: [mem 0xfed90000-0xfedbffff]
[    0.000000] PM: Registered nosave memory: [mem 0xfedc0000-0xfedc0fff]
[    0.000000] PM: Registered nosave memory: [mem 0xfedc1000-0xfedc1fff]
[    0.000000] PM: Registered nosave memory: [mem 0xfedc2000-0xfedc5fff]
[    0.000000] PM: Registered nosave memory: [mem 0xfedc6000-0xfedc6fff]
[    0.000000] PM: Registered nosave memory: [mem 0xfedc7000-0xfedc7fff]
[    0.000000] PM: Registered nosave memory: [mem 0xfedc8000-0xfedc8fff]
[    0.000000] PM: Registered nosave memory: [mem 0xfedc9000-0xfedcafff]
[    0.000000] PM: Registered nosave memory: [mem 0xfedcb000-0xfedfffff]
[    0.000000] PM: Registered nosave memory: [mem 0xfee00000-0xfeefffff]
[    0.000000] PM: Registered nosave memory: [mem 0xfef00000-0xfeffffff]
[    0.000000] PM: Registered nosave memory: [mem 0xff000000-0xffffffff]
[    0.000000] PM: Registered nosave memory: [mem 0x102f380000-0x102fffffff]
[    0.000000] PM: Registered nosave memory: [mem 0x202ff80000-0x202fffffff]
[    0.000000] PM: Registered nosave memory: [mem 0x302ff80000-0x302fffffff]
[    0.000000] PM: Registered nosave memory: [mem 0x402ff80000-0x402fffffff]
[    0.000000] PM: Registered nosave memory: [mem 0x502ff80000-0x502fffffff]
[    0.000000] PM: Registered nosave memory: [mem 0x602ff80000-0x602fffffff]
[    0.000000] PM: Registered nosave memory: [mem 0x702ff80000-0x702fffffff]
[    0.000000] e820: [mem 0xd7ff1000-0xfe9fffff] available for PCI devices
[    0.000000] Booting paravirtualized kernel on bare hardware
[    0.000000] setup_percpu: NR_CPUS:5120 nr_cpumask_bits:128 nr_cpu_ids:128 nr_node_ids:8
[    0.000000] PERCPU: Embedded 33 pages/cpu @ffff880feee00000 s97048 r8192 d29928 u262144
[    0.000000] pcpu-alloc: s97048 r8192 d29928 u262144 alloc=1*2097152
[    0.000000] pcpu-alloc: [0] 000 001 002 003 004 005 006 007 
[    0.000000] pcpu-alloc: [0] 064 065 066 067 068 069 070 071 
[    0.000000] pcpu-alloc: [1] 008 009 010 011 012 013 014 015 
[    0.000000] pcpu-alloc: [1] 072 073 074 075 076 077 078 079 
[    0.000000] pcpu-alloc: [2] 016 017 018 019 020 021 022 023 
[    0.000000] pcpu-alloc: [2] 080 081 082 083 084 085 086 087 
[    0.000000] pcpu-alloc: [3] 024 025 026 027 028 029 030 031 
[    0.000000] pcpu-alloc: [3] 088 089 090 091 092 093 094 095 
[    0.000000] pcpu-alloc: [4] 032 033 034 035 036 037 038 039 
[    0.000000] pcpu-alloc: [4] 096 097 098 099 100 101 102 103 
[    0.000000] pcpu-alloc: [5] 040 041 042 043 044 045 046 047 
[    0.000000] pcpu-alloc: [5] 104 105 106 107 108 109 110 111 
[    0.000000] pcpu-alloc: [6] 048 049 050 051 052 053 054 055 
[    0.000000] pcpu-alloc: [6] 112 113 114 115 116 117 118 119 
[    0.000000] pcpu-alloc: [7] 056 057 058 059 060 061 062 063 
[    0.000000] pcpu-alloc: [7] 120 121 122 123 124 125 126 127 
[    0.000000] Built 8 zonelists in Zone order, mobility grouping on.  Total pages: 132091663
[    0.000000] Policy zone: Normal
[    0.000000] Kernel command line: BOOT_IMAGE=/boot/vmlinuz-3.10.0-693.el7.x86_64 root=UUID=43cf8a9d-649e-48eb-9c54-ecf3f91878e5 ro crashkernel=auto rhgb quiet LANG=en_US.UTF-8
[    0.000000] PID hash table entries: 4096 (order: 3, 32768 bytes)
[    0.000000] x86/fpu: xstate_offset[2]: 0240, xstate_sizes[2]: 0100
[    0.000000] xsave: enabled xstate_bv 0x7, cntxt size 0x340 using standard form
[    0.000000] Memory: 19755668k/537656832k available (6886k kernel code, 903280k absent, 8736988k reserved, 4545k data, 1764k init)
[    0.000000] SLUB: HWalign=64, Order=0-3, MinObjects=0, CPUs=128, Nodes=8
[    0.000000] Hierarchical RCU implementation.
[    0.000000] 	RCU restricting CPUs from NR_CPUS=5120 to nr_cpu_ids=128.
[    0.000000] NR_IRQS:327936 nr_irqs:5800 0
[    0.000000] Console: colour dummy device 80x25
[    0.000000] console [tty0] enabled
[    0.000000] allocated 2147483648 bytes of page_cgroup
[    0.000000] please try 'cgroup_disable=memory' option if you don't want memory cgroups
[    0.000000] Enabling automatic NUMA balancing. Configure with numa_balancing= or the kernel.numa_balancing sysctl
[    0.000000] hpet clockevent registered
[    0.000000] tsc: Fast TSC calibration using PIT
[    0.000000] tsc: Detected 2195.957 MHz processor
[    0.000057] Calibrating delay loop (skipped), value calculated using timer frequency.. 4391.91 BogoMIPS (lpj=2195957)
[    0.000060] pid_max: default: 131072 minimum: 1024
[    0.002529] Security Framework initialized
[    0.002534] SELinux:  Initializing.
[    0.002567] SELinux:  Starting in permissive mode
[    0.002567] Yama: becoming mindful.
[    0.030416] Dentry cache hash table entries: 67108864 (order: 17, 536870912 bytes)
[    0.136923] Inode-cache hash table entries: 33554432 (order: 16, 268435456 bytes)
[    0.184135] Mount-cache hash table entries: 1048576 (order: 11, 8388608 bytes)
[    0.184554] Mountpoint-cache hash table entries: 1048576 (order: 11, 8388608 bytes)
[    0.187867] Initializing cgroup subsys memory
[    0.187906] Initializing cgroup subsys devices
[    0.187908] Initializing cgroup subsys freezer
[    0.187909] Initializing cgroup subsys net_cls
[    0.187910] Initializing cgroup subsys blkio
[    0.187911] Initializing cgroup subsys perf_event
[    0.187919] Initializing cgroup subsys hugetlb
[    0.187920] Initializing cgroup subsys pids
[    0.187921] Initializing cgroup subsys net_prio
[    0.187975] tseg: 00cc000000
[    0.187977] CPU: Physical Processor ID: 0
[    0.187978] CPU: Processor Core ID: 0
[    0.193913] mce: CPU supports 23 MCE banks
[    0.193944] LVT offset 2 assigned for vector 0xf4
[    0.193955] Last level iTLB entries: 4KB 1024, 2MB 1024, 4MB 512
[    0.193956] Last level dTLB entries: 4KB 1536, 2MB 1536, 4MB 768
[    0.193957] tlb_flushall_shift: 6
[    0.194203] Freeing SMP alternatives: 24k freed
[    0.195388] ACPI: Core revision 20130517
[    0.204207] ACPI: All ACPI Tables successfully acquired
[    0.205416] ------------[ cut here ]------------
[    0.205422] WARNING: CPU: 0 PID: 0 at arch/x86/mm/ioremap.c:119 __ioremap_caller+0x279/0x320
[    0.205424] ioremap on RAM at 0xc5f75018 - 0xc5f7501d
[    0.205425] Modules linked in:
[    0.205427] CPU: 0 PID: 0 Comm: swapper/0 Not tainted 3.10.0-693.el7.x86_64 #1
[    0.205429] Hardware name: To be filled by O.E.M. To be filled by O.E.M./To be filled by O.E.M., BIOS 5.13 08/30/2018
[    0.205430]  ffffffff819e7e38 e2650269e2650246 ffffffff819e7de8 ffffffff816a3d91
[    0.205432]  ffffffff819e7e28 ffffffff810879c8 00000077c5f75fff 00000000c5f7501d
[    0.205435]  0000000000000006 00000000c5f7501e 0000000000000010 00000000c5f75018
[    0.205437] Call Trace:
[    0.205442]  [<ffffffff816a3d91>] dump_stack+0x19/0x1b
[    0.205445]  [<ffffffff810879c8>] __warn+0xd8/0x100
[    0.205447]  [<ffffffff81087a4f>] warn_slowpath_fmt+0x5f/0x80
[    0.205450]  [<ffffffff81067fe9>] __ioremap_caller+0x279/0x320
[    0.205453]  [<ffffffff813c95da>] ? acpi_tb_validate_table+0x27/0x37
[    0.205457]  [<ffffffff81b668e4>] ? efi_bgrt_init+0x6c/0x108
[    0.205459]  [<ffffffff810680a7>] ioremap_nocache+0x17/0x20
[    0.205462]  [<ffffffff81b668e4>] efi_bgrt_init+0x6c/0x108
[    0.205464]  [<ffffffff81b65d2e>] efi_late_init+0x13/0x15
[    0.205467]  [<ffffffff81b45051>] start_kernel+0x42a/0x45a
[    0.205468]  [<ffffffff81b44a30>] ? repair_env_string+0x5c/0x5c
[    0.205471]  [<ffffffff81b44120>] ? early_idt_handler_array+0x120/0x120
[    0.205473]  [<ffffffff81b445ef>] x86_64_start_reservations+0x24/0x26
[    0.205475]  [<ffffffff81b44740>] x86_64_start_kernel+0x14f/0x172
[    0.205478] ---[ end trace c53549a3fc526faa ]---
[    0.205479] Ignoring BGRT: failed to map image header memory
[    0.206119] ftrace: allocating 26584 entries in 104 pages
[    0.216131] smpboot: Max logical packages: 4
[    2.916004] Switched APIC routing to physical flat.
[    2.919372] ..TIMER: vector=0x30 apic1=0 pin1=2 apic2=-1 pin2=-1
[    2.929374] smpboot: CPU0: AMD EPYC 7601 32-Core Processor (fam: 17, model: 01, stepping: 02)
[    2.956682] random: fast init done
[    3.030703] Performance Events: Fam17h core perfctr, AMD PMU driver.
[    3.030707] ... version:                0
[    3.030707] ... bit width:              48
[    3.030708] ... generic registers:      6
[    3.030709] ... value mask:             0000ffffffffffff
[    3.030709] ... max period:             00007fffffffffff
[    3.030710] ... fixed-purpose events:   0
[    3.030710] ... event mask:             000000000000003f
[    3.033505] NMI watchdog: enabled on all CPUs, permanently consumes one hw-PMU counter.
[    3.033572] smpboot: Booting Node   0, Processors  #1 #2 #3 #4 #5 #6 #7 OK
[    3.091924] smpboot: Booting Node   1, Processors  #8 #9 #10 #11 #12 #13 #14 #15 OK
[    3.158129] smpboot: Booting Node   2, Processors  #16 #17 #18 #19 #20 #21 #22 #23 OK
[    3.224927] smpboot: Booting Node   3, Processors  #24 #25 #26 #27 #28 #29 #30 #31 OK
[    3.291746] smpboot: Booting Node   4, Processors  #32 #33 #34 #35 #36 #37 #38 #39 OK
[    3.436648] smpboot: Booting Node   5, Processors  #40 #41 #42 #43 #44 #45 #46 #47 OK
[    3.504167] smpboot: Booting Node   6, Processors  #48 #49 #50 #51 #52 #53 #54 #55 OK
[    3.571054] smpboot: Booting Node   7, Processors  #56 #57 #58 #59 #60 #61 #62 #63 OK
[    3.638254] smpboot: Booting Node   0, Processors  #64 #65 #66 #67 #68 #69 #70 #71 OK
[    3.705176] smpboot: Booting Node   1, Processors  #72 #73 #74 #75 #76 #77 #78 #79 OK
[    3.771607] smpboot: Booting Node   2, Processors  #80 #81 #82 #83 #84 #85 #86 #87 OK
[    3.838146] smpboot: Booting Node   3, Processors  #88 #89 #90 #91 #92 #93 #94 #95 OK
[    3.905014] smpboot: Booting Node   4, Processors  #96 #97 #98 #99 #100 #101 #102 #103 OK
[    3.972059] smpboot: Booting Node   5, Processors  #104 #105 #106 #107 #108 #109 #110 #111 OK
[    4.039506] smpboot: Booting Node   6, Processors  #112 #113 #114 #115 #116 #117 #118 #119 OK
[    4.106493] smpboot: Booting Node   7, Processors  #120 #121 #122 #123 #124 #125 #126 #127 OK
[    4.173518] Brought up 128 CPUs
[    4.173533] smpboot: Total of 128 processors activated (562187.39 BogoMIPS)
[    4.489950] node 0 initialised, 15134964 pages in 294ms
[    4.502219] node 1 initialised, 15990055 pages in 306ms
[    4.506444] node 3 initialised, 15990055 pages in 310ms
[    4.506560] node 2 initialised, 15990055 pages in 310ms
[    4.507187] node 6 initialised, 15990055 pages in 311ms
[    4.507296] node 4 initialised, 15990055 pages in 311ms
[    4.507495] node 5 initialised, 15990055 pages in 311ms
[    4.507716] node 7 initialised, 15989928 pages in 311ms
[    4.508301] devtmpfs: initialized
[    4.539227] EVM: security.selinux
[    4.539229] EVM: security.ima
[    4.539230] EVM: security.capability
[    4.539365] PM: Registering ACPI NVS region [mem 0xca2f3000-0xca67bfff] (3706880 bytes)
[    4.540952] atomic64 test passed for x86-64 platform with CX8 and with SSE
[    4.540955] pinctrl core: initialized pinctrl subsystem
[    4.541063] RTC time: 14:13:00, date: 08/30/18
[    4.541252] NET: Registered protocol family 16
[    4.541864] ACPI: bus type PCI registered
[    4.541866] acpiphp: ACPI Hot Plug PCI Controller Driver version: 0.5
[    4.542043] PCI: MMCONFIG for domain 0000 [bus 00-ff] at [mem 0xe0000000-0xefffffff] (base 0xe0000000)
[    4.542047] PCI: not using MMCONFIG
[    4.542048] PCI: Using configuration type 1 for base access
[    4.542048] PCI: Using configuration type 1 for extended access
[    4.558797] ACPI: Added _OSI(Module Device)
[    4.558799] ACPI: Added _OSI(Processor Device)
[    4.558800] ACPI: Added _OSI(3.0 _SCP Extensions)
[    4.558801] ACPI: Added _OSI(Processor Aggregator Device)
[    4.560206] ACPI: EC: Look up EC in DSDT
[    4.620969] ACPI: Interpreter enabled
[    4.620980] ACPI: (supports S0 S5)
[    4.620981] ACPI: Using IOAPIC for interrupt routing
[    4.621201] PCI: MMCONFIG for domain 0000 [bus 00-ff] at [mem 0xe0000000-0xefffffff] (base 0xe0000000)
[    4.621240] PCI: MMCONFIG at [mem 0xe0000000-0xefffffff] reserved in ACPI motherboard resources
[    4.621276] HEST: Table parsing has been initialized.
[    4.621279] PCI: Using host bridge windows from ACPI; if necessary, use "pci=nocrs" and report a bug
[    4.623452] ACPI: Power Resource [P0SA] (off)
[    4.623471] ACPI: Power Resource [P3SA] (off)
[    4.625180] ACPI: Power Resource [P0SA] (off)
[    4.625198] ACPI: Power Resource [P3SA] (off)
[    4.625999] ACPI: Power Resource [P0SA] (off)
[    4.626016] ACPI: Power Resource [P3SA] (off)
[    4.626804] ACPI: Power Resource [P0SA] (off)
[    4.626822] ACPI: Power Resource [P3SA] (off)
[    4.627572] ACPI: Power Resource [P0SA] (off)
[    4.627591] ACPI: Power Resource [P3SA] (off)
[    4.628377] ACPI: Power Resource [P0SA] (off)
[    4.628395] ACPI: Power Resource [P3SA] (off)
[    4.629180] ACPI: Power Resource [P0SA] (off)
[    4.629198] ACPI: Power Resource [P3SA] (off)
[    4.629973] ACPI: Power Resource [P0SA] (off)
[    4.629992] ACPI: Power Resource [P3SA] (off)
[    4.632691] ACPI: PCI Root Bridge [PCI0] (domain 0000 [bus 00-1f])
[    4.632696] acpi PNP0A08:00: _OSC: OS supports [ExtendedConfig ASPM ClockPM Segments MSI]
[    4.632874] acpi PNP0A08:00: _OSC: OS now controls [PCIeHotplug PME AER PCIeCapability]
[    4.633090] PCI host bridge to bus 0000:00
[    4.633094] pci_bus 0000:00: root bus resource [bus 00-1f]
[    4.633096] pci_bus 0000:00: root bus resource [io  0x0000-0x02e7 window]
[    4.633097] pci_bus 0000:00: root bus resource [io  0x0300-0x03af window]
[    4.633099] pci_bus 0000:00: root bus resource [io  0x0400-0x0cf7 window]
[    4.633100] pci_bus 0000:00: root bus resource [io  0x03b0-0x03df window]
[    4.633102] pci_bus 0000:00: root bus resource [io  0x0d00-0x1fff window]
[    4.633103] pci_bus 0000:00: root bus resource [mem 0x000a0000-0x000bffff window]
[    4.633104] pci_bus 0000:00: root bus resource [mem 0x000c0000-0x000dffff window]
[    4.633106] pci_bus 0000:00: root bus resource [mem 0xd8000000-0xdfffffff window]
[    4.633107] pci_bus 0000:00: root bus resource [mem 0x1d586000000-0x1ffffffffff window]
[    4.633113] pci 0000:00:00.0: [1022:1450] type 00 class 0x060000
[    4.633179] pci 0000:00:00.2: [1022:1451] type 00 class 0x080600
[    4.633260] pci 0000:00:01.0: [1022:1452] type 00 class 0x060000
[    4.633317] pci 0000:00:01.2: [1022:1453] type 01 class 0x060400
[    4.633464] pci 0000:00:01.2: PME# supported from D0 D3hot D3cold
[    4.633545] pci 0000:00:02.0: [1022:1452] type 00 class 0x060000
[    4.633614] pci 0000:00:03.0: [1022:1452] type 00 class 0x060000
[    4.633682] pci 0000:00:04.0: [1022:1452] type 00 class 0x060000
[    4.633760] pci 0000:00:07.0: [1022:1452] type 00 class 0x060000
[    4.633814] pci 0000:00:07.1: [1022:1454] type 01 class 0x060400
[    4.634468] pci 0000:00:07.1: PME# supported from D0 D3hot D3cold
[    4.634514] pci 0000:00:07.1: System wakeup disabled by ACPI
[    4.634549] pci 0000:00:08.0: [1022:1452] type 00 class 0x060000
[    4.634603] pci 0000:00:08.1: [1022:1454] type 01 class 0x060400
[    4.635471] pci 0000:00:08.1: PME# supported from D0 D3hot D3cold
[    4.635581] pci 0000:00:14.0: [1022:790b] type 00 class 0x0c0500
[    4.635785] pci 0000:00:14.3: [1022:790e] type 00 class 0x060100
[    4.635991] pci 0000:00:18.0: [1022:1460] type 00 class 0x060000
[    4.636036] pci 0000:00:18.1: [1022:1461] type 00 class 0x060000
[    4.636081] pci 0000:00:18.2: [1022:1462] type 00 class 0x060000
[    4.636123] pci 0000:00:18.3: [1022:1463] type 00 class 0x060000
[    4.636168] pci 0000:00:18.4: [1022:1464] type 00 class 0x060000
[    4.636213] pci 0000:00:18.5: [1022:1465] type 00 class 0x060000
[    4.636256] pci 0000:00:18.6: [1022:1466] type 00 class 0x060000
[    4.636299] pci 0000:00:18.7: [1022:1467] type 00 class 0x060000
[    4.636346] pci 0000:00:19.0: [1022:1460] type 00 class 0x060000
[    4.636394] pci 0000:00:19.1: [1022:1461] type 00 class 0x060000
[    4.636441] pci 0000:00:19.2: [1022:1462] type 00 class 0x060000
[    4.636487] pci 0000:00:19.3: [1022:1463] type 00 class 0x060000
[    4.636533] pci 0000:00:19.4: [1022:1464] type 00 class 0x060000
[    4.636579] pci 0000:00:19.5: [1022:1465] type 00 class 0x060000
[    4.636627] pci 0000:00:19.6: [1022:1466] type 00 class 0x060000
[    4.636672] pci 0000:00:19.7: [1022:1467] type 00 class 0x060000
[    4.636720] pci 0000:00:1a.0: [1022:1460] type 00 class 0x060000
[    4.636771] pci 0000:00:1a.1: [1022:1461] type 00 class 0x060000
[    4.636817] pci 0000:00:1a.2: [1022:1462] type 00 class 0x060000
[    4.636864] pci 0000:00:1a.3: [1022:1463] type 00 class 0x060000
[    4.636912] pci 0000:00:1a.4: [1022:1464] type 00 class 0x060000
[    4.636958] pci 0000:00:1a.5: [1022:1465] type 00 class 0x060000
[    4.637005] pci 0000:00:1a.6: [1022:1466] type 00 class 0x060000
[    4.637055] pci 0000:00:1a.7: [1022:1467] type 00 class 0x060000
[    4.637105] pci 0000:00:1b.0: [1022:1460] type 00 class 0x060000
[    4.637153] pci 0000:00:1b.1: [1022:1461] type 00 class 0x060000
[    4.637199] pci 0000:00:1b.2: [1022:1462] type 00 class 0x060000
[    4.637246] pci 0000:00:1b.3: [1022:1463] type 00 class 0x060000
[    4.637295] pci 0000:00:1b.4: [1022:1464] type 00 class 0x060000
[    4.637344] pci 0000:00:1b.5: [1022:1465] type 00 class 0x060000
[    4.637390] pci 0000:00:1b.6: [1022:1466] type 00 class 0x060000
[    4.637436] pci 0000:00:1b.7: [1022:1467] type 00 class 0x060000
[    4.637482] pci 0000:00:1c.0: [1022:1460] type 00 class 0x060000
[    4.637533] pci 0000:00:1c.1: [1022:1461] type 00 class 0x060000
[    4.637591] pci 0000:00:1c.2: [1022:1462] type 00 class 0x060000
[    4.637644] pci 0000:00:1c.3: [1022:1463] type 00 class 0x060000
[    4.637699] pci 0000:00:1c.4: [1022:1464] type 00 class 0x060000
[    4.637760] pci 0000:00:1c.5: [1022:1465] type 00 class 0x060000
[    4.637815] pci 0000:00:1c.6: [1022:1466] type 00 class 0x060000
[    4.637867] pci 0000:00:1c.7: [1022:1467] type 00 class 0x060000
[    4.637919] pci 0000:00:1d.0: [1022:1460] type 00 class 0x060000
[    4.637972] pci 0000:00:1d.1: [1022:1461] type 00 class 0x060000
[    4.638025] pci 0000:00:1d.2: [1022:1462] type 00 class 0x060000
[    4.638078] pci 0000:00:1d.3: [1022:1463] type 00 class 0x060000
[    4.638135] pci 0000:00:1d.4: [1022:1464] type 00 class 0x060000
[    4.638188] pci 0000:00:1d.5: [1022:1465] type 00 class 0x060000
[    4.638240] pci 0000:00:1d.6: [1022:1466] type 00 class 0x060000
[    4.638293] pci 0000:00:1d.7: [1022:1467] type 00 class 0x060000
[    4.638346] pci 0000:00:1e.0: [1022:1460] type 00 class 0x060000
[    4.638398] pci 0000:00:1e.1: [1022:1461] type 00 class 0x060000
[    4.638450] pci 0000:00:1e.2: [1022:1462] type 00 class 0x060000
[    4.638499] pci 0000:00:1e.3: [1022:1463] type 00 class 0x060000
[    4.638551] pci 0000:00:1e.4: [1022:1464] type 00 class 0x060000
[    4.638601] pci 0000:00:1e.5: [1022:1465] type 00 class 0x060000
[    4.638652] pci 0000:00:1e.6: [1022:1466] type 00 class 0x060000
[    4.638706] pci 0000:00:1e.7: [1022:1467] type 00 class 0x060000
[    4.638762] pci 0000:00:1f.0: [1022:1460] type 00 class 0x060000
[    4.638817] pci 0000:00:1f.1: [1022:1461] type 00 class 0x060000
[    4.638873] pci 0000:00:1f.2: [1022:1462] type 00 class 0x060000
[    4.638928] pci 0000:00:1f.3: [1022:1463] type 00 class 0x060000
[    4.638982] pci 0000:00:1f.4: [1022:1464] type 00 class 0x060000
[    4.639035] pci 0000:00:1f.5: [1022:1465] type 00 class 0x060000
[    4.639085] pci 0000:00:1f.6: [1022:1466] type 00 class 0x060000
[    4.639137] pci 0000:00:1f.7: [1022:1467] type 00 class 0x060000
[    4.639448] pci 0000:01:00.0: [1a03:1150] type 01 class 0x060400
[    4.639556] pci 0000:01:00.0: supports D1 D2
[    4.639558] pci 0000:01:00.0: PME# supported from D0 D1 D2 D3hot D3cold
[    4.640744] pci 0000:00:01.2: PCI bridge to [bus 01-02]
[    4.640749] pci 0000:00:01.2:   bridge window [io  0x1000-0x1fff]
[    4.640752] pci 0000:00:01.2:   bridge window [mem 0xd8000000-0xdc0fffff]
[    4.640817] pci 0000:02:00.0: [1a03:2000] type 00 class 0x030000
[    4.640841] pci 0000:02:00.0: reg 0x10: [mem 0xd8000000-0xdbffffff]
[    4.640854] pci 0000:02:00.0: reg 0x14: [mem 0xdc000000-0xdc01ffff]
[    4.640867] pci 0000:02:00.0: reg 0x18: [io  0x1000-0x107f]
[    4.640965] pci 0000:02:00.0: supports D1 D2
[    4.640967] pci 0000:02:00.0: PME# supported from D0 D1 D2 D3hot D3cold
[    4.641057] pci 0000:01:00.0: PCI bridge to [bus 02]
[    4.641063] pci 0000:01:00.0:   bridge window [io  0x1000-0x1fff]
[    4.641067] pci 0000:01:00.0:   bridge window [mem 0xd8000000-0xdc0fffff]
[    4.642254] pci 0000:03:00.0: [1022:145a] type 00 class 0x130000
[    4.642344] pci 0000:03:00.2: [1022:1456] type 00 class 0x108000
[    4.642356] pci 0000:03:00.2: reg 0x18: [mem 0xdc300000-0xdc3fffff]
[    4.642365] pci 0000:03:00.2: reg 0x24: [mem 0xdc400000-0xdc401fff]
[    4.642446] pci 0000:03:00.3: [1022:145f] type 00 class 0x0c0330
[    4.642456] pci 0000:03:00.3: reg 0x10: [mem 0xdc200000-0xdc2fffff 64bit]
[    4.642506] pci 0000:03:00.3: PME# supported from D0 D3hot D3cold
[    4.642561] pci 0000:00:07.1: PCI bridge to [bus 03]
[    4.642565] pci 0000:00:07.1:   bridge window [mem 0xdc200000-0xdc4fffff]
[    4.642652] pci 0000:04:00.0: [1022:1455] type 00 class 0x130000
[    4.642751] pci 0000:04:00.1: [1022:1468] type 00 class 0x108000
[    4.642764] pci 0000:04:00.1: reg 0x18: [mem 0xdc500000-0xdc5fffff]
[    4.642774] pci 0000:04:00.1: reg 0x24: [mem 0xdc600000-0xdc601fff]
[    4.642864] pci 0000:00:08.1: PCI bridge to [bus 04]
[    4.642868] pci 0000:00:08.1:   bridge window [mem 0xdc500000-0xdc6fffff]
[    4.642885] pci_bus 0000:00: on NUMA node 0
[    4.643528] ACPI: PCI Root Bridge [S0D1] (domain 0000 [bus 20-3f])
[    4.643531] acpi PNP0A08:01: _OSC: OS supports [ExtendedConfig ASPM ClockPM Segments MSI]
[    4.643697] acpi PNP0A08:01: _OSC: OS now controls [PCIeHotplug PME AER PCIeCapability]
[    4.643857] PCI host bridge to bus 0000:20
[    4.643859] pci_bus 0000:20: root bus resource [bus 20-3f]
[    4.643861] pci_bus 0000:20: root bus resource [mem 0xd7a00000-0xd7efffff window]
[    4.643863] pci_bus 0000:20: root bus resource [mem 0x1ab0c000000-0x1d585ffffff window]
[    4.643868] pci 0000:20:00.0: [1022:1450] type 00 class 0x060000
[    4.643930] pci 0000:20:00.2: [1022:1451] type 00 class 0x080600
[    4.644016] pci 0000:20:01.0: [1022:1452] type 00 class 0x060000
[    4.644087] pci 0000:20:02.0: [1022:1452] type 00 class 0x060000
[    4.644159] pci 0000:20:03.0: [1022:1452] type 00 class 0x060000
[    4.644233] pci 0000:20:04.0: [1022:1452] type 00 class 0x060000
[    4.644308] pci 0000:20:07.0: [1022:1452] type 00 class 0x060000
[    4.644365] pci 0000:20:07.1: [1022:1454] type 01 class 0x060400
[    4.644648] pci 0000:20:07.1: PME# supported from D0 D3hot D3cold
[    4.644691] pci 0000:20:07.1: System wakeup disabled by ACPI
[    4.644728] pci 0000:20:08.0: [1022:1452] type 00 class 0x060000
[    4.644791] pci 0000:20:08.1: [1022:1454] type 01 class 0x060400
[    4.644899] pci 0000:20:08.1: PME# supported from D0 D3hot D3cold
[    4.645617] pci 0000:21:00.0: [1022:145a] type 00 class 0x130000
[    4.645715] pci 0000:21:00.2: [1022:1456] type 00 class 0x108000
[    4.645729] pci 0000:21:00.2: reg 0x18: [mem 0xd7b00000-0xd7bfffff]
[    4.645745] pci 0000:21:00.2: reg 0x24: [mem 0xd7c00000-0xd7c01fff]
[    4.645827] pci 0000:21:00.3: [1022:145f] type 00 class 0x0c0330
[    4.645838] pci 0000:21:00.3: reg 0x10: [mem 0xd7a00000-0xd7afffff 64bit]
[    4.645895] pci 0000:21:00.3: PME# supported from D0 D3hot D3cold
[    4.645953] pci 0000:20:07.1: PCI bridge to [bus 21]
[    4.645958] pci 0000:20:07.1:   bridge window [mem 0xd7a00000-0xd7cfffff]
[    4.646043] pci 0000:22:00.0: [1022:1455] type 00 class 0x130000
[    4.646145] pci 0000:22:00.1: [1022:1468] type 00 class 0x108000
[    4.646159] pci 0000:22:00.1: reg 0x18: [mem 0xd7d00000-0xd7dfffff]
[    4.646170] pci 0000:22:00.1: reg 0x24: [mem 0xd7e00000-0xd7e01fff]
[    4.646257] pci 0000:22:00.2: [1022:7901] type 00 class 0x010601
[    4.646289] pci 0000:22:00.2: reg 0x24: [mem 0xd7e02000-0xd7e02fff]
[    4.646329] pci 0000:22:00.2: PME# supported from D3hot D3cold
[    4.646391] pci 0000:20:08.1: PCI bridge to [bus 22]
[    4.646396] pci 0000:20:08.1:   bridge window [mem 0xd7d00000-0xd7efffff]
[    4.646409] pci_bus 0000:20: on NUMA node 1
[    4.646624] ACPI: PCI Root Bridge [S0D2] (domain 0000 [bus 40-5f])
[    4.646627] acpi PNP0A08:02: _OSC: OS supports [ExtendedConfig ASPM ClockPM Segments MSI]
[    4.646798] acpi PNP0A08:02: _OSC: OS now controls [PCIeHotplug PME AER PCIeCapability]
[    4.646946] PCI host bridge to bus 0000:40
[    4.646948] pci_bus 0000:40: root bus resource [bus 40-5f]
[    4.646950] pci_bus 0000:40: root bus resource [mem 0xd7400000-0xd77fffff window]
[    4.646951] pci_bus 0000:40: root bus resource [mem 0x18092000000-0x1ab0bffffff window]
[    4.646956] pci 0000:40:00.0: [1022:1450] type 00 class 0x060000
[    4.647016] pci 0000:40:00.2: [1022:1451] type 00 class 0x080600
[    4.647099] pci 0000:40:01.0: [1022:1452] type 00 class 0x060000
[    4.647169] pci 0000:40:02.0: [1022:1452] type 00 class 0x060000
[    4.647239] pci 0000:40:03.0: [1022:1452] type 00 class 0x060000
[    4.647310] pci 0000:40:04.0: [1022:1452] type 00 class 0x060000
[    4.647387] pci 0000:40:07.0: [1022:1452] type 00 class 0x060000
[    4.647443] pci 0000:40:07.1: [1022:1454] type 01 class 0x060400
[    4.647721] pci 0000:40:07.1: PME# supported from D0 D3hot D3cold
[    4.647766] pci 0000:40:07.1: System wakeup disabled by ACPI
[    4.647800] pci 0000:40:08.0: [1022:1452] type 00 class 0x060000
[    4.647856] pci 0000:40:08.1: [1022:1454] type 01 class 0x060400
[    4.647965] pci 0000:40:08.1: PME# supported from D0 D3hot D3cold
[    4.648694] pci 0000:41:00.0: [1022:145a] type 00 class 0x130000
[    4.648797] pci 0000:41:00.2: [1022:1456] type 00 class 0x108000
[    4.648810] pci 0000:41:00.2: reg 0x18: [mem 0xd7600000-0xd76fffff]
[    4.648821] pci 0000:41:00.2: reg 0x24: [mem 0xd7700000-0xd7701fff]
[    4.648912] pci 0000:40:07.1: PCI bridge to [bus 41]
[    4.648917] pci 0000:40:07.1:   bridge window [mem 0xd7600000-0xd77fffff]
[    4.649001] pci 0000:42:00.0: [1022:1455] type 00 class 0x130000
[    4.649105] pci 0000:42:00.1: [1022:1468] type 00 class 0x108000
[    4.649119] pci 0000:42:00.1: reg 0x18: [mem 0xd7400000-0xd74fffff]
[    4.649130] pci 0000:42:00.1: reg 0x24: [mem 0xd7500000-0xd7501fff]
[    4.649225] pci 0000:40:08.1: PCI bridge to [bus 42]
[    4.649230] pci 0000:40:08.1:   bridge window [mem 0xd7400000-0xd75fffff]
[    4.649242] pci_bus 0000:40: on NUMA node 2
[    4.649450] ACPI: PCI Root Bridge [S0D3] (domain 0000 [bus 60-7f])
[    4.649453] acpi PNP0A08:03: _OSC: OS supports [ExtendedConfig ASPM ClockPM Segments MSI]
[    4.649616] acpi PNP0A08:03: _OSC: OS now controls [PCIeHotplug PME AER PCIeCapability]
[    4.649770] PCI host bridge to bus 0000:60
[    4.649772] pci_bus 0000:60: root bus resource [bus 60-7f]
[    4.649774] pci_bus 0000:60: root bus resource [io  0x2000-0x2fff window]
[    4.649775] pci_bus 0000:60: root bus resource [mem 0xd6d00000-0xd71fffff window]
[    4.649777] pci_bus 0000:60: root bus resource [mem 0x15618000000-0x18091ffffff window]
[    4.649782] pci 0000:60:00.0: [1022:1450] type 00 class 0x060000
[    4.649844] pci 0000:60:00.2: [1022:1451] type 00 class 0x080600
[    4.649927] pci 0000:60:01.0: [1022:1452] type 00 class 0x060000
[    4.649997] pci 0000:60:02.0: [1022:1452] type 00 class 0x060000
[    4.650066] pci 0000:60:03.0: [1022:1452] type 00 class 0x060000
[    4.650124] pci 0000:60:03.2: [1022:1453] type 01 class 0x060400
[    4.650805] pci 0000:60:03.2: PME# supported from D0 D3hot D3cold
[    4.650880] pci 0000:60:04.0: [1022:1452] type 00 class 0x060000
[    4.650954] pci 0000:60:07.0: [1022:1452] type 00 class 0x060000
[    4.651008] pci 0000:60:07.1: [1022:1454] type 01 class 0x060400
[    4.651113] pci 0000:60:07.1: PME# supported from D0 D3hot D3cold
[    4.651154] pci 0000:60:07.1: System wakeup disabled by ACPI
[    4.651187] pci 0000:60:08.0: [1022:1452] type 00 class 0x060000
[    4.651243] pci 0000:60:08.1: [1022:1454] type 01 class 0x060400
[    4.651800] pci 0000:60:08.1: PME# supported from D0 D3hot D3cold
[    4.652009] pci 0000:61:00.0: [8086:10d3] type 00 class 0x020000
[    4.652036] pci 0000:61:00.0: reg 0x10: [mem 0xd71c0000-0xd71dffff]
[    4.652051] pci 0000:61:00.0: reg 0x14: [mem 0xd7100000-0xd717ffff]
[    4.652066] pci 0000:61:00.0: reg 0x18: [io  0x2000-0x201f]
[    4.652081] pci 0000:61:00.0: reg 0x1c: [mem 0xd71e0000-0xd71e3fff]
[    4.652125] pci 0000:61:00.0: reg 0x30: [mem 0xd7180000-0xd71bffff pref]
[    4.652216] pci 0000:61:00.0: PME# supported from D0 D3hot D3cold
[    4.653749] pci 0000:60:03.2: PCI bridge to [bus 61]
[    4.653754] pci 0000:60:03.2:   bridge window [io  0x2000-0x2fff]
[    4.653757] pci 0000:60:03.2:   bridge window [mem 0xd7100000-0xd71fffff]
[    4.653845] pci 0000:62:00.0: [1022:145a] type 00 class 0x130000
[    4.653947] pci 0000:62:00.2: [1022:1456] type 00 class 0x108000
[    4.653961] pci 0000:62:00.2: reg 0x18: [mem 0xd6f00000-0xd6ffffff]
[    4.653971] pci 0000:62:00.2: reg 0x24: [mem 0xd7000000-0xd7001fff]
[    4.654064] pci 0000:60:07.1: PCI bridge to [bus 62]
[    4.654069] pci 0000:60:07.1:   bridge window [mem 0xd6f00000-0xd70fffff]
[    4.654155] pci 0000:63:00.0: [1022:1455] type 00 class 0x130000
[    4.654258] pci 0000:63:00.1: [1022:1468] type 00 class 0x108000
[    4.654272] pci 0000:63:00.1: reg 0x18: [mem 0xd6d00000-0xd6dfffff]
[    4.654283] pci 0000:63:00.1: reg 0x24: [mem 0xd6e00000-0xd6e01fff]
[    4.654378] pci 0000:60:08.1: PCI bridge to [bus 63]
[    4.654383] pci 0000:60:08.1:   bridge window [mem 0xd6d00000-0xd6efffff]
[    4.654400] pci_bus 0000:60: on NUMA node 3
[    4.654617] ACPI: PCI Root Bridge [S1D0] (domain 0000 [bus 80-9f])
[    4.654621] acpi PNP0A08:04: _OSC: OS supports [ExtendedConfig ASPM ClockPM Segments MSI]
[    4.654791] acpi PNP0A08:04: _OSC: OS now controls [PCIeHotplug PME AER PCIeCapability]
[    4.654942] PCI host bridge to bus 0000:80
[    4.654944] pci_bus 0000:80: root bus resource [bus 80-9f]
[    4.654946] pci_bus 0000:80: root bus resource [mem 0xd6700000-0xd6afffff window]
[    4.654948] pci_bus 0000:80: root bus resource [mem 0x12b9e000000-0x15617ffffff window]
[    4.654954] pci 0000:80:00.0: [1022:1450] type 00 class 0x060000
[    4.655024] pci 0000:80:00.2: [1022:1451] type 00 class 0x080600
[    4.655119] pci 0000:80:01.0: [1022:1452] type 00 class 0x060000
[    4.655199] pci 0000:80:02.0: [1022:1452] type 00 class 0x060000
[    4.655276] pci 0000:80:03.0: [1022:1452] type 00 class 0x060000
[    4.655353] pci 0000:80:04.0: [1022:1452] type 00 class 0x060000
[    4.655434] pci 0000:80:07.0: [1022:1452] type 00 class 0x060000
[    4.655501] pci 0000:80:07.1: [1022:1454] type 01 class 0x060400
[    4.656164] pci 0000:80:07.1: PME# supported from D0 D3hot D3cold
[    4.656209] pci 0000:80:07.1: System wakeup disabled by ACPI
[    4.656245] pci 0000:80:08.0: [1022:1452] type 00 class 0x060000
[    4.656311] pci 0000:80:08.1: [1022:1454] type 01 class 0x060400
[    4.657177] pci 0000:80:08.1: PME# supported from D0 D3hot D3cold
[    4.658128] pci 0000:81:00.0: [1022:145a] type 00 class 0x130000
[    4.658240] pci 0000:81:00.2: [1022:1456] type 00 class 0x108000
[    4.658256] pci 0000:81:00.2: reg 0x18: [mem 0xd6900000-0xd69fffff]
[    4.658269] pci 0000:81:00.2: reg 0x24: [mem 0xd6a00000-0xd6a01fff]
[    4.658373] pci 0000:80:07.1: PCI bridge to [bus 81]
[    4.658379] pci 0000:80:07.1:   bridge window [mem 0xd6900000-0xd6afffff]
[    4.659153] pci 0000:82:00.0: [1022:1455] type 00 class 0x130000
[    4.659276] pci 0000:82:00.1: [1022:1468] type 00 class 0x108000
[    4.659293] pci 0000:82:00.1: reg 0x18: [mem 0xd6700000-0xd67fffff]
[    4.659306] pci 0000:82:00.1: reg 0x24: [mem 0xd6800000-0xd6801fff]
[    4.659407] pci 0000:82:00.2: [1022:7901] type 00 class 0x010601
[    4.659445] pci 0000:82:00.2: reg 0x24: [mem 0xd6802000-0xd6802fff]
[    4.659495] pci 0000:82:00.2: PME# supported from D3hot D3cold
[    4.659567] pci 0000:80:08.1: PCI bridge to [bus 82]
[    4.659573] pci 0000:80:08.1:   bridge window [mem 0xd6700000-0xd68fffff]
[    4.659589] pci_bus 0000:80: on NUMA node 4
[    4.659811] ACPI: PCI Root Bridge [S1D1] (domain 0000 [bus a0-bf])
[    4.659814] acpi PNP0A08:05: _OSC: OS supports [ExtendedConfig ASPM ClockPM Segments MSI]
[    4.659975] acpi PNP0A08:05: _OSC: OS now controls [PCIeHotplug PME AER PCIeCapability]
[    4.660124] PCI host bridge to bus 0000:a0
[    4.660126] pci_bus 0000:a0: root bus resource [bus a0-bf]
[    4.660128] pci_bus 0000:a0: root bus resource [mem 0xd6100000-0xd64fffff window]
[    4.660129] pci_bus 0000:a0: root bus resource [mem 0x10124000000-0x12b9dffffff window]
[    4.660135] pci 0000:a0:00.0: [1022:1450] type 00 class 0x060000
[    4.660203] pci 0000:a0:00.2: [1022:1451] type 00 class 0x080600
[    4.660300] pci 0000:a0:01.0: [1022:1452] type 00 class 0x060000
[    4.660378] pci 0000:a0:02.0: [1022:1452] type 00 class 0x060000
[    4.660455] pci 0000:a0:03.0: [1022:1452] type 00 class 0x060000
[    4.660535] pci 0000:a0:04.0: [1022:1452] type 00 class 0x060000
[    4.660618] pci 0000:a0:07.0: [1022:1452] type 00 class 0x060000
[    4.660682] pci 0000:a0:07.1: [1022:1454] type 01 class 0x060400
[    4.660828] pci 0000:a0:07.1: PME# supported from D0 D3hot D3cold
[    4.660874] pci 0000:a0:07.1: System wakeup disabled by ACPI
[    4.660910] pci 0000:a0:08.0: [1022:1452] type 00 class 0x060000
[    4.660975] pci 0000:a0:08.1: [1022:1454] type 01 class 0x060400
[    4.661099] pci 0000:a0:08.1: PME# supported from D0 D3hot D3cold
[    4.661800] pci 0000:a1:00.0: [1022:145a] type 00 class 0x130000
[    4.661913] pci 0000:a1:00.2: [1022:1456] type 00 class 0x108000
[    4.661929] pci 0000:a1:00.2: reg 0x18: [mem 0xd6300000-0xd63fffff]
[    4.661942] pci 0000:a1:00.2: reg 0x24: [mem 0xd6400000-0xd6401fff]
[    4.662047] pci 0000:a0:07.1: PCI bridge to [bus a1]
[    4.662053] pci 0000:a0:07.1:   bridge window [mem 0xd6300000-0xd64fffff]
[    4.662148] pci 0000:a2:00.0: [1022:1455] type 00 class 0x130000
[    4.662267] pci 0000:a2:00.1: [1022:1468] type 00 class 0x108000
[    4.662285] pci 0000:a2:00.1: reg 0x18: [mem 0xd6100000-0xd61fffff]
[    4.662297] pci 0000:a2:00.1: reg 0x24: [mem 0xd6200000-0xd6201fff]
[    4.662401] pci 0000:a2:00.2: [1022:7901] type 00 class 0x010601
[    4.662439] pci 0000:a2:00.2: reg 0x24: [mem 0xd6202000-0xd6202fff]
[    4.662488] pci 0000:a2:00.2: PME# supported from D3hot D3cold
[    4.662559] pci 0000:a0:08.1: PCI bridge to [bus a2]
[    4.662565] pci 0000:a0:08.1:   bridge window [mem 0xd6100000-0xd62fffff]
[    4.662580] pci_bus 0000:a0: on NUMA node 5
[    4.662807] ACPI: PCI Root Bridge [S1D2] (domain 0000 [bus c0-df])
[    4.662810] acpi PNP0A08:06: _OSC: OS supports [ExtendedConfig ASPM ClockPM Segments MSI]
[    4.662970] acpi PNP0A08:06: _OSC: OS now controls [PCIeHotplug PME AER PCIeCapability]
[    4.663119] PCI host bridge to bus 0000:c0
[    4.663121] pci_bus 0000:c0: root bus resource [bus c0-df]
[    4.663123] pci_bus 0000:c0: root bus resource [mem 0xd5b00000-0xd5efffff window]
[    4.663124] pci_bus 0000:c0: root bus resource [mem 0xd286000000-0xfcffffffff window]
[    4.663129] pci 0000:c0:00.0: [1022:1450] type 00 class 0x060000
[    4.663199] pci 0000:c0:00.2: [1022:1451] type 00 class 0x080600
[    4.663289] pci 0000:c0:01.0: [1022:1452] type 00 class 0x060000
[    4.663363] pci 0000:c0:02.0: [1022:1452] type 00 class 0x060000
[    4.663437] pci 0000:c0:03.0: [1022:1452] type 00 class 0x060000
[    4.663511] pci 0000:c0:04.0: [1022:1452] type 00 class 0x060000
[    4.663589] pci 0000:c0:07.0: [1022:1452] type 00 class 0x060000
[    4.663650] pci 0000:c0:07.1: [1022:1454] type 01 class 0x060400
[    4.663778] pci 0000:c0:07.1: PME# supported from D0 D3hot D3cold
[    4.663822] pci 0000:c0:07.1: System wakeup disabled by ACPI
[    4.663857] pci 0000:c0:08.0: [1022:1452] type 00 class 0x060000
[    4.663917] pci 0000:c0:08.1: [1022:1454] type 01 class 0x060400
[    4.664047] pci 0000:c0:08.1: PME# supported from D0 D3hot D3cold
[    4.664747] pci 0000:c1:00.0: [1022:145a] type 00 class 0x130000
[    4.664852] pci 0000:c1:00.2: [1022:1456] type 00 class 0x108000
[    4.664868] pci 0000:c1:00.2: reg 0x18: [mem 0xd5d00000-0xd5dfffff]
[    4.664879] pci 0000:c1:00.2: reg 0x24: [mem 0xd5e00000-0xd5e01fff]
[    4.664974] pci 0000:c0:07.1: PCI bridge to [bus c1]
[    4.664980] pci 0000:c0:07.1:   bridge window [mem 0xd5d00000-0xd5efffff]
[    4.665068] pci 0000:c2:00.0: [1022:1455] type 00 class 0x130000
[    4.665179] pci 0000:c2:00.1: [1022:1468] type 00 class 0x108000
[    4.665195] pci 0000:c2:00.1: reg 0x18: [mem 0xd5b00000-0xd5bfffff]
[    4.665208] pci 0000:c2:00.1: reg 0x24: [mem 0xd5c00000-0xd5c01fff]
[    4.665314] pci 0000:c0:08.1: PCI bridge to [bus c2]
[    4.665319] pci 0000:c0:08.1:   bridge window [mem 0xd5b00000-0xd5cfffff]
[    4.665333] pci_bus 0000:c0: on NUMA node 6
[    4.665547] ACPI: PCI Root Bridge [S1D3] (domain 0000 [bus e0-ff])
[    4.665550] acpi PNP0A08:07: _OSC: OS supports [ExtendedConfig ASPM ClockPM Segments MSI]
[    4.665713] acpi PNP0A08:07: _OSC: OS now controls [PCIeHotplug PME AER PCIeCapability]
[    4.665868] PCI host bridge to bus 0000:e0
[    4.665870] pci_bus 0000:e0: root bus resource [bus e0-ff]
[    4.665872] pci_bus 0000:e0: root bus resource [mem 0xd5500000-0xd58fffff window]
[    4.665873] pci_bus 0000:e0: root bus resource [mem 0xa80c000000-0xd285ffffff window]
[    4.665879] pci 0000:e0:00.0: [1022:1450] type 00 class 0x060000
[    4.665948] pci 0000:e0:00.2: [1022:1451] type 00 class 0x080600
[    4.666042] pci 0000:e0:01.0: [1022:1452] type 00 class 0x060000
[    4.666121] pci 0000:e0:02.0: [1022:1452] type 00 class 0x060000
[    4.666196] pci 0000:e0:03.0: [1022:1452] type 00 class 0x060000
[    4.666273] pci 0000:e0:04.0: [1022:1452] type 00 class 0x060000
[    4.666357] pci 0000:e0:07.0: [1022:1452] type 00 class 0x060000
[    4.666421] pci 0000:e0:07.1: [1022:1454] type 01 class 0x060400
[    4.666699] pci 0000:e0:07.1: PME# supported from D0 D3hot D3cold
[    4.666748] pci 0000:e0:07.1: System wakeup disabled by ACPI
[    4.666783] pci 0000:e0:08.0: [1022:1452] type 00 class 0x060000
[    4.666846] pci 0000:e0:08.1: [1022:1454] type 01 class 0x060400
[    4.666977] pci 0000:e0:08.1: PME# supported from D0 D3hot D3cold
[    4.667673] pci 0000:e1:00.0: [1022:145a] type 00 class 0x130000
[    4.667795] pci 0000:e1:00.2: [1022:1456] type 00 class 0x108000
[    4.667811] pci 0000:e1:00.2: reg 0x18: [mem 0xd5700000-0xd57fffff]
[    4.667824] pci 0000:e1:00.2: reg 0x24: [mem 0xd5800000-0xd5801fff]
[    4.667927] pci 0000:e0:07.1: PCI bridge to [bus e1]
[    4.667933] pci 0000:e0:07.1:   bridge window [mem 0xd5700000-0xd58fffff]
[    4.668025] pci 0000:e2:00.0: [1022:1455] type 00 class 0x130000
[    4.668148] pci 0000:e2:00.1: [1022:1468] type 00 class 0x108000
[    4.668165] pci 0000:e2:00.1: reg 0x18: [mem 0xd5500000-0xd55fffff]
[    4.668177] pci 0000:e2:00.1: reg 0x24: [mem 0xd5600000-0xd5601fff]
[    4.668288] pci 0000:e0:08.1: PCI bridge to [bus e2]
[    4.668294] pci 0000:e0:08.1:   bridge window [mem 0xd5500000-0xd56fffff]
[    4.668309] pci_bus 0000:e0: on NUMA node 7
[    4.668488] ACPI: PCI Interrupt Link [LNKA] (IRQs 4 5 7 10 11 14 15) *0
[    4.668540] ACPI: PCI Interrupt Link [LNKB] (IRQs 4 *5 7 10 11 14 15)
[    4.668582] ACPI: PCI Interrupt Link [LNKC] (IRQs 4 5 7 10 *11 14 15)
[    4.668637] ACPI: PCI Interrupt Link [LNKD] (IRQs 4 5 7 10 11 14 15) *0
[    4.668684] ACPI: PCI Interrupt Link [LNKE] (IRQs 4 5 7 10 *11 14 15)
[    4.668726] ACPI: PCI Interrupt Link [LNKF] (IRQs 4 5 7 *10 11 14 15)
[    4.668770] ACPI: PCI Interrupt Link [LNKG] (IRQs 4 5 7 10 11 14 15) *0
[    4.668809] ACPI: PCI Interrupt Link [LNKH] (IRQs 4 5 7 10 11 14 15) *0
[    4.668864] ACPI: Enabled 1 GPEs in block 00 to 1F
[    4.668986] vgaarb: device added: PCI:0000:02:00.0,decodes=io+mem,owns=io+mem,locks=none
[    4.668997] vgaarb: loaded
[    4.668998] vgaarb: bridge control possible 0000:02:00.0
[    4.669085] SCSI subsystem initialized
[    4.669110] ACPI: bus type USB registered
[    4.669122] usbcore: registered new interface driver usbfs
[    4.669128] usbcore: registered new interface driver hub
[    4.669606] usbcore: registered new device driver usb
[    4.670342] PCI: Using ACPI for IRQ routing
[    4.689643] PCI: pci_cache_line_size set to 64 bytes
[    4.689904] e820: reserve RAM buffer [mem 0x75db0000-0x77ffffff]
[    4.689905] e820: reserve RAM buffer [mem 0x937d8018-0x93ffffff]
[    4.689906] e820: reserve RAM buffer [mem 0x93809018-0x93ffffff]
[    4.689907] e820: reserve RAM buffer [mem 0xc8dc9000-0xcbffffff]
[    4.689908] e820: reserve RAM buffer [mem 0xca2f3000-0xcbffffff]
[    4.689910] e820: reserve RAM buffer [mem 0x102f380000-0x102fffffff]
[    4.689911] e820: reserve RAM buffer [mem 0x202ff80000-0x202fffffff]
[    4.689912] e820: reserve RAM buffer [mem 0x302ff80000-0x302fffffff]
[    4.689913] e820: reserve RAM buffer [mem 0x402ff80000-0x402fffffff]
[    4.689914] e820: reserve RAM buffer [mem 0x502ff80000-0x502fffffff]
[    4.689915] e820: reserve RAM buffer [mem 0x602ff80000-0x602fffffff]
[    4.689916] e820: reserve RAM buffer [mem 0x702ff80000-0x702fffffff]
[    4.689917] e820: reserve RAM buffer [mem 0x802ff80000-0x802fffffff]
[    4.690099] NetLabel: Initializing
[    4.690100] NetLabel:  domain hash size = 128
[    4.690100] NetLabel:  protocols = UNLABELED CIPSOv4
[    4.690110] NetLabel:  unlabeled traffic allowed by default
[    4.690147] hpet0: at MMIO 0xfed00000, IRQs 2, 8, 0
[    4.690150] hpet0: 3 comparators, 32-bit 14.318180 MHz counter
[    4.692625] Switched to clocksource hpet
[    4.697399] pnp: PnP ACPI init
[    4.697406] ACPI: bus type PNP registered
[    4.697559] system 00:00: [mem 0xe0000000-0xefffffff] has been reserved
[    4.697561] system 00:00: Plug and Play ACPI device, IDs PNP0c01 (active)
[    4.697693] pnp 00:01: Plug and Play ACPI device, IDs PNP0b00 (active)
[    4.697875] system 00:02: [io  0x04d0-0x04d1] has been reserved
[    4.697877] system 00:02: [io  0x040b] has been reserved
[    4.697878] system 00:02: [io  0x04d6] has been reserved
[    4.697879] system 00:02: [io  0x0c00-0x0c01] has been reserved
[    4.697880] system 00:02: [io  0x0c14] has been reserved
[    4.697881] system 00:02: [io  0x0c50-0x0c51] has been reserved
[    4.697883] system 00:02: [io  0x0c52] has been reserved
[    4.697886] system 00:02: [io  0x0c6c] has been reserved
[    4.697887] system 00:02: [io  0x0c6f] has been reserved
[    4.697888] system 00:02: [io  0x0cd0-0x0cd1] has been reserved
[    4.697889] system 00:02: [io  0x0cd2-0x0cd3] has been reserved
[    4.697890] system 00:02: [io  0x0cd4-0x0cd5] has been reserved
[    4.697892] system 00:02: [io  0x0cd6-0x0cd7] has been reserved
[    4.697893] system 00:02: [io  0x0cd8-0x0cdf] has been reserved
[    4.697894] system 00:02: [io  0x0800-0x089f] could not be reserved
[    4.697895] system 00:02: [io  0x0b00-0x0b0f] has been reserved
[    4.697896] system 00:02: [io  0x0b20-0x0b3f] has been reserved
[    4.697897] system 00:02: [io  0x0900-0x090f] has been reserved
[    4.697898] system 00:02: [io  0x0910-0x091f] has been reserved
[    4.697900] system 00:02: [io  0xfe00-0xfefe] has been reserved
[    4.697901] system 00:02: [mem 0xfec00000-0xfec00fff] could not be reserved
[    4.697903] system 00:02: [mem 0xfec01000-0xfec01fff] has been reserved
[    4.697904] system 00:02: [mem 0xfedc0000-0xfedc0fff] has been reserved
[    4.697905] system 00:02: [mem 0xfee00000-0xfee00fff] has been reserved
[    4.697906] system 00:02: [mem 0xfed80000-0xfed8ffff] could not be reserved
[    4.697908] system 00:02: [mem 0xfed61000-0xfed70fff] has been reserved
[    4.697909] system 00:02: [mem 0xfec10000-0xfec10fff] has been reserved
[    4.697910] system 00:02: [mem 0xff000000-0xffffffff] has been reserved
[    4.697912] system 00:02: Plug and Play ACPI device, IDs PNP0c02 (active)
[    4.698108] pnp 00:03: Plug and Play ACPI device, IDs PNP0501 (active)
[    4.698174] pnp 00:04: Plug and Play ACPI device, IDs PNP0501 (active)
[    4.698991] pnp: PnP ACPI: found 5 devices
[    4.698992] ACPI: bus type PNP unregistered
[    4.705455] pci 0000:01:00.0: PCI bridge to [bus 02]
[    4.705459] pci 0000:01:00.0:   bridge window [io  0x1000-0x1fff]
[    4.705464] pci 0000:01:00.0:   bridge window [mem 0xd8000000-0xdc0fffff]
[    4.705474] pci 0000:00:01.2: PCI bridge to [bus 01-02]
[    4.705476] pci 0000:00:01.2:   bridge window [io  0x1000-0x1fff]
[    4.705478] pci 0000:00:01.2:   bridge window [mem 0xd8000000-0xdc0fffff]
[    4.705483] pci 0000:00:07.1: PCI bridge to [bus 03]
[    4.705486] pci 0000:00:07.1:   bridge window [mem 0xdc200000-0xdc4fffff]
[    4.705490] pci 0000:00:08.1: PCI bridge to [bus 04]
[    4.705493] pci 0000:00:08.1:   bridge window [mem 0xdc500000-0xdc6fffff]
[    4.705501] pci_bus 0000:00: resource 4 [io  0x0000-0x02e7 window]
[    4.705502] pci_bus 0000:00: resource 5 [io  0x0300-0x03af window]
[    4.705503] pci_bus 0000:00: resource 6 [io  0x0400-0x0cf7 window]
[    4.705504] pci_bus 0000:00: resource 7 [io  0x03b0-0x03df window]
[    4.705505] pci_bus 0000:00: resource 8 [io  0x0d00-0x1fff window]
[    4.705507] pci_bus 0000:00: resource 9 [mem 0x000a0000-0x000bffff window]
[    4.705508] pci_bus 0000:00: resource 10 [mem 0x000c0000-0x000dffff window]
[    4.705509] pci_bus 0000:00: resource 11 [mem 0xd8000000-0xdfffffff window]
[    4.705510] pci_bus 0000:00: resource 12 [mem 0x1d586000000-0x1ffffffffff window]
[    4.705512] pci_bus 0000:01: resource 0 [io  0x1000-0x1fff]
[    4.705513] pci_bus 0000:01: resource 1 [mem 0xd8000000-0xdc0fffff]
[    4.705523] pci_bus 0000:02: resource 0 [io  0x1000-0x1fff]
[    4.705524] pci_bus 0000:02: resource 1 [mem 0xd8000000-0xdc0fffff]
[    4.705526] pci_bus 0000:03: resource 1 [mem 0xdc200000-0xdc4fffff]
[    4.705527] pci_bus 0000:04: resource 1 [mem 0xdc500000-0xdc6fffff]
[    4.705538] pci 0000:20:07.1: PCI bridge to [bus 21]
[    4.705541] pci 0000:20:07.1:   bridge window [mem 0xd7a00000-0xd7cfffff]
[    4.705546] pci 0000:20:08.1: PCI bridge to [bus 22]
[    4.705548] pci 0000:20:08.1:   bridge window [mem 0xd7d00000-0xd7efffff]
[    4.705553] pci_bus 0000:20: resource 4 [mem 0xd7a00000-0xd7efffff window]
[    4.705554] pci_bus 0000:20: resource 5 [mem 0x1ab0c000000-0x1d585ffffff window]
[    4.705555] pci_bus 0000:21: resource 1 [mem 0xd7a00000-0xd7cfffff]
[    4.705557] pci_bus 0000:22: resource 1 [mem 0xd7d00000-0xd7efffff]
[    4.705573] pci 0000:40:07.1: PCI bridge to [bus 41]
[    4.705578] pci 0000:40:07.1:   bridge window [mem 0xd7600000-0xd77fffff]
[    4.705586] pci 0000:40:08.1: PCI bridge to [bus 42]
[    4.705590] pci 0000:40:08.1:   bridge window [mem 0xd7400000-0xd75fffff]
[    4.705598] pci_bus 0000:40: resource 4 [mem 0xd7400000-0xd77fffff window]
[    4.705599] pci_bus 0000:40: resource 5 [mem 0x18092000000-0x1ab0bffffff window]
[    4.705600] pci_bus 0000:41: resource 1 [mem 0xd7600000-0xd77fffff]
[    4.705601] pci_bus 0000:42: resource 1 [mem 0xd7400000-0xd75fffff]
[    4.705623] pci 0000:60:03.2: PCI bridge to [bus 61]
[    4.705625] pci 0000:60:03.2:   bridge window [io  0x2000-0x2fff]
[    4.705629] pci 0000:60:03.2:   bridge window [mem 0xd7100000-0xd71fffff]
[    4.705637] pci 0000:60:07.1: PCI bridge to [bus 62]
[    4.705641] pci 0000:60:07.1:   bridge window [mem 0xd6f00000-0xd70fffff]
[    4.705649] pci 0000:60:08.1: PCI bridge to [bus 63]
[    4.705653] pci 0000:60:08.1:   bridge window [mem 0xd6d00000-0xd6efffff]
[    4.705661] pci_bus 0000:60: resource 4 [io  0x2000-0x2fff window]
[    4.705662] pci_bus 0000:60: resource 5 [mem 0xd6d00000-0xd71fffff window]
[    4.705663] pci_bus 0000:60: resource 6 [mem 0x15618000000-0x18091ffffff window]
[    4.705664] pci_bus 0000:61: resource 0 [io  0x2000-0x2fff]
[    4.705665] pci_bus 0000:61: resource 1 [mem 0xd7100000-0xd71fffff]
[    4.705666] pci_bus 0000:62: resource 1 [mem 0xd6f00000-0xd70fffff]
[    4.705667] pci_bus 0000:63: resource 1 [mem 0xd6d00000-0xd6efffff]
[    4.705680] pci 0000:80:07.1: PCI bridge to [bus 81]
[    4.705684] pci 0000:80:07.1:   bridge window [mem 0xd6900000-0xd6afffff]
[    4.705689] pci 0000:80:08.1: PCI bridge to [bus 82]
[    4.705692] pci 0000:80:08.1:   bridge window [mem 0xd6700000-0xd68fffff]
[    4.705697] pci_bus 0000:80: resource 4 [mem 0xd6700000-0xd6afffff window]
[    4.705699] pci_bus 0000:80: resource 5 [mem 0x12b9e000000-0x15617ffffff window]
[    4.705700] pci_bus 0000:81: resource 1 [mem 0xd6900000-0xd6afffff]
[    4.705701] pci_bus 0000:82: resource 1 [mem 0xd6700000-0xd68fffff]
[    4.705719] pci 0000:a0:07.1: PCI bridge to [bus a1]
[    4.705724] pci 0000:a0:07.1:   bridge window [mem 0xd6300000-0xd64fffff]
[    4.705733] pci 0000:a0:08.1: PCI bridge to [bus a2]
[    4.705738] pci 0000:a0:08.1:   bridge window [mem 0xd6100000-0xd62fffff]
[    4.705746] pci_bus 0000:a0: resource 4 [mem 0xd6100000-0xd64fffff window]
[    4.705748] pci_bus 0000:a0: resource 5 [mem 0x10124000000-0x12b9dffffff window]
[    4.705749] pci_bus 0000:a1: resource 1 [mem 0xd6300000-0xd64fffff]
[    4.705750] pci_bus 0000:a2: resource 1 [mem 0xd6100000-0xd62fffff]
[    4.705766] pci 0000:c0:07.1: PCI bridge to [bus c1]
[    4.705770] pci 0000:c0:07.1:   bridge window [mem 0xd5d00000-0xd5efffff]
[    4.705778] pci 0000:c0:08.1: PCI bridge to [bus c2]
[    4.705783] pci 0000:c0:08.1:   bridge window [mem 0xd5b00000-0xd5cfffff]
[    4.705791] pci_bus 0000:c0: resource 4 [mem 0xd5b00000-0xd5efffff window]
[    4.705792] pci_bus 0000:c0: resource 5 [mem 0xd286000000-0xfcffffffff window]
[    4.705793] pci_bus 0000:c1: resource 1 [mem 0xd5d00000-0xd5efffff]
[    4.705794] pci_bus 0000:c2: resource 1 [mem 0xd5b00000-0xd5cfffff]
[    4.705812] pci 0000:e0:07.1: PCI bridge to [bus e1]
[    4.705818] pci 0000:e0:07.1:   bridge window [mem 0xd5700000-0xd58fffff]
[    4.705827] pci 0000:e0:08.1: PCI bridge to [bus e2]
[    4.705832] pci 0000:e0:08.1:   bridge window [mem 0xd5500000-0xd56fffff]
[    4.705841] pci_bus 0000:e0: resource 4 [mem 0xd5500000-0xd58fffff window]
[    4.705842] pci_bus 0000:e0: resource 5 [mem 0xa80c000000-0xd285ffffff window]
[    4.705843] pci_bus 0000:e1: resource 1 [mem 0xd5700000-0xd58fffff]
[    4.705845] pci_bus 0000:e2: resource 1 [mem 0xd5500000-0xd56fffff]
[    4.705952] NET: Registered protocol family 2
[    4.706921] TCP established hash table entries: 524288 (order: 10, 4194304 bytes)
