[    0.000000] Initializing cgroup subsys cpuset
[    0.000000] Initializing cgroup subsys cpu
[    0.000000] Initializing cgroup subsys cpuacct
[    0.000000] Linux version 3.10.0-693.el7.x86_64 (mockbuild@x86-038.build.eng.bos.redhat.com) (gcc version 4.8.5 20150623 (Red Hat 4.8.5-16) (GCC) ) #1 SMP Thu Jul 6 19:56:57 EDT 2017
[    0.000000] Command line: BOOT_IMAGE=/boot/vmlinuz-3.10.0-693.el7.x86_64 root=UUID=43cf8a9d-649e-48eb-9c54-ecf3f91878e5 ro crashkernel=auto rhgb quiet LANG=en_US.UTF-8
[    0.000000] e820: BIOS-provided physical RAM map:
[    0.000000] BIOS-e820: [mem 0x0000000000000000-0x000000000009ffff] usable
[    0.000000] BIOS-e820: [mem 0x00000000000a0000-0x00000000000fffff] reserved
[    0.000000] BIOS-e820: [mem 0x0000000000100000-0x0000000075daffff] usable
[    0.000000] BIOS-e820: [mem 0x0000000075db0000-0x0000000075ffffff] reserved
[    0.000000] BIOS-e820: [mem 0x0000000076000000-0x00000000c5d82fff] usable
[    0.000000] BIOS-e820: [mem 0x00000000c5d83000-0x00000000c5dd3fff] reserved
[    0.000000] BIOS-e820: [mem 0x00000000c5dd4000-0x00000000c5dfbfff] ACPI NVS
[    0.000000] BIOS-e820: [mem 0x00000000c5dfc000-0x00000000c5e0cfff] reserved
[    0.000000] BIOS-e820: [mem 0x00000000c5e0d000-0x00000000c628dfff] usable
[    0.000000] BIOS-e820: [mem 0x00000000c628e000-0x00000000c671ffff] reserved
[    0.000000] BIOS-e820: [mem 0x00000000c6720000-0x00000000c7e03fff] usable
[    0.000000] BIOS-e820: [mem 0x00000000c7e04000-0x00000000c8103fff] ACPI NVS
[    0.000000] BIOS-e820: [mem 0x00000000c8104000-0x00000000c912ffff] reserved
[    0.000000] BIOS-e820: [mem 0x00000000c9130000-0x00000000c913bfff] usable
[    0.000000] BIOS-e820: [mem 0x00000000c913c000-0x00000000c9152fff] reserved
[    0.000000] BIOS-e820: [mem 0x00000000c9153000-0x00000000c9179fff] usable
[    0.000000] BIOS-e820: [mem 0x00000000c917a000-0x00000000c9278fff] reserved
[    0.000000] BIOS-e820: [mem 0x00000000c9279000-0x00000000cad78fff] usable
[    0.000000] BIOS-e820: [mem 0x00000000cad79000-0x00000000cada8fff] reserved
[    0.000000] BIOS-e820: [mem 0x00000000cada9000-0x00000000caddefff] usable
[    0.000000] BIOS-e820: [mem 0x00000000caddf000-0x00000000cae18fff] ACPI NVS
[    0.000000] BIOS-e820: [mem 0x00000000cae19000-0x00000000cae68fff] reserved
[    0.000000] BIOS-e820: [mem 0x00000000cae69000-0x00000000cbffffff] usable
[    0.000000] BIOS-e820: [mem 0x00000000cc000000-0x00000000cfffffff] reserved
[    0.000000] BIOS-e820: [mem 0x00000000d5300000-0x00000000d547ffff] reserved
[    0.000000] BIOS-e820: [mem 0x00000000d54f0000-0x00000000d54f0fff] reserved
[    0.000000] BIOS-e820: [mem 0x00000000d5900000-0x00000000d5a7ffff] reserved
[    0.000000] BIOS-e820: [mem 0x00000000d5af0000-0x00000000d5af0fff] reserved
[    0.000000] BIOS-e820: [mem 0x00000000d5f00000-0x00000000d607ffff] reserved
[    0.000000] BIOS-e820: [mem 0x00000000d60f0000-0x00000000d60f0fff] reserved
[    0.000000] BIOS-e820: [mem 0x00000000d6500000-0x00000000d667ffff] reserved
[    0.000000] BIOS-e820: [mem 0x00000000d66f0000-0x00000000d66f0fff] reserved
[    0.000000] BIOS-e820: [mem 0x00000000d6b00000-0x00000000d6c7ffff] reserved
[    0.000000] BIOS-e820: [mem 0x00000000d6cf0000-0x00000000d6cf0fff] reserved
[    0.000000] BIOS-e820: [mem 0x00000000d7200000-0x00000000d737ffff] reserved
[    0.000000] BIOS-e820: [mem 0x00000000d73f0000-0x00000000d73f0fff] reserved
[    0.000000] BIOS-e820: [mem 0x00000000d7800000-0x00000000d797ffff] reserved
[    0.000000] BIOS-e820: [mem 0x00000000d79f0000-0x00000000d79f0fff] reserved
[    0.000000] BIOS-e820: [mem 0x00000000d7f00000-0x00000000d7f7ffff] reserved
[    0.000000] BIOS-e820: [mem 0x00000000d7ff0000-0x00000000d7ff0fff] reserved
[    0.000000] BIOS-e820: [mem 0x00000000fea00000-0x00000000feafffff] reserved
[    0.000000] BIOS-e820: [mem 0x00000000fec00000-0x00000000fec00fff] reserved
[    0.000000] BIOS-e820: [mem 0x00000000fec10000-0x00000000fec10fff] reserved
[    0.000000] BIOS-e820: [mem 0x00000000fed00000-0x00000000fed00fff] reserved
[    0.000000] BIOS-e820: [mem 0x00000000fed40000-0x00000000fed44fff] reserved
[    0.000000] BIOS-e820: [mem 0x00000000fed80000-0x00000000fed8ffff] reserved
[    0.000000] BIOS-e820: [mem 0x00000000fedc0000-0x00000000fedc0fff] reserved
[    0.000000] BIOS-e820: [mem 0x00000000fedc2000-0x00000000fedc5fff] reserved
[    0.000000] BIOS-e820: [mem 0x00000000fedc7000-0x00000000fedc7fff] reserved
[    0.000000] BIOS-e820: [mem 0x00000000fedc9000-0x00000000fedcafff] reserved
[    0.000000] BIOS-e820: [mem 0x00000000fee00000-0x00000000feefffff] reserved
[    0.000000] BIOS-e820: [mem 0x00000000ff000000-0x00000000ffffffff] reserved
[    0.000000] BIOS-e820: [mem 0x0000000100000000-0x000000102f37ffff] usable
[    0.000000] BIOS-e820: [mem 0x000000102f380000-0x000000102fffffff] reserved
[    0.000000] BIOS-e820: [mem 0x0000001030000000-0x000000202ff7ffff] usable
[    0.000000] BIOS-e820: [mem 0x000000202ff80000-0x000000202fffffff] reserved
[    0.000000] BIOS-e820: [mem 0x0000002030000000-0x000000302ff7ffff] usable
[    0.000000] BIOS-e820: [mem 0x000000302ff80000-0x000000302fffffff] reserved
[    0.000000] BIOS-e820: [mem 0x0000003030000000-0x000000402ff7ffff] usable
[    0.000000] BIOS-e820: [mem 0x000000402ff80000-0x000000402fffffff] reserved
[    0.000000] BIOS-e820: [mem 0x0000004030000000-0x000000502ff7ffff] usable
[    0.000000] BIOS-e820: [mem 0x000000502ff80000-0x000000502fffffff] reserved
[    0.000000] BIOS-e820: [mem 0x0000005030000000-0x000000602ff7ffff] usable
[    0.000000] BIOS-e820: [mem 0x000000602ff80000-0x000000602fffffff] reserved
[    0.000000] BIOS-e820: [mem 0x0000006030000000-0x000000702ff7ffff] usable
[    0.000000] BIOS-e820: [mem 0x000000702ff80000-0x000000702fffffff] reserved
[    0.000000] BIOS-e820: [mem 0x0000007030000000-0x000000802ff7ffff] usable
[    0.000000] BIOS-e820: [mem 0x000000802ff80000-0x000000802fffffff] reserved
[    0.000000] NX (Execute Disable) protection: active
[    0.000000] e820: update [mem 0xc9167018-0xc9177857] usable ==> usable
[    0.000000] e820: update [mem 0x943e3018-0x94413457] usable ==> usable
[    0.000000] extended physical RAM map:
[    0.000000] reserve setup_data: [mem 0x0000000000000000-0x000000000009ffff] usable
[    0.000000] reserve setup_data: [mem 0x00000000000a0000-0x00000000000fffff] reserved
[    0.000000] reserve setup_data: [mem 0x0000000000100000-0x0000000075daffff] usable
[    0.000000] reserve setup_data: [mem 0x0000000075db0000-0x0000000075ffffff] reserved
[    0.000000] reserve setup_data: [mem 0x0000000076000000-0x00000000943e3017] usable
[    0.000000] reserve setup_data: [mem 0x00000000943e3018-0x0000000094413457] usable
[    0.000000] reserve setup_data: [mem 0x0000000094413458-0x00000000c5d82fff] usable
[    0.000000] reserve setup_data: [mem 0x00000000c5d83000-0x00000000c5dd3fff] reserved
[    0.000000] reserve setup_data: [mem 0x00000000c5dd4000-0x00000000c5dfbfff] ACPI NVS
[    0.000000] reserve setup_data: [mem 0x00000000c5dfc000-0x00000000c5e0cfff] reserved
[    0.000000] reserve setup_data: [mem 0x00000000c5e0d000-0x00000000c628dfff] usable
[    0.000000] reserve setup_data: [mem 0x00000000c628e000-0x00000000c671ffff] reserved
[    0.000000] reserve setup_data: [mem 0x00000000c6720000-0x00000000c7e03fff] usable
[    0.000000] reserve setup_data: [mem 0x00000000c7e04000-0x00000000c8103fff] ACPI NVS
[    0.000000] reserve setup_data: [mem 0x00000000c8104000-0x00000000c912ffff] reserved
[    0.000000] reserve setup_data: [mem 0x00000000c9130000-0x00000000c913bfff] usable
[    0.000000] reserve setup_data: [mem 0x00000000c913c000-0x00000000c9152fff] reserved
[    0.000000] reserve setup_data: [mem 0x00000000c9153000-0x00000000c9167017] usable
[    0.000000] reserve setup_data: [mem 0x00000000c9167018-0x00000000c9177857] usable
[    0.000000] reserve setup_data: [mem 0x00000000c9177858-0x00000000c9179fff] usable
[    0.000000] reserve setup_data: [mem 0x00000000c917a000-0x00000000c9278fff] reserved
[    0.000000] reserve setup_data: [mem 0x00000000c9279000-0x00000000cad78fff] usable
[    0.000000] reserve setup_data: [mem 0x00000000cad79000-0x00000000cada8fff] reserved
[    0.000000] reserve setup_data: [mem 0x00000000cada9000-0x00000000caddefff] usable
[    0.000000] reserve setup_data: [mem 0x00000000caddf000-0x00000000cae18fff] ACPI NVS
[    0.000000] reserve setup_data: [mem 0x00000000cae19000-0x00000000cae68fff] reserved
[    0.000000] reserve setup_data: [mem 0x00000000cae69000-0x00000000cbffffff] usable
[    0.000000] reserve setup_data: [mem 0x00000000cc000000-0x00000000cfffffff] reserved
[    0.000000] reserve setup_data: [mem 0x00000000d5300000-0x00000000d547ffff] reserved
[    0.000000] reserve setup_data: [mem 0x00000000d54f0000-0x00000000d54f0fff] reserved
[    0.000000] reserve setup_data: [mem 0x00000000d5900000-0x00000000d5a7ffff] reserved
[    0.000000] reserve setup_data: [mem 0x00000000d5af0000-0x00000000d5af0fff] reserved
[    0.000000] reserve setup_data: [mem 0x00000000d5f00000-0x00000000d607ffff] reserved
[    0.000000] reserve setup_data: [mem 0x00000000d60f0000-0x00000000d60f0fff] reserved
[    0.000000] reserve setup_data: [mem 0x00000000d6500000-0x00000000d667ffff] reserved
[    0.000000] reserve setup_data: [mem 0x00000000d66f0000-0x00000000d66f0fff] reserved
[    0.000000] reserve setup_data: [mem 0x00000000d6b00000-0x00000000d6c7ffff] reserved
[    0.000000] reserve setup_data: [mem 0x00000000d6cf0000-0x00000000d6cf0fff] reserved
[    0.000000] reserve setup_data: [mem 0x00000000d7200000-0x00000000d737ffff] reserved
[    0.000000] reserve setup_data: [mem 0x00000000d73f0000-0x00000000d73f0fff] reserved
[    0.000000] reserve setup_data: [mem 0x00000000d7800000-0x00000000d797ffff] reserved
[    0.000000] reserve setup_data: [mem 0x00000000d79f0000-0x00000000d79f0fff] reserved
[    0.000000] reserve setup_data: [mem 0x00000000d7f00000-0x00000000d7f7ffff] reserved
[    0.000000] reserve setup_data: [mem 0x00000000d7ff0000-0x00000000d7ff0fff] reserved
[    0.000000] reserve setup_data: [mem 0x00000000fea00000-0x00000000feafffff] reserved
[    0.000000] reserve setup_data: [mem 0x00000000fec00000-0x00000000fec00fff] reserved
[    0.000000] reserve setup_data: [mem 0x00000000fec10000-0x00000000fec10fff] reserved
[    0.000000] reserve setup_data: [mem 0x00000000fed00000-0x00000000fed00fff] reserved
[    0.000000] reserve setup_data: [mem 0x00000000fed40000-0x00000000fed44fff] reserved
[    0.000000] reserve setup_data: [mem 0x00000000fed80000-0x00000000fed8ffff] reserved
[    0.000000] reserve setup_data: [mem 0x00000000fedc0000-0x00000000fedc0fff] reserved
[    0.000000] reserve setup_data: [mem 0x00000000fedc2000-0x00000000fedc5fff] reserved
[    0.000000] reserve setup_data: [mem 0x00000000fedc7000-0x00000000fedc7fff] reserved
[    0.000000] reserve setup_data: [mem 0x00000000fedc9000-0x00000000fedcafff] reserved
[    0.000000] reserve setup_data: [mem 0x00000000fee00000-0x00000000feefffff] reserved
[    0.000000] reserve setup_data: [mem 0x00000000ff000000-0x00000000ffffffff] reserved
[    0.000000] reserve setup_data: [mem 0x0000000100000000-0x000000102f37ffff] usable
[    0.000000] reserve setup_data: [mem 0x000000102f380000-0x000000102fffffff] reserved
[    0.000000] reserve setup_data: [mem 0x0000001030000000-0x000000202ff7ffff] usable
[    0.000000] reserve setup_data: [mem 0x000000202ff80000-0x000000202fffffff] reserved
[    0.000000] reserve setup_data: [mem 0x0000002030000000-0x000000302ff7ffff] usable
[    0.000000] reserve setup_data: [mem 0x000000302ff80000-0x000000302fffffff] reserved
[    0.000000] reserve setup_data: [mem 0x0000003030000000-0x000000402ff7ffff] usable
[    0.000000] reserve setup_data: [mem 0x000000402ff80000-0x000000402fffffff] reserved
[    0.000000] reserve setup_data: [mem 0x0000004030000000-0x000000502ff7ffff] usable
[    0.000000] reserve setup_data: [mem 0x000000502ff80000-0x000000502fffffff] reserved
[    0.000000] reserve setup_data: [mem 0x0000005030000000-0x000000602ff7ffff] usable
[    0.000000] reserve setup_data: [mem 0x000000602ff80000-0x000000602fffffff] reserved
[    0.000000] reserve setup_data: [mem 0x0000006030000000-0x000000702ff7ffff] usable
[    0.000000] reserve setup_data: [mem 0x000000702ff80000-0x000000702fffffff] reserved
[    0.000000] reserve setup_data: [mem 0x0000007030000000-0x000000802ff7ffff] usable
[    0.000000] reserve setup_data: [mem 0x000000802ff80000-0x000000802fffffff] reserved
[    0.000000] efi: EFI v2.60 by American Megatrends
[    0.000000] efi:  ACPI 2.0=0xc5dd4000  ACPI=0xc5dd4000  SMBIOS=0xcae1b000  SMBIOS 3.0=0xcae1a000  MPS=0xfca90  ESRT=0xc95bc618 
[    0.000000] efi: mem00: type=3, attr=0xf, range=[0x0000000000000000-0x0000000000008000) (0MB)
[    0.000000] efi: mem01: type=2, attr=0xf, range=[0x0000000000008000-0x0000000000009000) (0MB)
[    0.000000] efi: mem02: type=7, attr=0xf, range=[0x0000000000009000-0x000000000003f000) (0MB)
[    0.000000] efi: mem03: type=4, attr=0xf, range=[0x000000000003f000-0x0000000000040000) (0MB)
[    0.000000] efi: mem04: type=3, attr=0xf, range=[0x0000000000040000-0x00000000000a0000) (0MB)
[    0.000000] efi: mem05: type=7, attr=0xf, range=[0x0000000000100000-0x0000000001000000) (15MB)
[    0.000000] efi: mem06: type=4, attr=0xf, range=[0x0000000001000000-0x0000000001020000) (0MB)
[    0.000000] efi: mem07: type=7, attr=0xf, range=[0x0000000001020000-0x0000000001200000) (1MB)
[    0.000000] efi: mem08: type=2, attr=0xf, range=[0x0000000001200000-0x0000000002611000) (20MB)
[    0.000000] efi: mem09: type=7, attr=0xf, range=[0x0000000002611000-0x0000000030000000) (729MB)
[    0.000000] efi: mem10: type=4, attr=0xf, range=[0x0000000030000000-0x0000000030076000) (0MB)
[    0.000000] efi: mem11: type=7, attr=0xf, range=[0x0000000030076000-0x000000003d15e000) (208MB)
[    0.000000] efi: mem12: type=2, attr=0xf, range=[0x000000003d15e000-0x0000000040000000) (46MB)
[    0.000000] efi: mem13: type=7, attr=0xf, range=[0x0000000040000000-0x0000000075db0000) (861MB)
[    0.000000] efi: mem14: type=0, attr=0xf, range=[0x0000000075db0000-0x0000000076000000) (2MB)
[    0.000000] efi: mem15: type=7, attr=0xf, range=[0x0000000076000000-0x00000000943e3000) (483MB)
[    0.000000] efi: mem16: type=2, attr=0xf, range=[0x00000000943e3000-0x00000000c5a62000) (790MB)
[    0.000000] efi: mem17: type=1, attr=0xf, range=[0x00000000c5a62000-0x00000000c5b62000) (1MB)
[    0.000000] efi: mem18: type=2, attr=0xf, range=[0x00000000c5b62000-0x00000000c5c63000) (1MB)
[    0.000000] efi: mem19: type=1, attr=0xf, range=[0x00000000c5c63000-0x00000000c5d83000) (1MB)
[    0.000000] efi: mem20: type=6, attr=0x800000000000000f, range=[0x00000000c5d83000-0x00000000c5dd4000) (0MB)
[    0.000000] efi: mem21: type=10, attr=0xf, range=[0x00000000c5dd4000-0x00000000c5dfc000) (0MB)
[    0.000000] efi: mem22: type=6, attr=0x800000000000000f, range=[0x00000000c5dfc000-0x00000000c5e0d000) (0MB)
[    0.000000] efi: mem23: type=4, attr=0xf, range=[0x00000000c5e0d000-0x00000000c628e000) (4MB)
[    0.000000] efi: mem24: type=6, attr=0x800000000000000f, range=[0x00000000c628e000-0x00000000c6702000) (4MB)
[    0.000000] efi: mem25: type=0, attr=0xf, range=[0x00000000c6702000-0x00000000c6720000) (0MB)
[    0.000000] efi: mem26: type=4, attr=0xf, range=[0x00000000c6720000-0x00000000c7e04000) (22MB)
[    0.000000] efi: mem27: type=10, attr=0xf, range=[0x00000000c7e04000-0x00000000c8104000) (3MB)
[    0.000000] efi: mem28: type=0, attr=0xf, range=[0x00000000c8104000-0x00000000c9108000) (16MB)
[    0.000000] efi: mem29: type=6, attr=0x800000000000000f, range=[0x00000000c9108000-0x00000000c9128000) (0MB)
[    0.000000] efi: mem30: type=5, attr=0x800000000000000f, range=[0x00000000c9128000-0x00000000c9130000) (0MB)
[    0.000000] efi: mem31: type=7, attr=0xf, range=[0x00000000c9130000-0x00000000c913c000) (0MB)
[    0.000000] efi: mem32: type=6, attr=0x800000000000000f, range=[0x00000000c913c000-0x00000000c913d000) (0MB)
[    0.000000] efi: mem33: type=0, attr=0xf, range=[0x00000000c913d000-0x00000000c914d000) (0MB)
[    0.000000] efi: mem34: type=6, attr=0x800000000000000f, range=[0x00000000c914d000-0x00000000c914e000) (0MB)
[    0.000000] efi: mem35: type=5, attr=0x800000000000000f, range=[0x00000000c914e000-0x00000000c9153000) (0MB)
[    0.000000] efi: mem36: type=7, attr=0xf, range=[0x00000000c9153000-0x00000000c9165000) (0MB)
[    0.000000] efi: mem37: type=2, attr=0xf, range=[0x00000000c9165000-0x00000000c9178000) (0MB)
[    0.000000] efi: mem38: type=7, attr=0xf, range=[0x00000000c9178000-0x00000000c9179000) (0MB)
[    0.000000] efi: mem39: type=2, attr=0xf, range=[0x00000000c9179000-0x00000000c917a000) (0MB)
[    0.000000] efi: mem40: type=6, attr=0x800000000000000f, range=[0x00000000c917a000-0x00000000c917e000) (0MB)
[    0.000000] efi: mem41: type=5, attr=0x800000000000000f, range=[0x00000000c917e000-0x00000000c9183000) (0MB)
[    0.000000] efi: mem42: type=6, attr=0x800000000000000f, range=[0x00000000c9183000-0x00000000c919d000) (0MB)
[    0.000000] efi: mem43: type=5, attr=0x800000000000000f, range=[0x00000000c919d000-0x00000000c91c9000) (0MB)
[    0.000000] efi: mem44: type=6, attr=0x800000000000000f, range=[0x00000000c91c9000-0x00000000c91da000) (0MB)
[    0.000000] efi: mem45: type=5, attr=0x800000000000000f, range=[0x00000000c91da000-0x00000000c9210000) (0MB)
[    0.000000] efi: mem46: type=6, attr=0x800000000000000f, range=[0x00000000c9210000-0x00000000c9232000) (0MB)
[    0.000000] efi: mem47: type=5, attr=0x800000000000000f, range=[0x00000000c9232000-0x00000000c9238000) (0MB)
[    0.000000] efi: mem48: type=6, attr=0x800000000000000f, range=[0x00000000c9238000-0x00000000c9279000) (0MB)
[    0.000000] efi: mem49: type=4, attr=0xf, range=[0x00000000c9279000-0x00000000ca779000) (21MB)
[    0.000000] efi: mem50: type=7, attr=0xf, range=[0x00000000ca779000-0x00000000ca9d4000) (2MB)
[    0.000000] efi: mem51: type=3, attr=0xf, range=[0x00000000ca9d4000-0x00000000cad79000) (3MB)
[    0.000000] efi: mem52: type=0, attr=0xf, range=[0x00000000cad79000-0x00000000cada9000) (0MB)
[    0.000000] efi: mem53: type=7, attr=0xf, range=[0x00000000cada9000-0x00000000caddf000) (0MB)
[    0.000000] efi: mem54: type=10, attr=0xf, range=[0x00000000caddf000-0x00000000cae19000) (0MB)
[    0.000000] efi: mem55: type=6, attr=0x800000000000000f, range=[0x00000000cae19000-0x00000000cae39000) (0MB)
[    0.000000] efi: mem56: type=5, attr=0x800000000000000f, range=[0x00000000cae39000-0x00000000cae69000) (0MB)
[    0.000000] efi: mem57: type=4, attr=0xf, range=[0x00000000cae69000-0x00000000cc000000) (17MB)
[    0.000000] efi: mem58: type=7, attr=0xf, range=[0x0000000100000000-0x000000102f380000) (62195MB)
[    0.000000] efi: mem59: type=7, attr=0xf, range=[0x0000001030000000-0x000000202ff80000) (65535MB)
[    0.000000] efi: mem60: type=7, attr=0xf, range=[0x0000002030000000-0x000000302ff80000) (65535MB)
[    0.000000] efi: mem61: type=7, attr=0xf, range=[0x0000003030000000-0x000000402ff80000) (65535MB)
[    0.000000] efi: mem62: type=7, attr=0xf, range=[0x0000004030000000-0x000000502ff80000) (65535MB)
[    0.000000] efi: mem63: type=7, attr=0xf, range=[0x0000005030000000-0x000000602ff80000) (65535MB)
[    0.000000] efi: mem64: type=7, attr=0xf, range=[0x0000006030000000-0x000000702ff80000) (65535MB)
[    0.000000] efi: mem65: type=7, attr=0xf, range=[0x0000007030000000-0x000000802ff80000) (65535MB)
[    0.000000] efi: mem66: type=0, attr=0xf, range=[0x00000000000a0000-0x0000000000100000) (0MB)
[    0.000000] efi: mem67: type=0, attr=0xf, range=[0x00000000cc000000-0x00000000d0000000) (64MB)
[    0.000000] efi: mem68: type=11, attr=0x800000000000100f, range=[0x00000000d5300000-0x00000000d5480000) (1MB)
[    0.000000] efi: mem69: type=11, attr=0x800000000000100f, range=[0x00000000d54f0000-0x00000000d54f1000) (0MB)
[    0.000000] efi: mem70: type=11, attr=0x800000000000100f, range=[0x00000000d5900000-0x00000000d5a80000) (1MB)
[    0.000000] efi: mem71: type=11, attr=0x800000000000100f, range=[0x00000000d5af0000-0x00000000d5af1000) (0MB)
[    0.000000] efi: mem72: type=11, attr=0x800000000000100f, range=[0x00000000d5f00000-0x00000000d6080000) (1MB)
[    0.000000] efi: mem73: type=11, attr=0x800000000000100f, range=[0x00000000d60f0000-0x00000000d60f1000) (0MB)
[    0.000000] efi: mem74: type=11, attr=0x800000000000100f, range=[0x00000000d6500000-0x00000000d6680000) (1MB)
[    0.000000] efi: mem75: type=11, attr=0x800000000000100f, range=[0x00000000d66f0000-0x00000000d66f1000) (0MB)
[    0.000000] efi: mem76: type=11, attr=0x800000000000100f, range=[0x00000000d6b00000-0x00000000d6c80000) (1MB)
[    0.000000] efi: mem77: type=11, attr=0x800000000000100f, range=[0x00000000d6cf0000-0x00000000d6cf1000) (0MB)
[    0.000000] efi: mem78: type=11, attr=0x800000000000100f, range=[0x00000000d7200000-0x00000000d7380000) (1MB)
[    0.000000] efi: mem79: type=11, attr=0x800000000000100f, range=[0x00000000d73f0000-0x00000000d73f1000) (0MB)
[    0.000000] efi: mem80: type=11, attr=0x800000000000100f, range=[0x00000000d7800000-0x00000000d7980000) (1MB)
[    0.000000] efi: mem81: type=11, attr=0x800000000000100f, range=[0x00000000d79f0000-0x00000000d79f1000) (0MB)
[    0.000000] efi: mem82: type=11, attr=0x800000000000100f, range=[0x00000000d7f00000-0x00000000d7f80000) (0MB)
[    0.000000] efi: mem83: type=11, attr=0x800000000000100f, range=[0x00000000d7ff0000-0x00000000d7ff1000) (0MB)
[    0.000000] efi: mem84: type=11, attr=0x800000000000100d, range=[0x00000000fea00000-0x00000000feb00000) (1MB)
[    0.000000] efi: mem85: type=11, attr=0x800000000000100d, range=[0x00000000fec00000-0x00000000fec01000) (0MB)
[    0.000000] efi: mem86: type=11, attr=0x800000000000100d, range=[0x00000000fec10000-0x00000000fec11000) (0MB)
[    0.000000] efi: mem87: type=11, attr=0x800000000000100d, range=[0x00000000fed00000-0x00000000fed01000) (0MB)
[    0.000000] efi: mem88: type=11, attr=0x800000000000100d, range=[0x00000000fed40000-0x00000000fed45000) (0MB)
[    0.000000] efi: mem89: type=11, attr=0x800000000000100d, range=[0x00000000fed80000-0x00000000fed90000) (0MB)
[    0.000000] efi: mem90: type=11, attr=0x800000000000100d, range=[0x00000000fedc0000-0x00000000fedc1000) (0MB)
[    0.000000] efi: mem91: type=11, attr=0x800000000000100d, range=[0x00000000fedc2000-0x00000000fedc6000) (0MB)
[    0.000000] efi: mem92: type=11, attr=0x800000000000100d, range=[0x00000000fedc7000-0x00000000fedc8000) (0MB)
[    0.000000] efi: mem93: type=11, attr=0x800000000000100d, range=[0x00000000fedc9000-0x00000000fedcb000) (0MB)
[    0.000000] efi: mem94: type=11, attr=0x800000000000100d, range=[0x00000000fee00000-0x00000000fef00000) (1MB)
[    0.000000] efi: mem95: type=11, attr=0x800000000000100d, range=[0x00000000ff000000-0x0000000100000000) (16MB)
[    0.000000] efi: mem96: type=0, attr=0xf, range=[0x000000102f380000-0x0000001030000000) (12MB)
[    0.000000] efi: mem97: type=0, attr=0xf, range=[0x000000202ff80000-0x0000002030000000) (0MB)
[    0.000000] efi: mem98: type=0, attr=0xf, range=[0x000000302ff80000-0x0000003030000000) (0MB)
[    0.000000] efi: mem99: type=0, attr=0xf, range=[0x000000402ff80000-0x0000004030000000) (0MB)
[    0.000000] efi: mem100: type=0, attr=0xf, range=[0x000000502ff80000-0x0000005030000000) (0MB)
[    0.000000] efi: mem101: type=0, attr=0xf, range=[0x000000602ff80000-0x0000006030000000) (0MB)
[    0.000000] efi: mem102: type=0, attr=0xf, range=[0x000000702ff80000-0x0000007030000000) (0MB)
[    0.000000] efi: mem103: type=0, attr=0xf, range=[0x000000802ff80000-0x0000008030000000) (0MB)
[    0.000000] esrt: Reserving ESRT space from 0x00000000c95bc618 to 0x00000000c95bc650.
[    0.000000] SMBIOS 3.1.1 present.
[    0.000000] e820: update [mem 0x00000000-0x00000fff] usable ==> reserved
[    0.000000] e820: remove [mem 0x000a0000-0x000fffff] usable
[    0.000000] e820: last_pfn = 0x802ff80 max_arch_pfn = 0x400000000
[    0.000000] MTRR default type: uncachable
[    0.000000] MTRR fixed ranges enabled:
[    0.000000]   00000-9FFFF write-back
[    0.000000]   A0000-BFFFF write-through
[    0.000000]   C0000-FFFFF write-protect
[    0.000000] MTRR variable ranges enabled:
[    0.000000]   0 base 000000000000 mask FFFF80000000 write-back
[    0.000000]   1 base 000080000000 mask FFFFC0000000 write-back
[    0.000000]   2 base 0000C0000000 mask FFFFF0000000 write-back
[    0.000000]   3 base 0000CC000000 mask FFFFFC000000 uncachable
[    0.000000]   4 disabled
[    0.000000]   5 disabled
[    0.000000]   6 disabled
[    0.000000]   7 disabled
[    0.000000] TOM2: 0000008030000000 aka 525056M
[    0.000000] x86 PAT enabled: cpu 0, old 0x7040600070406, new 0x7010600070106
[    0.000000] original variable MTRRs
[    0.000000] reg 0, base: 0GB, range: 2GB, type WB
[    0.000000] reg 1, base: 2GB, range: 1GB, type WB
[    0.000000] reg 2, base: 3GB, range: 256MB, type WB
[    0.000000] reg 3, base: 3264MB, range: 64MB, type UC
[    0.000000] total RAM covered: 3264M
[    0.000000] Found optimal setting for mtrr clean up
[    0.000000]  gran_size: 64K 	chunk_size: 64K 	num_reg: 4  	lose cover RAM: 0G
[    0.000000] New variable MTRRs
[    0.000000] reg 0, base: 0GB, range: 2GB, type WB
[    0.000000] reg 1, base: 2GB, range: 1GB, type WB
[    0.000000] reg 2, base: 3GB, range: 128MB, type WB
[    0.000000] reg 3, base: 3200MB, range: 64MB, type WB
[    0.000000] e820: update [mem 0xcc000000-0xffffffff] usable ==> reserved
[    0.000000] e820: last_pfn = 0xcc000 max_arch_pfn = 0x400000000
[    0.000000] found SMP MP-table at [mem 0x000fd4e0-0x000fd4ef] mapped at [ffff8800000fd4e0]
[    0.000000] Base memory trampoline at [ffff880000097000] 97000 size 24576
[    0.000000] Using GB pages for direct mapping
[    0.000000] BRK [0x021e9000, 0x021e9fff] PGTABLE
[    0.000000] BRK [0x021ea000, 0x021eafff] PGTABLE
[    0.000000] BRK [0x021eb000, 0x021ebfff] PGTABLE
[    0.000000] BRK [0x021ec000, 0x021ecfff] PGTABLE
[    0.000000] BRK [0x021ed000, 0x021edfff] PGTABLE
[    0.000000] BRK [0x021ee000, 0x021eefff] PGTABLE
[    0.000000] BRK [0x021ef000, 0x021effff] PGTABLE
[    0.000000] BRK [0x021f0000, 0x021f0fff] PGTABLE
[    0.000000] BRK [0x021f1000, 0x021f1fff] PGTABLE
[    0.000000] BRK [0x021f2000, 0x021f2fff] PGTABLE
[    0.000000] BRK [0x021f3000, 0x021f3fff] PGTABLE
[    0.000000] BRK [0x021f4000, 0x021f4fff] PGTABLE
[    0.000000] RAMDISK: [mem 0x3d15e000-0x3ebecfff]
[    0.000000] Early table checksum verification disabled
[    0.000000] ACPI: RSDP 00000000c5dd4000 00024 (v02    AMD)
[    0.000000] ACPI: XSDT 00000000c5dd40b0 000E4 (v01    AMD SPEEDWAY 03242016 AMI  00010013)
[    0.000000] ACPI: FACP 00000000c5ddf298 00114 (v06    AMD SPEEDWAY 03242016 AMI  00010013)
[    0.000000] ACPI: DSDT 00000000c5dd4230 0B061 (v02    AMD SPEEDWAY 03242016 INTL 20120913)
[    0.000000] ACPI: FACS 00000000cae18e80 00040
[    0.000000] ACPI: APIC 00000000c5ddf3b0 004B2 (v04    AMD SPEEDWAY 03242016 AMI  00010013)
[    0.000000] ACPI: FPDT 00000000c5ddf868 00044 (v01    AMD SPEEDWAY 03242016 AMI  00010013)
[    0.000000] ACPI: FIDT 00000000c5ddf8b0 0009C (v01    AMD SPEEDWAY 03242016 AMI  00010013)
[    0.000000] ACPI: SSDT 00000000c5ddf950 000D2 (v02    AMD AMD ALIB 00000002 MSFT 04000000)
[    0.000000] ACPI: SPMI 00000000c5ddfa28 00041 (v05    AMD SPEEDWAY 00000000 AMI. 00000000)
[    0.000000] ACPI: SSDT 00000000c5ddfa70 006AC (v02    AMD  CPUSSDT 03242016 AMI  03242016)
[    0.000000] ACPI: MCFG 00000000c5de0120 0003C (v01    AMD SPEEDWAY 03242016 MSFT 00010013)
[    0.000000] ACPI: SSDT 00000000c5de0160 117A4 (v01    AMD  AMD CPU 00000001 AMD  00000001)
[    0.000000] ACPI: SRAT 00000000c5df1908 00998 (v03    AMD AMD SRAT 00000001 AMD  00000001)
[    0.000000] ACPI: MSCT 00000000c5df22a0 0004E (v01    AMD AMD MSCT 00000000 AMD  00000001)
[    0.000000] ACPI: SLIT 00000000c5df22f0 0006C (v01    AMD AMD SLIT 00000001 AMD  00000001)
[    0.000000] ACPI: CRAT 00000000c5df2360 07700 (v01    AMD AMD CRAT 00000001 AMD  00000001)
[    0.000000] ACPI: CDIT 00000000c5df9a60 00068 (v01    AMD AMD CDIT 00000001 AMD  00000001)
[    0.000000] ACPI: BERT 00000000c5df9ac8 00030 (v01 AMD    AMD BERT 00000001 AMD  00000001)
[    0.000000] ACPI: EINJ 00000000c5df9af8 00150 (v01 AMD    AMD EINJ 00000001 AMD  00000001)
[    0.000000] ACPI: HEST 00000000c5df9c48 00608 (v01 AMD    AMD HEST 00000001 AMD  00000001)
[    0.000000] ACPI: HPET 00000000c5dfa250 00038 (v01    AMD SPEEDWAY 03242016 AMI  00000005)
[    0.000000] ACPI: SSDT 00000000c5dfa288 00024 (v01 AMDFCH    FCHZP 00001000 INTL 20120913)
[    0.000000] ACPI: UEFI 00000000c5dfa2b0 00042 (v01                 00000000      00000000)
[    0.000000] ACPI: BGRT 00000000c5dfa2f8 00038 (v01    AMD SPEEDWAY 03242016 AMI  00010013)
[    0.000000] ACPI: IVRS 00000000c5dfa330 00370 (v02    AMD AMD IVRS 00000001 AMD  00000000)
[    0.000000] ACPI: SSDT 00000000c5dfa6a0 01630 (v01    AMD   CPMCMN 00000001 INTL 20120913)
[    0.000000] ACPI: WSMT 00000000c5dfbcd0 00028 (v01    AMD SPEEDWAY 03242016 AMI  00010013)
[    0.000000] ACPI: Local APIC address 0xfee00000
[    0.000000] SRAT: PXM 0 -> APIC 0x00 -> Node 0
[    0.000000] SRAT: PXM 0 -> APIC 0x01 -> Node 0
[    0.000000] SRAT: PXM 0 -> APIC 0x02 -> Node 0
[    0.000000] SRAT: PXM 0 -> APIC 0x03 -> Node 0
[    0.000000] SRAT: PXM 0 -> APIC 0x04 -> Node 0
[    0.000000] SRAT: PXM 0 -> APIC 0x05 -> Node 0
[    0.000000] SRAT: PXM 0 -> APIC 0x06 -> Node 0
[    0.000000] SRAT: PXM 0 -> APIC 0x07 -> Node 0
[    0.000000] SRAT: PXM 0 -> APIC 0x08 -> Node 0
[    0.000000] SRAT: PXM 0 -> APIC 0x09 -> Node 0
[    0.000000] SRAT: PXM 0 -> APIC 0x0a -> Node 0
[    0.000000] SRAT: PXM 0 -> APIC 0x0b -> Node 0
[    0.000000] SRAT: PXM 0 -> APIC 0x0c -> Node 0
[    0.000000] SRAT: PXM 0 -> APIC 0x0d -> Node 0
[    0.000000] SRAT: PXM 0 -> APIC 0x0e -> Node 0
[    0.000000] SRAT: PXM 0 -> APIC 0x0f -> Node 0
[    0.000000] SRAT: PXM 1 -> APIC 0x10 -> Node 1
[    0.000000] SRAT: PXM 1 -> APIC 0x11 -> Node 1
[    0.000000] SRAT: PXM 1 -> APIC 0x12 -> Node 1
[    0.000000] SRAT: PXM 1 -> APIC 0x13 -> Node 1
[    0.000000] SRAT: PXM 1 -> APIC 0x14 -> Node 1
[    0.000000] SRAT: PXM 1 -> APIC 0x15 -> Node 1
[    0.000000] SRAT: PXM 1 -> APIC 0x16 -> Node 1
[    0.000000] SRAT: PXM 1 -> APIC 0x17 -> Node 1
[    0.000000] SRAT: PXM 1 -> APIC 0x18 -> Node 1
[    0.000000] SRAT: PXM 1 -> APIC 0x19 -> Node 1
[    0.000000] SRAT: PXM 1 -> APIC 0x1a -> Node 1
[    0.000000] SRAT: PXM 1 -> APIC 0x1b -> Node 1
[    0.000000] SRAT: PXM 1 -> APIC 0x1c -> Node 1
[    0.000000] SRAT: PXM 1 -> APIC 0x1d -> Node 1
[    0.000000] SRAT: PXM 1 -> APIC 0x1e -> Node 1
[    0.000000] SRAT: PXM 1 -> APIC 0x1f -> Node 1
[    0.000000] SRAT: PXM 2 -> APIC 0x20 -> Node 2
[    0.000000] SRAT: PXM 2 -> APIC 0x21 -> Node 2
[    0.000000] SRAT: PXM 2 -> APIC 0x22 -> Node 2
[    0.000000] SRAT: PXM 2 -> APIC 0x23 -> Node 2
[    0.000000] SRAT: PXM 2 -> APIC 0x24 -> Node 2
[    0.000000] SRAT: PXM 2 -> APIC 0x25 -> Node 2
[    0.000000] SRAT: PXM 2 -> APIC 0x26 -> Node 2
[    0.000000] SRAT: PXM 2 -> APIC 0x27 -> Node 2
[    0.000000] SRAT: PXM 2 -> APIC 0x28 -> Node 2
[    0.000000] SRAT: PXM 2 -> APIC 0x29 -> Node 2
[    0.000000] SRAT: PXM 2 -> APIC 0x2a -> Node 2
[    0.000000] SRAT: PXM 2 -> APIC 0x2b -> Node 2
[    0.000000] SRAT: PXM 2 -> APIC 0x2c -> Node 2
[    0.000000] SRAT: PXM 2 -> APIC 0x2d -> Node 2
[    0.000000] SRAT: PXM 2 -> APIC 0x2e -> Node 2
[    0.000000] SRAT: PXM 2 -> APIC 0x2f -> Node 2
[    0.000000] SRAT: PXM 3 -> APIC 0x30 -> Node 3
[    0.000000] SRAT: PXM 3 -> APIC 0x31 -> Node 3
[    0.000000] SRAT: PXM 3 -> APIC 0x32 -> Node 3
[    0.000000] SRAT: PXM 3 -> APIC 0x33 -> Node 3
[    0.000000] SRAT: PXM 3 -> APIC 0x34 -> Node 3
[    0.000000] SRAT: PXM 3 -> APIC 0x35 -> Node 3
[    0.000000] SRAT: PXM 3 -> APIC 0x36 -> Node 3
[    0.000000] SRAT: PXM 3 -> APIC 0x37 -> Node 3
[    0.000000] SRAT: PXM 3 -> APIC 0x38 -> Node 3
[    0.000000] SRAT: PXM 3 -> APIC 0x39 -> Node 3
[    0.000000] SRAT: PXM 3 -> APIC 0x3a -> Node 3
[    0.000000] SRAT: PXM 3 -> APIC 0x3b -> Node 3
[    0.000000] SRAT: PXM 3 -> APIC 0x3c -> Node 3
[    0.000000] SRAT: PXM 3 -> APIC 0x3d -> Node 3
[    0.000000] SRAT: PXM 3 -> APIC 0x3e -> Node 3
[    0.000000] SRAT: PXM 3 -> APIC 0x3f -> Node 3
[    0.000000] SRAT: PXM 4 -> APIC 0x40 -> Node 4
[    0.000000] SRAT: PXM 4 -> APIC 0x41 -> Node 4
[    0.000000] SRAT: PXM 4 -> APIC 0x42 -> Node 4
[    0.000000] SRAT: PXM 4 -> APIC 0x43 -> Node 4
[    0.000000] SRAT: PXM 4 -> APIC 0x44 -> Node 4
[    0.000000] SRAT: PXM 4 -> APIC 0x45 -> Node 4
[    0.000000] SRAT: PXM 4 -> APIC 0x46 -> Node 4
[    0.000000] SRAT: PXM 4 -> APIC 0x47 -> Node 4
[    0.000000] SRAT: PXM 4 -> APIC 0x48 -> Node 4
[    0.000000] SRAT: PXM 4 -> APIC 0x49 -> Node 4
[    0.000000] SRAT: PXM 4 -> APIC 0x4a -> Node 4
[    0.000000] SRAT: PXM 4 -> APIC 0x4b -> Node 4
[    0.000000] SRAT: PXM 4 -> APIC 0x4c -> Node 4
[    0.000000] SRAT: PXM 4 -> APIC 0x4d -> Node 4
[    0.000000] SRAT: PXM 4 -> APIC 0x4e -> Node 4
[    0.000000] SRAT: PXM 4 -> APIC 0x4f -> Node 4
[    0.000000] SRAT: PXM 5 -> APIC 0x50 -> Node 5
[    0.000000] SRAT: PXM 5 -> APIC 0x51 -> Node 5
[    0.000000] SRAT: PXM 5 -> APIC 0x52 -> Node 5
[    0.000000] SRAT: PXM 5 -> APIC 0x53 -> Node 5
[    0.000000] SRAT: PXM 5 -> APIC 0x54 -> Node 5
[    0.000000] SRAT: PXM 5 -> APIC 0x55 -> Node 5
[    0.000000] SRAT: PXM 5 -> APIC 0x56 -> Node 5
[    0.000000] SRAT: PXM 5 -> APIC 0x57 -> Node 5
[    0.000000] SRAT: PXM 5 -> APIC 0x58 -> Node 5
[    0.000000] SRAT: PXM 5 -> APIC 0x59 -> Node 5
[    0.000000] SRAT: PXM 5 -> APIC 0x5a -> Node 5
[    0.000000] SRAT: PXM 5 -> APIC 0x5b -> Node 5
[    0.000000] SRAT: PXM 5 -> APIC 0x5c -> Node 5
[    0.000000] SRAT: PXM 5 -> APIC 0x5d -> Node 5
[    0.000000] SRAT: PXM 5 -> APIC 0x5e -> Node 5
[    0.000000] SRAT: PXM 5 -> APIC 0x5f -> Node 5
[    0.000000] SRAT: PXM 6 -> APIC 0x60 -> Node 6
[    0.000000] SRAT: PXM 6 -> APIC 0x61 -> Node 6
[    0.000000] SRAT: PXM 6 -> APIC 0x62 -> Node 6
[    0.000000] SRAT: PXM 6 -> APIC 0x63 -> Node 6
[    0.000000] SRAT: PXM 6 -> APIC 0x64 -> Node 6
[    0.000000] SRAT: PXM 6 -> APIC 0x65 -> Node 6
[    0.000000] SRAT: PXM 6 -> APIC 0x66 -> Node 6
[    0.000000] SRAT: PXM 6 -> APIC 0x67 -> Node 6
[    0.000000] SRAT: PXM 6 -> APIC 0x68 -> Node 6
[    0.000000] SRAT: PXM 6 -> APIC 0x69 -> Node 6
[    0.000000] SRAT: PXM 6 -> APIC 0x6a -> Node 6
[    0.000000] SRAT: PXM 6 -> APIC 0x6b -> Node 6
[    0.000000] SRAT: PXM 6 -> APIC 0x6c -> Node 6
[    0.000000] SRAT: PXM 6 -> APIC 0x6d -> Node 6
[    0.000000] SRAT: PXM 6 -> APIC 0x6e -> Node 6
[    0.000000] SRAT: PXM 6 -> APIC 0x6f -> Node 6
[    0.000000] SRAT: PXM 7 -> APIC 0x70 -> Node 7
[    0.000000] SRAT: PXM 7 -> APIC 0x71 -> Node 7
[    0.000000] SRAT: PXM 7 -> APIC 0x72 -> Node 7
[    0.000000] SRAT: PXM 7 -> APIC 0x73 -> Node 7
[    0.000000] SRAT: PXM 7 -> APIC 0x74 -> Node 7
[    0.000000] SRAT: PXM 7 -> APIC 0x75 -> Node 7
[    0.000000] SRAT: PXM 7 -> APIC 0x76 -> Node 7
[    0.000000] SRAT: PXM 7 -> APIC 0x77 -> Node 7
[    0.000000] SRAT: PXM 7 -> APIC 0x78 -> Node 7
[    0.000000] SRAT: PXM 7 -> APIC 0x79 -> Node 7
[    0.000000] SRAT: PXM 7 -> APIC 0x7a -> Node 7
[    0.000000] SRAT: PXM 7 -> APIC 0x7b -> Node 7
[    0.000000] SRAT: PXM 7 -> APIC 0x7c -> Node 7
[    0.000000] SRAT: PXM 7 -> APIC 0x7d -> Node 7
[    0.000000] SRAT: PXM 7 -> APIC 0x7e -> Node 7
[    0.000000] SRAT: PXM 7 -> APIC 0x7f -> Node 7
[    0.000000] SRAT: Node 0 PXM 0 [mem 0x00000000-0xcfffffff]
[    0.000000] SRAT: Node 0 PXM 0 [mem 0x100000000-0x102fffffff]
[    0.000000] SRAT: Node 1 PXM 1 [mem 0x1030000000-0x202fffffff]
[    0.000000] SRAT: Node 2 PXM 2 [mem 0x2030000000-0x302fffffff]
[    0.000000] SRAT: Node 3 PXM 3 [mem 0x3030000000-0x402fffffff]
[    0.000000] SRAT: Node 4 PXM 4 [mem 0x4030000000-0x502fffffff]
[    0.000000] SRAT: Node 5 PXM 5 [mem 0x5030000000-0x602fffffff]
[    0.000000] SRAT: Node 6 PXM 6 [mem 0x6030000000-0x702fffffff]
[    0.000000] SRAT: Node 7 PXM 7 [mem 0x7030000000-0x802fffffff]
[    0.000000] NUMA: Initialized distance table, cnt=8
[    0.000000] NUMA: Node 0 [mem 0x00000000-0xcfffffff] + [mem 0x100000000-0x102fffffff] -> [mem 0x00000000-0x102fffffff]
[    0.000000] NODE_DATA(0) allocated [mem 0x102f359000-0x102f37ffff]
[    0.000000] NODE_DATA(1) allocated [mem 0x202ff59000-0x202ff7ffff]
[    0.000000] NODE_DATA(2) allocated [mem 0x302ff59000-0x302ff7ffff]
[    0.000000] NODE_DATA(3) allocated [mem 0x402ff59000-0x402ff7ffff]
[    0.000000] NODE_DATA(4) allocated [mem 0x502ff59000-0x502ff7ffff]
[    0.000000] NODE_DATA(5) allocated [mem 0x602ff59000-0x602ff7ffff]
[    0.000000] NODE_DATA(6) allocated [mem 0x702ff59000-0x702ff7ffff]
[    0.000000] NODE_DATA(7) allocated [mem 0x802ff58000-0x802ff7efff]
[    0.000000] Reserving 192MB of memory at 576MB for crashkernel (System RAM: 524179MB)
[    0.000000] Zone ranges:
[    0.000000]   DMA      [mem 0x00001000-0x00ffffff]
[    0.000000]   DMA32    [mem 0x01000000-0xffffffff]
[    0.000000]   Normal   [mem 0x100000000-0x802ff7ffff]
[    0.000000] Movable zone start for each node
[    0.000000] Early memory node ranges
[    0.000000]   node   0: [mem 0x00001000-0x0009ffff]
[    0.000000]   node   0: [mem 0x00100000-0x75daffff]
[    0.000000]   node   0: [mem 0x76000000-0xc5d82fff]
[    0.000000]   node   0: [mem 0xc5e0d000-0xc628dfff]
[    0.000000]   node   0: [mem 0xc6720000-0xc7e03fff]
[    0.000000]   node   0: [mem 0xc9130000-0xc913bfff]
[    0.000000]   node   0: [mem 0xc9153000-0xc9179fff]
[    0.000000]   node   0: [mem 0xc9279000-0xcad78fff]
[    0.000000]   node   0: [mem 0xcada9000-0xcaddefff]
[    0.000000]   node   0: [mem 0xcae69000-0xcbffffff]
[    0.000000]   node   0: [mem 0x100000000-0x102f37ffff]
[    0.000000]   node   1: [mem 0x1030000000-0x202ff7ffff]
[    0.000000]   node   2: [mem 0x2030000000-0x302ff7ffff]
[    0.000000]   node   3: [mem 0x3030000000-0x402ff7ffff]
[    0.000000]   node   4: [mem 0x4030000000-0x502ff7ffff]
[    0.000000]   node   5: [mem 0x5030000000-0x602ff7ffff]
[    0.000000]   node   6: [mem 0x6030000000-0x702ff7ffff]
[    0.000000]   node   7: [mem 0x7030000000-0x802ff7ffff]
[    0.000000] Initmem setup node 0 [mem 0x00001000-0x102f37ffff]
[    0.000000] On node 0 totalpages: 16750263
[    0.000000]   DMA zone: 64 pages used for memmap
[    0.000000]   DMA zone: 25 pages reserved
[    0.000000]   DMA zone: 3999 pages, LIFO batch:0
[    0.000000]   DMA32 zone: 12879 pages used for memmap
[    0.000000]   DMA32 zone: 824216 pages, LIFO batch:31
[    0.000000]   Normal zone: 248782 pages used for memmap
[    0.000000]   Normal zone: 15922048 pages, LIFO batch:31
[    0.000000] Initmem setup node 1 [mem 0x1030000000-0x202ff7ffff]
[    0.000000] On node 1 totalpages: 16777088
[    0.000000]   Normal zone: 262142 pages used for memmap
[    0.000000]   Normal zone: 16777088 pages, LIFO batch:31
[    0.000000] Initmem setup node 2 [mem 0x2030000000-0x302ff7ffff]
[    0.000000] On node 2 totalpages: 16777088
[    0.000000]   Normal zone: 262142 pages used for memmap
[    0.000000]   Normal zone: 16777088 pages, LIFO batch:31
[    0.000000] Initmem setup node 3 [mem 0x3030000000-0x402ff7ffff]
[    0.000000] On node 3 totalpages: 16777088
[    0.000000]   Normal zone: 262142 pages used for memmap
[    0.000000]   Normal zone: 16777088 pages, LIFO batch:31
[    0.000000] Initmem setup node 4 [mem 0x4030000000-0x502ff7ffff]
[    0.000000] On node 4 totalpages: 16777088
[    0.000000]   Normal zone: 262142 pages used for memmap
[    0.000000]   Normal zone: 16777088 pages, LIFO batch:31
[    0.000000] Initmem setup node 5 [mem 0x5030000000-0x602ff7ffff]
[    0.000000] On node 5 totalpages: 16777088
[    0.000000]   Normal zone: 262142 pages used for memmap
[    0.000000]   Normal zone: 16777088 pages, LIFO batch:31
[    0.000000] Initmem setup node 6 [mem 0x6030000000-0x702ff7ffff]
[    0.000000] On node 6 totalpages: 16777088
[    0.000000]   Normal zone: 262142 pages used for memmap
[    0.000000]   Normal zone: 16777088 pages, LIFO batch:31
[    0.000000] Initmem setup node 7 [mem 0x7030000000-0x802ff7ffff]
[    0.000000] On node 7 totalpages: 16777088
[    0.000000]   Normal zone: 262142 pages used for memmap
[    0.000000]   Normal zone: 16777088 pages, LIFO batch:31
[    0.000000] ACPI: PM-Timer IO Port: 0x808
[    0.000000] ACPI: Local APIC address 0xfee00000
[    0.000000] ACPI: LAPIC (acpi_id[0x00] lapic_id[0x00] enabled)
[    0.000000] ACPI: LAPIC (acpi_id[0x02] lapic_id[0x02] enabled)
[    0.000000] ACPI: LAPIC (acpi_id[0x04] lapic_id[0x04] enabled)
[    0.000000] ACPI: LAPIC (acpi_id[0x06] lapic_id[0x06] enabled)
[    0.000000] ACPI: LAPIC (acpi_id[0x08] lapic_id[0x08] enabled)
[    0.000000] ACPI: LAPIC (acpi_id[0x0a] lapic_id[0x0a] enabled)
[    0.000000] ACPI: LAPIC (acpi_id[0x0c] lapic_id[0x0c] enabled)
[    0.000000] ACPI: LAPIC (acpi_id[0x0e] lapic_id[0x0e] enabled)
[    0.000000] ACPI: LAPIC (acpi_id[0x10] lapic_id[0x10] enabled)
[    0.000000] ACPI: LAPIC (acpi_id[0x12] lapic_id[0x12] enabled)
[    0.000000] ACPI: LAPIC (acpi_id[0x14] lapic_id[0x14] enabled)
[    0.000000] ACPI: LAPIC (acpi_id[0x16] lapic_id[0x16] enabled)
[    0.000000] ACPI: LAPIC (acpi_id[0x18] lapic_id[0x18] enabled)
[    0.000000] ACPI: LAPIC (acpi_id[0x1a] lapic_id[0x1a] enabled)
[    0.000000] ACPI: LAPIC (acpi_id[0x1c] lapic_id[0x1c] enabled)
[    0.000000] ACPI: LAPIC (acpi_id[0x1e] lapic_id[0x1e] enabled)
[    0.000000] ACPI: LAPIC (acpi_id[0x20] lapic_id[0x20] enabled)
[    0.000000] ACPI: LAPIC (acpi_id[0x22] lapic_id[0x22] enabled)
[    0.000000] ACPI: LAPIC (acpi_id[0x24] lapic_id[0x24] enabled)
[    0.000000] ACPI: LAPIC (acpi_id[0x26] lapic_id[0x26] enabled)
[    0.000000] ACPI: LAPIC (acpi_id[0x28] lapic_id[0x28] enabled)
[    0.000000] ACPI: LAPIC (acpi_id[0x2a] lapic_id[0x2a] enabled)
[    0.000000] ACPI: LAPIC (acpi_id[0x2c] lapic_id[0x2c] enabled)
[    0.000000] ACPI: LAPIC (acpi_id[0x2e] lapic_id[0x2e] enabled)
[    0.000000] ACPI: LAPIC (acpi_id[0x30] lapic_id[0x30] enabled)
[    0.000000] ACPI: LAPIC (acpi_id[0x32] lapic_id[0x32] enabled)
[    0.000000] ACPI: LAPIC (acpi_id[0x34] lapic_id[0x34] enabled)
[    0.000000] ACPI: LAPIC (acpi_id[0x36] lapic_id[0x36] enabled)
[    0.000000] ACPI: LAPIC (acpi_id[0x38] lapic_id[0x38] enabled)
[    0.000000] ACPI: LAPIC (acpi_id[0x3a] lapic_id[0x3a] enabled)
[    0.000000] ACPI: LAPIC (acpi_id[0x3c] lapic_id[0x3c] enabled)
[    0.000000] ACPI: LAPIC (acpi_id[0x3e] lapic_id[0x3e] enabled)
[    0.000000] ACPI: LAPIC (acpi_id[0x40] lapic_id[0x40] enabled)
[    0.000000] ACPI: LAPIC (acpi_id[0x42] lapic_id[0x42] enabled)
[    0.000000] ACPI: LAPIC (acpi_id[0x44] lapic_id[0x44] enabled)
[    0.000000] ACPI: LAPIC (acpi_id[0x46] lapic_id[0x46] enabled)
[    0.000000] ACPI: LAPIC (acpi_id[0x48] lapic_id[0x48] enabled)
[    0.000000] ACPI: LAPIC (acpi_id[0x4a] lapic_id[0x4a] enabled)
[    0.000000] ACPI: LAPIC (acpi_id[0x4c] lapic_id[0x4c] enabled)
[    0.000000] ACPI: LAPIC (acpi_id[0x4e] lapic_id[0x4e] enabled)
[    0.000000] ACPI: LAPIC (acpi_id[0x50] lapic_id[0x50] enabled)
[    0.000000] ACPI: LAPIC (acpi_id[0x52] lapic_id[0x52] enabled)
[    0.000000] ACPI: LAPIC (acpi_id[0x54] lapic_id[0x54] enabled)
[    0.000000] ACPI: LAPIC (acpi_id[0x56] lapic_id[0x56] enabled)
[    0.000000] ACPI: LAPIC (acpi_id[0x58] lapic_id[0x58] enabled)
[    0.000000] ACPI: LAPIC (acpi_id[0x5a] lapic_id[0x5a] enabled)
[    0.000000] ACPI: LAPIC (acpi_id[0x5c] lapic_id[0x5c] enabled)
[    0.000000] ACPI: LAPIC (acpi_id[0x5e] lapic_id[0x5e] enabled)
[    0.000000] ACPI: LAPIC (acpi_id[0x60] lapic_id[0x60] enabled)
[    0.000000] ACPI: LAPIC (acpi_id[0x62] lapic_id[0x62] enabled)
[    0.000000] ACPI: LAPIC (acpi_id[0x64] lapic_id[0x64] enabled)
[    0.000000] ACPI: LAPIC (acpi_id[0x66] lapic_id[0x66] enabled)
[    0.000000] ACPI: LAPIC (acpi_id[0x68] lapic_id[0x68] enabled)
[    0.000000] ACPI: LAPIC (acpi_id[0x6a] lapic_id[0x6a] enabled)
[    0.000000] ACPI: LAPIC (acpi_id[0x6c] lapic_id[0x6c] enabled)
[    0.000000] ACPI: LAPIC (acpi_id[0x6e] lapic_id[0x6e] enabled)
[    0.000000] ACPI: LAPIC (acpi_id[0x70] lapic_id[0x70] enabled)
[    0.000000] ACPI: LAPIC (acpi_id[0x72] lapic_id[0x72] enabled)
[    0.000000] ACPI: LAPIC (acpi_id[0x74] lapic_id[0x74] enabled)
[    0.000000] ACPI: LAPIC (acpi_id[0x76] lapic_id[0x76] enabled)
[    0.000000] ACPI: LAPIC (acpi_id[0x78] lapic_id[0x78] enabled)
[    0.000000] ACPI: LAPIC (acpi_id[0x7a] lapic_id[0x7a] enabled)
[    0.000000] ACPI: LAPIC (acpi_id[0x7c] lapic_id[0x7c] enabled)
[    0.000000] ACPI: LAPIC (acpi_id[0x7e] lapic_id[0x7e] enabled)
[    0.000000] ACPI: LAPIC (acpi_id[0x01] lapic_id[0x01] enabled)
[    0.000000] ACPI: LAPIC (acpi_id[0x03] lapic_id[0x03] enabled)
[    0.000000] ACPI: LAPIC (acpi_id[0x05] lapic_id[0x05] enabled)
[    0.000000] ACPI: LAPIC (acpi_id[0x07] lapic_id[0x07] enabled)
[    0.000000] ACPI: LAPIC (acpi_id[0x09] lapic_id[0x09] enabled)
[    0.000000] ACPI: LAPIC (acpi_id[0x0b] lapic_id[0x0b] enabled)
[    0.000000] ACPI: LAPIC (acpi_id[0x0d] lapic_id[0x0d] enabled)
[    0.000000] ACPI: LAPIC (acpi_id[0x0f] lapic_id[0x0f] enabled)
[    0.000000] ACPI: LAPIC (acpi_id[0x11] lapic_id[0x11] enabled)
[    0.000000] ACPI: LAPIC (acpi_id[0x13] lapic_id[0x13] enabled)
[    0.000000] ACPI: LAPIC (acpi_id[0x15] lapic_id[0x15] enabled)
[    0.000000] ACPI: LAPIC (acpi_id[0x17] lapic_id[0x17] enabled)
[    0.000000] ACPI: LAPIC (acpi_id[0x19] lapic_id[0x19] enabled)
[    0.000000] ACPI: LAPIC (acpi_id[0x1b] lapic_id[0x1b] enabled)
[    0.000000] ACPI: LAPIC (acpi_id[0x1d] lapic_id[0x1d] enabled)
[    0.000000] ACPI: LAPIC (acpi_id[0x1f] lapic_id[0x1f] enabled)
[    0.000000] ACPI: LAPIC (acpi_id[0x21] lapic_id[0x21] enabled)
[    0.000000] ACPI: LAPIC (acpi_id[0x23] lapic_id[0x23] enabled)
[    0.000000] ACPI: LAPIC (acpi_id[0x25] lapic_id[0x25] enabled)
[    0.000000] ACPI: LAPIC (acpi_id[0x27] lapic_id[0x27] enabled)
[    0.000000] ACPI: LAPIC (acpi_id[0x29] lapic_id[0x29] enabled)
[    0.000000] ACPI: LAPIC (acpi_id[0x2b] lapic_id[0x2b] enabled)
[    0.000000] ACPI: LAPIC (acpi_id[0x2d] lapic_id[0x2d] enabled)
[    0.000000] ACPI: LAPIC (acpi_id[0x2f] lapic_id[0x2f] enabled)
[    0.000000] ACPI: LAPIC (acpi_id[0x31] lapic_id[0x31] enabled)
[    0.000000] ACPI: LAPIC (acpi_id[0x33] lapic_id[0x33] enabled)
[    0.000000] ACPI: LAPIC (acpi_id[0x35] lapic_id[0x35] enabled)
[    0.000000] ACPI: LAPIC (acpi_id[0x37] lapic_id[0x37] enabled)
[    0.000000] ACPI: LAPIC (acpi_id[0x39] lapic_id[0x39] enabled)
[    0.000000] ACPI: LAPIC (acpi_id[0x3b] lapic_id[0x3b] enabled)
[    0.000000] ACPI: LAPIC (acpi_id[0x3d] lapic_id[0x3d] enabled)
[    0.000000] ACPI: LAPIC (acpi_id[0x3f] lapic_id[0x3f] enabled)
[    0.000000] ACPI: LAPIC (acpi_id[0x41] lapic_id[0x41] enabled)
[    0.000000] ACPI: LAPIC (acpi_id[0x43] lapic_id[0x43] enabled)
[    0.000000] ACPI: LAPIC (acpi_id[0x45] lapic_id[0x45] enabled)
[    0.000000] ACPI: LAPIC (acpi_id[0x47] lapic_id[0x47] enabled)
[    0.000000] ACPI: LAPIC (acpi_id[0x49] lapic_id[0x49] enabled)
[    0.000000] ACPI: LAPIC (acpi_id[0x4b] lapic_id[0x4b] enabled)
[    0.000000] ACPI: LAPIC (acpi_id[0x4d] lapic_id[0x4d] enabled)
[    0.000000] ACPI: LAPIC (acpi_id[0x4f] lapic_id[0x4f] enabled)
[    0.000000] ACPI: LAPIC (acpi_id[0x51] lapic_id[0x51] enabled)
[    0.000000] ACPI: LAPIC (acpi_id[0x53] lapic_id[0x53] enabled)
[    0.000000] ACPI: LAPIC (acpi_id[0x55] lapic_id[0x55] enabled)
[    0.000000] ACPI: LAPIC (acpi_id[0x57] lapic_id[0x57] enabled)
[    0.000000] ACPI: LAPIC (acpi_id[0x59] lapic_id[0x59] enabled)
[    0.000000] ACPI: LAPIC (acpi_id[0x5b] lapic_id[0x5b] enabled)
[    0.000000] ACPI: LAPIC (acpi_id[0x5d] lapic_id[0x5d] enabled)
[    0.000000] ACPI: LAPIC (acpi_id[0x5f] lapic_id[0x5f] enabled)
[    0.000000] ACPI: LAPIC (acpi_id[0x61] lapic_id[0x61] enabled)
[    0.000000] ACPI: LAPIC (acpi_id[0x63] lapic_id[0x63] enabled)
[    0.000000] ACPI: LAPIC (acpi_id[0x65] lapic_id[0x65] enabled)
[    0.000000] ACPI: LAPIC (acpi_id[0x67] lapic_id[0x67] enabled)
[    0.000000] ACPI: LAPIC (acpi_id[0x69] lapic_id[0x69] enabled)
[    0.000000] ACPI: LAPIC (acpi_id[0x6b] lapic_id[0x6b] enabled)
[    0.000000] ACPI: LAPIC (acpi_id[0x6d] lapic_id[0x6d] enabled)
[    0.000000] ACPI: LAPIC (acpi_id[0x6f] lapic_id[0x6f] enabled)
[    0.000000] ACPI: LAPIC (acpi_id[0x71] lapic_id[0x71] enabled)
[    0.000000] ACPI: LAPIC (acpi_id[0x73] lapic_id[0x73] enabled)
[    0.000000] ACPI: LAPIC (acpi_id[0x75] lapic_id[0x75] enabled)
[    0.000000] ACPI: LAPIC (acpi_id[0x77] lapic_id[0x77] enabled)
[    0.000000] ACPI: LAPIC (acpi_id[0x79] lapic_id[0x79] enabled)
[    0.000000] ACPI: LAPIC (acpi_id[0x7b] lapic_id[0x7b] enabled)
[    0.000000] ACPI: LAPIC (acpi_id[0x7d] lapic_id[0x7d] enabled)
[    0.000000] ACPI: LAPIC (acpi_id[0x7f] lapic_id[0x7f] enabled)
[    0.000000] ACPI: LAPIC_NMI (acpi_id[0xff] high edge lint[0x1])
[    0.000000] ACPI: IOAPIC (id[0x80] address[0xfec00000] gsi_base[0])
[    0.000000] IOAPIC[0]: apic_id 128, version 33, address 0xfec00000, GSI 0-23
[    0.000000] ACPI: IOAPIC (id[0x81] address[0xd7ff0000] gsi_base[24])
[    0.000000] IOAPIC[1]: apic_id 129, version 33, address 0xd7ff0000, GSI 24-55
[    0.000000] ACPI: IOAPIC (id[0x82] address[0xd79f0000] gsi_base[56])
[    0.000000] IOAPIC[2]: apic_id 130, version 33, address 0xd79f0000, GSI 56-87
[    0.000000] ACPI: IOAPIC (id[0x83] address[0xd73f0000] gsi_base[88])
[    0.000000] IOAPIC[3]: apic_id 131, version 33, address 0xd73f0000, GSI 88-119
[    0.000000] ACPI: IOAPIC (id[0x84] address[0xd6cf0000] gsi_base[120])
[    0.000000] IOAPIC[4]: apic_id 132, version 33, address 0xd6cf0000, GSI 120-151
[    0.000000] ACPI: IOAPIC (id[0x85] address[0xd66f0000] gsi_base[152])
[    0.000000] IOAPIC[5]: apic_id 133, version 33, address 0xd66f0000, GSI 152-183
[    0.000000] ACPI: IOAPIC (id[0x86] address[0xd60f0000] gsi_base[184])
[    0.000000] IOAPIC[6]: apic_id 134, version 33, address 0xd60f0000, GSI 184-215
[    0.000000] ACPI: IOAPIC (id[0x87] address[0xd5af0000] gsi_base[216])
[    0.000000] IOAPIC[7]: apic_id 135, version 33, address 0xd5af0000, GSI 216-247
[    0.000000] ACPI: IOAPIC (id[0x88] address[0xd54f0000] gsi_base[248])
[    0.000000] IOAPIC[8]: apic_id 136, version 33, address 0xd54f0000, GSI 248-279
[    0.000000] ACPI: INT_SRC_OVR (bus 0 bus_irq 0 global_irq 2 dfl dfl)
[    0.000000] ACPI: INT_SRC_OVR (bus 0 bus_irq 9 global_irq 9 low level)
[    0.000000] ACPI: IRQ0 used by override.
[    0.000000] ACPI: IRQ9 used by override.
[    0.000000] Using ACPI (MADT) for SMP configuration information
[    0.000000] ACPI: HPET id: 0x10228201 base: 0xfed00000
[    0.000000] smpboot: Allowing 128 CPUs, 0 hotplug CPUs
[    0.000000] PM: Registered nosave memory: [mem 0x000a0000-0x000fffff]
[    0.000000] PM: Registered nosave memory: [mem 0x75db0000-0x75ffffff]
[    0.000000] PM: Registered nosave memory: [mem 0x943e3000-0x943e3fff]
[    0.000000] PM: Registered nosave memory: [mem 0x94413000-0x94413fff]
[    0.000000] PM: Registered nosave memory: [mem 0xc5d83000-0xc5dd3fff]
[    0.000000] PM: Registered nosave memory: [mem 0xc5dd4000-0xc5dfbfff]
[    0.000000] PM: Registered nosave memory: [mem 0xc5dfc000-0xc5e0cfff]
[    0.000000] PM: Registered nosave memory: [mem 0xc628e000-0xc671ffff]
[    0.000000] PM: Registered nosave memory: [mem 0xc7e04000-0xc8103fff]
[    0.000000] PM: Registered nosave memory: [mem 0xc8104000-0xc912ffff]
[    0.000000] PM: Registered nosave memory: [mem 0xc913c000-0xc9152fff]
[    0.000000] PM: Registered nosave memory: [mem 0xc9167000-0xc9167fff]
[    0.000000] PM: Registered nosave memory: [mem 0xc9177000-0xc9177fff]
[    0.000000] PM: Registered nosave memory: [mem 0xc917a000-0xc9278fff]
[    0.000000] PM: Registered nosave memory: [mem 0xcad79000-0xcada8fff]
[    0.000000] PM: Registered nosave memory: [mem 0xcaddf000-0xcae18fff]
[    0.000000] PM: Registered nosave memory: [mem 0xcae19000-0xcae68fff]
[    0.000000] PM: Registered nosave memory: [mem 0xcc000000-0xcfffffff]
[    0.000000] PM: Registered nosave memory: [mem 0xd0000000-0xd52fffff]
[    0.000000] PM: Registered nosave memory: [mem 0xd5300000-0xd547ffff]
[    0.000000] PM: Registered nosave memory: [mem 0xd5480000-0xd54effff]
[    0.000000] PM: Registered nosave memory: [mem 0xd54f0000-0xd54f0fff]
[    0.000000] PM: Registered nosave memory: [mem 0xd54f1000-0xd58fffff]
[    0.000000] PM: Registered nosave memory: [mem 0xd5900000-0xd5a7ffff]
[    0.000000] PM: Registered nosave memory: [mem 0xd5a80000-0xd5aeffff]
[    0.000000] PM: Registered nosave memory: [mem 0xd5af0000-0xd5af0fff]
[    0.000000] PM: Registered nosave memory: [mem 0xd5af1000-0xd5efffff]
[    0.000000] PM: Registered nosave memory: [mem 0xd5f00000-0xd607ffff]
[    0.000000] PM: Registered nosave memory: [mem 0xd6080000-0xd60effff]
[    0.000000] PM: Registered nosave memory: [mem 0xd60f0000-0xd60f0fff]
[    0.000000] PM: Registered nosave memory: [mem 0xd60f1000-0xd64fffff]
[    0.000000] PM: Registered nosave memory: [mem 0xd6500000-0xd667ffff]
[    0.000000] PM: Registered nosave memory: [mem 0xd6680000-0xd66effff]
[    0.000000] PM: Registered nosave memory: [mem 0xd66f0000-0xd66f0fff]
[    0.000000] PM: Registered nosave memory: [mem 0xd66f1000-0xd6afffff]
[    0.000000] PM: Registered nosave memory: [mem 0xd6b00000-0xd6c7ffff]
[    0.000000] PM: Registered nosave memory: [mem 0xd6c80000-0xd6ceffff]
[    0.000000] PM: Registered nosave memory: [mem 0xd6cf0000-0xd6cf0fff]
[    0.000000] PM: Registered nosave memory: [mem 0xd6cf1000-0xd71fffff]
[    0.000000] PM: Registered nosave memory: [mem 0xd7200000-0xd737ffff]
[    0.000000] PM: Registered nosave memory: [mem 0xd7380000-0xd73effff]
[    0.000000] PM: Registered nosave memory: [mem 0xd73f0000-0xd73f0fff]
[    0.000000] PM: Registered nosave memory: [mem 0xd73f1000-0xd77fffff]
[    0.000000] PM: Registered nosave memory: [mem 0xd7800000-0xd797ffff]
[    0.000000] PM: Registered nosave memory: [mem 0xd7980000-0xd79effff]
[    0.000000] PM: Registered nosave memory: [mem 0xd79f0000-0xd79f0fff]
[    0.000000] PM: Registered nosave memory: [mem 0xd79f1000-0xd7efffff]
[    0.000000] PM: Registered nosave memory: [mem 0xd7f00000-0xd7f7ffff]
[    0.000000] PM: Registered nosave memory: [mem 0xd7f80000-0xd7feffff]
[    0.000000] PM: Registered nosave memory: [mem 0xd7ff0000-0xd7ff0fff]
[    0.000000] PM: Registered nosave memory: [mem 0xd7ff1000-0xfe9fffff]
[    0.000000] PM: Registered nosave memory: [mem 0xfea00000-0xfeafffff]
[    0.000000] PM: Registered nosave memory: [mem 0xfeb00000-0xfebfffff]
[    0.000000] PM: Registered nosave memory: [mem 0xfec00000-0xfec00fff]
[    0.000000] PM: Registered nosave memory: [mem 0xfec01000-0xfec0ffff]
[    0.000000] PM: Registered nosave memory: [mem 0xfec10000-0xfec10fff]
[    0.000000] PM: Registered nosave memory: [mem 0xfec11000-0xfecfffff]
[    0.000000] PM: Registered nosave memory: [mem 0xfed00000-0xfed00fff]
[    0.000000] PM: Registered nosave memory: [mem 0xfed01000-0xfed3ffff]
[    0.000000] PM: Registered nosave memory: [mem 0xfed40000-0xfed44fff]
[    0.000000] PM: Registered nosave memory: [mem 0xfed45000-0xfed7ffff]
[    0.000000] PM: Registered nosave memory: [mem 0xfed80000-0xfed8ffff]
[    0.000000] PM: Registered nosave memory: [mem 0xfed90000-0xfedbffff]
[    0.000000] PM: Registered nosave memory: [mem 0xfedc0000-0xfedc0fff]
[    0.000000] PM: Registered nosave memory: [mem 0xfedc1000-0xfedc1fff]
[    0.000000] PM: Registered nosave memory: [mem 0xfedc2000-0xfedc5fff]
[    0.000000] PM: Registered nosave memory: [mem 0xfedc6000-0xfedc6fff]
[    0.000000] PM: Registered nosave memory: [mem 0xfedc7000-0xfedc7fff]
[    0.000000] PM: Registered nosave memory: [mem 0xfedc8000-0xfedc8fff]
[    0.000000] PM: Registered nosave memory: [mem 0xfedc9000-0xfedcafff]
[    0.000000] PM: Registered nosave memory: [mem 0xfedcb000-0xfedfffff]
[    0.000000] PM: Registered nosave memory: [mem 0xfee00000-0xfeefffff]
[    0.000000] PM: Registered nosave memory: [mem 0xfef00000-0xfeffffff]
[    0.000000] PM: Registered nosave memory: [mem 0xff000000-0xffffffff]
[    0.000000] PM: Registered nosave memory: [mem 0x102f380000-0x102fffffff]
[    0.000000] PM: Registered nosave memory: [mem 0x202ff80000-0x202fffffff]
[    0.000000] PM: Registered nosave memory: [mem 0x302ff80000-0x302fffffff]
[    0.000000] PM: Registered nosave memory: [mem 0x402ff80000-0x402fffffff]
[    0.000000] PM: Registered nosave memory: [mem 0x502ff80000-0x502fffffff]
[    0.000000] PM: Registered nosave memory: [mem 0x602ff80000-0x602fffffff]
[    0.000000] PM: Registered nosave memory: [mem 0x702ff80000-0x702fffffff]
[    0.000000] e820: [mem 0xd7ff1000-0xfe9fffff] available for PCI devices
[    0.000000] Booting paravirtualized kernel on bare hardware
[    0.000000] setup_percpu: NR_CPUS:5120 nr_cpumask_bits:128 nr_cpu_ids:128 nr_node_ids:8
[    0.000000] PERCPU: Embedded 33 pages/cpu @ffff880feee00000 s97048 r8192 d29928 u262144
[    0.000000] pcpu-alloc: s97048 r8192 d29928 u262144 alloc=1*2097152
[    0.000000] pcpu-alloc: [0] 000 001 002 003 004 005 006 007 
[    0.000000] pcpu-alloc: [0] 064 065 066 067 068 069 070 071 
[    0.000000] pcpu-alloc: [1] 008 009 010 011 012 013 014 015 
[    0.000000] pcpu-alloc: [1] 072 073 074 075 076 077 078 079 
[    0.000000] pcpu-alloc: [2] 016 017 018 019 020 021 022 023 
[    0.000000] pcpu-alloc: [2] 080 081 082 083 084 085 086 087 
[    0.000000] pcpu-alloc: [3] 024 025 026 027 028 029 030 031 
[    0.000000] pcpu-alloc: [3] 088 089 090 091 092 093 094 095 
[    0.000000] pcpu-alloc: [4] 032 033 034 035 036 037 038 039 
[    0.000000] pcpu-alloc: [4] 096 097 098 099 100 101 102 103 
[    0.000000] pcpu-alloc: [5] 040 041 042 043 044 045 046 047 
[    0.000000] pcpu-alloc: [5] 104 105 106 107 108 109 110 111 
[    0.000000] pcpu-alloc: [6] 048 049 050 051 052 053 054 055 
[    0.000000] pcpu-alloc: [6] 112 113 114 115 116 117 118 119 
[    0.000000] pcpu-alloc: [7] 056 057 058 059 060 061 062 063 
[    0.000000] pcpu-alloc: [7] 120 121 122 123 124 125 126 127 
[    0.000000] Built 8 zonelists in Zone order, mobility grouping on.  Total pages: 132093135
[    0.000000] Policy zone: Normal
[    0.000000] Kernel command line: BOOT_IMAGE=/boot/vmlinuz-3.10.0-693.el7.x86_64 root=UUID=43cf8a9d-649e-48eb-9c54-ecf3f91878e5 ro crashkernel=auto rhgb quiet LANG=en_US.UTF-8
[    0.000000] PID hash table entries: 4096 (order: 3, 32768 bytes)
[    0.000000] x86/fpu: xstate_offset[2]: 0240, xstate_sizes[2]: 0100
[    0.000000] xsave: enabled xstate_bv 0x7, cntxt size 0x340 using standard form
[    0.000000] Memory: 19733592k/537656832k available (6886k kernel code, 897316k absent, 8765056k reserved, 4545k data, 1764k init)
[    0.000000] SLUB: HWalign=64, Order=0-3, MinObjects=0, CPUs=128, Nodes=8
[    0.000000] Hierarchical RCU implementation.
[    0.000000] 	RCU restricting CPUs from NR_CPUS=5120 to nr_cpu_ids=128.
[    0.000000] NR_IRQS:327936 nr_irqs:5800 0
[    0.000000] Console: colour dummy device 80x25
[    0.000000] console [tty0] enabled
[    0.000000] allocated 2147483648 bytes of page_cgroup
[    0.000000] please try 'cgroup_disable=memory' option if you don't want memory cgroups
[    0.000000] Enabling automatic NUMA balancing. Configure with numa_balancing= or the kernel.numa_balancing sysctl
[    0.000000] hpet clockevent registered
[    0.000000] tsc: Fast TSC calibration using PIT
[    0.000000] tsc: Detected 2195.738 MHz processor
[    0.000069] Calibrating delay loop (skipped), value calculated using timer frequency.. 4391.47 BogoMIPS (lpj=2195738)
[    0.000072] pid_max: default: 131072 minimum: 1024
[    0.002566] Security Framework initialized
[    0.002571] SELinux:  Initializing.
[    0.002604] SELinux:  Starting in permissive mode
[    0.002605] Yama: becoming mindful.
[    0.030777] Dentry cache hash table entries: 67108864 (order: 17, 536870912 bytes)
[    0.137546] Inode-cache hash table entries: 33554432 (order: 16, 268435456 bytes)
[    0.184419] Mount-cache hash table entries: 1048576 (order: 11, 8388608 bytes)
[    0.184836] Mountpoint-cache hash table entries: 1048576 (order: 11, 8388608 bytes)
[    0.188048] Initializing cgroup subsys memory
[    0.188103] Initializing cgroup subsys devices
[    0.188104] Initializing cgroup subsys freezer
[    0.188105] Initializing cgroup subsys net_cls
[    0.188106] Initializing cgroup subsys blkio
[    0.188107] Initializing cgroup subsys perf_event
[    0.188117] Initializing cgroup subsys hugetlb
[    0.188118] Initializing cgroup subsys pids
[    0.188119] Initializing cgroup subsys net_prio
[    0.188171] tseg: 00cc000000
[    0.188173] CPU: Physical Processor ID: 0
[    0.188174] CPU: Processor Core ID: 0
[    0.194139] mce: CPU supports 23 MCE banks
[    0.194170] LVT offset 2 assigned for vector 0xf4
[    0.194181] Last level iTLB entries: 4KB 1024, 2MB 1024, 4MB 512
[    0.194181] Last level dTLB entries: 4KB 1536, 2MB 1536, 4MB 768
[    0.194182] tlb_flushall_shift: 6
[    0.194427] Freeing SMP alternatives: 24k freed
[    0.195617] ACPI: Core revision 20130517
[    0.204488] ACPI: All ACPI Tables successfully acquired
[    0.205769] ------------[ cut here ]------------
[    0.205775] WARNING: CPU: 0 PID: 0 at arch/x86/mm/ioremap.c:119 __ioremap_caller+0x279/0x320
[    0.205777] ioremap on RAM at 0xc9609018 - 0xc960901d
[    0.205778] Modules linked in:
[    0.205780] CPU: 0 PID: 0 Comm: swapper/0 Not tainted 3.10.0-693.el7.x86_64 #1
[    0.205782] Hardware name: To be filled by O.E.M. To be filled by O.E.M./To be filled by O.E.M., BIOS 5.13 08/30/2018
[    0.205783]  ffffffff819e7e38 db91414cdb91412e ffffffff819e7de8 ffffffff816a3d91
[    0.205785]  ffffffff819e7e28 ffffffff810879c8 00000077c9609fff 00000000c960901d
[    0.205788]  0000000000000006 00000000c960901e 0000000000000010 00000000c9609018
[    0.205790] Call Trace:
[    0.205795]  [<ffffffff816a3d91>] dump_stack+0x19/0x1b
[    0.205799]  [<ffffffff810879c8>] __warn+0xd8/0x100
[    0.205802]  [<ffffffff81087a4f>] warn_slowpath_fmt+0x5f/0x80
[    0.205804]  [<ffffffff81067fe9>] __ioremap_caller+0x279/0x320
[    0.205808]  [<ffffffff813c95da>] ? acpi_tb_validate_table+0x27/0x37
[    0.205812]  [<ffffffff81b668e4>] ? efi_bgrt_init+0x6c/0x108
[    0.205814]  [<ffffffff810680a7>] ioremap_nocache+0x17/0x20
[    0.205817]  [<ffffffff81b668e4>] efi_bgrt_init+0x6c/0x108
[    0.205818]  [<ffffffff81b65d2e>] efi_late_init+0x13/0x15
[    0.205821]  [<ffffffff81b45051>] start_kernel+0x42a/0x45a
[    0.205823]  [<ffffffff81b44a30>] ? repair_env_string+0x5c/0x5c
[    0.205826]  [<ffffffff81b44120>] ? early_idt_handler_array+0x120/0x120
[    0.205828]  [<ffffffff81b445ef>] x86_64_start_reservations+0x24/0x26
[    0.205829]  [<ffffffff81b44740>] x86_64_start_kernel+0x14f/0x172
[    0.205833] ---[ end trace 3d419e07c9928675 ]---
[    0.205834] Ignoring BGRT: failed to map image header memory
[    0.207247] ftrace: allocating 26584 entries in 104 pages
[    0.217044] smpboot: Max logical packages: 4
[    3.159068] Switched APIC routing to physical flat.
[    3.162619] ..TIMER: vector=0x30 apic1=0 pin1=2 apic2=-1 pin2=-1
[    3.172621] smpboot: CPU0: AMD EPYC 7601 32-Core Processor (fam: 17, model: 01, stepping: 02)
[    3.196208] random: fast init done
[    3.274236] Performance Events: Fam17h core perfctr, AMD PMU driver.
[    3.274240] ... version:                0
[    3.274240] ... bit width:              48
[    3.274241] ... generic registers:      6
[    3.274242] ... value mask:             0000ffffffffffff
[    3.274242] ... max period:             00007fffffffffff
[    3.274243] ... fixed-purpose events:   0
[    3.274243] ... event mask:             000000000000003f
[    3.277018] NMI watchdog: enabled on all CPUs, permanently consumes one hw-PMU counter.
[    3.277079] smpboot: Booting Node   0, Processors  #1 #2 #3 #4 #5 #6 #7 OK
[    3.335705] smpboot: Booting Node   1, Processors  #8 #9 #10 #11 #12 #13 #14 #15 OK
[    3.402208] smpboot: Booting Node   2, Processors  #16 #17 #18 #19 #20 #21 #22 #23 OK
[    3.468709] smpboot: Booting Node   3, Processors  #24 #25 #26 #27 #28 #29 #30 #31 OK
[    3.535320] smpboot: Booting Node   4, Processors  #32 #33 #34 #35 #36 #37 #38 #39 OK
[    3.680117] smpboot: Booting Node   5, Processors  #40 #41 #42 #43 #44 #45 #46 #47 OK
[    3.747202] smpboot: Booting Node   6, Processors  #48 #49 #50 #51 #52 #53 #54 #55 OK
[    3.814060] smpboot: Booting Node   7, Processors  #56 #57 #58 #59 #60 #61 #62 #63 OK
[    3.881033] smpboot: Booting Node   0, Processors  #64 #65 #66 #67 #68 #69 #70 #71 OK
[    3.948059] smpboot: Booting Node   1, Processors  #72 #73 #74 #75 #76 #77 #78 #79 OK
[    4.014602] smpboot: Booting Node   2, Processors  #80 #81 #82 #83 #84 #85 #86 #87 OK
[    4.081047] smpboot: Booting Node   3, Processors  #88 #89 #90 #91 #92 #93 #94 #95 OK
[    4.147579] smpboot: Booting Node   4, Processors  #96 #97 #98 #99 #100 #101 #102 #103 OK
[    4.214637] smpboot: Booting Node   5, Processors  #104 #105 #106 #107 #108 #109 #110 #111 OK
[    4.281698] smpboot: Booting Node   6, Processors  #112 #113 #114 #115 #116 #117 #118 #119 OK
[    4.348698] smpboot: Booting Node   7, Processors  #120 #121 #122 #123 #124 #125 #126 #127 OK
[    4.416329] Brought up 128 CPUs
[    4.416343] smpboot: Total of 128 processors activated (562159.74 BogoMIPS)
[    4.733074] node 0 initialised, 15134964 pages in 294ms
[    4.747650] node 6 initialised, 15990055 pages in 309ms
[    4.749397] node 1 initialised, 15990055 pages in 310ms
[    4.749504] node 2 initialised, 15990055 pages in 311ms
[    4.749511] node 3 initialised, 15990055 pages in 311ms
[    4.750316] node 4 initialised, 15990055 pages in 311ms
[    4.750351] node 5 initialised, 15990055 pages in 311ms
[    4.750435] node 7 initialised, 15989919 pages in 312ms
[    4.751008] devtmpfs: initialized
[    4.782041] EVM: security.selinux
[    4.782043] EVM: security.ima
[    4.782044] EVM: security.capability
[    4.782206] PM: Registering ACPI NVS region [mem 0xc5dd4000-0xc5dfbfff] (163840 bytes)
[    4.782210] PM: Registering ACPI NVS region [mem 0xc7e04000-0xc8103fff] (3145728 bytes)
[    4.782247] PM: Registering ACPI NVS region [mem 0xcaddf000-0xcae18fff] (237568 bytes)
[    4.783799] atomic64 test passed for x86-64 platform with CX8 and with SSE
[    4.783802] pinctrl core: initialized pinctrl subsystem
[    4.783908] RTC time: 11:30:28, date: 08/30/18
[    4.784091] NET: Registered protocol family 16
[    4.784736] ACPI: bus type PCI registered
[    4.784737] acpiphp: ACPI Hot Plug PCI Controller Driver version: 0.5
[    4.784906] PCI: MMCONFIG for domain 0000 [bus 00-ff] at [mem 0xe0000000-0xefffffff] (base 0xe0000000)
[    4.784910] PCI: not using MMCONFIG
[    4.784911] PCI: Using configuration type 1 for base access
[    4.784912] PCI: Using configuration type 1 for extended access
[    4.800461] ACPI: Added _OSI(Module Device)
[    4.800463] ACPI: Added _OSI(Processor Device)
[    4.800465] ACPI: Added _OSI(3.0 _SCP Extensions)
[    4.800466] ACPI: Added _OSI(Processor Aggregator Device)
[    4.801871] ACPI: EC: Look up EC in DSDT
[    4.862697] ACPI: Interpreter enabled
[    4.862709] ACPI: (supports S0 S5)
[    4.862710] ACPI: Using IOAPIC for interrupt routing
[    4.862928] PCI: MMCONFIG for domain 0000 [bus 00-ff] at [mem 0xe0000000-0xefffffff] (base 0xe0000000)
[    4.862967] PCI: MMCONFIG at [mem 0xe0000000-0xefffffff] reserved in ACPI motherboard resources
[    4.863003] HEST: Table parsing has been initialized.
[    4.863006] PCI: Using host bridge windows from ACPI; if necessary, use "pci=nocrs" and report a bug
[    4.865175] ACPI: Power Resource [P0SA] (off)
[    4.865194] ACPI: Power Resource [P3SA] (off)
[    4.866930] ACPI: Power Resource [P0SA] (off)
[    4.866949] ACPI: Power Resource [P3SA] (off)
[    4.867741] ACPI: Power Resource [P0SA] (off)
[    4.867758] ACPI: Power Resource [P3SA] (off)
[    4.868532] ACPI: Power Resource [P0SA] (off)
[    4.868551] ACPI: Power Resource [P3SA] (off)
[    4.869296] ACPI: Power Resource [P0SA] (off)
[    4.869314] ACPI: Power Resource [P3SA] (off)
[    4.870096] ACPI: Power Resource [P0SA] (off)
[    4.870114] ACPI: Power Resource [P3SA] (off)
[    4.870900] ACPI: Power Resource [P0SA] (off)
[    4.870918] ACPI: Power Resource [P3SA] (off)
[    4.871692] ACPI: Power Resource [P0SA] (off)
[    4.871710] ACPI: Power Resource [P3SA] (off)
[    4.874412] ACPI: PCI Root Bridge [PCI0] (domain 0000 [bus 00-1f])
[    4.874417] acpi PNP0A08:00: _OSC: OS supports [ExtendedConfig ASPM ClockPM Segments MSI]
[    4.874594] acpi PNP0A08:00: _OSC: OS now controls [PCIeHotplug PME AER PCIeCapability]
[    4.874811] PCI host bridge to bus 0000:00
[    4.874813] pci_bus 0000:00: root bus resource [bus 00-1f]
[    4.874815] pci_bus 0000:00: root bus resource [io  0x0000-0x02e7 window]
[    4.874817] pci_bus 0000:00: root bus resource [io  0x0300-0x03af window]
[    4.874819] pci_bus 0000:00: root bus resource [io  0x0400-0x0cf7 window]
[    4.874820] pci_bus 0000:00: root bus resource [io  0x03b0-0x03df window]
[    4.874821] pci_bus 0000:00: root bus resource [io  0x0d00-0x1fff window]
[    4.874823] pci_bus 0000:00: root bus resource [mem 0x000a0000-0x000bffff window]
[    4.874824] pci_bus 0000:00: root bus resource [mem 0x000c0000-0x000dffff window]
[    4.874826] pci_bus 0000:00: root bus resource [mem 0xd8000000-0xdfffffff window]
[    4.874827] pci_bus 0000:00: root bus resource [mem 0x1d586000000-0x1ffffffffff window]
[    4.874833] pci 0000:00:00.0: [1022:1450] type 00 class 0x060000
[    4.874901] pci 0000:00:00.2: [1022:1451] type 00 class 0x080600
[    4.874984] pci 0000:00:01.0: [1022:1452] type 00 class 0x060000
[    4.875042] pci 0000:00:01.2: [1022:1453] type 01 class 0x060400
[    4.875495] pci 0000:00:01.2: PME# supported from D0 D3hot D3cold
[    4.875570] pci 0000:00:02.0: [1022:1452] type 00 class 0x060000
[    4.875642] pci 0000:00:03.0: [1022:1452] type 00 class 0x060000
[    4.875712] pci 0000:00:04.0: [1022:1452] type 00 class 0x060000
[    4.875786] pci 0000:00:07.0: [1022:1452] type 00 class 0x060000
[    4.875841] pci 0000:00:07.1: [1022:1454] type 01 class 0x060400
[    4.876490] pci 0000:00:07.1: PME# supported from D0 D3hot D3cold
[    4.876532] pci 0000:00:07.1: System wakeup disabled by ACPI
[    4.876567] pci 0000:00:08.0: [1022:1452] type 00 class 0x060000
[    4.876625] pci 0000:00:08.1: [1022:1454] type 01 class 0x060400
[    4.877500] pci 0000:00:08.1: PME# supported from D0 D3hot D3cold
[    4.877611] pci 0000:00:14.0: [1022:790b] type 00 class 0x0c0500
[    4.877817] pci 0000:00:14.3: [1022:790e] type 00 class 0x060100
[    4.878022] pci 0000:00:18.0: [1022:1460] type 00 class 0x060000
[    4.878068] pci 0000:00:18.1: [1022:1461] type 00 class 0x060000
[    4.878113] pci 0000:00:18.2: [1022:1462] type 00 class 0x060000
[    4.878157] pci 0000:00:18.3: [1022:1463] type 00 class 0x060000
[    4.878202] pci 0000:00:18.4: [1022:1464] type 00 class 0x060000
[    4.878247] pci 0000:00:18.5: [1022:1465] type 00 class 0x060000
[    4.878290] pci 0000:00:18.6: [1022:1466] type 00 class 0x060000
[    4.878336] pci 0000:00:18.7: [1022:1467] type 00 class 0x060000
[    4.878383] pci 0000:00:19.0: [1022:1460] type 00 class 0x060000
[    4.878434] pci 0000:00:19.1: [1022:1461] type 00 class 0x060000
[    4.878482] pci 0000:00:19.2: [1022:1462] type 00 class 0x060000
[    4.878530] pci 0000:00:19.3: [1022:1463] type 00 class 0x060000
[    4.878577] pci 0000:00:19.4: [1022:1464] type 00 class 0x060000
[    4.878625] pci 0000:00:19.5: [1022:1465] type 00 class 0x060000
[    4.878672] pci 0000:00:19.6: [1022:1466] type 00 class 0x060000
[    4.878719] pci 0000:00:19.7: [1022:1467] type 00 class 0x060000
[    4.878767] pci 0000:00:1a.0: [1022:1460] type 00 class 0x060000
[    4.878815] pci 0000:00:1a.1: [1022:1461] type 00 class 0x060000
[    4.878861] pci 0000:00:1a.2: [1022:1462] type 00 class 0x060000
[    4.878910] pci 0000:00:1a.3: [1022:1463] type 00 class 0x060000
[    4.878959] pci 0000:00:1a.4: [1022:1464] type 00 class 0x060000
[    4.879005] pci 0000:00:1a.5: [1022:1465] type 00 class 0x060000
[    4.879052] pci 0000:00:1a.6: [1022:1466] type 00 class 0x060000
[    4.879099] pci 0000:00:1a.7: [1022:1467] type 00 class 0x060000
[    4.879145] pci 0000:00:1b.0: [1022:1460] type 00 class 0x060000
[    4.879192] pci 0000:00:1b.1: [1022:1461] type 00 class 0x060000
[    4.879240] pci 0000:00:1b.2: [1022:1462] type 00 class 0x060000
[    4.879287] pci 0000:00:1b.3: [1022:1463] type 00 class 0x060000
[    4.879337] pci 0000:00:1b.4: [1022:1464] type 00 class 0x060000
[    4.879386] pci 0000:00:1b.5: [1022:1465] type 00 class 0x060000
[    4.879436] pci 0000:00:1b.6: [1022:1466] type 00 class 0x060000
[    4.879483] pci 0000:00:1b.7: [1022:1467] type 00 class 0x060000
[    4.879532] pci 0000:00:1c.0: [1022:1460] type 00 class 0x060000
[    4.879586] pci 0000:00:1c.1: [1022:1461] type 00 class 0x060000
[    4.879641] pci 0000:00:1c.2: [1022:1462] type 00 class 0x060000
[    4.879695] pci 0000:00:1c.3: [1022:1463] type 00 class 0x060000
[    4.879750] pci 0000:00:1c.4: [1022:1464] type 00 class 0x060000
[    4.879808] pci 0000:00:1c.5: [1022:1465] type 00 class 0x060000
[    4.879861] pci 0000:00:1c.6: [1022:1466] type 00 class 0x060000
[    4.879914] pci 0000:00:1c.7: [1022:1467] type 00 class 0x060000
[    4.879969] pci 0000:00:1d.0: [1022:1460] type 00 class 0x060000
[    4.880024] pci 0000:00:1d.1: [1022:1461] type 00 class 0x060000
[    4.880081] pci 0000:00:1d.2: [1022:1462] type 00 class 0x060000
[    4.880136] pci 0000:00:1d.3: [1022:1463] type 00 class 0x060000
[    4.880192] pci 0000:00:1d.4: [1022:1464] type 00 class 0x060000
[    4.880246] pci 0000:00:1d.5: [1022:1465] type 00 class 0x060000
[    4.880301] pci 0000:00:1d.6: [1022:1466] type 00 class 0x060000
[    4.880356] pci 0000:00:1d.7: [1022:1467] type 00 class 0x060000
[    4.880409] pci 0000:00:1e.0: [1022:1460] type 00 class 0x060000
[    4.880463] pci 0000:00:1e.1: [1022:1461] type 00 class 0x060000
[    4.880513] pci 0000:00:1e.2: [1022:1462] type 00 class 0x060000
[    4.880564] pci 0000:00:1e.3: [1022:1463] type 00 class 0x060000
[    4.880617] pci 0000:00:1e.4: [1022:1464] type 00 class 0x060000
[    4.880667] pci 0000:00:1e.5: [1022:1465] type 00 class 0x060000
[    4.880718] pci 0000:00:1e.6: [1022:1466] type 00 class 0x060000
[    4.880769] pci 0000:00:1e.7: [1022:1467] type 00 class 0x060000
[    4.880819] pci 0000:00:1f.0: [1022:1460] type 00 class 0x060000
[    4.880874] pci 0000:00:1f.1: [1022:1461] type 00 class 0x060000
[    4.880928] pci 0000:00:1f.2: [1022:1462] type 00 class 0x060000
[    4.880982] pci 0000:00:1f.3: [1022:1463] type 00 class 0x060000
[    4.881037] pci 0000:00:1f.4: [1022:1464] type 00 class 0x060000
[    4.881091] pci 0000:00:1f.5: [1022:1465] type 00 class 0x060000
[    4.881144] pci 0000:00:1f.6: [1022:1466] type 00 class 0x060000
[    4.881197] pci 0000:00:1f.7: [1022:1467] type 00 class 0x060000
[    4.881471] pci 0000:01:00.0: [1a03:1150] type 01 class 0x060400
[    4.881580] pci 0000:01:00.0: supports D1 D2
[    4.881582] pci 0000:01:00.0: PME# supported from D0 D1 D2 D3hot D3cold
[    4.883451] pci 0000:00:01.2: PCI bridge to [bus 01-02]
[    4.883456] pci 0000:00:01.2:   bridge window [io  0x1000-0x1fff]
[    4.883459] pci 0000:00:01.2:   bridge window [mem 0xd8000000-0xdc0fffff]
[    4.883525] pci 0000:02:00.0: [1a03:2000] type 00 class 0x030000
[    4.883549] pci 0000:02:00.0: reg 0x10: [mem 0xd8000000-0xdbffffff]
[    4.883562] pci 0000:02:00.0: reg 0x14: [mem 0xdc000000-0xdc01ffff]
[    4.883575] pci 0000:02:00.0: reg 0x18: [io  0x1000-0x107f]
[    4.883674] pci 0000:02:00.0: supports D1 D2
[    4.883675] pci 0000:02:00.0: PME# supported from D0 D1 D2 D3hot D3cold
[    4.883765] pci 0000:01:00.0: PCI bridge to [bus 02]
[    4.883771] pci 0000:01:00.0:   bridge window [io  0x1000-0x1fff]
[    4.883775] pci 0000:01:00.0:   bridge window [mem 0xd8000000-0xdc0fffff]
[    4.884480] pci 0000:03:00.0: [1022:145a] type 00 class 0x130000
[    4.884570] pci 0000:03:00.2: [1022:1456] type 00 class 0x108000
[    4.884582] pci 0000:03:00.2: reg 0x18: [mem 0xdc300000-0xdc3fffff]
[    4.884591] pci 0000:03:00.2: reg 0x24: [mem 0xdc400000-0xdc401fff]
[    4.884674] pci 0000:03:00.3: [1022:145f] type 00 class 0x0c0330
[    4.884684] pci 0000:03:00.3: reg 0x10: [mem 0xdc200000-0xdc2fffff 64bit]
[    4.884735] pci 0000:03:00.3: PME# supported from D0 D3hot D3cold
[    4.884789] pci 0000:00:07.1: PCI bridge to [bus 03]
[    4.884793] pci 0000:00:07.1:   bridge window [mem 0xdc200000-0xdc4fffff]
[    4.885501] pci 0000:04:00.0: [1022:1455] type 00 class 0x130000
[    4.885597] pci 0000:04:00.1: [1022:1468] type 00 class 0x108000
[    4.885610] pci 0000:04:00.1: reg 0x18: [mem 0xdc500000-0xdc5fffff]
[    4.885620] pci 0000:04:00.1: reg 0x24: [mem 0xdc600000-0xdc601fff]
[    4.885710] pci 0000:00:08.1: PCI bridge to [bus 04]
[    4.885714] pci 0000:00:08.1:   bridge window [mem 0xdc500000-0xdc6fffff]
[    4.885731] pci_bus 0000:00: on NUMA node 0
[    4.886363] ACPI: PCI Root Bridge [S0D1] (domain 0000 [bus 20-3f])
[    4.886366] acpi PNP0A08:01: _OSC: OS supports [ExtendedConfig ASPM ClockPM Segments MSI]
[    4.886546] acpi PNP0A08:01: _OSC: OS now controls [PCIeHotplug PME AER PCIeCapability]
[    4.886698] PCI host bridge to bus 0000:20
[    4.886700] pci_bus 0000:20: root bus resource [bus 20-3f]
[    4.886702] pci_bus 0000:20: root bus resource [mem 0xd7a00000-0xd7efffff window]
[    4.886704] pci_bus 0000:20: root bus resource [mem 0x1ab0c000000-0x1d585ffffff window]
[    4.886709] pci 0000:20:00.0: [1022:1450] type 00 class 0x060000
[    4.886770] pci 0000:20:00.2: [1022:1451] type 00 class 0x080600
[    4.886859] pci 0000:20:01.0: [1022:1452] type 00 class 0x060000
[    4.886933] pci 0000:20:02.0: [1022:1452] type 00 class 0x060000
[    4.887005] pci 0000:20:03.0: [1022:1452] type 00 class 0x060000
[    4.887077] pci 0000:20:04.0: [1022:1452] type 00 class 0x060000
[    4.887153] pci 0000:20:07.0: [1022:1452] type 00 class 0x060000
[    4.887210] pci 0000:20:07.1: [1022:1454] type 01 class 0x060400
[    4.887418] pci 0000:20:07.1: PME# supported from D0 D3hot D3cold
[    4.887465] pci 0000:20:07.1: System wakeup disabled by ACPI
[    4.887498] pci 0000:20:08.0: [1022:1452] type 00 class 0x060000
[    4.887557] pci 0000:20:08.1: [1022:1454] type 01 class 0x060400
[    4.887669] pci 0000:20:08.1: PME# supported from D0 D3hot D3cold
[    4.888389] pci 0000:21:00.0: [1022:145a] type 00 class 0x130000
[    4.888488] pci 0000:21:00.2: [1022:1456] type 00 class 0x108000
[    4.888502] pci 0000:21:00.2: reg 0x18: [mem 0xd7b00000-0xd7bfffff]
[    4.888512] pci 0000:21:00.2: reg 0x24: [mem 0xd7c00000-0xd7c01fff]
[    4.888594] pci 0000:21:00.3: [1022:145f] type 00 class 0x0c0330
[    4.888606] pci 0000:21:00.3: reg 0x10: [mem 0xd7a00000-0xd7afffff 64bit]
[    4.888662] pci 0000:21:00.3: PME# supported from D0 D3hot D3cold
[    4.888721] pci 0000:20:07.1: PCI bridge to [bus 21]
[    4.888726] pci 0000:20:07.1:   bridge window [mem 0xd7a00000-0xd7cfffff]
[    4.888811] pci 0000:22:00.0: [1022:1455] type 00 class 0x130000
[    4.888913] pci 0000:22:00.1: [1022:1468] type 00 class 0x108000
[    4.888928] pci 0000:22:00.1: reg 0x18: [mem 0xd7d00000-0xd7dfffff]
[    4.888938] pci 0000:22:00.1: reg 0x24: [mem 0xd7e00000-0xd7e01fff]
[    4.889029] pci 0000:22:00.2: [1022:7901] type 00 class 0x010601
[    4.889061] pci 0000:22:00.2: reg 0x24: [mem 0xd7e02000-0xd7e02fff]
[    4.889102] pci 0000:22:00.2: PME# supported from D3hot D3cold
[    4.889164] pci 0000:20:08.1: PCI bridge to [bus 22]
[    4.889168] pci 0000:20:08.1:   bridge window [mem 0xd7d00000-0xd7efffff]
[    4.889181] pci_bus 0000:20: on NUMA node 1
[    4.889396] ACPI: PCI Root Bridge [S0D2] (domain 0000 [bus 40-5f])
[    4.889399] acpi PNP0A08:02: _OSC: OS supports [ExtendedConfig ASPM ClockPM Segments MSI]
[    4.889572] acpi PNP0A08:02: _OSC: OS now controls [PCIeHotplug PME AER PCIeCapability]
[    4.889722] PCI host bridge to bus 0000:40
[    4.889724] pci_bus 0000:40: root bus resource [bus 40-5f]
[    4.889725] pci_bus 0000:40: root bus resource [mem 0xd7400000-0xd77fffff window]
[    4.889727] pci_bus 0000:40: root bus resource [mem 0x18092000000-0x1ab0bffffff window]
[    4.889732] pci 0000:40:00.0: [1022:1450] type 00 class 0x060000
[    4.889792] pci 0000:40:00.2: [1022:1451] type 00 class 0x080600
[    4.889878] pci 0000:40:01.0: [1022:1452] type 00 class 0x060000
[    4.889951] pci 0000:40:02.0: [1022:1452] type 00 class 0x060000
[    4.890021] pci 0000:40:03.0: [1022:1452] type 00 class 0x060000
[    4.890092] pci 0000:40:04.0: [1022:1452] type 00 class 0x060000
[    4.890167] pci 0000:40:07.0: [1022:1452] type 00 class 0x060000
[    4.890223] pci 0000:40:07.1: [1022:1454] type 01 class 0x060400
[    4.890767] pci 0000:40:07.1: PME# supported from D0 D3hot D3cold
[    4.890811] pci 0000:40:07.1: System wakeup disabled by ACPI
[    4.890844] pci 0000:40:08.0: [1022:1452] type 00 class 0x060000
[    4.890901] pci 0000:40:08.1: [1022:1454] type 01 class 0x060400
[    4.891011] pci 0000:40:08.1: PME# supported from D0 D3hot D3cold
[    4.891737] pci 0000:41:00.0: [1022:145a] type 00 class 0x130000
[    4.891831] pci 0000:41:00.2: [1022:1456] type 00 class 0x108000
[    4.891845] pci 0000:41:00.2: reg 0x18: [mem 0xd7600000-0xd76fffff]
[    4.891855] pci 0000:41:00.2: reg 0x24: [mem 0xd7700000-0xd7701fff]
[    4.891946] pci 0000:40:07.1: PCI bridge to [bus 41]
[    4.891950] pci 0000:40:07.1:   bridge window [mem 0xd7600000-0xd77fffff]
[    4.892035] pci 0000:42:00.0: [1022:1455] type 00 class 0x130000
[    4.892138] pci 0000:42:00.1: [1022:1468] type 00 class 0x108000
[    4.892153] pci 0000:42:00.1: reg 0x18: [mem 0xd7400000-0xd74fffff]
[    4.892164] pci 0000:42:00.1: reg 0x24: [mem 0xd7500000-0xd7501fff]
[    4.892258] pci 0000:40:08.1: PCI bridge to [bus 42]
[    4.892263] pci 0000:40:08.1:   bridge window [mem 0xd7400000-0xd75fffff]
[    4.892276] pci_bus 0000:40: on NUMA node 2
[    4.892486] ACPI: PCI Root Bridge [S0D3] (domain 0000 [bus 60-7f])
[    4.892490] acpi PNP0A08:03: _OSC: OS supports [ExtendedConfig ASPM ClockPM Segments MSI]
[    4.892660] acpi PNP0A08:03: _OSC: OS now controls [PCIeHotplug PME AER PCIeCapability]
[    4.892807] PCI host bridge to bus 0000:60
[    4.892809] pci_bus 0000:60: root bus resource [bus 60-7f]
[    4.892810] pci_bus 0000:60: root bus resource [io  0x2000-0x2fff window]
[    4.892812] pci_bus 0000:60: root bus resource [mem 0xd6d00000-0xd71fffff window]
[    4.892813] pci_bus 0000:60: root bus resource [mem 0x15618000000-0x18091ffffff window]
[    4.892818] pci 0000:60:00.0: [1022:1450] type 00 class 0x060000
[    4.892880] pci 0000:60:00.2: [1022:1451] type 00 class 0x080600
[    4.892963] pci 0000:60:01.0: [1022:1452] type 00 class 0x060000
[    4.893032] pci 0000:60:02.0: [1022:1452] type 00 class 0x060000
[    4.893101] pci 0000:60:03.0: [1022:1452] type 00 class 0x060000
[    4.893159] pci 0000:60:03.2: [1022:1453] type 01 class 0x060400
[    4.893825] pci 0000:60:03.2: PME# supported from D0 D3hot D3cold
[    4.893900] pci 0000:60:04.0: [1022:1452] type 00 class 0x060000
[    4.893977] pci 0000:60:07.0: [1022:1452] type 00 class 0x060000
[    4.894034] pci 0000:60:07.1: [1022:1454] type 01 class 0x060400
[    4.894140] pci 0000:60:07.1: PME# supported from D0 D3hot D3cold
[    4.894180] pci 0000:60:07.1: System wakeup disabled by ACPI
[    4.894213] pci 0000:60:08.0: [1022:1452] type 00 class 0x060000
[    4.894270] pci 0000:60:08.1: [1022:1454] type 01 class 0x060400
[    4.894913] pci 0000:60:08.1: PME# supported from D0 D3hot D3cold
[    4.895128] pci 0000:61:00.0: [8086:10d3] type 00 class 0x020000
[    4.895154] pci 0000:61:00.0: reg 0x10: [mem 0xd71c0000-0xd71dffff]
[    4.895169] pci 0000:61:00.0: reg 0x14: [mem 0xd7100000-0xd717ffff]
[    4.895184] pci 0000:61:00.0: reg 0x18: [io  0x2000-0x201f]
[    4.895200] pci 0000:61:00.0: reg 0x1c: [mem 0xd71e0000-0xd71e3fff]
[    4.895243] pci 0000:61:00.0: reg 0x30: [mem 0xd7180000-0xd71bffff pref]
[    4.895335] pci 0000:61:00.0: PME# supported from D0 D3hot D3cold
[    4.896457] pci 0000:60:03.2: PCI bridge to [bus 61]
[    4.896462] pci 0000:60:03.2:   bridge window [io  0x2000-0x2fff]
[    4.896465] pci 0000:60:03.2:   bridge window [mem 0xd7100000-0xd71fffff]
[    4.896884] pci 0000:62:00.0: [1022:145a] type 00 class 0x130000
[    4.896987] pci 0000:62:00.2: [1022:1456] type 00 class 0x108000
[    4.897002] pci 0000:62:00.2: reg 0x18: [mem 0xd6f00000-0xd6ffffff]
[    4.897012] pci 0000:62:00.2: reg 0x24: [mem 0xd7000000-0xd7001fff]
[    4.897107] pci 0000:60:07.1: PCI bridge to [bus 62]
[    4.897112] pci 0000:60:07.1:   bridge window [mem 0xd6f00000-0xd70fffff]
[    4.897198] pci 0000:63:00.0: [1022:1455] type 00 class 0x130000
[    4.897305] pci 0000:63:00.1: [1022:1468] type 00 class 0x108000
[    4.897320] pci 0000:63:00.1: reg 0x18: [mem 0xd6d00000-0xd6dfffff]
[    4.897331] pci 0000:63:00.1: reg 0x24: [mem 0xd6e00000-0xd6e01fff]
[    4.897431] pci 0000:60:08.1: PCI bridge to [bus 63]
[    4.897436] pci 0000:60:08.1:   bridge window [mem 0xd6d00000-0xd6efffff]
[    4.897453] pci_bus 0000:60: on NUMA node 3
[    4.897673] ACPI: PCI Root Bridge [S1D0] (domain 0000 [bus 80-9f])
[    4.897676] acpi PNP0A08:04: _OSC: OS supports [ExtendedConfig ASPM ClockPM Segments MSI]
[    4.897849] acpi PNP0A08:04: _OSC: OS now controls [PCIeHotplug PME AER PCIeCapability]
[    4.898000] PCI host bridge to bus 0000:80
[    4.898002] pci_bus 0000:80: root bus resource [bus 80-9f]
[    4.898004] pci_bus 0000:80: root bus resource [mem 0xd6700000-0xd6afffff window]
[    4.898005] pci_bus 0000:80: root bus resource [mem 0x12b9e000000-0x15617ffffff window]
[    4.898011] pci 0000:80:00.0: [1022:1450] type 00 class 0x060000
[    4.898087] pci 0000:80:00.2: [1022:1451] type 00 class 0x080600
[    4.898186] pci 0000:80:01.0: [1022:1452] type 00 class 0x060000
[    4.898266] pci 0000:80:02.0: [1022:1452] type 00 class 0x060000
[    4.898345] pci 0000:80:03.0: [1022:1452] type 00 class 0x060000
[    4.898424] pci 0000:80:04.0: [1022:1452] type 00 class 0x060000
[    4.898510] pci 0000:80:07.0: [1022:1452] type 00 class 0x060000
[    4.898575] pci 0000:80:07.1: [1022:1454] type 01 class 0x060400
[    4.899257] pci 0000:80:07.1: PME# supported from D0 D3hot D3cold
[    4.899305] pci 0000:80:07.1: System wakeup disabled by ACPI
[    4.899342] pci 0000:80:08.0: [1022:1452] type 00 class 0x060000
[    4.899410] pci 0000:80:08.1: [1022:1454] type 01 class 0x060400
[    4.900251] pci 0000:80:08.1: PME# supported from D0 D3hot D3cold
[    4.901235] pci 0000:81:00.0: [1022:145a] type 00 class 0x130000
[    4.901349] pci 0000:81:00.2: [1022:1456] type 00 class 0x108000
[    4.901366] pci 0000:81:00.2: reg 0x18: [mem 0xd6900000-0xd69fffff]
[    4.901378] pci 0000:81:00.2: reg 0x24: [mem 0xd6a00000-0xd6a01fff]
[    4.901485] pci 0000:80:07.1: PCI bridge to [bus 81]
[    4.901491] pci 0000:80:07.1:   bridge window [mem 0xd6900000-0xd6afffff]
[    4.902225] pci 0000:82:00.0: [1022:1455] type 00 class 0x130000
[    4.902347] pci 0000:82:00.1: [1022:1468] type 00 class 0x108000
[    4.902365] pci 0000:82:00.1: reg 0x18: [mem 0xd6700000-0xd67fffff]
[    4.902378] pci 0000:82:00.1: reg 0x24: [mem 0xd6800000-0xd6801fff]
[    4.902482] pci 0000:82:00.2: [1022:7901] type 00 class 0x010601
[    4.902521] pci 0000:82:00.2: reg 0x24: [mem 0xd6802000-0xd6802fff]
[    4.902570] pci 0000:82:00.2: PME# supported from D3hot D3cold
[    4.902642] pci 0000:80:08.1: PCI bridge to [bus 82]
[    4.902648] pci 0000:80:08.1:   bridge window [mem 0xd6700000-0xd68fffff]
[    4.902664] pci_bus 0000:80: on NUMA node 4
[    4.902883] ACPI: PCI Root Bridge [S1D1] (domain 0000 [bus a0-bf])
[    4.902886] acpi PNP0A08:05: _OSC: OS supports [ExtendedConfig ASPM ClockPM Segments MSI]
[    4.903052] acpi PNP0A08:05: _OSC: OS now controls [PCIeHotplug PME AER PCIeCapability]
[    4.903202] PCI host bridge to bus 0000:a0
[    4.903204] pci_bus 0000:a0: root bus resource [bus a0-bf]
[    4.903206] pci_bus 0000:a0: root bus resource [mem 0xd6100000-0xd64fffff window]
[    4.903207] pci_bus 0000:a0: root bus resource [mem 0x10124000000-0x12b9dffffff window]
[    4.903212] pci 0000:a0:00.0: [1022:1450] type 00 class 0x060000
[    4.903281] pci 0000:a0:00.2: [1022:1451] type 00 class 0x080600
[    4.903380] pci 0000:a0:01.0: [1022:1452] type 00 class 0x060000
[    4.903462] pci 0000:a0:02.0: [1022:1452] type 00 class 0x060000
[    4.903539] pci 0000:a0:03.0: [1022:1452] type 00 class 0x060000
[    4.903618] pci 0000:a0:04.0: [1022:1452] type 00 class 0x060000
[    4.903701] pci 0000:a0:07.0: [1022:1452] type 00 class 0x060000
[    4.903764] pci 0000:a0:07.1: [1022:1454] type 01 class 0x060400
[    4.903954] pci 0000:a0:07.1: PME# supported from D0 D3hot D3cold
[    4.904001] pci 0000:a0:07.1: System wakeup disabled by ACPI
[    4.904039] pci 0000:a0:08.0: [1022:1452] type 00 class 0x060000
[    4.904105] pci 0000:a0:08.1: [1022:1454] type 01 class 0x060400
[    4.904229] pci 0000:a0:08.1: PME# supported from D0 D3hot D3cold
[    4.904923] pci 0000:a1:00.0: [1022:145a] type 00 class 0x130000
[    4.905037] pci 0000:a1:00.2: [1022:1456] type 00 class 0x108000
[    4.905053] pci 0000:a1:00.2: reg 0x18: [mem 0xd6300000-0xd63fffff]
[    4.905066] pci 0000:a1:00.2: reg 0x24: [mem 0xd6400000-0xd6401fff]
[    4.905172] pci 0000:a0:07.1: PCI bridge to [bus a1]
[    4.905178] pci 0000:a0:07.1:   bridge window [mem 0xd6300000-0xd64fffff]
[    4.905272] pci 0000:a2:00.0: [1022:1455] type 00 class 0x130000
[    4.905393] pci 0000:a2:00.1: [1022:1468] type 00 class 0x108000
[    4.905410] pci 0000:a2:00.1: reg 0x18: [mem 0xd6100000-0xd61fffff]
[    4.905423] pci 0000:a2:00.1: reg 0x24: [mem 0xd6200000-0xd6201fff]
[    4.905526] pci 0000:a2:00.2: [1022:7901] type 00 class 0x010601
[    4.905565] pci 0000:a2:00.2: reg 0x24: [mem 0xd6202000-0xd6202fff]
[    4.905615] pci 0000:a2:00.2: PME# supported from D3hot D3cold
[    4.905685] pci 0000:a0:08.1: PCI bridge to [bus a2]
[    4.905690] pci 0000:a0:08.1:   bridge window [mem 0xd6100000-0xd62fffff]
[    4.905706] pci_bus 0000:a0: on NUMA node 5
[    4.905926] ACPI: PCI Root Bridge [S1D2] (domain 0000 [bus c0-df])
[    4.905929] acpi PNP0A08:06: _OSC: OS supports [ExtendedConfig ASPM ClockPM Segments MSI]
[    4.906098] acpi PNP0A08:06: _OSC: OS now controls [PCIeHotplug PME AER PCIeCapability]
[    4.906244] PCI host bridge to bus 0000:c0
[    4.906246] pci_bus 0000:c0: root bus resource [bus c0-df]
[    4.906248] pci_bus 0000:c0: root bus resource [mem 0xd5b00000-0xd5efffff window]
[    4.906249] pci_bus 0000:c0: root bus resource [mem 0xd286000000-0xfcffffffff window]
[    4.906255] pci 0000:c0:00.0: [1022:1450] type 00 class 0x060000
[    4.906325] pci 0000:c0:00.2: [1022:1451] type 00 class 0x080600
[    4.906415] pci 0000:c0:01.0: [1022:1452] type 00 class 0x060000
[    4.906493] pci 0000:c0:02.0: [1022:1452] type 00 class 0x060000
[    4.906567] pci 0000:c0:03.0: [1022:1452] type 00 class 0x060000
[    4.906641] pci 0000:c0:04.0: [1022:1452] type 00 class 0x060000
[    4.906719] pci 0000:c0:07.0: [1022:1452] type 00 class 0x060000
[    4.906778] pci 0000:c0:07.1: [1022:1454] type 01 class 0x060400
[    4.906901] pci 0000:c0:07.1: PME# supported from D0 D3hot D3cold
[    4.906946] pci 0000:c0:07.1: System wakeup disabled by ACPI
[    4.906980] pci 0000:c0:08.0: [1022:1452] type 00 class 0x060000
[    4.907041] pci 0000:c0:08.1: [1022:1454] type 01 class 0x060400
[    4.907159] pci 0000:c0:08.1: PME# supported from D0 D3hot D3cold
[    4.907871] pci 0000:c1:00.0: [1022:145a] type 00 class 0x130000
[    4.907976] pci 0000:c1:00.2: [1022:1456] type 00 class 0x108000
[    4.907992] pci 0000:c1:00.2: reg 0x18: [mem 0xd5d00000-0xd5dfffff]
[    4.908003] pci 0000:c1:00.2: reg 0x24: [mem 0xd5e00000-0xd5e01fff]
[    4.908100] pci 0000:c0:07.1: PCI bridge to [bus c1]
[    4.908105] pci 0000:c0:07.1:   bridge window [mem 0xd5d00000-0xd5efffff]
[    4.908193] pci 0000:c2:00.0: [1022:1455] type 00 class 0x130000
[    4.908305] pci 0000:c2:00.1: [1022:1468] type 00 class 0x108000
[    4.908321] pci 0000:c2:00.1: reg 0x18: [mem 0xd5b00000-0xd5bfffff]
[    4.908333] pci 0000:c2:00.1: reg 0x24: [mem 0xd5c00000-0xd5c01fff]
[    4.908442] pci 0000:c0:08.1: PCI bridge to [bus c2]
[    4.908447] pci 0000:c0:08.1:   bridge window [mem 0xd5b00000-0xd5cfffff]
[    4.908461] pci_bus 0000:c0: on NUMA node 6
[    4.908674] ACPI: PCI Root Bridge [S1D3] (domain 0000 [bus e0-ff])
[    4.908677] acpi PNP0A08:07: _OSC: OS supports [ExtendedConfig ASPM ClockPM Segments MSI]
[    4.908843] acpi PNP0A08:07: _OSC: OS now controls [PCIeHotplug PME AER PCIeCapability]
[    4.908993] PCI host bridge to bus 0000:e0
[    4.908995] pci_bus 0000:e0: root bus resource [bus e0-ff]
[    4.908996] pci_bus 0000:e0: root bus resource [mem 0xd5500000-0xd58fffff window]
[    4.908998] pci_bus 0000:e0: root bus resource [mem 0xa80c000000-0xd285ffffff window]
[    4.909003] pci 0000:e0:00.0: [1022:1450] type 00 class 0x060000
[    4.909071] pci 0000:e0:00.2: [1022:1451] type 00 class 0x080600
[    4.909167] pci 0000:e0:01.0: [1022:1452] type 00 class 0x060000
[    4.909245] pci 0000:e0:02.0: [1022:1452] type 00 class 0x060000
[    4.909323] pci 0000:e0:03.0: [1022:1452] type 00 class 0x060000
[    4.909399] pci 0000:e0:04.0: [1022:1452] type 00 class 0x060000
[    4.909486] pci 0000:e0:07.0: [1022:1452] type 00 class 0x060000
[    4.909550] pci 0000:e0:07.1: [1022:1454] type 01 class 0x060400
[    4.909727] pci 0000:e0:07.1: PME# supported from D0 D3hot D3cold
[    4.909772] pci 0000:e0:07.1: System wakeup disabled by ACPI
[    4.909807] pci 0000:e0:08.0: [1022:1452] type 00 class 0x060000
[    4.909871] pci 0000:e0:08.1: [1022:1454] type 01 class 0x060400
[    4.909993] pci 0000:e0:08.1: PME# supported from D0 D3hot D3cold
[    4.910708] pci 0000:e1:00.0: [1022:145a] type 00 class 0x130000
[    4.910826] pci 0000:e1:00.2: [1022:1456] type 00 class 0x108000
[    4.910842] pci 0000:e1:00.2: reg 0x18: [mem 0xd5700000-0xd57fffff]
[    4.910854] pci 0000:e1:00.2: reg 0x24: [mem 0xd5800000-0xd5801fff]
[    4.910957] pci 0000:e0:07.1: PCI bridge to [bus e1]
[    4.910962] pci 0000:e0:07.1:   bridge window [mem 0xd5700000-0xd58fffff]
[    4.911051] pci 0000:e2:00.0: [1022:1455] type 00 class 0x130000
[    4.911172] pci 0000:e2:00.1: [1022:1468] type 00 class 0x108000
[    4.911189] pci 0000:e2:00.1: reg 0x18: [mem 0xd5500000-0xd55fffff]
[    4.911202] pci 0000:e2:00.1: reg 0x24: [mem 0xd5600000-0xd5601fff]
[    4.911312] pci 0000:e0:08.1: PCI bridge to [bus e2]
[    4.911318] pci 0000:e0:08.1:   bridge window [mem 0xd5500000-0xd56fffff]
[    4.911333] pci_bus 0000:e0: on NUMA node 7
[    4.911507] ACPI: PCI Interrupt Link [LNKA] (IRQs 4 5 7 10 11 14 15) *0
[    4.911558] ACPI: PCI Interrupt Link [LNKB] (IRQs 4 *5 7 10 11 14 15)
[    4.911603] ACPI: PCI Interrupt Link [LNKC] (IRQs 4 5 7 10 *11 14 15)
[    4.911658] ACPI: PCI Interrupt Link [LNKD] (IRQs 4 5 7 10 11 14 15) *0
[    4.911706] ACPI: PCI Interrupt Link [LNKE] (IRQs 4 5 7 10 *11 14 15)
[    4.911746] ACPI: PCI Interrupt Link [LNKF] (IRQs 4 5 7 *10 11 14 15)
[    4.911785] ACPI: PCI Interrupt Link [LNKG] (IRQs 4 5 7 10 11 14 15) *0
[    4.911822] ACPI: PCI Interrupt Link [LNKH] (IRQs 4 5 7 10 11 14 15) *0
[    4.911877] ACPI: Enabled 1 GPEs in block 00 to 1F
[    4.911987] vgaarb: device added: PCI:0000:02:00.0,decodes=io+mem,owns=io+mem,locks=none
[    4.911998] vgaarb: loaded
[    4.911999] vgaarb: bridge control possible 0000:02:00.0
[    4.912091] SCSI subsystem initialized
[    4.912114] ACPI: bus type USB registered
[    4.912127] usbcore: registered new interface driver usbfs
[    4.912133] usbcore: registered new interface driver hub
[    4.912617] usbcore: registered new device driver usb
[    4.913389] PCI: Using ACPI for IRQ routing
[    4.932679] PCI: pci_cache_line_size set to 64 bytes
[    4.932935] e820: reserve RAM buffer [mem 0x75db0000-0x77ffffff]
[    4.932937] e820: reserve RAM buffer [mem 0x943e3018-0x97ffffff]
[    4.932938] e820: reserve RAM buffer [mem 0xc5d83000-0xc7ffffff]
[    4.932939] e820: reserve RAM buffer [mem 0xc628e000-0xc7ffffff]
[    4.932940] e820: reserve RAM buffer [mem 0xc7e04000-0xc7ffffff]
[    4.932941] e820: reserve RAM buffer [mem 0xc913c000-0xcbffffff]
[    4.932943] e820: reserve RAM buffer [mem 0xc9167018-0xcbffffff]
[    4.932944] e820: reserve RAM buffer [mem 0xc917a000-0xcbffffff]
[    4.932945] e820: reserve RAM buffer [mem 0xcad79000-0xcbffffff]
[    4.932946] e820: reserve RAM buffer [mem 0xcaddf000-0xcbffffff]
[    4.932948] e820: reserve RAM buffer [mem 0x102f380000-0x102fffffff]
[    4.932949] e820: reserve RAM buffer [mem 0x202ff80000-0x202fffffff]
[    4.932950] e820: reserve RAM buffer [mem 0x302ff80000-0x302fffffff]
[    4.932951] e820: reserve RAM buffer [mem 0x402ff80000-0x402fffffff]
[    4.932952] e820: reserve RAM buffer [mem 0x502ff80000-0x502fffffff]
[    4.932953] e820: reserve RAM buffer [mem 0x602ff80000-0x602fffffff]
[    4.932954] e820: reserve RAM buffer [mem 0x702ff80000-0x702fffffff]
[    4.932955] e820: reserve RAM buffer [mem 0x802ff80000-0x802fffffff]
[    4.933135] NetLabel: Initializing
[    4.933136] NetLabel:  domain hash size = 128
[    4.933136] NetLabel:  protocols = UNLABELED CIPSOv4
[    4.933146] NetLabel:  unlabeled traffic allowed by default
[    4.933183] hpet0: at MMIO 0xfed00000, IRQs 2, 8, 0
[    4.933186] hpet0: 3 comparators, 32-bit 14.318180 MHz counter
[    4.935678] Switched to clocksource hpet
[    4.940426] pnp: PnP ACPI init
[    4.940436] ACPI: bus type PNP registered
[    4.940594] system 00:00: [mem 0xe0000000-0xefffffff] has been reserved
[    4.940596] system 00:00: Plug and Play ACPI device, IDs PNP0c01 (active)
[    4.940730] pnp 00:01: Plug and Play ACPI device, IDs PNP0b00 (active)
[    4.940910] system 00:02: [io  0x04d0-0x04d1] has been reserved
[    4.940912] system 00:02: [io  0x040b] has been reserved
[    4.940913] system 00:02: [io  0x04d6] has been reserved
[    4.940914] system 00:02: [io  0x0c00-0x0c01] has been reserved
[    4.940915] system 00:02: [io  0x0c14] has been reserved
[    4.940917] system 00:02: [io  0x0c50-0x0c51] has been reserved
[    4.940918] system 00:02: [io  0x0c52] has been reserved
[    4.940921] system 00:02: [io  0x0c6c] has been reserved
[    4.940922] system 00:02: [io  0x0c6f] has been reserved
[    4.940923] system 00:02: [io  0x0cd0-0x0cd1] has been reserved
[    4.940925] system 00:02: [io  0x0cd2-0x0cd3] has been reserved
[    4.940926] system 00:02: [io  0x0cd4-0x0cd5] has been reserved
[    4.940927] system 00:02: [io  0x0cd6-0x0cd7] has been reserved
[    4.940928] system 00:02: [io  0x0cd8-0x0cdf] has been reserved
[    4.940929] system 00:02: [io  0x0800-0x089f] could not be reserved
[    4.940930] system 00:02: [io  0x0b00-0x0b0f] has been reserved
[    4.940932] system 00:02: [io  0x0b20-0x0b3f] has been reserved
[    4.940933] system 00:02: [io  0x0900-0x090f] has been reserved
[    4.940934] system 00:02: [io  0x0910-0x091f] has been reserved
[    4.940935] system 00:02: [io  0xfe00-0xfefe] has been reserved
[    4.940937] system 00:02: [mem 0xfec00000-0xfec00fff] could not be reserved
[    4.940938] system 00:02: [mem 0xfec01000-0xfec01fff] has been reserved
[    4.940940] system 00:02: [mem 0xfedc0000-0xfedc0fff] has been reserved
[    4.940941] system 00:02: [mem 0xfee00000-0xfee00fff] has been reserved
[    4.940943] system 00:02: [mem 0xfed80000-0xfed8ffff] could not be reserved
[    4.940944] system 00:02: [mem 0xfed61000-0xfed70fff] has been reserved
[    4.940945] system 00:02: [mem 0xfec10000-0xfec10fff] has been reserved
[    4.940946] system 00:02: [mem 0xff000000-0xffffffff] has been reserved
[    4.940948] system 00:02: Plug and Play ACPI device, IDs PNP0c02 (active)
[    4.941146] pnp 00:03: Plug and Play ACPI device, IDs PNP0501 (active)
